============================================================
   Tang Dynasty, V6.2.178840
   Copyright (c) 2012-2025 Anlogic Inc.
   Executable = D:/Download/TD/bin/run.exe
   Built at =   14:07:58 Sep  4 2025
   Run by =     Nizhenghang
   Run Date =   Tue Sep  1 19:11:55 2026

   Run on =     LAPTOP-9S21NQG2
============================================================
RUN-1002 : start command "import_device eagle_s20.db -package EG4S20BG256"
RUN-1001 : Using default speed grade: NA
ARC-1001 : Device Initialization.
ARC-1001 : ------------------------------------------------------------------
ARC-1001 :            OPTION            |          IO          |   SETTING   
ARC-1001 : ------------------------------------------------------------------
ARC-1001 :   cso_b/cclk/mosi/miso/dout  |  T3/R11/T10/P10/S11  |    gpio    
ARC-1001 :             done             |         P13          |    gpio    
ARC-1001 :           program_b          |          T2          |  dedicate  
ARC-1001 :        tdi/tms/tck/tdo       |   C12/A15/C14/E14    |  dedicate  
ARC-1001 : ------------------------------------------------------------------
ARC-1004 : Device setting, marked 5 dedicate IOs in total.
RUN-1002 : start command "open_project HDMI1.4b_Transmitter_v1.0.prj -noanalyze"
RUN-1002 : start command "import_db ../syn_1/HDMI1.4b_Transmitter_v1.0_gate.db"
RUN-1001 : Importing database generated by Tang Dynasty, V6.2.178840.
RUN-1001 : Database version number 46207
RUN-1001 : Import flow parameters
RUN-1001 : Import netlist
RUN-1001 : Import timing constraints
RUN-1001 : Import IO constraints
RUN-1001 : Import Inst constraints
RUN-1001 : Import ChipWatcher
RUN-1001 : Import design success TD_VERSION=6.2.178840 , DB_VERSION=46207
RUN-1002 : start command "commit_param -step place"
RUN-1001 : Print Global Property
RUN-1001 : --------------------------------------------------------
RUN-1001 :   Parameters   |  Settings  |  Default Values  |  Note  
RUN-1001 : --------------------------------------------------------
RUN-1001 :   enable_seed  |    off     |       off        |        
RUN-1001 :     message    |  standard  |     standard     |        
RUN-1001 :   qor_monitor  |     on     |        on        |        
RUN-1001 :   syn_ip_flow  |    off     |       off        |        
RUN-1001 :     thread     |    auto    |       auto       |        
RUN-1001 : --------------------------------------------------------
RUN-1001 : Print Place Property
RUN-1001 : -----------------------------------------------------------
RUN-1001 :     Parameters    |  Settings  |  Default Values  |  Note  
RUN-1001 : -----------------------------------------------------------
RUN-1001 :       effort      |   medium   |      medium      |        
RUN-1001 :   hfn_opt_effort  |   medium   |      medium      |        
RUN-1001 :     max_fanout    |   999999   |      999999      |        
RUN-1001 :     opt_timing    |   medium   |      medium      |        
RUN-1001 :   post_place_opt  |    auto    |       auto       |        
RUN-1001 :    pr_strategy    |     1      |        1         |        
RUN-1001 :     relaxation    |    1.00    |       1.00       |        
RUN-1001 : -----------------------------------------------------------
RUN-1002 : start command "insert_debugger"
RUN-1002 : start command "place"
RUN-1001 : Open license file D:/Download/TD/license/Anlogic.lic
PHY-3001 : Placer runs in 32 thread(s).
PHY-1001 : Stage 1 | Initialize Design
PHY-1001 : Stage 1.1 | Build Design
PHY-1001 : 3811 luts, 4223 seqs, 565 mslices, 296 lslices, 88 pads, 20 brams, 0 dsps
RUN-1002 : start command "legalize_phy_inst"
SYN-1011 : Flatten model top
PHY-1001 : Remove keep and sweep redundant instances ...
PHY-1001 : 3811 luts, 4223 seqs, 565 mslices, 296 lslices, 88 pads, 20 brams, 0 dsps
PHY-1001 : End Stage 1.1 | Build Design; Time: 0.028347s wall, 0.015625s user + 0.000000s system = 0.015625s CPU (55.1%); Memory(MB): used = 179, reserved = 173, peak = 179;

PHY-1001 : Stage 1.2 | Optimize Design
OPT-1001 : Stage 1.2.1 | Simplify Lut
OPT-1001 : End Stage 1.2.1 | Simplify Lut; Time: 0.010523s wall, 0.015625s user + 0.000000s system = 0.015625s CPU (148.5%); Memory(MB): used = 180, reserved = 173, peak = 180;

OPT-1001 : Stage 1.2.2 | Sweep
OPT-1001 : End Stage 1.2.2 | Sweep; Time: 0.003424s wall, 0.000000s user + 0.000000s system = 0.000000s CPU (n/a%); Memory(MB): used = 180, reserved = 173, peak = 180;

OPT-1001 : Stage 1.2.3 | Synthesize High-fanout Net
OPT-1001 : Current memory(MB): used = 180, reserved = 173, peak = 180.
OPT-1001 : End Stage 1.2.3 | Synthesize High-fanout Net; Time: 0.000047s wall, 0.000000s user + 0.000000s system = 0.000000s CPU (n/a%); Memory(MB): used = 180, reserved = 173, peak = 180;

OPT-1001 : End physical optimization;  0.014185s wall, 0.015625s user + 0.000000s system = 0.015625s CPU (110.2%)

PHY-1001 : End Stage 1.2 | Optimize Design; Time: 0.014254s wall, 0.015625s user + 0.000000s system = 0.015625s CPU (109.6%); Memory(MB): used = 180, reserved = 173, peak = 180;

PHY-1001 : Stage 1.3 | Initialize Clock
SYN-4016 : Net sd_card_bmp_m0/bmp_read_m0/clk driven by BUFG (1276 clock/control pins, 1 other pins).
SYN-4016 : Net u_audio_pll/clk0_out driven by BUFG (0 clock/control pins, 1 other pins).
SYN-4016 : Net video_clk driven by BUFG (2175 clock/control pins, 1 other pins).
SYN-4027 : Net U3/u2_ram/u1_init_ref/Sdr_clk is clkc1 of pll sys_pll_m0/pll_inst.
SYN-4027 : Net U3/u2_ram/SDRAM_CLK is clkc2 of pll sys_pll_m0/pll_inst.
SYN-4019 : Net clk_dup_1 is refclk of pll sys_pll_m0/pll_inst.
SYN-4020 : Net clk_dup_1 is fbclk of pll sys_pll_m0/pll_inst.
SYN-4027 : Net u_hdmi_audio_tone_i2s_64fs/I_mclk is clkc2 of pll u_audio_pll/pll_inst.
SYN-4019 : Net clk_dup_1 is refclk of pll u_audio_pll/pll_inst.
SYN-4020 : Net clk_dup_1 is fbclk of pll u_audio_pll/pll_inst.
SYN-4027 : Net u_hdmi2phy_wrapper/u0_lane_lvds_8_1/I_serial_clk is clkc1 of pll video_pll_m0/pll_inst.
SYN-4019 : Net clk_dup_1 is refclk of pll video_pll_m0/pll_inst.
SYN-4020 : Net clk_dup_1 is fbclk of pll video_pll_m0/pll_inst.
SYN-4025 : Tag rtl::Net U3/u2_ram/SDRAM_CLK as clock net
SYN-4025 : Tag rtl::Net U3/u2_ram/u1_init_ref/Sdr_clk as clock net
SYN-4025 : Tag rtl::Net clk_dup_1 as clock net
SYN-4025 : Tag rtl::Net sd_card_bmp_m0/bmp_read_m0/clk as clock net
SYN-4025 : Tag rtl::Net u_audio_pll/clk0_out as clock net
SYN-4025 : Tag rtl::Net u_hdmi2phy_wrapper/u0_lane_lvds_8_1/I_serial_clk as clock net
SYN-4025 : Tag rtl::Net u_hdmi_audio_tone_i2s_64fs/I_mclk as clock net
SYN-4025 : Tag rtl::Net video_clk as clock net
SYN-4026 : Tagged 8 rtl::Net as clock net
PHY-1001 : Populate physical database on model top.
RUN-1001 : There are total 9024 instances
RUN-0007 : 3810 luts, 4223 seqs, 565 mslices, 296 lslices, 88 pads, 20 brams, 0 dsps
RUN-1001 : There are total 10348 nets
RUN-1001 : 7764 nets have 2 pins
RUN-1001 : 1835 nets have [3 - 5] pins
RUN-1001 : 480 nets have [6 - 10] pins
RUN-1001 : 129 nets have [11 - 20] pins
RUN-1001 : 129 nets have [21 - 99] pins
RUN-1001 : 11 nets have 100+ pins
PHY-1001 : End Stage 1.3 | Initialize Clock; Time: 0.018978s wall, 0.015625s user + 0.000000s system = 0.015625s CPU (82.3%); Memory(MB): used = 180, reserved = 173, peak = 180;

PHY-1001 : End Stage 1 | Initialize Design; Time: 0.069638s wall, 0.062500s user + 0.000000s system = 0.062500s CPU (89.7%); Memory(MB): used = 180, reserved = 173, peak = 180;

PHY-1001 : Stage 2 | Global Placement
RUN-1001 : Report Control nets information:
RUN-1001 : DFF Distribution
RUN-1001 : -------------------------------------
RUN-1001 :   CE   |  SSR  |  ASR  |  DFF Count  
RUN-1001 : -------------------------------------
RUN-1001 :   No   |  No   |  No   |     966     
RUN-1001 :   No   |  No   |  Yes  |    1350     
RUN-1001 :   No   |  Yes  |  No   |     147     
RUN-1001 :   Yes  |  No   |  No   |     33      
RUN-1001 :   Yes  |  No   |  Yes  |    1561     
RUN-1001 :   Yes  |  Yes  |  No   |     166     
RUN-1001 : -------------------------------------
RUN-1001 : Control Group Statistic
RUN-1001 : -----------------------------
RUN-1001 :   #CLK  |  #CE  |  #SSR/ASR  
RUN-1001 : -----------------------------
RUN-1001 :    6    |  112  |     17     
RUN-1001 : -----------------------------
RUN-0007 : Control Set = 136
PHY-1001 : Stage 2.1 | Place Fixed Instances
PHY-1001 : End Stage 2.1 | Place Fixed Instances; Time: 0.039331s wall, 0.031250s user + 0.000000s system = 0.031250s CPU (79.5%); Memory(MB): used = 185, reserved = 178, peak = 185;

PHY-1001 : Stage 2.2 | Pre-Place DRC Check
PHY-1001 : Stage 2.2.1 | Force Route Constraint Check
PHY-1001 : Check Pass.
PHY-1001 : End Stage 2.2.1 | Force Route Constraint Check; Time: 0.000587s wall, 0.000000s user + 0.000000s system = 0.000000s CPU (n/a%); Memory(MB): used = 185, reserved = 178, peak = 185;

PHY-1001 : End Stage 2.2 | Pre-Place DRC Check; Time: 0.000628s wall, 0.000000s user + 0.000000s system = 0.000000s CPU (n/a%); Memory(MB): used = 185, reserved = 178, peak = 185;

PHY-1001 : Stage 2.3 | Global Placement Step 1
PHY-3001 : Target density is 28%
PHY-1001 : Stage 2.3.1 | Update Timing
RUN-1002 : start command "start_timer"
USR-1002 : Derived clock:  create_generated_clock -name {sys_pll_m0/pll_inst.clkc[0]} -source [get_ports {clk}] -master_clock {clk} -multiply_by 2.0000 -duty_cycle 50.0000 [get_pins {sys_pll_m0/pll_inst.clkc[0]}]
USR-1002 : Derived clock:  create_generated_clock -name {sys_pll_m0/pll_inst.clkc[1]} -source [get_ports {clk}] -master_clock {clk} -multiply_by 2.5000 -duty_cycle 50.0000 [get_pins {sys_pll_m0/pll_inst.clkc[1]}]
USR-1002 : Derived clock:  create_generated_clock -name {sys_pll_m0/pll_inst.clkc[2]} -source [get_ports {clk}] -master_clock {clk} -multiply_by 2.5000 -phase 180 -duty_cycle 50.0000 [get_pins {sys_pll_m0/pll_inst.clkc[2]}]
USR-1002 : Derived clock:  create_generated_clock -name {u_audio_pll/pll_inst.clkc[0]} -source [get_ports {clk}] -master_clock {clk} -multiply_by 1.5000 -duty_cycle 50.0000 [get_pins {u_audio_pll/pll_inst.clkc[0]}]
USR-1002 : Derived clock:  create_generated_clock -name {u_audio_pll/pll_inst.clkc[2]} -source [get_ports {clk}] -master_clock {clk} -divide_by 4.0667 -duty_cycle 50.0000 [get_pins {u_audio_pll/pll_inst.clkc[2]}]
USR-1002 : Derived clock:  create_generated_clock -name {video_pll_m0/pll_inst.clkc[0]} -source [get_ports {clk}] -master_clock {clk} -divide_by 2.0000 -duty_cycle 50.0000 [get_pins {video_pll_m0/pll_inst.clkc[0]}]
USR-1002 : Derived clock:  create_generated_clock -name {video_pll_m0/pll_inst.clkc[1]} -source [get_ports {clk}] -master_clock {clk} -multiply_by 2.5000 -duty_cycle 50.0000 [get_pins {video_pll_m0/pll_inst.clkc[1]}]
8.000000
40.000000
10.000000
8.000000
TMR-2502 : Net delay update with mode: Synthesized
PHY-1001 : SWNS: -5663, STNS: -333522, FEP: 147
PHY-1001 : End Stage 2.3.1 | Update Timing; Time: 0.663618s wall, 0.656250s user + 0.000000s system = 0.656250s CPU (98.9%); Memory(MB): used = 280, reserved = 273, peak = 280;

PHY-0007 : Cell area utilization is 28%
RUN-1001 : Huge Net Statistic
RUN-1001 : -------------------------------------------------------
RUN-1001 :   Fanout  |  Slack  |               Net                
RUN-1001 : -------------------------------------------------------
RUN-1001 :    1835   |   Inf   |  sd_card_bmp_m0/bmp_read_m0/rst  
RUN-1001 : -------------------------------------------------------
PHY-3001 : Clustering ...
PHY-3001 : End clustering;  0.036184s wall, 0.109375s user + 0.015625s system = 0.125000s CPU (345.5%)

PHY-3001 : Target density is 28%
PHY-1001 : Stage 2.3.2 | GP Iteration
PHY-1001 : End Stage 2.3.2 | GP Iteration; Time: 0.902990s wall, 4.140625s user + 1.218750s system = 5.359375s CPU (593.5%); Memory(MB): used = 285, reserved = 277, peak = 285;

PHY-3001 : Multithread accelerating rate: 5.79
PHY-3001 : No need to merge 9x9 Dsps.
PHY-1001 : Populate physical database on model top.
PHY-1001 : End Stage 2.3 | Global Placement Step 1; Time: 1.964428s wall, 5.234375s user + 1.234375s system = 6.468750s CPU (329.3%); Memory(MB): used = 286, reserved = 277, peak = 286;

PHY-1001 : Stage 2.4 | RAM/DSP Legalization and Detailed Placement
PHY-1001 : Stage 2.4.1 | Legalization
PHY-3001 : Before Legalized: Len = 246547
PHY-3001 : After Legalized: Len = 248065, Over = 0.6875 with grid_size = 320
PHY-1001 : End Stage 2.4.1 | Legalization; Time: 0.294049s wall, 0.281250s user + 0.015625s system = 0.296875s CPU (101.0%); Memory(MB): used = 286, reserved = 278, peak = 286;

PHY-1001 : End Stage 2.4 | RAM/DSP Legalization and Detailed Placement; Time: 0.295454s wall, 0.281250s user + 0.015625s system = 0.296875s CPU (100.5%); Memory(MB): used = 286, reserved = 278, peak = 286;

PHY-1001 : Stage 2.5 | Global Placement Step 2
PHY-3001 : Target density is 34%
PHY-1001 : Stage 2.5.1 | Update Timing
PHY-1001 : SWNS: -8415, STNS: -310714, FEP: 112
PHY-1001 : End Stage 2.5.1 | Update Timing; Time: 0.024928s wall, 0.031250s user + 0.000000s system = 0.031250s CPU (125.4%); Memory(MB): used = 288, reserved = 279, peak = 288;

PHY-1001 : Stage 2.5.2 | Refresh Congestion
RUN-1001 : Generating global routing grids ...
RUN-1001 : Building simple global routing graph ...
PHY-1001 : Generate routing nets ...
PHY-1001 : Reuse net number 0/4035.
PHY-1001 : Global iterations in 32 thread ...
PHY-1002 : len = 274752, over cnt = 704(2%), over = 3205, worst = 28
PHY-1001 : End global iterations;  0.151899s wall, 0.203125s user + 0.000000s system = 0.203125s CPU (133.7%)

PHY-1001 : Congestion index:
PHY-1001 : top1  = 57.25(S 103.04, N 87.59, E 88.10, W 59.74, I 0.00, O 0.00)
PHY-1001 : top5  = 39.59(S 65.48, N 59.70, E 54.33, W 35.09, I 0.00, O 0.00)
PHY-1001 : top10 = 31.94(S 50.05, N 46.08, E 40.72, W 26.57, I 0.00, O 0.00)
PHY-1001 : top15 = 27.40(S 41.09, N 38.09, E 32.88, W 21.80, I 0.00, O 0.00)
PHY-1001 : End Stage 2.5.2 | Refresh Congestion; Time: 0.224505s wall, 0.234375s user + 0.031250s system = 0.265625s CPU (118.3%); Memory(MB): used = 320, reserved = 311, peak = 320;

PHY-1001 : Stage 2.5.3 | GP Iteration
PHY-1001 : End Stage 2.5.3 | GP Iteration; Time: 1.083321s wall, 4.312500s user + 0.328125s system = 4.640625s CPU (428.4%); Memory(MB): used = 322, reserved = 312, peak = 322;

PHY-3001 : Multithread accelerating rate: 4.27
PHY-1001 : End Stage 2.5 | Global Placement Step 2; Time: 1.647186s wall, 4.875000s user + 0.375000s system = 5.250000s CPU (318.7%); Memory(MB): used = 323, reserved = 314, peak = 323;

PHY-1001 : Stage 2.6 | RAM/DSP Detailed Placement
PHY-1001 : End Stage 2.6 | RAM/DSP Detailed Placement; Time: 0.003029s wall, 0.000000s user + 0.000000s system = 0.000000s CPU (n/a%); Memory(MB): used = 323, reserved = 314, peak = 323;

PHY-1001 : Stage 2.7 | Optimize Design
OPT-1001 : Start physical optimization ...
OPT-1001 : Total overflow 157.38 peak overflow 2.62
OPT-1001 : Stage 2.7.1 | Synthesize High-fanout Net
OPT-1001 : Start high-fanout net optimization in pre-pack flow with medium effort ...
OPT-1001 : Update timing in Manhattan mode
OPT-1001 : End timing update;  0.264367s wall, 0.265625s user + 0.000000s system = 0.265625s CPU (100.5%)

OPT-1001 : Start: SWNS -8465 STNS -304482 NUM_FEPS 111
OPT-1001 : Total overflow 157.38 peak overflow 2.62
DBG-001 :  select 8 high fanout candidates
DBG-001 :  crit level 1 net count 4 (fanout thres 50)
DBG-001 :  crit level 2 net count 0 (fanout thres 50)
DBG-001 :  crit level 3 net count 1 (fanout thres 40)
DBG-001 :  crit level 4 net count 0 (fanout thres 30)
DBG-001 :  crit level 5 net count 3 (fanout thres 30)
DBG-001 :  crit level 6 net count 0 (fanout thres 30)
PHY-1001 : Populate physical database on model top.
OPT-1001 : 8 high-fanout net processed.
PHY-3001 : Start incremental placement ...
PHY-1001 : Populate physical database on model top.
PHY-3001 : Target density is 34%
PHY-3001 : Target density is 34%
PHY-1001 : Stage 2.7.1.1 | Update Timing
PHY-1001 : SWNS: -8465, STNS: -304482, FEP: 111
PHY-1001 : End Stage 2.7.1.1 | Update Timing; Time: 0.025512s wall, 0.031250s user + 0.000000s system = 0.031250s CPU (122.5%); Memory(MB): used = 325, reserved = 316, peak = 325;

PHY-1001 : Stage 2.7.1.2 | Refresh Congestion
RUN-1001 : Generating global routing grids ...
PHY-1001 : Generate routing nets ...
PHY-1001 : Reuse net number 93/8245.
PHY-1001 : Global iterations in 32 thread ...
PHY-1002 : len = 348520, over cnt = 1084(3%), over = 2895, worst = 12
PHY-1001 : End global iterations;  0.325909s wall, 0.484375s user + 0.000000s system = 0.484375s CPU (148.6%)

PHY-1001 : Congestion index:
PHY-1001 : top1  = 44.17(S 82.24, N 84.33, E 61.01, W 44.72, I 0.00, O 0.00)
PHY-1001 : top5  = 35.35(S 57.26, N 55.69, E 47.44, W 33.98, I 0.00, O 0.00)
PHY-1001 : top10 = 30.92(S 46.80, N 45.07, E 40.19, W 29.03, I 0.00, O 0.00)
PHY-1001 : top15 = 28.27(S 40.92, N 39.35, E 35.94, W 25.88, I 0.00, O 0.00)
PHY-1001 : End Stage 2.7.1.2 | Refresh Congestion; Time: 0.371102s wall, 0.531250s user + 0.000000s system = 0.531250s CPU (143.2%); Memory(MB): used = 330, reserved = 320, peak = 330;

PHY-1001 : Stage 2.7.1.3 | GP Iteration
PHY-1001 : End Stage 2.7.1.3 | GP Iteration; Time: 0.700292s wall, 4.031250s user + 0.296875s system = 4.328125s CPU (618.0%); Memory(MB): used = 331, reserved = 321, peak = 331;

PHY-3001 : Multithread accelerating rate: 6.16
PHY-3001 : Final: Len = 291597, Over = 10.3438
PHY-3001 : End incremental placement;  1.192977s wall, 4.671875s user + 0.296875s system = 4.968750s CPU (416.5%)

OPT-1001 : Total overflow 165.84 peak overflow 2.75
RUN-1001 : HFN opt statistic
RUN-1001 : ------------------------------------------------------
RUN-1001 :   DriverCell type  |  HFN count  |  Duplicated count  
RUN-1001 : ------------------------------------------------------
RUN-1001 :         REG        |      7      |         45         
RUN-1001 :        LUT6        |      0      |         0          
RUN-1001 :        LUT5        |      0      |         0          
RUN-1001 :        LUT4        |      0      |         0          
RUN-1001 :        LUT3        |      0      |         0          
RUN-1001 :        LUT2        |      1      |         4          
RUN-1001 :        TOTAL       |      8      |         49         
RUN-1001 : ------------------------------------------------------
OPT-1001 : End high-fanout net optimization;  1.744255s wall, 5.203125s user + 0.296875s system = 5.500000s CPU (315.3%)

OPT-1001 : Update timing in Manhattan mode
OPT-1001 : End timing update;  0.307302s wall, 0.296875s user + 0.000000s system = 0.296875s CPU (96.6%)

OPT-1001 : Current memory(MB): used = 331, reserved = 321, peak = 331.
OPT-1001 : End Stage 2.7.1 | Synthesize High-fanout Net; Time: 2.080621s wall, 5.531250s user + 0.296875s system = 5.828125s CPU (280.1%); Memory(MB): used = 331, reserved = 321, peak = 331;

OPT-1001 : Stage 2.7.2 | Global Optimization
OPT-1001 : Start global optimization ...
OPT-0007 : Start: SWNS -8515 STNS -298060 NUM_FEPS 97
OPT-1001 : Start congestion update ...
RUN-1001 : Generating global routing grids ...
PHY-1001 : Generate routing nets ...
PHY-1001 : Reuse net number 800/8292.
PHY-1001 : Global iterations in 32 thread ...
PHY-1002 : len = 339264, over cnt = 833(2%), over = 1493, worst = 8
PHY-1002 : len = 346832, over cnt = 474(1%), over = 707, worst = 8
PHY-1002 : len = 350976, over cnt = 234(0%), over = 353, worst = 8
PHY-1002 : len = 354744, over cnt = 94(0%), over = 129, worst = 4
PHY-1002 : len = 356768, over cnt = 0(0%), over = 0, worst = 0
PHY-1001 : End global iterations;  0.644677s wall, 0.703125s user + 0.000000s system = 0.703125s CPU (109.1%)

PHY-1001 : Congestion index:
PHY-1001 : top1  = 37.69(S 55.60, N 58.32, E 50.00, W 42.72, I 0.00, O 0.00)
PHY-1001 : top5  = 31.02(S 44.35, N 44.18, E 39.89, W 33.28, I 0.00, O 0.00)
PHY-1001 : top10 = 27.75(S 38.28, N 37.84, E 34.80, W 28.84, I 0.00, O 0.00)
PHY-1001 : top15 = 25.71(S 34.47, N 33.93, E 31.64, W 26.10, I 0.00, O 0.00)
OPT-1001 : End congestion update;  0.709535s wall, 0.765625s user + 0.000000s system = 0.765625s CPU (107.9%)

OPT-0007 : Iter 1: improved SWNS -8515 STNS -298032 NUM_FEPS 96 with 19 cells processed and 600 slack improved
OPT-0007 : Iter 2: improved SWNS -8515 STNS -298032 NUM_FEPS 96 with 2 cells processed and 100 slack improved
OPT-0007 : Iter 3: improved SWNS -8515 STNS -298032 NUM_FEPS 96 with 1 cells processed and 100 slack improved
OPT-0007 : Iter 4: improved SWNS -8515 STNS -298032 NUM_FEPS 96 with 0 cells processed and 0 slack improved
OPT-1001 : Overall commit ratio 1.00
OPT-1001 : End global optimization;  0.743896s wall, 0.796875s user + 0.000000s system = 0.796875s CPU (107.1%)

OPT-1001 : Current memory(MB): used = 331, reserved = 321, peak = 331.
OPT-1001 : End Stage 2.7.2 | Global Optimization; Time: 0.943686s wall, 0.968750s user + 0.015625s system = 0.984375s CPU (104.3%); Memory(MB): used = 331, reserved = 321, peak = 331;

OPT-0007 : End flow prepack: SWNS -8515 STNS -298032 NUM_FEPS 96
OPT-1001 : End physical optimization;  3.032086s wall, 6.500000s user + 0.312500s system = 6.812500s CPU (224.7%)

PHY-1001 : End Stage 2.7 | Optimize Design; Time: 3.032953s wall, 6.500000s user + 0.312500s system = 6.812500s CPU (224.6%); Memory(MB): used = 331, reserved = 321, peak = 331;

PHY-1001 : Stage 2.8 | Place Packing
PHY-1001 : Stage 2.8.1 | Packing
SYN-4007 : Packing 0 MUX to BLE ...
SYN-4008 : Packed 0 MUX and 0 SEQ to BLE.
SYN-4007 : Packing 3814 LUT to BLE ...
SYN-4008 : Packed 3814 LUT and 2005 SEQ to BLE.
SYN-4003 : Packing 2263 remaining SEQ's ...
SYN-4005 : Packed 1392 SEQ with LUT/SLICE
SYN-4006 : 607 single LUT's are left
SYN-4006 : 871 single SEQ's are left
SYN-4011 : Packing model "top" (AL_USER_NORMAL) with 4685/5676 primitive instances ...
PHY-1001 : Populate physical database on model top.
RUN-1001 : There are total 3619 instances
RUN-1001 : 1744 mslices, 1745 lslices, 88 pads, 20 brams, 0 dsps
RUN-1001 : There are total 8566 nets
RUN-1001 : 5918 nets have 2 pins
RUN-1001 : 1850 nets have [3 - 5] pins
RUN-1001 : 485 nets have [6 - 10] pins
RUN-1001 : 155 nets have [11 - 20] pins
RUN-1001 : 152 nets have [21 - 99] pins
RUN-1001 : 6 nets have 100+ pins
PHY-3001 : Target density is 43%
RUN-1002 : start command "start_timer"
8.000000
40.000000
10.000000
8.000000
PHY-1001 : End Stage 2.8.1 | Packing; Time: 1.336396s wall, 1.312500s user + 0.015625s system = 1.328125s CPU (99.4%); Memory(MB): used = 341, reserved = 331, peak = 341;

PHY-1001 : Stage 2.8.2 | Post Pack GP
PHY-3001 : Target density is 42%
PHY-3001 : Cell area utilization is 42%
PHY-3001 : After packing: Len = 295784, Over = 44.5
PHY-3001 : Target density is 42%
PHY-1001 : Stage 2.8.2.1 | Update Timing
PHY-1001 : SWNS: -8415, STNS: -295604, FEP: 86
PHY-1001 : End Stage 2.8.2.1 | Update Timing; Time: 0.025075s wall, 0.015625s user + 0.000000s system = 0.015625s CPU (62.3%); Memory(MB): used = 341, reserved = 331, peak = 341;

PHY-1001 : Stage 2.8.2.2 | Refresh Congestion
RUN-1001 : Generating global routing grids ...
PHY-1001 : Generate routing nets ...
PHY-1001 : Reuse net number 3435/7093.
PHY-1001 : Global iterations in 32 thread ...
PHY-1002 : len = 355576, over cnt = 501(1%), over = 766, worst = 6
PHY-1002 : len = 359968, over cnt = 259(0%), over = 327, worst = 4
PHY-1002 : len = 362936, over cnt = 77(0%), over = 97, worst = 4
PHY-1002 : len = 363392, over cnt = 32(0%), over = 44, worst = 4
PHY-1002 : len = 363840, over cnt = 0(0%), over = 0, worst = 0
PHY-1001 : End global iterations;  0.491677s wall, 0.531250s user + 0.000000s system = 0.531250s CPU (108.0%)

PHY-1001 : Congestion index:
PHY-1001 : top1  = 36.35(S 55.78, N 57.69, E 49.12, W 41.75, I 0.00, O 0.00)
PHY-1001 : top5  = 31.02(S 44.10, N 44.56, E 39.83, W 33.19, I 0.00, O 0.00)
PHY-1001 : top10 = 28.02(S 38.39, N 37.54, E 34.82, W 28.75, I 0.00, O 0.00)
PHY-1001 : top15 = 25.91(S 34.43, N 33.47, E 31.77, W 26.02, I 0.00, O 0.00)
PHY-1001 : End Stage 2.8.2.2 | Refresh Congestion; Time: 0.586601s wall, 0.625000s user + 0.000000s system = 0.625000s CPU (106.5%); Memory(MB): used = 343, reserved = 333, peak = 343;

PHY-1001 : Stage 2.8.2.3 | GP Iteration
PHY-1001 : End Stage 2.8.2.3 | GP Iteration; Time: 0.564685s wall, 2.031250s user + 0.218750s system = 2.250000s CPU (398.5%); Memory(MB): used = 343, reserved = 333, peak = 343;

PHY-3001 : Multithread accelerating rate: 3.97
PHY-3001 : Low accelerating rate: 3.97. This may happen when it is heavy-loaded.
PHY-1001 : End Stage 2.8.2 | Post Pack GP; Time: 1.184565s wall, 2.687500s user + 0.218750s system = 2.906250s CPU (245.3%); Memory(MB): used = 343, reserved = 333, peak = 343;

PHY-1001 : End Stage 2.8 | Place Packing; Time: 2.521102s wall, 4.000000s user + 0.234375s system = 4.234375s CPU (168.0%); Memory(MB): used = 343, reserved = 333, peak = 343;

PHY-1001 : Stage 2.9 | Legalization
PHY-3001 : Before Legalized: Len = 319504
PHY-3001 : After Legalized: Len = 337649, Over = 0 with grid_size = 160
PHY-1001 : End Stage 2.9 | Legalization; Time: 0.016425s wall, 0.015625s user + 0.000000s system = 0.015625s CPU (95.1%); Memory(MB): used = 343, reserved = 333, peak = 343;

PHY-1001 : Stage 2.10 | Global Placement Step 3
PHY-3001 : Target density is 41%
PHY-1001 : Stage 2.10.1 | Update Timing
PHY-1001 : SWNS: -8315, STNS: -294452, FEP: 80
PHY-1001 : End Stage 2.10.1 | Update Timing; Time: 0.280624s wall, 0.250000s user + 0.031250s system = 0.281250s CPU (100.2%); Memory(MB): used = 344, reserved = 333, peak = 344;

PHY-1001 : Stage 2.10.2 | Refresh Congestion
RUN-1001 : Generating global routing grids ...
PHY-1001 : Generate routing nets ...
PHY-1001 : Reuse net number 161/7459.
PHY-1001 : Global iterations in 32 thread ...
PHY-1002 : len = 389368, over cnt = 661(1%), over = 1079, worst = 7
PHY-1002 : len = 395224, over cnt = 330(0%), over = 486, worst = 6
PHY-1002 : len = 398984, over cnt = 116(0%), over = 159, worst = 5
PHY-1002 : len = 400560, over cnt = 27(0%), over = 33, worst = 3
PHY-1002 : len = 400880, over cnt = 0(0%), over = 0, worst = 0
PHY-1001 : End global iterations;  0.654387s wall, 0.718750s user + 0.046875s system = 0.765625s CPU (117.0%)

PHY-1001 : Congestion index:
PHY-1001 : top1  = 42.20(S 59.48, N 62.03, E 54.96, W 44.44, I 0.00, O 0.00)
PHY-1001 : top5  = 34.33(S 46.80, N 47.20, E 44.13, W 35.57, I 0.00, O 0.00)
PHY-1001 : top10 = 30.54(S 40.50, N 40.17, E 38.30, W 31.08, I 0.00, O 0.00)
PHY-1001 : top15 = 28.27(S 36.51, N 36.03, E 34.41, W 28.24, I 0.00, O 0.00)
PHY-1001 : End Stage 2.10.2 | Refresh Congestion; Time: 0.748452s wall, 0.812500s user + 0.046875s system = 0.859375s CPU (114.8%); Memory(MB): used = 350, reserved = 340, peak = 350;

PHY-1001 : Stage 2.10.3 | GP Iteration
PHY-1001 : End Stage 2.10.3 | GP Iteration; Time: 0.310244s wall, 0.437500s user + 0.109375s system = 0.546875s CPU (176.3%); Memory(MB): used = 350, reserved = 340, peak = 350;

PHY-3001 : Multithread accelerating rate: 1.75
PHY-3001 : Low accelerating rate: 1.75. This may happen when it is heavy-loaded.
PHY-1001 : End Stage 2.10 | Global Placement Step 3; Time: 1.355829s wall, 1.500000s user + 0.187500s system = 1.687500s CPU (124.5%); Memory(MB): used = 350, reserved = 340, peak = 350;

PHY-1001 : Stage 2.11 | Final Legalization
PHY-3001 : Before Legalized: Len = 319794
PHY-3001 : After Legalized: Len = 325967, Over = 0 with grid_size = 160
PHY-1001 : End Stage 2.11 | Final Legalization; Time: 0.008225s wall, 0.000000s user + 0.015625s system = 0.015625s CPU (190.0%); Memory(MB): used = 350, reserved = 340, peak = 350;

PHY-1001 : End Stage 2 | Global Placement; Time: 10.905117s wall, 22.468750s user + 2.375000s system = 24.843750s CPU (227.8%); Memory(MB): used = 350, reserved = 340, peak = 350;

PHY-1001 : Stage 3 | Detailed Placement
PHY-1001 : Stage 3.1 | SLICE Detailed Placement
PHY-1001 : Stage 3.1.1 | Spreading
PHY-3001 : Spreading special nets. 54 overflows in 2952 tiles.
PHY-3001 : End spreading;  0.014085s wall, 0.015625s user + 0.000000s system = 0.015625s CPU (110.9%)

PHY-1001 : End Stage 3.1.1 | Spreading; Time: 0.014159s wall, 0.015625s user + 0.000000s system = 0.015625s CPU (110.4%); Memory(MB): used = 350, reserved = 340, peak = 350;

PHY-3001 : Final: Len = 326693, Over = 0
PHY-1001 : End Stage 3.1 | SLICE Detailed Placement; Time: 0.291684s wall, 0.281250s user + 0.000000s system = 0.281250s CPU (96.4%); Memory(MB): used = 350, reserved = 340, peak = 350;

PHY-3001 : BANK 5 DIFFRESISTOR:NONE VOD:350M VCM:1.2
PHY-3001 : End Detailed Place; 
PHY-1001 : Stage 3.2 | Optimize Design
OPT-1001 : Start physical optimization ...
OPT-1001 : Total overflow 0.00 peak overflow 0.00
OPT-1001 : Stage 3.2.1 | Physical Optimization
OPT-1001 : Start high-fanout net optimization in optimize equivalent flow with medium effort ...
OPT-1001 : Clean unloaded insts before merging registers
PHY-1001 : Populate physical database on model top.
PHY-1001 : Populate physical database on model top.
OPT-1001 : Total overflow 0.00 peak overflow 0.00
OPT-1001 : End optimize duplicated nets. Total 17 instances are merged and 287 sinks are reconnected,  0.049850s wall, 0.046875s user + 0.000000s system = 0.046875s CPU (94.0%)

OPT-1001 : End high-fanout net optimization;  0.050038s wall, 0.046875s user + 0.000000s system = 0.046875s CPU (93.7%)

OPT-1001 : Update timing in Manhattan mode
RUN-1002 : start command "start_timer"
OPT-1001 : End timing update;  0.543305s wall, 0.546875s user + 0.000000s system = 0.546875s CPU (100.7%)

OPT-1001 : Current memory(MB): used = 350, reserved = 340, peak = 350.
OPT-1001 : End Stage 3.2.1 | Physical Optimization; Time: 0.624963s wall, 0.625000s user + 0.000000s system = 0.625000s CPU (100.0%); Memory(MB): used = 350, reserved = 340, peak = 350;

OPT-1001 : Stage 3.2.2 | Synthesize High-fanout Net
OPT-1001 : Start high-fanout net optimization in post-pack flow with medium effort ...
OPT-1001 : Start: SWNS -8265 STNS -294352 NUM_FEPS 80
OPT-1001 : Total overflow 0.00 peak overflow 0.00
DBG-001 :  select 4 high fanout candidates
DBG-001 :  crit level 1 net count 0 (fanout thres 50)
DBG-001 :  crit level 2 net count 0 (fanout thres 50)
DBG-001 :  crit level 3 net count 0 (fanout thres 40)
DBG-001 :  crit level 4 net count 3 (fanout thres 30)
DBG-001 :  crit level 5 net count 1 (fanout thres 30)
DBG-001 :  crit level 6 net count 0 (fanout thres 30)
PHY-1001 : Populate physical database on model top.
OPT-1001 : 4 high-fanout net processed.
OPT-1001 : Total overflow 0.00 peak overflow 0.00
RUN-1001 : HFN opt statistic
RUN-1001 : ------------------------------------------------------
RUN-1001 :   DriverCell type  |  HFN count  |  Duplicated count  
RUN-1001 : ------------------------------------------------------
RUN-1001 :       LSLICE       |      0      |         0          
RUN-1001 :       MSLICE       |      0      |         0          
RUN-1001 :        OTHER       |      4      |         15         
RUN-1001 :        TOTAL       |      4      |         15         
RUN-1001 : ------------------------------------------------------
OPT-1001 : End high-fanout net optimization;  0.181012s wall, 0.171875s user + 0.000000s system = 0.171875s CPU (95.0%)

OPT-1001 : Current memory(MB): used = 350, reserved = 340, peak = 350.
OPT-1001 : End Stage 3.2.2 | Synthesize High-fanout Net; Time: 0.212698s wall, 0.203125s user + 0.000000s system = 0.203125s CPU (95.5%); Memory(MB): used = 350, reserved = 340, peak = 350;

OPT-1001 : Stage 3.2.3 | Optimize Path
OPT-1001 : Start path based optimization ...
OPT-0007 : Start: SWNS -8265 STNS -294352 NUM_FEPS 80 with mode 0
OPT-1001 : Start congestion update ...
RUN-1001 : Generating global routing grids ...
PHY-1001 : Generate routing nets ...
PHY-1001 : Reuse net number 2172/7417.
PHY-1001 : Global iterations in 32 thread ...
PHY-1002 : len = 388240, over cnt = 617(1%), over = 937, worst = 7
PHY-1002 : len = 391728, over cnt = 380(1%), over = 538, worst = 7
PHY-1002 : len = 394624, over cnt = 173(0%), over = 258, worst = 7
PHY-1002 : len = 397072, over cnt = 36(0%), over = 56, worst = 5
PHY-1002 : len = 397536, over cnt = 0(0%), over = 0, worst = 0
PHY-1001 : End global iterations;  0.636221s wall, 0.656250s user + 0.015625s system = 0.671875s CPU (105.6%)

PHY-1001 : Congestion index:
PHY-1001 : top1  = 40.69(S 60.34, N 60.78, E 50.69, W 45.19, I 0.00, O 0.00)
PHY-1001 : top5  = 32.98(S 46.13, N 45.78, E 41.33, W 35.02, I 0.00, O 0.00)
PHY-1001 : top10 = 29.32(S 39.68, N 39.13, E 36.33, W 30.14, I 0.00, O 0.00)
PHY-1001 : top15 = 27.15(S 35.88, N 35.10, E 33.01, W 27.26, I 0.00, O 0.00)
OPT-1001 : End congestion update;  0.728860s wall, 0.750000s user + 0.015625s system = 0.765625s CPU (105.0%)

PHY-3001 : Start incremental legalization ...
PHY-1001 : Populate physical database on model top.
PHY-7002 CRITICAL-WARNING: Instance U3/sdram location (12, 12) is not honored. Cell's initial location is not legal at the beginning of ECO placement, and will be moved during placement. Please verify user location constraints through the adc file.
PHY-3001 : Target density is 35%
PHY-3001 : Target density is 42%
PHY-3001 : Initial: Len = 331982, Over = 0
PHY-3001 : End spreading;  0.011210s wall, 0.015625s user + 0.000000s system = 0.015625s CPU (139.4%)

PHY-3001 : Final: Len = 331982, Over = 0
PHY-3001 : End incremental legalization;  0.085093s wall, 0.093750s user + 0.000000s system = 0.093750s CPU (110.2%)

OPT-0007 : Iter 1: improved SWNS -8265 STNS -294352 NUM_FEPS 80 with 37(322) cells and 484(484) paths processed with 6604 slack improved, crit_thod: 1787 ratio: 1.00(37/37) rt: 0.2s
OPT-0007 : Iter 2: improved SWNS -8265 STNS -294352 NUM_FEPS 80 with 0(0) cells and 0(0) paths processed with 0 slack improved, crit_thod: 1989 ratio: -1.00(0/0) rt: 0.0s
OPT-1001 : End path based optimization;  0.959848s wall, 0.968750s user + 0.015625s system = 0.984375s CPU (102.6%)

OPT-1001 : Update timing in Manhattan mode
OPT-1001 : End timing update;  0.385660s wall, 0.359375s user + 0.000000s system = 0.359375s CPU (93.2%)

OPT-1001 : Current memory(MB): used = 353, reserved = 343, peak = 353.
OPT-1001 : End Stage 3.2.3 | Optimize Path; Time: 1.400692s wall, 1.359375s user + 0.015625s system = 1.375000s CPU (98.2%); Memory(MB): used = 353, reserved = 343, peak = 353;

OPT-1001 : Stage 3.2.4 | Optimize Duplicated Nets
OPT-1001 : Start: WNS -6843 TNS -294062 NUM_FEPS 80
OPT-1001 : Clean unloaded insts before merging registers
PHY-1001 : Populate physical database on model top.
PHY-1001 : Populate physical database on model top.
OPT-1001 : Total overflow 0.00 peak overflow 0.00
OPT-1001 : End optimize duplicated nets. Total 1 instances are merged and 74 sinks are reconnected,  0.138958s wall, 0.140625s user + 0.000000s system = 0.140625s CPU (101.2%)

OPT-1001 : Update timing in Manhattan mode
RUN-1002 : start command "start_timer"
OPT-1001 : End timing update;  0.564264s wall, 0.546875s user + 0.015625s system = 0.562500s CPU (99.7%)

OPT-1001 : Current memory(MB): used = 353, reserved = 343, peak = 353.
OPT-1001 : End Stage 3.2.4 | Optimize Duplicated Nets; Time: 0.730974s wall, 0.718750s user + 0.015625s system = 0.734375s CPU (100.5%); Memory(MB): used = 353, reserved = 343, peak = 353;

OPT-1001 : Stage 3.2.5 | Swap Pins
OPT-1001 : Start pin optimization...
OPT-1001 : skip pin optimization...
OPT-1001 : Current memory(MB): used = 353, reserved = 343, peak = 353.
OPT-1001 : End Stage 3.2.5 | Swap Pins; Time: 0.030305s wall, 0.031250s user + 0.000000s system = 0.031250s CPU (103.1%); Memory(MB): used = 353, reserved = 343, peak = 353;

OPT-0007 : End flow postpack: SWNS -6843 STNS -294062 NUM_FEPS 80
RUN-1001 : Generating global routing grids ...
PHY-1001 : Generate routing nets ...
PHY-1001 : Reuse net number 7293/7412.
PHY-1001 : Global iterations in 32 thread ...
PHY-1002 : len = 401032, over cnt = 43(0%), over = 55, worst = 4
PHY-1002 : len = 401256, over cnt = 23(0%), over = 25, worst = 2
PHY-1002 : len = 401368, over cnt = 13(0%), over = 14, worst = 2
PHY-1002 : len = 401392, over cnt = 3(0%), over = 3, worst = 1
PHY-1002 : len = 401432, over cnt = 0(0%), over = 0, worst = 0
PHY-1001 : End global iterations;  0.099356s wall, 0.078125s user + 0.000000s system = 0.078125s CPU (78.6%)

PHY-1001 : Congestion index:
PHY-1001 : top1  = 40.50(S 59.48, N 60.86, E 50.95, W 44.48, I 0.00, O 0.00)
PHY-1001 : top5  = 32.93(S 45.62, N 45.98, E 41.84, W 34.83, I 0.00, O 0.00)
PHY-1001 : top10 = 29.36(S 39.37, N 39.34, E 36.68, W 30.02, I 0.00, O 0.00)
PHY-1001 : top15 = 27.23(S 35.69, N 35.32, E 33.31, W 27.19, I 0.00, O 0.00)
RUN-1001 : QoR Analysis:
OPT-0007 :   SWNS -6843 STNS -294062 NUM_FEPS 80
RUN-1001 :   No local congestion issue, and most congested 1% tile average routing util is 40.068966
RUN-1001 :   Top critical paths
RUN-1001 :       #1 path slack -6843ps with logic level 2 
RUN-1001 :       #2 path slack -6843ps with logic level 2 
RUN-1001 :       #3 path slack -6815ps with logic level 2 
RUN-1001 :       #4 path slack -6815ps with logic level 2 
RUN-1001 :       #5 path slack -6765ps with logic level 2 
RUN-1001 :       #6 path slack -6765ps with logic level 2 
RUN-1001 :       #7 path slack -6743ps with logic level 2 
RUN-1001 :       #8 path slack -6743ps with logic level 2 
RUN-1001 :   0 HFN exist on timing critical paths out of 8555 nets
RUN-1001 :   0 long nets exist on timing critical paths out of 8555 nets
OPT-1001 : End physical optimization;  3.233841s wall, 3.171875s user + 0.031250s system = 3.203125s CPU (99.1%)

PHY-1001 : End Stage 3.2 | Optimize Design; Time: 3.233931s wall, 3.171875s user + 0.031250s system = 3.203125s CPU (99.0%); Memory(MB): used = 353, reserved = 343, peak = 353;

PHY-1001 : End Stage 3 | Detailed Placement; Time: 3.531535s wall, 3.453125s user + 0.031250s system = 3.484375s CPU (98.7%); Memory(MB): used = 353, reserved = 343, peak = 353;

PHY-1001 : Stage 4 | Optimize Design
PHY-3001 : Start incremental legalization ...
PHY-1001 : Populate physical database on model top.
PHY-7002 CRITICAL-WARNING: Instance U3/sdram location (164, 288) is not honored. Cell's initial location is not legal at the beginning of ECO placement, and will be moved during placement. Please verify user location constraints through the adc file.
PHY-3001 : Target density is 35%
PHY-3001 : Target density is 42%
PHY-3001 : Initial: Len = 331153, Over = 0
PHY-1001 : Stage 4.1 | Spreading
PHY-3001 : End spreading;  0.012175s wall, 0.015625s user + 0.000000s system = 0.015625s CPU (128.3%)

PHY-1001 : End Stage 4.1 | Spreading; Time: 0.012262s wall, 0.015625s user + 0.000000s system = 0.015625s CPU (127.4%); Memory(MB): used = 354, reserved = 343, peak = 354;

PHY-3001 : Final: Len = 331153, Over = 0
PHY-3001 : End incremental legalization;  0.079556s wall, 0.078125s user + 0.000000s system = 0.078125s CPU (98.2%)

RUN-1002 : start command "report_qor -step place -file place.qor"
RUN-1002 : start command "start_timer"
TMR-2502 : Net delay update with mode: Placed
RUN-1001 : Generating global routing grids ...
-----------------------------------------------------------
| QoR metrics               |         value               |
-----------------------------------------------------------
| Timing                    |                             |
|     Setup WNS             |        -6843                |
|     Setup TNS             |      -294062                |
|     Num of violated S-EP  |           80                |
|     FMAX                  |    67.372MHz                |
|     SWNS path clock period |       8000ps                |
|     Hold WNS              |          -11                |
|     Hold TNS              |         -231                |
|     Num of violated H-EP  |           21                |
-----------------------------------------------------------
| Routing Resource          |                             |
|     Wire length           |       329605                |
-----------------------------------------------------------
| Utilization               |                             |
|     #slices               |         3497                |
|     slices percentage     |       35.68%                |
|     #RAMs                 |           20                |
|     #DSPs                 |            0                |
|     #DRAMHARDCON          |            0                |
-----------------------------------------------------------
| Congestion                |                             |
|     Top 1% tile util      |           36                |
|     Top 1% tile avg util  |       40.07%                |
|     Over 100% util #tile  |            0                |
-----------------------------------------------------------
Report place stage QoR done.

PHY-1001 : End Stage 4 | Optimize Design; Time: 0.766803s wall, 0.765625s user + 0.000000s system = 0.765625s CPU (99.8%); Memory(MB): used = 355, reserved = 343, peak = 355;

PHY-1001 : Stage 5 | DRC Check
PHY-1001 : Stage 5.1 | Force Route Constraint Check
PHY-1001 : Check Pass.
PHY-1001 : End Stage 5.1 | Force Route Constraint Check; Time: 0.000598s wall, 0.000000s user + 0.000000s system = 0.000000s CPU (n/a%); Memory(MB): used = 355, reserved = 343, peak = 355;

PHY-1001 : Stage 5.2 | Duplicated SelfDriven Check
PHY-1001 : Check pass.
PHY-1001 : End Stage 5.2 | Duplicated SelfDriven Check; Time: 0.008758s wall, 0.000000s user + 0.000000s system = 0.000000s CPU (n/a%); Memory(MB): used = 355, reserved = 343, peak = 355;

PHY-1001 : Stage 5.3 | Clock Rule Check
PHY-1001 : End Stage 5.3 | Clock Rule Check; Time: 0.000456s wall, 0.015625s user + 0.000000s system = 0.015625s CPU (n/a%); Memory(MB): used = 355, reserved = 343, peak = 355;

PHY-1001 : End Stage 5 | DRC Check; Time: 0.028644s wall, 0.015625s user + 0.015625s system = 0.031250s CPU (109.1%); Memory(MB): used = 355, reserved = 343, peak = 355;

OPT-1001 : QoR tracer report on placement steps:
    SWNS [   incr ]     STNS [    incr ]    FEPS [   incr ]    CRIT [   incr ]      CELL [     incr ]        WL [     incr ]    CONG [   incr ]    PDES [   incr ]   RT(s) [   incr ]   MEM(mb) [     incr ]
       0 [      0 ]        0 [       0 ]       0 [      0 ]       0 [      0 ]      9024 [        0 ]         0 [        0 ]    0.00 [   0.00 ]       0 [      0 ]       0 [      0 ]       180 [        0 ] : preplace:simplify_lut
       0 [      0 ]        0 [       0 ]       0 [      0 ]       0 [      0 ]      9024 [        0 ]         0 [        0 ]    0.00 [   0.00 ]       0 [      0 ]       0 [      0 ]       180 [        0 ] : preplace:sweep
       0 [      0 ]        0 [       0 ]       0 [      0 ]       0 [      0 ]      9024 [        0 ]         0 [        0 ]    0.00 [   0.00 ]       0 [      0 ]       0 [      0 ]       180 [        0 ] : preplace:hfn_opt
   -8415 [  -8415 ]  -310714 [ -310714 ]     112 [    112 ]    2740 [   2740 ]      9024 [        0 ]    244522 [   244522 ]    0.00 [   0.00 ]       0 [      0 ]       2 [      2 ]       286 [      106 ] : step1_gp
   -8415 [      0 ]  -310714 [       0 ]     112 [      0 ]    2741 [      1 ]      9024 [        0 ]    246002 [     1480 ]    0.00 [   0.00 ]       0 [      0 ]       2 [      0 ]       286 [        0 ] : step1_legal
   -8465 [    -50 ]  -304482 [    6232 ]     111 [     -1 ]    3005 [    264 ]      9024 [        0 ]    292525 [    46523 ]   56.83 [  56.83 ]       0 [      0 ]       4 [      2 ]       323 [       37 ] : step2_gp
   -8515 [    -50 ]  -298060 [    6422 ]      97 [    -14 ]    3121 [    116 ]      9073 [       49 ]    289603 [    -2922 ]   43.59 [ -13.24 ]       0 [      0 ]       6 [      2 ]       331 [        8 ] : prepack:hfn_opt
   -8515 [      0 ]  -298032 [      28 ]      96 [     -1 ]    3125 [      4 ]      9073 [        0 ]    289857 [      254 ]   37.31 [  -6.28 ]       0 [      0 ]       7 [      1 ]       331 [        0 ] : prepack:global_opt
   -8415 [    100 ]  -295604 [    2428 ]      86 [    -10 ]    3120 [     -5 ]      3619 [    -5454 ]    294234 [     4377 ]   37.31 [   0.00 ]       0 [      0 ]       8 [      1 ]       341 [       10 ] : pack
   -8265 [    150 ]  -294352 [    1252 ]      80 [     -6 ]    2906 [   -214 ]      3619 [        0 ]    324417 [    30183 ]   41.76 [   4.45 ]       0 [      0 ]      11 [      3 ]       350 [        9 ] : post_pack_place
   -8265 [      0 ]  -294352 [       0 ]      80 [      0 ]    2894 [    -12 ]      3619 [        0 ]    325143 [      726 ]   41.76 [   0.00 ]       0 [      0 ]      11 [      0 ]       350 [        0 ] : post_pack_spreading
   -8265 [      0 ]  -294352 [       0 ]      80 [      0 ]    2894 [      0 ]      3618 [       -1 ]    323819 [    -1324 ]   41.76 [   0.00 ]       0 [      0 ]      12 [      1 ]       350 [        0 ] : postpack:optimize_equivalent_quick
   -8265 [      0 ]  -294352 [       0 ]      80 [      0 ]    2880 [    -14 ]      3633 [       15 ]    326041 [     2222 ]   41.76 [   0.00 ]       0 [      0 ]      12 [      0 ]       350 [        0 ] : postpack:hfn_opt
   -6843 [   1422 ]  -294062 [     290 ]      80 [      0 ]    2894 [     14 ]      3633 [        0 ]    330433 [     4392 ]   40.24 [  -1.52 ]       0 [      0 ]      13 [      1 ]       353 [        3 ] : postpack:path_opt
   -6843 [      0 ]  -294062 [       0 ]      80 [      0 ]    2894 [      0 ]      3628 [       -5 ]    329605 [     -828 ]   40.24 [   0.00 ]       0 [      0 ]      14 [      1 ]       353 [        0 ] : postpack:optimize_equivalent
   -6843 [      0 ]  -294062 [       0 ]      80 [      0 ]    2894 [      0 ]      3628 [        0 ]    329605 [        0 ]   40.24 [   0.00 ]       0 [      0 ]      14 [      0 ]       353 [        0 ] : postpack:pin_opt

RUN-1003 : finish command "place" in  15.635769s wall, 27.109375s user + 2.421875s system = 29.531250s CPU (188.9%)

RUN-1004 : used memory is 355 MB, reserved memory is 343 MB, peak memory is 355 MB
RUN-1002 : start command "update_timing -mode manhattan"
RUN-1002 : start command "start_timer"
RUN-1002 : start command "report_timing_status -file HDMI1.4b_Transmitter_v1.0_place.ts"
RUN-1002 : start command "report_timing_summary -file HDMI1.4b_Transmitter_v1.0_place.timing"
RUN-1002 : start command "report_area -io_info -file HDMI1.4b_Transmitter_v1.0_phy.area"
RUN-1001 : standard
***Report Model: top Device: EG4S20BG256***

IO Statistics
#IO                        29   out of    188   15.43%
  #input                    6
  #output                  22
  #inout                    1

Utilization Statistics
#lut                     5641   out of  19600   28.78%
#reg                     4293   out of  19600   21.90%
#le                      6504
  #lut only              2211   out of   6504   33.99%
  #reg only               863   out of   6504   13.27%
  #lut&reg               3430   out of   6504   52.74%
#bram                      20   out of     64   31.25%
  #bram9k                  20
  #fifo9k                   0
#bram32k                    0   out of     16    0.00%
#dsp                        0   out of     29    0.00%
#pad                       33   out of    188   17.55%
  #ireg                     3
  #oreg                    21
  #treg                     1
#pll                        3   out of      4   75.00%
#gclk                       3   out of     16   18.75%

RUN-1002 : start command "flow_status -file place_flow.status"
Location         : D:\Nizhenghang\Project\2026Anlu1\src\td_project\HDMI1.4b_Transmitter_v1.0_Runs\phy_1
Running with     : Tang Dynasty v6.2.178840
                   Copyright (c) 2012-2025 Anlogic Inc.
Top Model        : top
Device           : EG4S20BG256
Speed            : NA

Timing Mode      : manhattan
Setup            : WNS -6843ps  TNS  -294062ps  NUM_FEPS    80
Hold             : WNS   -11ps  TNS     -231ps  NUM_FEPS    21

Flow Statistics  :
RUN-1001 : Flow Statistics:
RUN-1001 : --------------------------------------------------------------------------------------------------
RUN-1001 :      command     |  #calls  |  wall time  |  cpu time(s)  |  used memory(mb)  |  peak memory(mb)  
RUN-1001 : --------------------------------------------------------------------------------------------------
RUN-1001 :       place      |    1     |  15s(100%)  |   29(100%)    |        355        |        355        
RUN-1001 :     import_db    |    1     |   0s(0%)    |     0(0%)     |        178        |        178        
RUN-1001 :   import_device  |    1     |   0s(0%)    |     0(0%)     |        85         |        85         
RUN-1001 : --------------------------------------------------------------------------------------------------
RUN-1001 :       total      |    3     |     15s     |      29       |        355        |        355        
RUN-1001 : --------------------------------------------------------------------------------------------------
RUN-1002 : start command "report_clock_utilization -file place_clock_utilization.txt"
RUN-1001 : Device not support command report_clock_utilization.
RUN-1002 : start command "export_db HDMI1.4b_Transmitter_v1.0_place.db"
RUN-1001 : Exported flow parameters
RUN-1001 : Exported /
RUN-1001 : Exported libs
RUN-1001 : Exported entities
RUN-1001 : Exported ports
RUN-1001 : Exported pins
RUN-1001 : Exported instances
RUN-1001 : Exported nets
RUN-1001 : Exported buses
RUN-1001 : Exported models
RUN-1001 : Exported phy database
RUN-1001 : Exported packer
RUN-1001 : Exported congestions
RUN-1001 : Exported violations
RUN-1001 : Exported ATMR Setting
RUN-1001 : Exported timing constraints
RUN-1001 : Exported IO constraints
RUN-1001 : Exported Inst constraints
RUN-1001 : Exported ChipWatcher
RUN-1002 : start command "commit_param -step route"
RUN-1001 : Print Global Property
RUN-1001 : --------------------------------------------------------
RUN-1001 :   Parameters   |  Settings  |  Default Values  |  Note  
RUN-1001 : --------------------------------------------------------
RUN-1001 :   enable_seed  |    off     |       off        |        
RUN-1001 :     message    |  standard  |     standard     |        
RUN-1001 :   qor_monitor  |     on     |        on        |        
RUN-1001 :   syn_ip_flow  |    off     |       off        |        
RUN-1001 :     thread     |    auto    |       auto       |        
RUN-1001 : --------------------------------------------------------
RUN-1001 : Print Route Property
RUN-1001 : -------------------------------------------------------
RUN-1001 :   Parameters  |  Settings  |  Default Values  |  Note  
RUN-1001 : -------------------------------------------------------
RUN-1001 :     effort    |   normal   |      normal      |        
RUN-1001 :    fix_hold   |     on     |        on        |        
RUN-1001 :     timing    |     on     |        on        |        
RUN-1001 : -------------------------------------------------------
RUN-1002 : start command "route"
RUN-1001 : Open license file D:/Download/TD/license/Anlogic.lic
PHY-1001 : Route runs in 32 thread(s)
RUN-1001 : There are total 3628 instances
RUN-1001 : 1748 mslices, 1749 lslices, 88 pads, 20 brams, 0 dsps
RUN-1001 : There are total 8555 nets
RUN-1001 : 5908 nets have 2 pins
RUN-1001 : 1854 nets have [3 - 5] pins
RUN-1001 : 484 nets have [6 - 10] pins
RUN-1001 : 155 nets have [11 - 20] pins
RUN-1001 : 148 nets have [21 - 99] pins
RUN-1001 : 6 nets have 100+ pins
RUN-1002 : start command "start_timer"
PHY-1001 : 1748 mslices, 1749 lslices, 88 pads, 20 brams, 0 dsps

PHY-1001 : Stage 1 | Global Routing
PHY-1001 : Start global routing, caller is route ...
RUN-1001 : Generating global routing grids ...
PHY-1001 : Generate routing nets ...
RUN-1001 : Generate nets statistics:
RUN-1001 : ----------------------------
RUN-1001 :        Type       |  Nets   
RUN-1001 : ----------------------------
RUN-1001 :   TotalRouteNets  |  7746   
RUN-1001 :   DontRouteNets   |   664   
RUN-1001 :     RouteNets     |  7082   
RUN-1001 :     RouteSinks    |  15746  
RUN-1001 : ----------------------------
PHY-1001 : Global iterations in 32 thread ...
PHY-1002 : len = 383704, over cnt = 693(1%), over = 1115, worst = 7
PHY-1002 : len = 389152, over cnt = 391(1%), over = 555, worst = 6
PHY-1002 : len = 391776, over cnt = 230(0%), over = 309, worst = 4
PHY-1002 : len = 395272, over cnt = 0(0%), over = 0, worst = 0
PHY-1001 : End global iterations;  0.722548s wall, 0.796875s user + 0.000000s system = 0.796875s CPU (110.3%)

PHY-1001 : Congestion index:
PHY-1001 : top1  = 40.58(S 62.67, N 62.18, E 50.69, W 44.85, I 0.00, O 0.00)
PHY-1001 : top5  = 33.04(S 46.92, N 46.76, E 41.50, W 34.84, I 0.00, O 0.00)
PHY-1001 : top10 = 29.28(S 39.86, N 39.96, E 35.92, W 29.99, I 0.00, O 0.00)
PHY-1001 : top15 = 27.15(S 35.84, N 35.78, E 32.76, W 27.01, I 0.00, O 0.00)
PHY-1001 : End global routing;  0.825914s wall, 0.890625s user + 0.000000s system = 0.890625s CPU (107.8%)

PHY-1001 : End Stage 1 | Global Routing; Time: 0.825963s wall, 0.890625s user + 0.000000s system = 0.890625s CPU (107.8%); Memory(MB): used = 371, reserved = 472, peak = 371;

PHY-1001 : Stage 2 | Detail Routing
PHY-1001 : Stage 2.1 | Build Routing Design
PHY-1001 : Routing in high effort: false
PHY-1001 : Routing Mode: normal
PHY-1001 : Generate detailed routing grids ...
PHY-1001 : End build routing graph; 2.509954s wall, 2.390625s user + 0.078125s system = 2.468750s CPU (98.4%)

PHY-1001 : Generate nets ...
PHY-1001 : net clk_dup_1 will be routed on clock mesh
PHY-1001 : clock net video_clk will be merged with clock video_pll_m0/clk0_buf
PHY-1001 : net U3/u2_ram/SDRAM_CLK will be routed on clock mesh
PHY-1001 : net U3/u2_ram/u1_init_ref/Sdr_clk will be routed on clock mesh
PHY-1001 : clock net sd_card_bmp_m0/bmp_read_m0/clk will be merged with clock sys_pll_m0/clk0_buf
PHY-1001 : clock net u_audio_pll/clk0_out will be merged with clock u_audio_pll/clk0_buf
PHY-1001 : net u_hdmi2phy_wrapper/u0_lane_lvds_8_1/I_serial_clk will be routed on clock mesh
PHY-1001 : net u_hdmi_audio_tone_i2s_64fs/I_mclk will be routed on clock mesh
RUN-1001 : Generate nets statistics:
RUN-1001 : ------------------------------
RUN-1001 :         Type        |  Nets   
RUN-1001 : ------------------------------
RUN-1001 :        Route        |  7746   
RUN-1001 :      DontRoute      |   809   
RUN-1001 :      RouteSinks     |  23851  
RUN-1001 :   RouteEntitySinks  |    0    
RUN-1001 :       Lut2Dff       |    0    
RUN-1001 :       Ram2Dff       |    0    
RUN-1001 :      Carry2Dff      |    0    
RUN-1001 : ------------------------------
RUN-1001 : DR clock net summary:
RUN-1001 : -------------------------------------------------------------------------------
RUN-1001 :   Net Idx  |                      Net Name                      |  Clock Type  
RUN-1001 : -------------------------------------------------------------------------------
RUN-1001 :      1     |                U3/u2_ram/SDRAM_CLK                 |    Normal    
RUN-1001 :      2     |           U3/u2_ram/u1_init_ref/Sdr_clk            |    Normal    
RUN-1001 :      3     |                     clk_dup_1                      |    Normal    
RUN-1001 :      4     |           sd_card_bmp_m0/bmp_read_m0/clk           |    Normal    
RUN-1001 :      5     |                u_audio_pll/clk0_out                |    Normal    
RUN-1001 :      6     |  u_hdmi2phy_wrapper/u0_lane_lvds_8_1/I_serial_clk  |    Normal    
RUN-1001 :      7     |         u_hdmi_audio_tone_i2s_64fs/I_mclk          |    Normal    
RUN-1001 :      8     |                     video_clk                      |    Normal    
RUN-1001 : -------------------------------------------------------------------------------
RUN-1001 : DR clock buffer summary:
RUN-1001 : ----------------
RUN-1001 :   Idx  |  Name  
RUN-1001 : ----------------
RUN-1001 : ----------------
PHY-1001 : End Stage 2.1 | Build Routing Design; Time: 2.664556s wall, 2.531250s user + 0.078125s system = 2.609375s CPU (97.9%); Memory(MB): used = 644, reserved = 633, peak = 644;

RUN-1001 : Top Percentage Crit. Net Stat.
RUN-1001 : -------------------------------------------------------
RUN-1001 :   Top %  |  Net Count  |  Avg. Fanout  |  Avg. Slack   
RUN-1001 : -------------------------------------------------------
RUN-1001 :     1    |     85      |   3.364706    |  1666.070588  
RUN-1001 :     2    |     171     |   2.912281    |  1889.649123  
RUN-1001 :     3    |     256     |   2.648438    |  2049.792969  
RUN-1001 :     4    |     342     |   2.926901    |  2181.748538  
RUN-1001 :     5    |     427     |   3.018735    |  2301.372365  
RUN-1001 :     6    |     513     |   3.085770    |  2423.401559  
RUN-1001 :     7    |     598     |   2.973244    |  2544.028428  
RUN-1001 :     8    |     684     |   3.112573    |  2674.723684  
RUN-1001 :     9    |     769     |   3.037711    |  2806.455137  
RUN-1001 :    10    |     855     |   2.998830    |  2927.589474  
RUN-1001 : -------------------------------------------------------
PHY-1001 : Stage 2.2 | Clock Nets Routing
PHY-1001 : Routed 0% nets.
PHY-1001 : len = 153584, over cnt = 0(0%), over = 0, worst = 0, crit = 0
PHY-1001 : End Stage 2.2 | Clock Nets Routing; Time: 2.536526s wall, 2.484375s user + 0.031250s system = 2.515625s CPU (99.2%); Memory(MB): used = 675, reserved = 663, peak = 675;

PHY-1001 : Stage 2.3 | Routing Initialization
PHY-1001 : Mark 1% net(place mode slack < 1989ps) as critical nets.
PHY-1001 : Stage 2.3.1 | Normal Nets Routing
PHY-1001 : Routed 90% nets.
PHY-1001 : len = 690320, over cnt = 439(0%), over = 441, worst = 2, crit = 0
PHY-1001 : End Stage 2.3.1 | Normal Nets Routing; Time: 7.395362s wall, 13.703125s user + 0.546875s system = 14.250000s CPU (192.7%); Memory(MB): used = 680, reserved = 668, peak = 680;

PHY-1001 : Stage 2.3.2 | Update Timing
RUN-1002 : start command "start_timer"
8.000000
40.000000
10.000000
8.000000
PHY-1001 : 420/7746(5%) critical/total net(s).
PHY-1001 : Setup: WNS(ns) = -6.301, TNS(ns) = -350.637, FEP = 161 | Hold: WNS(ns) = -1.405, TNS(ns) = -1.471, FEP = 8.
PHY-1001 : End Stage 2.3.2 | Update Timing; Time: 0.774909s wall, 0.750000s user + 0.015625s system = 0.765625s CPU (98.8%); Memory(MB): used = 685, reserved = 673, peak = 685;

PHY-1001 : End Stage 2.3 | Routing Initialization; Time: 8.181784s wall, 14.468750s user + 0.562500s system = 15.031250s CPU (183.7%); Memory(MB): used = 685, reserved = 673, peak = 685;

PHY-1001 : Stage 2.4 | Routing Optimization
PHY-1001 : Build lut bridge;  0.077250s wall, 0.078125s user + 0.000000s system = 0.078125s CPU (101.1%)

PHY-1001 : Stage 2.4.1 | Phase 1
PHY-1001 : Stage 2.4.1.1 | Setup TimeOptimization
PHY-1001 : Start to optimize setup violation with net base ...
PHY-1001 : Iter 1; Processed 136 pins with SWNS -6.301ns STNS -312.960ns FEP 125 took 1.70202 seconds.
PHY-1001 : len = 692024, over cnt = 526(0%), over = 528, worst = 2, crit = 0
PHY-1001 : End Stage 2.4.1.1 | Setup TimeOptimization; Time: 1.742325s wall, 1.703125s user + 0.015625s system = 1.718750s CPU (98.6%); Memory(MB): used = 686, reserved = 675, peak = 686;

PHY-1001 : Stage 2.4.1.2 | Rip-up And ReRoute
PHY-1001 : Iter 1: len = 692624, over cnt = 156(0%), over = 157, worst = 2, crit = 0, time(s) = 0.29
PHY-1001 : Iter 2: len = 693112, over cnt = 59(0%), over = 59, worst = 1, crit = 0, time(s) = 0.15
PHY-1001 : Iter 3: len = 693168, over cnt = 47(0%), over = 47, worst = 1, crit = 0, time(s) = 0.04
PHY-1001 : Iter 4: len = 693632, over cnt = 12(0%), over = 12, worst = 1, crit = 0, time(s) = 0.05
PHY-1001 : Iter 5: len = 693680, over cnt = 8(0%), over = 8, worst = 1, crit = 0, time(s) = 0.02
PHY-1001 : Iter 6: len = 693728, over cnt = 4(0%), over = 4, worst = 1, crit = 0, time(s) = 0.03
PHY-1001 : Iter 7: len = 693728, over cnt = 4(0%), over = 4, worst = 1, crit = 0, time(s) = 0.02
PHY-1001 : Iter 8: len = 693800, over cnt = 1(0%), over = 1, worst = 1, crit = 0, time(s) = 0.02
PHY-1001 : Iter 9: len = 693800, over cnt = 1(0%), over = 1, worst = 1, crit = 0, time(s) = 0.01
PHY-1001 : Iter 10: len = 693800, over cnt = 1(0%), over = 1, worst = 1, crit = 0, time(s) = 0.01
PHY-1001 : Iter 11: len = 693800, over cnt = 1(0%), over = 1, worst = 1, crit = 0, time(s) = 0.01
PHY-1001 : Iter 12: len = 693800, over cnt = 0(0%), over = 0, worst = 0, crit = 0, time(s) = 0.01
PHY-1001 : End Stage 2.4.1.2 | Rip-up And ReRoute; Time: 0.679315s wall, 1.156250s user + 0.015625s system = 1.171875s CPU (172.5%); Memory(MB): used = 688, reserved = 676, peak = 688;

PHY-1001 : Stage 2.4.1.3 | Update Timing
RUN-1002 : start command "start_timer"
PHY-1001 : 327/7746(4%) critical/total net(s).
PHY-1001 : Setup: WNS(ns) = -6.301, TNS(ns) = -326.106, FEP = 139 | Hold: WNS(ns) = -1.405, TNS(ns) = -1.471, FEP = 8.
PHY-1001 : End Stage 2.4.1.3 | Update Timing; Time: 0.759054s wall, 0.718750s user + 0.031250s system = 0.750000s CPU (98.8%); Memory(MB): used = 689, reserved = 677, peak = 689;

PHY-1001 : Stage 2.4.1.4 | Commit Data
PHY-1001 : Commit better result to database ...
PHY-1001 : 113 feed throughs used by 89 nets
PHY-1001 : End Stage 2.4.1.4 | Commit Data; Time: 0.557346s wall, 0.531250s user + 0.000000s system = 0.531250s CPU (95.3%); Memory(MB): used = 718, reserved = 706, peak = 718;

PHY-1001 : End Stage 2.4.1 | Phase 1; Time: 3.773350s wall, 4.140625s user + 0.062500s system = 4.203125s CPU (111.4%); Memory(MB): used = 718, reserved = 706, peak = 718;

PHY-1001 : Stage 2.4.2 | Phase 2
PHY-1001 : Stage 2.4.2.1 | Setup TimeOptimization
PHY-1001 : Start to optimize setup violation with net base ...
PHY-1001 : Iter 1; Processed 45 pins with SWNS -6.301ns STNS -313.434ns FEP 127 took 0.574561 seconds.
PHY-1001 : len = 694288, over cnt = 15(0%), over = 15, worst = 1, crit = 0
PHY-1001 : End Stage 2.4.2.1 | Setup TimeOptimization; Time: 0.612842s wall, 0.546875s user + 0.015625s system = 0.562500s CPU (91.8%); Memory(MB): used = 718, reserved = 707, peak = 718;

PHY-1001 : Stage 2.4.2.2 | Rip-up And ReRoute
PHY-0007 : Congestion: {43.69, 36.25, 33.02, 30.83}; Timing: {-6.301ns, -313.434ns, 127}
PHY-1001 : Iter 1: len = 693904, over cnt = 3(0%), over = 3, worst = 1, crit = 0, time(s) = 0.02
PHY-1001 : Iter 2: len = 693912, over cnt = 0(0%), over = 0, worst = 0, crit = 0, time(s) = 0.01
PHY-1001 : End Stage 2.4.2.2 | Rip-up And ReRoute; Time: 0.044093s wall, 0.031250s user + 0.000000s system = 0.031250s CPU (70.9%); Memory(MB): used = 718, reserved = 707, peak = 718;

PHY-1001 : Stage 2.4.2.3 | Update Timing
RUN-1002 : start command "start_timer"
PHY-1001 : 308/7746(3%) critical/total net(s).
PHY-1001 : Setup: WNS(ns) = -6.301, TNS(ns) = -324.539, FEP = 133 | Hold: WNS(ns) = -1.405, TNS(ns) = -1.471, FEP = 8.
PHY-1001 : End Stage 2.4.2.3 | Update Timing; Time: 0.752786s wall, 0.750000s user + 0.000000s system = 0.750000s CPU (99.6%); Memory(MB): used = 720, reserved = 708, peak = 720;

PHY-1001 : Stage 2.4.2.4 | Commit Data
PHY-1001 : Commit better result to database ...
PHY-1001 : 114 feed throughs used by 90 nets
PHY-1001 : End Stage 2.4.2.4 | Commit Data; Time: 0.508856s wall, 0.468750s user + 0.031250s system = 0.500000s CPU (98.3%); Memory(MB): used = 720, reserved = 708, peak = 720;

PHY-1001 : End Stage 2.4.2 | Phase 2; Time: 1.953294s wall, 1.828125s user + 0.046875s system = 1.875000s CPU (96.0%); Memory(MB): used = 720, reserved = 708, peak = 720;

PHY-1001 : End Stage 2.4 | Routing Optimization; Time: 6.288433s wall, 6.531250s user + 0.109375s system = 6.640625s CPU (105.6%); Memory(MB): used = 720, reserved = 708, peak = 720;

PHY-1001 : Stage 2.5 | Multi-try route Optimization
PHY-1001 : Original timing status: SWNS -6301ps, STNS -324539ps, FEP 133.
PHY-1001 : Start to multi-try route opt...
PHY-1033 : Iter 1, processed 10 pins with SWNS -6301 -> -6301ps STNS -324539 -> -324327ps FEP 133 -> 133.
PHY-1033 : Iter 2, processed 10 pins with SWNS -6301 -> -6301ps STNS -324327 -> -324253ps FEP 133 -> 133.
PHY-1033 : Iter 3, processed 10 pins with SWNS -6301 -> -6301ps STNS -324253 -> -324253ps FEP 133 -> 133.
PHY-1033 : Try cnt 30, commit cnt 4(13.33%).
PHY-1001 : len = 693648, over cnt = 0(0%), over = 0, worst = 0, crit = 0
PHY-1001 : Update timing ...
RUN-1002 : start command "start_timer"
PHY-1001 : 308/7746(3%) critical/total net(s).
PHY-1001 : Setup: WNS(ns) = -6.301, TNS(ns) = -324.253, FEP = 133 | Hold: WNS(ns) = -1.405, TNS(ns) = -1.471, FEP = 8.
PHY-1001 : End update timing; 0.738647s wall, 0.718750s user + 0.000000s system = 0.718750s CPU (97.3%)

PHY-1001 : End multi-try route opt;  1.186489s wall, 1.156250s user + 0.015625s system = 1.171875s CPU (98.8%)

PHY-1001 : End Stage 2.5 | Multi-try route Optimization; Time: 1.196710s wall, 1.171875s user + 0.015625s system = 1.187500s CPU (99.2%); Memory(MB): used = 721, reserved = 710, peak = 721;

PHY-1003 : Routed, final wirelength = 693648
RUN-1002 : start command "export_db HDMI1.4b_Transmitter_v1.0_pr.db"
RUN-1001 : Exported flow parameters
RUN-1001 : Exported /
RUN-1001 : Exported libs
RUN-1001 : Exported entities
RUN-1001 : Exported ports
RUN-1001 : Exported pins
RUN-1001 : Exported instances
RUN-1001 : Exported nets
RUN-1001 : Exported buses
RUN-1001 : Exported models
RUN-1001 : Exported phy database
RUN-1001 : Exported packer
RUN-1001 : Exported congestions
RUN-1001 : Exported violations
RUN-1001 : Exported ATMR Setting
RUN-1001 : Exported timing constraints
RUN-1001 : Exported IO constraints
RUN-1001 : Exported Inst constraints
RUN-1001 : Exported ChipWatcher
PHY-1001 : Current memory(MB): used = 749, reserved = 857, peak = 749.
PHY-1001 : End export database. 0.284953s wall, 0.328125s user + 0.031250s system = 0.359375s CPU (126.1%)

PHY-1001 : End detail routing;  21.588772s wall, 27.937500s user + 0.828125s system = 28.765625s CPU (133.2%)

PHY-1001 : End Stage 2 | Detail Routing; Time: 21.589858s wall, 27.937500s user + 0.828125s system = 28.765625s CPU (133.2%); Memory(MB): used = 748, reserved = 856, peak = 749;

PHY-1001 : Stage 3 | Hold Fix
RUN-1002 : start command "start_timer"
RUN-1001 : fix hold violation on net video_timing_data_m0/read_req endpin frame_read_write_m0/frame_fifo_read_m0/read_req_d1_reg_syn_4.mi[0] slack -1405ps
RUN-1001 : 3 hold-buffer to be created.
RUN-1001 : fix hold violation on net frame_read_write_m0/read_buf/wr_addr[7] endpin frame_read_write_m0/read_buf/ram_inst/ramread0_syn_7.addra[11] slack -11ps
RUN-1001 : 1 hold-buffer to be created.
RUN-1001 : fix hold violation on net frame_read_write_m0/read_buf/wr_addr[8] endpin frame_read_write_m0/read_buf/ram_inst/ramread0_syn_7.addra[12] slack -4ps
RUN-1001 : 1 hold-buffer to be created.
RUN-1001 : fix hold violation on net u_hdmi_1_4b_transmitter_core_wrapper/u_hdmi_edid_wrapper/u_iic_master_wrapper/u_iic_receiver_controller/I_rst_dup_32 endpin u_hdmi_1_4b_transmitter_core_wrapper/u_hdmi_edid_wrapper/u_hdmi_edid_read_controller/O_iic_tx_valid_reg_syn_8.sr slack -5ps
RUN-1001 : 1 hold-buffer to be created.
RUN-1001 : fix hold violation on net u_hdmi_1_4b_transmitter_core_wrapper/u_hdmi_tx_controller_wrapper/u_hdmi_island_data_gen/U_audio_sample_packet_2_channel/u_w96_d1024_fifo/I_fifo_wr_data[14] endpin u_hdmi_1_4b_transmitter_core_wrapper/u_hdmi_tx_controller_wrapper/u_hdmi_island_data_gen/U_audio_sample_packet_2_channel/u_w96_d1024_fifo/u_logic_ramfifo_syn_534.dia[5] slack -11ps
RUN-1001 : 1 hold-buffer to be created.
RUN-1001 : fix hold violation on net u_hdmi_1_4b_transmitter_core_wrapper/u_hdmi_tx_controller_wrapper/u_hdmi_island_data_gen/U_audio_sample_packet_2_channel/u_w96_d1024_fifo/I_fifo_wr_data[16] endpin u_hdmi_1_4b_transmitter_core_wrapper/u_hdmi_tx_controller_wrapper/u_hdmi_island_data_gen/U_audio_sample_packet_2_channel/u_w96_d1024_fifo/u_logic_ramfifo_syn_534.dia[7] slack -11ps
RUN-1001 : 1 hold-buffer to be created.
RUN-1001 : fix hold violation on net u_hdmi_1_4b_transmitter_core_wrapper/u_hdmi_tx_controller_wrapper/u_hdmi_island_data_gen/U_audio_sample_packet_2_channel/u_w96_d1024_fifo/I_fifo_wr_data[20] endpin u_hdmi_1_4b_transmitter_core_wrapper/u_hdmi_tx_controller_wrapper/u_hdmi_island_data_gen/U_audio_sample_packet_2_channel/u_w96_d1024_fifo/u_logic_ramfifo_syn_544.dia[2] slack -20ps
RUN-1001 : 1 hold-buffer to be created.
RUN-1001 : fix hold violation on net u_hdmi_1_4b_transmitter_core_wrapper/u_hdmi_tx_controller_wrapper/u_hdmi_island_data_gen/U_audio_sample_packet_2_channel/u_w96_d1024_fifo/I_fifo_wr_data[47] endpin u_hdmi_1_4b_transmitter_core_wrapper/u_hdmi_tx_controller_wrapper/u_hdmi_island_data_gen/U_audio_sample_packet_2_channel/u_w96_d1024_fifo/u_logic_ramfifo_syn_574.dia[2] slack -11ps
RUN-1001 : 1 hold-buffer to be created.
RUN-1001 : fix hold violation on net u_hdmi_1_4b_transmitter_core_wrapper/u_hdmi_edid_wrapper/u_iic_master_wrapper/u_iic_receiver_controller/I_rst_dup_17 endpin u_hdmi_1_4b_transmitter_core_wrapper/u_hdmi_tx_controller_wrapper/u_hdmi_video_source/S_col_cnt_reg[8]_syn_4.sr slack -5ps
RUN-1001 : 1 hold-buffer to be created.
RUN-1001 : fix hold violation on net u_hdmi_1_4b_transmitter_core_wrapper/u_hdmi_tx_controller_wrapper/u_video_axi_stream_receiver/u_w24_d1024_fifo/u_logic_ramfifo_syn_31 endpin u_hdmi_1_4b_transmitter_core_wrapper/u_hdmi_tx_controller_wrapper/u_video_axi_stream_receiver/u_w24_d1024_fifo/u_logic_ramfifo_syn_380.addrb[11] slack -3ps
RUN-1001 : 1 hold-buffer to be created.
PHY-1001 : Populate physical database on model top.
8.000000
40.000000
10.000000
8.000000

8.000000
40.000000
10.000000
8.000000
RUN-1002 : start command "start_timer"
RUN-1001 : All hold violations are fixed.
PHY-1001 : End Stage 3 | Hold Fix; Time: 11.471913s wall, 11.250000s user + 0.234375s system = 11.484375s CPU (100.1%); Memory(MB): used = 758, reserved = 857, peak = 758;

PHY-1001 : Stage 4 | Report Route Qor
RUN-1002 : start command "report_qor -step route -file route.qor"
RUN-1002 : start command "start_timer"
-----------------------------------------------------------
| QoR metrics               |         value               |
-----------------------------------------------------------
| Timing                    |                             |
|     Setup WNS             |        -6301                |
|     Setup TNS             |      -324253                |
|     Num of violated S-EP  |          133                |
|     Hold WNS              |           11                |
|     Hold TNS              |            0                |
|     Num of violated H-EP  |            0                |
-----------------------------------------------------------
| Routing Resource          |                             |
|     Wire length           |       693832                |
-----------------------------------------------------------
| Utilization               |                             |
|     #slices               |         3509                |
|     slices percentage     |       35.81%                |
|     #RAMs                 |           20                |
|     #DSPs                 |            0                |
|     #DRAMHARDCON          |            0                |
-----------------------------------------------------------
Report route stage QoR done.

RUN-1002 : start command "update_timing -mode final"
RUN-1002 : start command "start_timer"
RUN-1002 : start command "report_timing_summary -file final_timing.rpt"
OPT-1001 : QoR tracer report on route step:
    SWNS [   incr ]     STNS [    incr ]  S-FEPS [   incr ]    HWNS [   incr ]      HTNS [     incr ]    H-FEPS [     incr ]    CELL [   incr ]      WL [   incr ]   RT(s) [   incr ]   MEM(mb) [     incr ]
   -6301 [      0 ]  -350637 [       0 ]     161 [      0 ]   -1405 [      0 ]     -1471 [        0 ]         8 [        0 ]    3628 [      0 ]  690320 [      0 ]      15 [      0 ]       685 [        0 ] : dr_initialization
   -6301 [      0 ]  -312960 [   37677 ]     125 [    -36 ]   -1405 [      0 ]     -1471 [        0 ]         8 [        0 ]    3628 [      0 ]  692024 [   1704 ]      17 [      2 ]       686 [        1 ] : dr_timing_opt_phase1
   -6301 [      0 ]  -326106 [  -13146 ]     139 [     14 ]   -1405 [      0 ]     -1471 [        0 ]         8 [        0 ]    3628 [      0 ]  693800 [   1776 ]      19 [      2 ]       718 [       32 ] : dr_opt_phase1
   -6301 [      0 ]  -313434 [   12672 ]     127 [    -12 ]   -1405 [      0 ]     -1471 [        0 ]         8 [        0 ]    3628 [      0 ]  694288 [    488 ]      20 [      1 ]       718 [        0 ] : dr_timing_opt_phase2
   -6301 [      0 ]  -324539 [  -11105 ]     133 [      6 ]   -1405 [      0 ]     -1471 [        0 ]         8 [        0 ]    3628 [      0 ]  693912 [   -376 ]      21 [      1 ]       720 [        2 ] : dr_opt_phase2
   -6301 [      0 ]  -324253 [     286 ]     133 [      0 ]   -1405 [      0 ]     -1471 [        0 ]         8 [        0 ]    3628 [      0 ]  693648 [   -264 ]      22 [      1 ]       721 [        1 ] : multi_try_opt
   -6301 [      0 ]  -324253 [       0 ]     133 [      0 ]      11 [   1416 ]         0 [     1471 ]         0 [       -8 ]    3640 [     12 ]  693744 [     96 ]       2 [    -20 ]       750 [       29 ] : (ECO)dr_initialization
   -6301 [      0 ]  -324253 [       0 ]     133 [      0 ]      11 [      0 ]         0 [        0 ]         0 [        0 ]    3640 [      0 ]  693744 [      0 ]       2 [      0 ]       750 [        0 ] : (ECO)dr_timing_opt_phase1
   -6301 [      0 ]  -324253 [       0 ]     133 [      0 ]      11 [      0 ]         0 [        0 ]         0 [        0 ]    3640 [      0 ]  693832 [     88 ]       4 [      2 ]       750 [        0 ] : (ECO)dr_opt_phase1
   -6301 [      0 ]  -324253 [       0 ]     133 [      0 ]      11 [      0 ]         0 [        0 ]         0 [        0 ]    3640 [      0 ]  693832 [      0 ]       4 [      0 ]       750 [        0 ] : (ECO)dr_timing_opt_phase2
   -6301 [      0 ]  -324253 [       0 ]     133 [      0 ]      11 [      0 ]         0 [        0 ]         0 [        0 ]    3640 [      0 ]  693832 [      0 ]       5 [      1 ]       750 [        0 ] : (ECO)dr_opt_phase2
   -6301 [      0 ]  -324253 [       0 ]     133 [      0 ]      11 [      0 ]         0 [        0 ]         0 [        0 ]    3640 [      0 ]  693832 [      0 ]       5 [      0 ]       750 [        0 ] : (ECO)multi_try_opt
   -6301 [      0 ]  -324253 [       0 ]     133 [      0 ]      11 [      0 ]         0 [        0 ]         0 [        0 ]    3640 [      0 ]  693832 [      0 ]       6 [      1 ]       758 [        8 ] : (ECO)fix_hold_opt
   -6301 [      0 ]  -324253 [       0 ]     133 [      0 ]      11 [      0 ]         0 [        0 ]         0 [        0 ]    3640 [      0 ]  693832 [      0 ]      34 [     28 ]       758 [        0 ] : (ECO)fix_hold_opt

PHY-1001 : End Stage 4 | Report Route Qor; Time: 1.457412s wall, 1.421875s user + 0.000000s system = 1.421875s CPU (97.6%); Memory(MB): used = 758, reserved = 857, peak = 758;

PHY-1001 : Stage 5 | Design Rule Check
PHY-1001 : Start multi-drive drc check......
PHY-1001 : No multi-drive.
PHY-1001 : Stage 5.1 | Clock Net Status Check
PHY-1001 : All clock nets do not utilize local routing resource.
PHY-1001 : End Stage 5.1 | Clock Net Status Check; Time: 0.002801s wall, 0.000000s user + 0.000000s system = 0.000000s CPU (n/a%); Memory(MB): used = 758, reserved = 857, peak = 758;

PHY-1001 : Stage 5.2 | Abnormal Timing Path check
PHY-1001 : No abnormal timing path.
PHY-1001 : End Stage 5.2 | Abnormal Timing Path check; Time: 0.030436s wall, 0.031250s user + 0.000000s system = 0.031250s CPU (102.7%); Memory(MB): used = 758, reserved = 857, peak = 758;

PHY-1001 : End Stage 5 | Design Rule Check; Time: 0.070380s wall, 0.062500s user + 0.000000s system = 0.062500s CPU (88.8%); Memory(MB): used = 758, reserved = 857, peak = 758;

RUN-1003 : finish command "route" in  36.090581s wall, 42.203125s user + 1.093750s system = 43.296875s CPU (120.0%)

RUN-1004 : used memory is 758 MB, reserved memory is 857 MB, peak memory is 758 MB
RUN-1002 : start command "report_area -io_info -file HDMI1.4b_Transmitter_v1.0_phy.area"
RUN-1001 : standard
***Report Model: top Device: EG4S20BG256***

IO Statistics
#IO                        29   out of    188   15.43%
  #input                    6
  #output                  22
  #inout                    1

Utilization Statistics
#lut                     5665   out of  19600   28.90%
#reg                     4293   out of  19600   21.90%
#le                      6528
  #lut only              2235   out of   6528   34.24%
  #reg only               863   out of   6528   13.22%
  #lut&reg               3430   out of   6528   52.54%
#bram                      20   out of     64   31.25%
  #bram9k                  20
  #fifo9k                   0
#bram32k                    0   out of     16    0.00%
#dsp                        0   out of     29    0.00%
#pad                       33   out of    188   17.55%
  #ireg                     3
  #oreg                    21
  #treg                     1
#pll                        3   out of      4   75.00%
#gclk                       3   out of     16   18.75%


DataNet Average Fanout:

   Index     Fanout    Nets  
    #1         1       5822  
    #2         2       1116  
    #3         3       466   
    #4         4       272   
    #5        5-10     510   
    #6       11-50     250   
    #7       51-100     24   
    #8        >500      1    
  Average     2.58           

RUN-1002 : start command "update_timing -mode final"
RUN-1002 : start command "start_timer"
RUN-1002 : start command "report_timing_status -file HDMI1.4b_Transmitter_v1.0_phy.ts"
RUN-1002 : start command "report_timing_summary -file HDMI1.4b_Transmitter_v1.0_pr.timing"
RUN-1002 : start command "report_timing_exception -file HDMI1.4b_Transmitter_v1.0_exception.timing"
RUN-1002 : start command "check_timing -verbose -file HDMI1.4b_Transmitter_v1.0_chk.timing"
RUN-1002 : start command "flow_status -file route_flow.status"
Location         : D:\Nizhenghang\Project\2026Anlu1\src\td_project\HDMI1.4b_Transmitter_v1.0_Runs\phy_1
Running with     : Tang Dynasty v6.2.178840
                   Copyright (c) 2012-2025 Anlogic Inc.
Top Model        : top
Device           : EG4S20BG256
Speed            : NA

Timing Mode      : final
Setup            : WNS -6301ps  TNS  -324253ps  NUM_FEPS   133
Hold             : WNS    11ps  TNS        0ps  NUM_FEPS     0

Flow Statistics  :
RUN-1001 : Flow Statistics:
RUN-1001 : --------------------------------------------------------------------------------------------------
RUN-1001 :      command     |  #calls  |  wall time  |  cpu time(s)  |  used memory(mb)  |  peak memory(mb)  
RUN-1001 : --------------------------------------------------------------------------------------------------
RUN-1001 :       route      |    2     |  43s(71%)   |    50(61%)    |        758        |        758        
RUN-1001 :       place      |    2     |  17s(28%)   |    31(38%)    |        749        |        749        
RUN-1001 :     import_db    |    1     |   0s(0%)    |     0(0%)     |        178        |        178        
RUN-1001 :   import_device  |    1     |   0s(0%)    |     0(0%)     |        85         |        85         
RUN-1001 : --------------------------------------------------------------------------------------------------
RUN-1001 :       total      |    6     |    1m0s     |      81       |        758        |        758        
RUN-1001 : --------------------------------------------------------------------------------------------------
RUN-1002 : start command "report_clock_utilization -file route_clock_utilization.txt"
RUN-1001 : Device not support command report_clock_utilization.
RUN-1002 : start command "export_db HDMI1.4b_Transmitter_v1.0_pr.db"
RUN-1001 : Exported flow parameters
RUN-1001 : Exported /
RUN-1001 : Exported libs
RUN-1001 : Exported entities
RUN-1001 : Exported ports
RUN-1001 : Exported pins
RUN-1001 : Exported instances
RUN-1001 : Exported nets
RUN-1001 : Exported buses
RUN-1001 : Exported models
RUN-1001 : Exported phy database
RUN-1001 : Exported packer
RUN-1001 : Exported congestions
RUN-1001 : Exported violations
RUN-1001 : Exported ATMR Setting
RUN-1001 : Exported timing constraints
RUN-1001 : Exported IO constraints
RUN-1001 : Exported Inst constraints
RUN-1001 : Exported ChipWatcher
RUN-1002 : start command "commit_param -step bitgen"
RUN-1001 : Print Global Property
RUN-1001 : --------------------------------------------------------
RUN-1001 :   Parameters   |  Settings  |  Default Values  |  Note  
RUN-1001 : --------------------------------------------------------
RUN-1001 :   enable_seed  |    off     |       off        |        
RUN-1001 :     message    |  standard  |     standard     |        
RUN-1001 :   qor_monitor  |     on     |        on        |        
RUN-1001 :   syn_ip_flow  |    off     |       off        |        
RUN-1001 :     thread     |    auto    |       auto       |        
RUN-1001 : --------------------------------------------------------
RUN-1001 : Print Bitgen Property
RUN-1001 : -------------------------------------------------------------
RUN-1001 :      Parameters     |  Settings  |  Default Values  |  Note  
RUN-1001 : -------------------------------------------------------------
RUN-1001 :         bin         |    off     |       off        |        
RUN-1001 :       gen_mask      |    off     |       off        |        
RUN-1001 :      time_info      |     on     |        on        |        
RUN-1001 :   unused_io_status  |   pullup   |      pullup      |        
RUN-1001 :       version       |    0x00    |       0x00       |        
RUN-1001 : -------------------------------------------------------------
RUN-1002 : start command "bitgen -bit HDMI1.4b_Transmitter_v1.0.bit"
RUN-1002 : start command "export_bid HDMI1.4b_Transmitter_v1.0_inst.bid"
BIT-1003 : Start to generate bitstream. 
BIT-1002 : Init instances with 32 threads.
BIT-1002 : Init instances completely, inst num: 3626
BIT-1002 : Init pips with 32 threads.
BIT-1002 : Init pips completely, net num: 7756, pip num: 68154
BIT-1002 : Init feedthrough with 32 threads.
BIT-1002 : Init feedthrough completely, num: 117
BIT-1003 : Multithreading accelaration with 32 threads.
BIT-1003 : Generate bitstream completely, there are 200249 bits set as '1'.
BIT-1004 : PLL setting string = 0111
BIT-1004 : Generate bits file HDMI1.4b_Transmitter_v1.0.bit.
RUN-1003 : finish command "bitgen -bit HDMI1.4b_Transmitter_v1.0.bit" in  2.253824s wall, 46.406250s user + 1.953125s system = 48.359375s CPU (2145.7%)

RUN-1004 : used memory is 759 MB, reserved memory is 858 MB, peak memory is 759 MB
RUN-1002 : start command "setup_debugger"
RUN-1002 : start command "export_bitgen_param -file .bitgen_param.f"
RUN-1002 : start command "export_flow_status -s opt_place -e bitgen"
RUN-1002 : start command "flow_status"

Location         : D:\Nizhenghang\Project\2026Anlu1\src\td_project\HDMI1.4b_Transmitter_v1.0_Runs\phy_1
Running with     : Tang Dynasty v6.2.178840
                   Copyright (c) 2012-2025 Anlogic Inc.
Top Model        : top
Device           : EG4S20BG256
Speed            : NA

Timing Mode      : final
Setup            : WNS -6301ps  TNS  -324253ps  NUM_FEPS   133
Hold             : WNS    11ps  TNS        0ps  NUM_FEPS     0

RUN-1001 : Flow Statistics:
RUN-1001 : --------------------------------------------------------------------------------------------------
RUN-1001 :      command     |  #calls  |  wall time  |  cpu time(s)  |  used memory(mb)  |  peak memory(mb)  
RUN-1001 : --------------------------------------------------------------------------------------------------
RUN-1001 :       route      |    2     |  43s(69%)   |    50(39%)    |        758        |        758        
RUN-1001 :       place      |    2     |  17s(27%)   |    31(24%)    |        749        |        749        
RUN-1001 :      bitgen      |    1     |   2s(3%)    |    47(36%)    |        759        |        759        
RUN-1001 :     import_db    |    1     |   0s(0%)    |     0(0%)     |        178        |        178        
RUN-1001 :   import_device  |    1     |   0s(0%)    |     0(0%)     |        85         |        85         
RUN-1001 : --------------------------------------------------------------------------------------------------
RUN-1001 :       total      |    7     |    1m2s     |      128      |        759        |        759        
RUN-1001 : --------------------------------------------------------------------------------------------------
