============================================================
   Tang Dynasty, V6.2.178840
   Copyright (c) 2012-2025 Anlogic Inc.
   Executable = D:/Download/TD/bin/td_commands_prompt.exe
   Built at =   14:07:58 Sep  4 2025
   Run by =     Nizhenghang
   Run Date =   Tue Sep  1 10:46:50 2026

   Run on =     LAPTOP-9S21NQG2
============================================================
RUN-1002 : start command "import_device eagle_s20.db -package EG4S20BG256"
RUN-1001 : Using default speed grade: NA
ARC-1001 : Device Initialization.
ARC-1001 : ------------------------------------------------------------------
ARC-1001 :            OPTION            |          IO          |   SETTING   
ARC-1001 : ------------------------------------------------------------------
ARC-1001 :   cso_b/cclk/mosi/miso/dout  |  T3/R11/T10/P10/S11  |    gpio    
ARC-1001 :             done             |         P13          |    gpio    
ARC-1001 :           program_b          |          T2          |  dedicate  
ARC-1001 :        tdi/tms/tck/tdo       |   C12/A15/C14/E14    |  dedicate  
ARC-1001 : ------------------------------------------------------------------
ARC-1004 : Device setting, marked 5 dedicate IOs in total.
RUN-1002 : start command "open_project HDMI1.4b_Transmitter_v1.0.prj -noanalyze"
RUN-1002 : start command "import_db ../syn_1/HDMI1.4b_Transmitter_v1.0_gate.db"
RUN-1001 : Importing database generated by Tang Dynasty, V6.2.178840.
RUN-1001 : Database version number 46207
RUN-1001 : Import flow parameters
RUN-1001 : Import netlist
RUN-1001 : Import timing constraints
RUN-1001 : Import IO constraints
RUN-1001 : Import Inst constraints
RUN-1001 : Import ChipWatcher
RUN-1001 : Import design success TD_VERSION=6.2.178840 , DB_VERSION=46207
RUN-1002 : start command "commit_param -step place"
RUN-1001 : Print Global Property
RUN-1001 : --------------------------------------------------------
RUN-1001 :   Parameters   |  Settings  |  Default Values  |  Note  
RUN-1001 : --------------------------------------------------------
RUN-1001 :   enable_seed  |    off     |       off        |        
RUN-1001 :     message    |  standard  |     standard     |        
RUN-1001 :   qor_monitor  |     on     |        on        |        
RUN-1001 :   syn_ip_flow  |    off     |       off        |        
RUN-1001 :     thread     |    auto    |       auto       |        
RUN-1001 : --------------------------------------------------------
RUN-1001 : Print Place Property
RUN-1001 : -----------------------------------------------------------
RUN-1001 :     Parameters    |  Settings  |  Default Values  |  Note  
RUN-1001 : -----------------------------------------------------------
RUN-1001 :       effort      |   medium   |      medium      |        
RUN-1001 :   hfn_opt_effort  |   medium   |      medium      |        
RUN-1001 :     max_fanout    |   999999   |      999999      |        
RUN-1001 :     opt_timing    |   medium   |      medium      |        
RUN-1001 :   post_place_opt  |    auto    |       auto       |        
RUN-1001 :    pr_strategy    |     1      |        1         |        
RUN-1001 :     relaxation    |    1.00    |       1.00       |        
RUN-1001 : -----------------------------------------------------------
RUN-1002 : start command "insert_debugger"
RUN-1002 : start command "place"
RUN-1001 : Open license file D:/Download/TD/license/Anlogic.lic
PHY-3001 : Placer runs in 32 thread(s).
PHY-1001 : Stage 1 | Initialize Design
PHY-1001 : Stage 1.1 | Build Design
PHY-1001 : 3443 luts, 4121 seqs, 497 mslices, 257 lslices, 87 pads, 20 brams, 0 dsps
RUN-1002 : start command "legalize_phy_inst"
SYN-1011 : Flatten model top
PHY-1001 : Remove keep and sweep redundant instances ...
PHY-1001 : 3443 luts, 4121 seqs, 497 mslices, 257 lslices, 87 pads, 20 brams, 0 dsps
PHY-1001 : End Stage 1.1 | Build Design; Time: 0.026690s wall, 0.031250s user + 0.000000s system = 0.031250s CPU (117.1%); Memory(MB): used = 164, reserved = 164, peak = 164;

PHY-1001 : Stage 1.2 | Optimize Design
OPT-1001 : Stage 1.2.1 | Simplify Lut
OPT-1001 : End Stage 1.2.1 | Simplify Lut; Time: 0.007433s wall, 0.000000s user + 0.000000s system = 0.000000s CPU (n/a%); Memory(MB): used = 164, reserved = 164, peak = 164;

OPT-1001 : Stage 1.2.2 | Sweep
OPT-1001 : End Stage 1.2.2 | Sweep; Time: 0.002562s wall, 0.000000s user + 0.000000s system = 0.000000s CPU (n/a%); Memory(MB): used = 164, reserved = 164, peak = 164;

OPT-1001 : Stage 1.2.3 | Synthesize High-fanout Net
OPT-1001 : Current memory(MB): used = 164, reserved = 164, peak = 164.
OPT-1001 : End Stage 1.2.3 | Synthesize High-fanout Net; Time: 0.000125s wall, 0.015625s user + 0.000000s system = 0.015625s CPU (n/a%); Memory(MB): used = 164, reserved = 164, peak = 164;

OPT-1001 : End physical optimization;  0.010423s wall, 0.015625s user + 0.000000s system = 0.015625s CPU (149.9%)

PHY-1001 : End Stage 1.2 | Optimize Design; Time: 0.010607s wall, 0.015625s user + 0.000000s system = 0.015625s CPU (147.3%); Memory(MB): used = 164, reserved = 164, peak = 164;

PHY-1001 : Stage 1.3 | Initialize Clock
SYN-4016 : Net sd_card_bmp_m0/bmp_read_m0/clk driven by BUFG (1271 clock/control pins, 1 other pins).
SYN-4016 : Net u_audio_pll/clk0_out driven by BUFG (0 clock/control pins, 1 other pins).
SYN-4016 : Net u_I2S_receiver/I_clk driven by BUFG (2120 clock/control pins, 1 other pins).
SYN-4027 : Net U3/u2_ram/u1_init_ref/Sdr_clk is clkc1 of pll sys_pll_m0/pll_inst.
SYN-4027 : Net U3/u2_ram/SDRAM_CLK is clkc2 of pll sys_pll_m0/pll_inst.
SYN-4019 : Net clk_dup_1 is refclk of pll sys_pll_m0/pll_inst.
SYN-4020 : Net clk_dup_1 is fbclk of pll sys_pll_m0/pll_inst.
SYN-4027 : Net u_hdmi_audio_tone_i2s_64fs/I_mclk is clkc2 of pll u_audio_pll/pll_inst.
SYN-4019 : Net clk_dup_1 is refclk of pll u_audio_pll/pll_inst.
SYN-4020 : Net clk_dup_1 is fbclk of pll u_audio_pll/pll_inst.
SYN-4027 : Net u_hdmi2phy_wrapper/u0_lane_lvds_8_1/I_serial_clk is clkc1 of pll video_pll_m0/pll_inst.
SYN-4019 : Net clk_dup_1 is refclk of pll video_pll_m0/pll_inst.
SYN-4020 : Net clk_dup_1 is fbclk of pll video_pll_m0/pll_inst.
SYN-4025 : Tag rtl::Net U3/u2_ram/SDRAM_CLK as clock net
SYN-4025 : Tag rtl::Net U3/u2_ram/u1_init_ref/Sdr_clk as clock net
SYN-4025 : Tag rtl::Net clk_dup_1 as clock net
SYN-4025 : Tag rtl::Net sd_card_bmp_m0/bmp_read_m0/clk as clock net
SYN-4025 : Tag rtl::Net u_I2S_receiver/I_clk as clock net
SYN-4025 : Tag rtl::Net u_audio_pll/clk0_out as clock net
SYN-4025 : Tag rtl::Net u_hdmi2phy_wrapper/u0_lane_lvds_8_1/I_serial_clk as clock net
SYN-4025 : Tag rtl::Net u_hdmi_audio_tone_i2s_64fs/I_mclk as clock net
SYN-4026 : Tagged 8 rtl::Net as clock net
PHY-1001 : Populate physical database on model top.
RUN-1001 : There are total 8446 instances
RUN-0007 : 3442 luts, 4121 seqs, 497 mslices, 257 lslices, 87 pads, 20 brams, 0 dsps
RUN-1001 : There are total 9635 nets
RUN-1001 : 7173 nets have 2 pins
RUN-1001 : 1796 nets have [3 - 5] pins
RUN-1001 : 445 nets have [6 - 10] pins
RUN-1001 : 94 nets have [11 - 20] pins
RUN-1001 : 116 nets have [21 - 99] pins
RUN-1001 : 11 nets have 100+ pins
PHY-1001 : End Stage 1.3 | Initialize Clock; Time: 0.014829s wall, 0.015625s user + 0.000000s system = 0.015625s CPU (105.4%); Memory(MB): used = 164, reserved = 164, peak = 164;

PHY-1001 : End Stage 1 | Initialize Design; Time: 0.059123s wall, 0.062500s user + 0.000000s system = 0.062500s CPU (105.7%); Memory(MB): used = 164, reserved = 164, peak = 164;

PHY-1001 : Stage 2 | Global Placement
RUN-1001 : Report Control nets information:
RUN-1001 : DFF Distribution
RUN-1001 : -------------------------------------
RUN-1001 :   CE   |  SSR  |  ASR  |  DFF Count  
RUN-1001 : -------------------------------------
RUN-1001 :   No   |  No   |  No   |     966     
RUN-1001 :   No   |  No   |  Yes  |    1281     
RUN-1001 :   No   |  Yes  |  No   |     138     
RUN-1001 :   Yes  |  No   |  No   |     33      
RUN-1001 :   Yes  |  No   |  Yes  |    1537     
RUN-1001 :   Yes  |  Yes  |  No   |     166     
RUN-1001 : -------------------------------------
RUN-1001 : Control Group Statistic
RUN-1001 : -----------------------------
RUN-1001 :   #CLK  |  #CE  |  #SSR/ASR  
RUN-1001 : -----------------------------
RUN-1001 :    6    |  111  |     17     
RUN-1001 : -----------------------------
RUN-0007 : Control Set = 134
PHY-1001 : Stage 2.1 | Place Fixed Instances
PHY-1001 : End Stage 2.1 | Place Fixed Instances; Time: 0.041758s wall, 0.046875s user + 0.000000s system = 0.046875s CPU (112.3%); Memory(MB): used = 173, reserved = 168, peak = 173;

PHY-1001 : Stage 2.2 | Pre-Place DRC Check
PHY-1001 : Stage 2.2.1 | Force Route Constraint Check
PHY-1001 : Check Pass.
PHY-1001 : End Stage 2.2.1 | Force Route Constraint Check; Time: 0.000477s wall, 0.000000s user + 0.000000s system = 0.000000s CPU (n/a%); Memory(MB): used = 173, reserved = 169, peak = 173;

PHY-1001 : End Stage 2.2 | Pre-Place DRC Check; Time: 0.000515s wall, 0.000000s user + 0.000000s system = 0.000000s CPU (n/a%); Memory(MB): used = 173, reserved = 169, peak = 173;

PHY-1001 : Stage 2.3 | Global Placement Step 1
PHY-3001 : Target density is 25%
PHY-1001 : Stage 2.3.1 | Update Timing
RUN-1002 : start command "start_timer"
USR-1002 : Derived clock:  create_generated_clock -name {sys_pll_m0/pll_inst.clkc[0]} -source [get_ports {clk}] -master_clock {clk} -multiply_by 2.0000 -duty_cycle 50.0000 [get_pins {sys_pll_m0/pll_inst.clkc[0]}]
USR-1002 : Derived clock:  create_generated_clock -name {sys_pll_m0/pll_inst.clkc[1]} -source [get_ports {clk}] -master_clock {clk} -multiply_by 2.5000 -duty_cycle 50.0000 [get_pins {sys_pll_m0/pll_inst.clkc[1]}]
USR-1002 : Derived clock:  create_generated_clock -name {sys_pll_m0/pll_inst.clkc[2]} -source [get_ports {clk}] -master_clock {clk} -multiply_by 2.5000 -phase 180 -duty_cycle 50.0000 [get_pins {sys_pll_m0/pll_inst.clkc[2]}]
USR-1002 : Derived clock:  create_generated_clock -name {u_audio_pll/pll_inst.clkc[0]} -source [get_ports {clk}] -master_clock {clk} -multiply_by 1.5000 -duty_cycle 50.0000 [get_pins {u_audio_pll/pll_inst.clkc[0]}]
USR-1002 : Derived clock:  create_generated_clock -name {u_audio_pll/pll_inst.clkc[2]} -source [get_ports {clk}] -master_clock {clk} -divide_by 4.0667 -duty_cycle 50.0000 [get_pins {u_audio_pll/pll_inst.clkc[2]}]
USR-1002 : Derived clock:  create_generated_clock -name {video_pll_m0/pll_inst.clkc[0]} -source [get_ports {clk}] -master_clock {clk} -divide_by 2.0000 -duty_cycle 50.0000 [get_pins {video_pll_m0/pll_inst.clkc[0]}]
USR-1002 : Derived clock:  create_generated_clock -name {video_pll_m0/pll_inst.clkc[1]} -source [get_ports {clk}] -master_clock {clk} -multiply_by 2.5000 -duty_cycle 50.0000 [get_pins {video_pll_m0/pll_inst.clkc[1]}]
8.000000
40.000000
10.000000
8.000000
TMR-2502 : Net delay update with mode: Synthesized
PHY-1001 : SWNS: -5663, STNS: -370391, FEP: 165
PHY-1001 : End Stage 2.3.1 | Update Timing; Time: 0.681143s wall, 0.640625s user + 0.031250s system = 0.671875s CPU (98.6%); Memory(MB): used = 264, reserved = 258, peak = 264;

PHY-0007 : Cell area utilization is 25%
RUN-1001 : Huge Net Statistic
RUN-1001 : -------------------------------------------------------
RUN-1001 :   Fanout  |  Slack  |               Net                
RUN-1001 : -------------------------------------------------------
RUN-1001 :    1754   |   Inf   |  sd_card_bmp_m0/bmp_read_m0/rst  
RUN-1001 : -------------------------------------------------------
PHY-3001 : Clustering ...
PHY-3001 : End clustering;  0.031589s wall, 0.031250s user + 0.000000s system = 0.031250s CPU (98.9%)

PHY-3001 : Target density is 25%
PHY-1001 : Stage 2.3.2 | GP Iteration
PHY-1001 : End Stage 2.3.2 | GP Iteration; Time: 0.929384s wall, 3.171875s user + 1.140625s system = 4.312500s CPU (464.0%); Memory(MB): used = 269, reserved = 263, peak = 269;

PHY-3001 : Multithread accelerating rate: 4.50
PHY-3001 : No need to merge 9x9 Dsps.
PHY-1001 : Populate physical database on model top.
PHY-1001 : End Stage 2.3 | Global Placement Step 1; Time: 2.011193s wall, 4.218750s user + 1.187500s system = 5.406250s CPU (268.8%); Memory(MB): used = 270, reserved = 263, peak = 270;

PHY-1001 : Stage 2.4 | RAM/DSP Legalization and Detailed Placement
PHY-1001 : Stage 2.4.1 | Legalization
PHY-3001 : Before Legalized: Len = 225462
PHY-3001 : After Legalized: Len = 227339, Over = 0.1875 with grid_size = 320
PHY-1001 : End Stage 2.4.1 | Legalization; Time: 0.281754s wall, 0.281250s user + 0.000000s system = 0.281250s CPU (99.8%); Memory(MB): used = 270, reserved = 263, peak = 270;

PHY-1001 : End Stage 2.4 | RAM/DSP Legalization and Detailed Placement; Time: 0.282135s wall, 0.281250s user + 0.000000s system = 0.281250s CPU (99.7%); Memory(MB): used = 270, reserved = 263, peak = 270;

PHY-1001 : Stage 2.5 | Global Placement Step 2
PHY-3001 : Target density is 31%
PHY-1001 : Stage 2.5.1 | Update Timing
PHY-1001 : SWNS: -7865, STNS: -334438, FEP: 112
PHY-1001 : End Stage 2.5.1 | Update Timing; Time: 0.023176s wall, 0.031250s user + 0.000000s system = 0.031250s CPU (134.8%); Memory(MB): used = 271, reserved = 265, peak = 271;

PHY-1001 : Stage 2.5.2 | Refresh Congestion
RUN-1001 : Generating global routing grids ...
RUN-1001 : Building simple global routing graph ...
PHY-1001 : Generate routing nets ...
PHY-1001 : Reuse net number 0/3779.
PHY-1001 : Global iterations in 32 thread ...
PHY-1002 : len = 253760, over cnt = 613(1%), over = 2933, worst = 31
PHY-1001 : End global iterations;  0.152572s wall, 0.156250s user + 0.015625s system = 0.171875s CPU (112.7%)

PHY-1001 : Congestion index:
PHY-1001 : top1  = 57.87(S 100.17, N 91.98, E 94.22, W 65.00, I 0.00, O 0.00)
PHY-1001 : top5  = 38.59(S 65.44, N 52.82, E 57.93, W 36.89, I 0.00, O 0.00)
PHY-1001 : top10 = 30.48(S 48.78, N 38.77, E 43.18, W 26.96, I 0.00, O 0.00)
PHY-1001 : top15 = 25.84(S 39.34, N 31.26, E 35.06, W 21.56, I 0.00, O 0.00)
PHY-1001 : End Stage 2.5.2 | Refresh Congestion; Time: 0.211018s wall, 0.218750s user + 0.015625s system = 0.234375s CPU (111.1%); Memory(MB): used = 304, reserved = 297, peak = 304;

PHY-1001 : Stage 2.5.3 | GP Iteration
PHY-1001 : End Stage 2.5.3 | GP Iteration; Time: 4.227315s wall, 11.250000s user + 1.109375s system = 12.359375s CPU (292.4%); Memory(MB): used = 305, reserved = 298, peak = 305;

PHY-3001 : Multithread accelerating rate: 2.92
PHY-3001 : Low accelerating rate: 2.92. This may happen when it is heavy-loaded.
PHY-1001 : End Stage 2.5 | Global Placement Step 2; Time: 5.190618s wall, 12.171875s user + 1.125000s system = 13.296875s CPU (256.2%); Memory(MB): used = 306, reserved = 299, peak = 306;

PHY-1001 : Stage 2.6 | RAM/DSP Detailed Placement
PHY-1001 : End Stage 2.6 | RAM/DSP Detailed Placement; Time: 0.004982s wall, 0.015625s user + 0.000000s system = 0.015625s CPU (313.6%); Memory(MB): used = 306, reserved = 299, peak = 306;

PHY-1001 : Stage 2.7 | Optimize Design
OPT-1001 : Start physical optimization ...
OPT-1001 : Total overflow 151.19 peak overflow 2.50
OPT-1001 : Stage 2.7.1 | Synthesize High-fanout Net
OPT-1001 : Start high-fanout net optimization in pre-pack flow with medium effort ...
OPT-1001 : Update timing in Manhattan mode
OPT-1001 : End timing update;  0.422676s wall, 0.421875s user + 0.015625s system = 0.437500s CPU (103.5%)

OPT-1001 : Start: SWNS -7765 STNS -335038 NUM_FEPS 112
OPT-1001 : Total overflow 151.19 peak overflow 2.50
DBG-001 :  select 9 high fanout candidates
DBG-001 :  crit level 1 net count 4 (fanout thres 50)
DBG-001 :  crit level 2 net count 1 (fanout thres 50)
DBG-001 :  crit level 3 net count 0 (fanout thres 40)
DBG-001 :  crit level 4 net count 0 (fanout thres 30)
DBG-001 :  crit level 5 net count 4 (fanout thres 30)
DBG-001 :  crit level 6 net count 0 (fanout thres 30)
PHY-1001 : Populate physical database on model top.
OPT-1001 : 9 high-fanout net processed.
PHY-3001 : Start incremental placement ...
PHY-1001 : Populate physical database on model top.
PHY-3001 : Target density is 31%
PHY-3001 : Target density is 31%
PHY-1001 : Stage 2.7.1.1 | Update Timing
PHY-1001 : SWNS: -7765, STNS: -335038, FEP: 112
PHY-1001 : End Stage 2.7.1.1 | Update Timing; Time: 0.039182s wall, 0.031250s user + 0.000000s system = 0.031250s CPU (79.8%); Memory(MB): used = 309, reserved = 302, peak = 309;

PHY-1001 : Stage 2.7.1.2 | Refresh Congestion
RUN-1001 : Generating global routing grids ...
PHY-1001 : Generate routing nets ...
PHY-1001 : Reuse net number 75/7854.
PHY-1001 : Global iterations in 32 thread ...
PHY-1002 : len = 350144, over cnt = 1009(2%), over = 2881, worst = 16
PHY-1001 : End global iterations;  0.891883s wall, 1.375000s user + 0.000000s system = 1.375000s CPU (154.2%)

PHY-1001 : Congestion index:
PHY-1001 : top1  = 47.71(S 91.55, N 77.03, E 78.28, W 56.01, I 0.00, O 0.00)
PHY-1001 : top5  = 37.47(S 62.98, N 51.43, E 54.94, W 38.87, I 0.00, O 0.00)
PHY-1001 : top10 = 32.38(S 50.30, N 41.08, E 45.25, W 31.26, I 0.00, O 0.00)
PHY-1001 : top15 = 29.38(S 43.12, N 35.33, E 39.94, W 27.02, I 0.00, O 0.00)
PHY-1001 : End Stage 2.7.1.2 | Refresh Congestion; Time: 1.003880s wall, 1.468750s user + 0.015625s system = 1.484375s CPU (147.9%); Memory(MB): used = 313, reserved = 305, peak = 313;

PHY-1001 : Stage 2.7.1.3 | GP Iteration
PHY-1001 : End Stage 2.7.1.3 | GP Iteration; Time: 2.739408s wall, 4.359375s user + 0.281250s system = 4.640625s CPU (169.4%); Memory(MB): used = 314, reserved = 306, peak = 314;

PHY-3001 : Multithread accelerating rate: 1.69
PHY-3001 : Low accelerating rate: 1.69. This may happen when it is heavy-loaded.
PHY-3001 : Final: Len = 261841, Over = 15.0938
PHY-3001 : End incremental placement;  3.920716s wall, 5.984375s user + 0.312500s system = 6.296875s CPU (160.6%)

OPT-1001 : Total overflow 150.47 peak overflow 2.00
RUN-1001 : HFN opt statistic
RUN-1001 : ------------------------------------------------------
RUN-1001 :   DriverCell type  |  HFN count  |  Duplicated count  
RUN-1001 : ------------------------------------------------------
RUN-1001 :         REG        |      8      |         48         
RUN-1001 :        LUT6        |      0      |         0          
RUN-1001 :        LUT5        |      0      |         0          
RUN-1001 :        LUT4        |      0      |         0          
RUN-1001 :        LUT3        |      0      |         0          
RUN-1001 :        LUT2        |      1      |         2          
RUN-1001 :        TOTAL       |      9      |         50         
RUN-1001 : ------------------------------------------------------
OPT-1001 : End high-fanout net optimization;  4.823851s wall, 6.859375s user + 0.328125s system = 7.187500s CPU (149.0%)

OPT-1001 : Update timing in Manhattan mode
OPT-1001 : End timing update;  0.648257s wall, 0.515625s user + 0.046875s system = 0.562500s CPU (86.8%)

OPT-1001 : Current memory(MB): used = 314, reserved = 307, peak = 314.
OPT-1001 : End Stage 2.7.1 | Synthesize High-fanout Net; Time: 5.534138s wall, 7.437500s user + 0.375000s system = 7.812500s CPU (141.2%); Memory(MB): used = 314, reserved = 307, peak = 314;

OPT-1001 : Stage 2.7.2 | Global Optimization
OPT-1001 : Start global optimization ...
OPT-0007 : Start: SWNS -7815 STNS -334238 NUM_FEPS 112
OPT-1001 : Start congestion update ...
RUN-1001 : Generating global routing grids ...
PHY-1001 : Generate routing nets ...
PHY-1001 : Reuse net number 1166/7670.
PHY-1001 : Global iterations in 32 thread ...
PHY-1002 : len = 307056, over cnt = 749(2%), over = 1421, worst = 10
PHY-1002 : len = 313664, over cnt = 489(1%), over = 799, worst = 6
PHY-1002 : len = 320872, over cnt = 175(0%), over = 264, worst = 5
PHY-1002 : len = 322400, over cnt = 105(0%), over = 147, worst = 4
PHY-1002 : len = 324632, over cnt = 0(0%), over = 0, worst = 0
PHY-1001 : End global iterations;  1.475033s wall, 1.468750s user + 0.046875s system = 1.515625s CPU (102.8%)

PHY-1001 : Congestion index:
PHY-1001 : top1  = 39.16(S 58.71, N 54.57, E 54.91, W 44.74, I 0.00, O 0.00)
PHY-1001 : top5  = 32.24(S 46.26, N 41.35, E 44.71, W 34.06, I 0.00, O 0.00)
PHY-1001 : top10 = 28.64(S 39.72, N 34.53, E 38.56, W 28.66, I 0.00, O 0.00)
PHY-1001 : top15 = 26.31(S 35.33, N 30.40, E 34.56, W 25.34, I 0.00, O 0.00)
OPT-1001 : End congestion update;  1.670210s wall, 1.656250s user + 0.046875s system = 1.703125s CPU (102.0%)

OPT-0007 : Iter 1: improved SWNS -7815 STNS -333338 NUM_FEPS 112 with 32 cells processed and 1400 slack improved
OPT-0007 : Iter 2: improved SWNS -7815 STNS -333338 NUM_FEPS 112 with 2 cells processed and 0 slack improved
OPT-1001 : Overall commit ratio 1.00
OPT-1001 : End global optimization;  1.712115s wall, 1.687500s user + 0.046875s system = 1.734375s CPU (101.3%)

OPT-1001 : Current memory(MB): used = 314, reserved = 307, peak = 314.
OPT-1001 : End Stage 2.7.2 | Global Optimization; Time: 1.900186s wall, 1.875000s user + 0.046875s system = 1.921875s CPU (101.1%); Memory(MB): used = 314, reserved = 307, peak = 314;

OPT-0007 : End flow prepack: SWNS -7815 STNS -333338 NUM_FEPS 112
OPT-1001 : End physical optimization;  7.456159s wall, 9.328125s user + 0.421875s system = 9.750000s CPU (130.8%)

PHY-1001 : End Stage 2.7 | Optimize Design; Time: 7.457926s wall, 9.328125s user + 0.421875s system = 9.750000s CPU (130.7%); Memory(MB): used = 314, reserved = 307, peak = 314;

PHY-1001 : Stage 2.8 | Place Packing
PHY-1001 : Stage 2.8.1 | Packing
SYN-4007 : Packing 0 MUX to BLE ...
SYN-4008 : Packed 0 MUX and 0 SEQ to BLE.
SYN-4007 : Packing 3444 LUT to BLE ...
SYN-4008 : Packed 3444 LUT and 1952 SEQ to BLE.
SYN-4003 : Packing 2217 remaining SEQ's ...
SYN-4005 : Packed 1107 SEQ with LUT/SLICE
SYN-4006 : 521 single LUT's are left
SYN-4006 : 1110 single SEQ's are left
SYN-4011 : Packing model "top" (AL_USER_NORMAL) with 4554/5437 primitive instances ...
PHY-1001 : Populate physical database on model top.
RUN-1001 : There are total 3445 instances
RUN-1001 : 1658 mslices, 1658 lslices, 87 pads, 20 brams, 0 dsps
RUN-1001 : There are total 7899 nets
RUN-1001 : 5397 nets have 2 pins
RUN-1001 : 1791 nets have [3 - 5] pins
RUN-1001 : 439 nets have [6 - 10] pins
RUN-1001 : 126 nets have [11 - 20] pins
RUN-1001 : 140 nets have [21 - 99] pins
RUN-1001 : 6 nets have 100+ pins
PHY-3001 : Target density is 41%
RUN-1002 : start command "start_timer"
8.000000
40.000000
10.000000
8.000000
PHY-1001 : End Stage 2.8.1 | Packing; Time: 1.967286s wall, 1.875000s user + 0.000000s system = 1.875000s CPU (95.3%); Memory(MB): used = 322, reserved = 314, peak = 322;

PHY-1001 : Stage 2.8.2 | Post Pack GP
PHY-3001 : Target density is 40%
PHY-3001 : Cell area utilization is 40%
PHY-3001 : After packing: Len = 263806, Over = 48.75
PHY-3001 : Target density is 40%
PHY-1001 : Stage 2.8.2.1 | Update Timing
PHY-1001 : SWNS: -7815, STNS: -324848, FEP: 111
PHY-1001 : End Stage 2.8.2.1 | Update Timing; Time: 0.036813s wall, 0.031250s user + 0.000000s system = 0.031250s CPU (84.9%); Memory(MB): used = 323, reserved = 315, peak = 323;

PHY-1001 : Stage 2.8.2.2 | Refresh Congestion
RUN-1001 : Generating global routing grids ...
PHY-1001 : Generate routing nets ...
PHY-1001 : Reuse net number 3333/6584.
PHY-1001 : Global iterations in 32 thread ...
PHY-1002 : len = 321312, over cnt = 517(1%), over = 819, worst = 7
PHY-1002 : len = 326336, over cnt = 294(0%), over = 400, worst = 4
PHY-1002 : len = 329864, over cnt = 102(0%), over = 127, worst = 4
PHY-1002 : len = 330768, over cnt = 29(0%), over = 32, worst = 2
PHY-1002 : len = 331024, over cnt = 0(0%), over = 0, worst = 0
PHY-1001 : End global iterations;  0.795318s wall, 0.921875s user + 0.015625s system = 0.937500s CPU (117.9%)

PHY-1001 : Congestion index:
PHY-1001 : top1  = 40.24(S 58.23, N 54.48, E 56.68, W 45.09, I 0.00, O 0.00)
PHY-1001 : top5  = 32.38(S 46.61, N 40.31, E 44.57, W 34.44, I 0.00, O 0.00)
PHY-1001 : top10 = 28.71(S 39.77, N 33.56, E 38.10, W 28.80, I 0.00, O 0.00)
PHY-1001 : top15 = 26.34(S 35.56, N 29.69, E 34.22, W 25.46, I 0.00, O 0.00)
PHY-1001 : End Stage 2.8.2.2 | Refresh Congestion; Time: 0.982231s wall, 1.109375s user + 0.015625s system = 1.125000s CPU (114.5%); Memory(MB): used = 324, reserved = 316, peak = 324;

PHY-1001 : Stage 2.8.2.3 | GP Iteration
PHY-1001 : End Stage 2.8.2.3 | GP Iteration; Time: 3.375858s wall, 5.468750s user + 0.656250s system = 6.125000s CPU (181.4%); Memory(MB): used = 324, reserved = 316, peak = 324;

PHY-3001 : Multithread accelerating rate: 1.82
PHY-3001 : Low accelerating rate: 1.82. This may happen when it is heavy-loaded.
PHY-1001 : End Stage 2.8.2 | Post Pack GP; Time: 4.411586s wall, 6.625000s user + 0.671875s system = 7.296875s CPU (165.4%); Memory(MB): used = 324, reserved = 317, peak = 324;

PHY-1001 : End Stage 2.8 | Place Packing; Time: 6.379156s wall, 8.500000s user + 0.671875s system = 9.171875s CPU (143.8%); Memory(MB): used = 324, reserved = 317, peak = 324;

PHY-1001 : Stage 2.9 | Legalization
PHY-3001 : Before Legalized: Len = 321377
PHY-3001 : After Legalized: Len = 336320, Over = 0 with grid_size = 160
PHY-1001 : End Stage 2.9 | Legalization; Time: 0.014490s wall, 0.000000s user + 0.015625s system = 0.015625s CPU (107.8%); Memory(MB): used = 324, reserved = 317, peak = 324;

PHY-1001 : Stage 2.10 | Global Placement Step 3
PHY-3001 : Target density is 39%
PHY-1001 : Stage 2.10.1 | Update Timing
PHY-1001 : SWNS: -8065, STNS: -311719, FEP: 112
PHY-1001 : End Stage 2.10.1 | Update Timing; Time: 0.580323s wall, 0.484375s user + 0.015625s system = 0.500000s CPU (86.2%); Memory(MB): used = 325, reserved = 317, peak = 325;

PHY-1001 : Stage 2.10.2 | Refresh Congestion
RUN-1001 : Generating global routing grids ...
PHY-1001 : Generate routing nets ...
PHY-1001 : Reuse net number 57/6937.
PHY-1001 : Global iterations in 32 thread ...
PHY-1002 : len = 389688, over cnt = 596(1%), over = 988, worst = 6
PHY-1002 : len = 394160, over cnt = 347(0%), over = 510, worst = 6
PHY-1002 : len = 397336, over cnt = 160(0%), over = 221, worst = 4
PHY-1002 : len = 399840, over cnt = 71(0%), over = 96, worst = 3
PHY-1002 : len = 400872, over cnt = 0(0%), over = 0, worst = 0
PHY-1001 : End global iterations;  1.451565s wall, 1.390625s user + 0.015625s system = 1.406250s CPU (96.9%)

PHY-1001 : Congestion index:
PHY-1001 : top1  = 42.65(S 60.93, N 53.64, E 56.90, W 49.12, I 0.00, O 0.00)
PHY-1001 : top5  = 34.76(S 48.58, N 42.97, E 46.09, W 37.07, I 0.00, O 0.00)
PHY-1001 : top10 = 30.91(S 41.84, N 37.16, E 39.87, W 31.37, I 0.00, O 0.00)
PHY-1001 : top15 = 28.42(S 37.65, N 33.38, E 35.71, W 27.96, I 0.00, O 0.00)
PHY-1001 : End Stage 2.10.2 | Refresh Congestion; Time: 1.613285s wall, 1.546875s user + 0.015625s system = 1.562500s CPU (96.9%); Memory(MB): used = 330, reserved = 323, peak = 330;

PHY-1001 : Stage 2.10.3 | GP Iteration
PHY-1001 : End Stage 2.10.3 | GP Iteration; Time: 0.706125s wall, 1.671875s user + 0.171875s system = 1.843750s CPU (261.1%); Memory(MB): used = 331, reserved = 323, peak = 331;

PHY-3001 : Multithread accelerating rate: 2.76
PHY-3001 : Low accelerating rate: 2.76. This may happen when it is heavy-loaded.
PHY-1001 : End Stage 2.10 | Global Placement Step 3; Time: 2.930489s wall, 3.828125s user + 0.203125s system = 4.031250s CPU (137.6%); Memory(MB): used = 331, reserved = 323, peak = 331;

PHY-1001 : Stage 2.11 | Final Legalization
PHY-3001 : Before Legalized: Len = 299736
PHY-3001 : After Legalized: Len = 304948, Over = 0 with grid_size = 160
PHY-1001 : End Stage 2.11 | Final Legalization; Time: 0.028233s wall, 0.031250s user + 0.000000s system = 0.031250s CPU (110.7%); Memory(MB): used = 331, reserved = 323, peak = 331;

PHY-1001 : End Stage 2 | Global Placement; Time: 24.371444s wall, 38.421875s user + 3.625000s system = 42.046875s CPU (172.5%); Memory(MB): used = 331, reserved = 323, peak = 331;

PHY-1001 : Stage 3 | Detailed Placement
PHY-1001 : Stage 3.1 | SLICE Detailed Placement
PHY-1001 : Stage 3.1.1 | Spreading
PHY-3001 : Spreading special nets. 58 overflows in 2952 tiles.
PHY-3001 : End spreading;  0.018979s wall, 0.015625s user + 0.000000s system = 0.015625s CPU (82.3%)

PHY-1001 : End Stage 3.1.1 | Spreading; Time: 0.019445s wall, 0.015625s user + 0.000000s system = 0.015625s CPU (80.4%); Memory(MB): used = 331, reserved = 323, peak = 331;

PHY-3001 : Final: Len = 305442, Over = 0
PHY-1001 : End Stage 3.1 | SLICE Detailed Placement; Time: 0.523840s wall, 0.484375s user + 0.000000s system = 0.484375s CPU (92.5%); Memory(MB): used = 331, reserved = 323, peak = 331;

PHY-3001 : BANK 5 DIFFRESISTOR:NONE VOD:350M VCM:1.2
PHY-3001 : End Detailed Place; 
PHY-1001 : Stage 3.2 | Optimize Design
OPT-1001 : Start physical optimization ...
OPT-1001 : Total overflow 0.00 peak overflow 0.00
OPT-1001 : Stage 3.2.1 | Physical Optimization
OPT-1001 : Start high-fanout net optimization in optimize equivalent flow with medium effort ...
OPT-1001 : Clean unloaded insts before merging registers
PHY-1001 : Populate physical database on model top.
PHY-1001 : Populate physical database on model top.
OPT-1001 : Total overflow 0.00 peak overflow 0.00
OPT-1001 : End optimize duplicated nets. Total 17 instances are merged and 513 sinks are reconnected,  0.119555s wall, 0.093750s user + 0.000000s system = 0.093750s CPU (78.4%)

OPT-1001 : End high-fanout net optimization;  0.120163s wall, 0.093750s user + 0.000000s system = 0.093750s CPU (78.0%)

OPT-1001 : Update timing in Manhattan mode
RUN-1002 : start command "start_timer"
OPT-1001 : End timing update;  0.873347s wall, 0.828125s user + 0.000000s system = 0.828125s CPU (94.8%)

OPT-1001 : Current memory(MB): used = 332, reserved = 323, peak = 332.
OPT-1001 : End Stage 3.2.1 | Physical Optimization; Time: 1.040190s wall, 0.968750s user + 0.000000s system = 0.968750s CPU (93.1%); Memory(MB): used = 332, reserved = 323, peak = 332;

OPT-1001 : Stage 3.2.2 | Synthesize High-fanout Net
OPT-1001 : Start high-fanout net optimization in post-pack flow with medium effort ...
OPT-1001 : Start: SWNS -8015 STNS -314619 NUM_FEPS 112
OPT-1001 : Total overflow 0.00 peak overflow 0.00
DBG-001 :  select 7 high fanout candidates
DBG-001 :  crit level 1 net count 0 (fanout thres 50)
DBG-001 :  crit level 2 net count 0 (fanout thres 50)
DBG-001 :  crit level 3 net count 0 (fanout thres 40)
DBG-001 :  crit level 4 net count 5 (fanout thres 30)
DBG-001 :  crit level 5 net count 2 (fanout thres 30)
DBG-001 :  crit level 6 net count 0 (fanout thres 30)
PHY-1001 : Populate physical database on model top.
OPT-1001 : 7 high-fanout net processed.
OPT-1001 : Total overflow 0.00 peak overflow 0.00
RUN-1001 : HFN opt statistic
RUN-1001 : ------------------------------------------------------
RUN-1001 :   DriverCell type  |  HFN count  |  Duplicated count  
RUN-1001 : ------------------------------------------------------
RUN-1001 :       LSLICE       |      0      |         0          
RUN-1001 :       MSLICE       |      0      |         0          
RUN-1001 :        OTHER       |      7      |         32         
RUN-1001 :        TOTAL       |      7      |         32         
RUN-1001 : ------------------------------------------------------
OPT-1001 : End high-fanout net optimization;  0.538142s wall, 0.484375s user + 0.000000s system = 0.484375s CPU (90.0%)

OPT-1001 : Current memory(MB): used = 332, reserved = 323, peak = 332.
OPT-1001 : End Stage 3.2.2 | Synthesize High-fanout Net; Time: 0.598976s wall, 0.546875s user + 0.000000s system = 0.546875s CPU (91.3%); Memory(MB): used = 332, reserved = 323, peak = 332;

OPT-1001 : Stage 3.2.3 | Optimize Path
OPT-1001 : Start path based optimization ...
OPT-0007 : Start: SWNS -8015 STNS -314619 NUM_FEPS 112 with mode 0
OPT-1001 : Start congestion update ...
RUN-1001 : Generating global routing grids ...
PHY-1001 : Generate routing nets ...
PHY-1001 : Reuse net number 1285/6889.
PHY-1001 : Global iterations in 32 thread ...
PHY-1002 : len = 364000, over cnt = 603(1%), over = 1019, worst = 6
PHY-1002 : len = 368392, over cnt = 399(1%), over = 605, worst = 5
PHY-1002 : len = 373464, over cnt = 133(0%), over = 205, worst = 5
PHY-1002 : len = 375744, over cnt = 25(0%), over = 30, worst = 3
PHY-1002 : len = 376000, over cnt = 1(0%), over = 1, worst = 1
PHY-1001 : End global iterations;  1.645549s wall, 1.593750s user + 0.015625s system = 1.609375s CPU (97.8%)

PHY-1001 : Congestion index:
PHY-1001 : top1  = 41.73(S 60.52, N 54.61, E 55.22, W 48.32, I 0.00, O 0.00)
PHY-1001 : top5  = 34.50(S 48.92, N 41.74, E 44.58, W 37.69, I 0.00, O 0.00)
PHY-1001 : top10 = 30.52(S 41.75, N 35.32, E 38.36, W 31.87, I 0.00, O 0.00)
PHY-1001 : top15 = 27.82(S 37.23, N 31.53, E 34.48, W 28.12, I 0.00, O 0.00)
OPT-1001 : End congestion update;  1.865983s wall, 1.781250s user + 0.015625s system = 1.796875s CPU (96.3%)

PHY-3001 : Start incremental legalization ...
PHY-1001 : Populate physical database on model top.
PHY-7002 CRITICAL-WARNING: Instance U3/sdram location (12, 12) is not honored. Cell's initial location is not legal at the beginning of ECO placement, and will be moved during placement. Please verify user location constraints through the adc file.
PHY-3001 : Target density is 34%
PHY-3001 : Target density is 40%
PHY-3001 : Initial: Len = 311811, Over = 0
PHY-3001 : End spreading;  0.019012s wall, 0.015625s user + 0.000000s system = 0.015625s CPU (82.2%)

PHY-3001 : Final: Len = 311811, Over = 0
PHY-3001 : End incremental legalization;  0.166649s wall, 0.250000s user + 0.000000s system = 0.250000s CPU (150.0%)

OPT-0007 : Iter 1: improved SWNS -8015 STNS -314619 NUM_FEPS 112 with 36(1526) cells and 767(767) paths processed with 7022 slack improved, crit_thod: 2172 ratio: 1.00(36/36) rt: 0.6s
OPT-0007 : Iter 2: improved SWNS -8015 STNS -314619 NUM_FEPS 112 with 0(0) cells and 0(0) paths processed with 0 slack improved, crit_thod: 2426 ratio: -1.00(0/0) rt: 0.0s
OPT-1001 : End path based optimization;  2.467957s wall, 2.437500s user + 0.031250s system = 2.468750s CPU (100.0%)

OPT-1001 : Update timing in Manhattan mode
OPT-1001 : End timing update;  0.559099s wall, 0.515625s user + 0.015625s system = 0.531250s CPU (95.0%)

OPT-1001 : Current memory(MB): used = 335, reserved = 327, peak = 335.
OPT-1001 : End Stage 3.2.3 | Optimize Path; Time: 3.083021s wall, 3.015625s user + 0.046875s system = 3.062500s CPU (99.3%); Memory(MB): used = 335, reserved = 327, peak = 335;

OPT-1001 : Stage 3.2.4 | Optimize Duplicated Nets
OPT-1001 : Start: WNS -6843 TNS -297636 NUM_FEPS 108
OPT-1001 : Clean unloaded insts before merging registers
PHY-1001 : Populate physical database on model top.
PHY-1001 : Populate physical database on model top.
OPT-1001 : Total overflow 0.00 peak overflow 0.00
OPT-1001 : End optimize duplicated nets. Total 4 instances are merged and 171 sinks are reconnected,  0.218135s wall, 0.203125s user + 0.015625s system = 0.218750s CPU (100.3%)

OPT-1001 : Update timing in Manhattan mode
RUN-1002 : start command "start_timer"
OPT-1001 : End timing update;  1.171492s wall, 1.093750s user + 0.015625s system = 1.109375s CPU (94.7%)

OPT-1001 : Current memory(MB): used = 336, reserved = 327, peak = 336.
OPT-1001 : End Stage 3.2.4 | Optimize Duplicated Nets; Time: 1.458988s wall, 1.343750s user + 0.046875s system = 1.390625s CPU (95.3%); Memory(MB): used = 336, reserved = 327, peak = 336;

OPT-1001 : Stage 3.2.5 | Swap Pins
OPT-1001 : Start pin optimization...
OPT-1001 : skip pin optimization...
OPT-1001 : Current memory(MB): used = 336, reserved = 327, peak = 336.
OPT-1001 : End Stage 3.2.5 | Swap Pins; Time: 0.052718s wall, 0.062500s user + 0.000000s system = 0.062500s CPU (118.6%); Memory(MB): used = 336, reserved = 327, peak = 336;

OPT-0007 : End flow postpack: SWNS -6843 STNS -297636 NUM_FEPS 108
RUN-1001 : Generating global routing grids ...
PHY-1001 : Generate routing nets ...
PHY-1001 : Reuse net number 6760/6887.
PHY-1001 : Global iterations in 32 thread ...
PHY-1002 : len = 377936, over cnt = 61(0%), over = 68, worst = 3
PHY-1002 : len = 378104, over cnt = 35(0%), over = 38, worst = 2
PHY-1002 : len = 378464, over cnt = 6(0%), over = 6, worst = 1
PHY-1002 : len = 378536, over cnt = 0(0%), over = 0, worst = 0
PHY-1001 : End global iterations;  0.228827s wall, 0.187500s user + 0.015625s system = 0.203125s CPU (88.8%)

PHY-1001 : Congestion index:
PHY-1001 : top1  = 41.79(S 59.48, N 54.78, E 55.30, W 48.62, I 0.00, O 0.00)
PHY-1001 : top5  = 34.63(S 48.07, N 41.91, E 44.19, W 38.29, I 0.00, O 0.00)
PHY-1001 : top10 = 30.62(S 41.19, N 35.40, E 38.07, W 32.35, I 0.00, O 0.00)
PHY-1001 : top15 = 27.90(S 36.91, N 31.62, E 34.24, W 28.61, I 0.00, O 0.00)
RUN-1001 : QoR Analysis:
OPT-0007 :   SWNS -6843 STNS -297636 NUM_FEPS 108
RUN-1001 :   No local congestion issue, and most congested 1% tile average routing util is 41.344828
RUN-1001 :   Top critical paths
RUN-1001 :       #1 path slack -6843ps with logic level 2 
RUN-1001 :       #2 path slack -6843ps with logic level 2 
RUN-1001 :       #3 path slack -6815ps with logic level 2 
RUN-1001 :       #4 path slack -6815ps with logic level 2 
RUN-1001 :       #5 path slack -6765ps with logic level 2 
RUN-1001 :       #6 path slack -6765ps with logic level 2 
RUN-1001 :       #7 path slack -6743ps with logic level 2 
RUN-1001 :       #8 path slack -6743ps with logic level 2 
RUN-1001 :   0 HFN exist on timing critical paths out of 7903 nets
RUN-1001 :   0 long nets exist on timing critical paths out of 7903 nets
OPT-1001 : End physical optimization;  6.756060s wall, 6.375000s user + 0.125000s system = 6.500000s CPU (96.2%)

PHY-1001 : End Stage 3.2 | Optimize Design; Time: 6.756587s wall, 6.390625s user + 0.125000s system = 6.515625s CPU (96.4%); Memory(MB): used = 336, reserved = 327, peak = 336;

PHY-1001 : End Stage 3 | Detailed Placement; Time: 7.289236s wall, 6.875000s user + 0.125000s system = 7.000000s CPU (96.0%); Memory(MB): used = 336, reserved = 327, peak = 336;

PHY-1001 : Stage 4 | Optimize Design
PHY-3001 : Start incremental legalization ...
PHY-1001 : Populate physical database on model top.
PHY-7002 CRITICAL-WARNING: Instance U3/sdram location (164, 288) is not honored. Cell's initial location is not legal at the beginning of ECO placement, and will be moved during placement. Please verify user location constraints through the adc file.
PHY-3001 : Target density is 34%
PHY-3001 : Target density is 40%
PHY-3001 : Initial: Len = 310638, Over = 0
PHY-1001 : Stage 4.1 | Spreading
PHY-3001 : End spreading;  0.033206s wall, 0.031250s user + 0.000000s system = 0.031250s CPU (94.1%)

PHY-1001 : End Stage 4.1 | Spreading; Time: 0.033426s wall, 0.031250s user + 0.000000s system = 0.031250s CPU (93.5%); Memory(MB): used = 336, reserved = 327, peak = 336;

PHY-3001 : Final: Len = 310638, Over = 0
PHY-3001 : End incremental legalization;  0.184734s wall, 0.140625s user + 0.015625s system = 0.156250s CPU (84.6%)

RUN-1002 : start command "report_qor -step place -file place.qor"
RUN-1002 : start command "start_timer"
TMR-2502 : Net delay update with mode: Placed
RUN-1001 : Generating global routing grids ...
-----------------------------------------------------------
| QoR metrics               |         value               |
-----------------------------------------------------------
| Timing                    |                             |
|     Setup WNS             |        -6843                |
|     Setup TNS             |      -297636                |
|     Num of violated S-EP  |          108                |
|     FMAX                  |    67.372MHz                |
|     SWNS path clock period |       8000ps                |
|     Hold WNS              |          -11                |
|     Hold TNS              |         -143                |
|     Num of violated H-EP  |           13                |
-----------------------------------------------------------
| Routing Resource          |                             |
|     Wire length           |       309205                |
-----------------------------------------------------------
| Utilization               |                             |
|     #slices               |         3336                |
|     slices percentage     |       34.04%                |
|     #RAMs                 |           20                |
|     #DSPs                 |            0                |
|     #DRAMHARDCON          |            0                |
-----------------------------------------------------------
| Congestion                |                             |
|     Top 1% tile util      |           38                |
|     Top 1% tile avg util  |       41.34%                |
|     Over 100% util #tile  |            0                |
-----------------------------------------------------------
Report place stage QoR done.

RUN-1003 : finish command "report_qor -step place -file place.qor" in  1.423385s wall, 1.546875s user + 0.000000s system = 1.546875s CPU (108.7%)

RUN-1004 : used memory is 336 MB, reserved memory is 327 MB, peak memory is 336 MB
PHY-1001 : End Stage 4 | Optimize Design; Time: 1.615411s wall, 1.718750s user + 0.015625s system = 1.734375s CPU (107.4%); Memory(MB): used = 336, reserved = 327, peak = 336;

PHY-1001 : Stage 5 | DRC Check
PHY-1001 : Stage 5.1 | Force Route Constraint Check
PHY-1001 : Check Pass.
PHY-1001 : End Stage 5.1 | Force Route Constraint Check; Time: 0.002263s wall, 0.015625s user + 0.000000s system = 0.015625s CPU (690.4%); Memory(MB): used = 336, reserved = 327, peak = 336;

PHY-1001 : Stage 5.2 | Duplicated SelfDriven Check
PHY-1001 : Check pass.
PHY-1001 : End Stage 5.2 | Duplicated SelfDriven Check; Time: 0.021520s wall, 0.015625s user + 0.000000s system = 0.015625s CPU (72.6%); Memory(MB): used = 336, reserved = 327, peak = 336;

PHY-1001 : Stage 5.3 | Clock Rule Check
PHY-1001 : End Stage 5.3 | Clock Rule Check; Time: 0.000583s wall, 0.000000s user + 0.000000s system = 0.000000s CPU (n/a%); Memory(MB): used = 336, reserved = 327, peak = 336;

PHY-1001 : End Stage 5 | DRC Check; Time: 0.050503s wall, 0.046875s user + 0.000000s system = 0.046875s CPU (92.8%); Memory(MB): used = 336, reserved = 327, peak = 336;

OPT-1001 : QoR tracer report on placement steps:
    SWNS [   incr ]     STNS [    incr ]    FEPS [   incr ]    CRIT [   incr ]      CELL [     incr ]        WL [     incr ]    CONG [   incr ]    PDES [   incr ]   RT(s) [   incr ]   MEM(mb) [     incr ]
       0 [      0 ]        0 [       0 ]       0 [      0 ]       0 [      0 ]      8446 [        0 ]         0 [        0 ]    0.00 [   0.00 ]       0 [      0 ]       0 [      0 ]       164 [        0 ] : preplace:simplify_lut
       0 [      0 ]        0 [       0 ]       0 [      0 ]       0 [      0 ]      8446 [        0 ]         0 [        0 ]    0.00 [   0.00 ]       0 [      0 ]       0 [      0 ]       164 [        0 ] : preplace:sweep
       0 [      0 ]        0 [       0 ]       0 [      0 ]       0 [      0 ]      8446 [        0 ]         0 [        0 ]    0.00 [   0.00 ]       0 [      0 ]       0 [      0 ]       164 [        0 ] : preplace:hfn_opt
   -7865 [  -7865 ]  -334438 [ -334438 ]     112 [    112 ]    2977 [   2977 ]      8446 [        0 ]    223755 [   223755 ]    0.00 [   0.00 ]       0 [      0 ]       2 [      2 ]       270 [      106 ] : step1_gp
   -7865 [      0 ]  -334438 [       0 ]     112 [      0 ]    2984 [      7 ]      8446 [        0 ]    225574 [     1819 ]    0.00 [   0.00 ]       0 [      0 ]       2 [      0 ]       270 [        0 ] : step1_legal
   -7765 [    100 ]  -335038 [    -600 ]     112 [      0 ]    2799 [   -185 ]      8446 [        0 ]    293629 [    68055 ]   57.38 [  57.38 ]       0 [      0 ]       7 [      5 ]       306 [       36 ] : step2_gp
   -7815 [    -50 ]  -334238 [     800 ]     112 [      0 ]    3303 [    504 ]      8496 [       50 ]    259931 [   -33698 ]   47.31 [ -10.07 ]       0 [      0 ]      13 [      6 ]       314 [        8 ] : prepack:hfn_opt
   -7815 [      0 ]  -333338 [     900 ]     112 [      0 ]    3318 [     15 ]      8496 [        0 ]    260347 [      416 ]   38.66 [  -8.66 ]       0 [      0 ]      15 [      2 ]       314 [        0 ] : prepack:global_opt
   -7815 [      0 ]  -324848 [    8490 ]     111 [     -1 ]    3355 [     37 ]      3445 [    -5051 ]    262373 [     2026 ]   38.66 [   0.00 ]       0 [      0 ]      17 [      2 ]       322 [        8 ] : pack
   -8015 [   -200 ]  -314619 [   10229 ]     112 [      1 ]    3305 [    -50 ]      3445 [        0 ]    303515 [    41142 ]   42.28 [   3.62 ]       0 [      0 ]      24 [      7 ]       331 [        9 ] : post_pack_place
   -8015 [      0 ]  -314619 [       0 ]     112 [      0 ]    3305 [      0 ]      3445 [        0 ]    304009 [      494 ]   42.28 [   0.00 ]       0 [      0 ]      25 [      1 ]       331 [        0 ] : post_pack_spreading
   -8015 [      0 ]  -314619 [       0 ]     112 [      0 ]    3305 [      0 ]      3438 [       -7 ]    302371 [    -1638 ]   42.28 [   0.00 ]       0 [      0 ]      26 [      1 ]       332 [        1 ] : postpack:optimize_equivalent_quick
   -8015 [      0 ]  -314619 [       0 ]     112 [      0 ]    3321 [     16 ]      3470 [       32 ]    307465 [     5094 ]   42.28 [   0.00 ]       0 [      0 ]      27 [      1 ]       332 [        0 ] : postpack:hfn_opt
   -6843 [   1172 ]  -297636 [   16983 ]     108 [     -4 ]    3347 [     26 ]      3470 [        0 ]    310377 [     2912 ]   41.31 [  -0.97 ]       0 [      0 ]      30 [      3 ]       335 [        3 ] : postpack:path_opt
   -6843 [      0 ]  -297636 [       0 ]     108 [      0 ]    3347 [      0 ]      3466 [       -4 ]    309205 [    -1172 ]   41.31 [   0.00 ]       0 [      0 ]      31 [      1 ]       336 [        1 ] : postpack:optimize_equivalent
   -6843 [      0 ]  -297636 [       0 ]     108 [      0 ]    3347 [      0 ]      3466 [        0 ]    309205 [        0 ]   41.31 [   0.00 ]       0 [      0 ]      31 [      0 ]       336 [        0 ] : postpack:pin_opt

RUN-1003 : finish command "place" in  33.935730s wall, 47.625000s user + 3.765625s system = 51.390625s CPU (151.4%)

RUN-1004 : used memory is 336 MB, reserved memory is 327 MB, peak memory is 336 MB
RUN-1002 : start command "update_timing -mode manhattan"
RUN-1002 : start command "start_timer"
RUN-1003 : finish command "update_timing -mode manhattan" in  1.270456s wall, 1.218750s user + 0.000000s system = 1.218750s CPU (95.9%)

RUN-1004 : used memory is 336 MB, reserved memory is 327 MB, peak memory is 336 MB
RUN-1002 : start command "report_timing_status -file HDMI1.4b_Transmitter_v1.0_place.ts"
RUN-1002 : start command "report_timing_summary -file HDMI1.4b_Transmitter_v1.0_place.timing"
RUN-1002 : start command "report_area -io_info -file HDMI1.4b_Transmitter_v1.0_phy.area"
RUN-1001 : standard
***Report Model: top Device: EG4S20BG256***

IO Statistics
#IO                        28   out of    188   14.89%
  #input                    5
  #output                  22
  #inout                    1

Utilization Statistics
#lut                     5067   out of  19600   25.85%
#reg                     4228   out of  19600   21.57%
#le                      6170
  #lut only              1942   out of   6170   31.47%
  #reg only              1103   out of   6170   17.88%
  #lut&reg               3125   out of   6170   50.65%
#bram                      20   out of     64   31.25%
  #bram9k                  20
  #fifo9k                   0
#bram32k                    0   out of     16    0.00%
#dsp                        0   out of     29    0.00%
#pad                       32   out of    188   17.02%
  #ireg                     2
  #oreg                    21
  #treg                     1
#pll                        3   out of      4   75.00%
#gclk                       3   out of     16   18.75%

RUN-1002 : start command "flow_status -file place_flow.status"
Location         : D:\Nizhenghang\Project\2026Anlu1\src\td_project\HDMI1.4b_Transmitter_v1.0_Runs\phy_1
Running with     : Tang Dynasty v6.2.178840
                   Copyright (c) 2012-2025 Anlogic Inc.
Top Model        : top
Device           : EG4S20BG256
Speed            : NA

Timing Mode      : manhattan
Setup            : WNS -6843ps  TNS  -297636ps  NUM_FEPS   108
Hold             : WNS   -11ps  TNS     -143ps  NUM_FEPS    13

Flow Statistics  :
RUN-1001 : Flow Statistics:
RUN-1001 : --------------------------------------------------------------------------------------------------
RUN-1001 :      command     |  #calls  |  wall time  |  cpu time(s)  |  used memory(mb)  |  peak memory(mb)  
RUN-1001 : --------------------------------------------------------------------------------------------------
RUN-1001 :       place      |    1     |  33s(100%)  |   50(100%)    |        336        |        336        
RUN-1001 :     import_db    |    1     |   0s(0%)    |     0(0%)     |        163        |        163        
RUN-1001 :   import_device  |    1     |   0s(0%)    |     0(0%)     |        83         |        83         
RUN-1001 : --------------------------------------------------------------------------------------------------
RUN-1001 :       total      |    3     |     33s     |      50       |        336        |        336        
RUN-1001 : --------------------------------------------------------------------------------------------------
RUN-1002 : start command "report_clock_utilization -file place_clock_utilization.txt"
RUN-1001 : Device not support command report_clock_utilization.
RUN-1002 : start command "export_db HDMI1.4b_Transmitter_v1.0_place.db"
RUN-1001 : Exported flow parameters
RUN-1001 : Exported /
RUN-1001 : Exported libs
RUN-1001 : Exported entities
RUN-1001 : Exported ports
RUN-1001 : Exported pins
RUN-1001 : Exported instances
RUN-1001 : Exported nets
RUN-1001 : Exported buses
RUN-1001 : Exported models
RUN-1001 : Exported phy database
RUN-1001 : Exported packer
RUN-1001 : Exported congestions
RUN-1001 : Exported violations
RUN-1001 : Exported ATMR Setting
RUN-1001 : Exported timing constraints
RUN-1001 : Exported IO constraints
RUN-1001 : Exported Inst constraints
RUN-1001 : Exported ChipWatcher
RUN-1002 : start command "commit_param -step route"
RUN-1001 : Print Global Property
RUN-1001 : --------------------------------------------------------
RUN-1001 :   Parameters   |  Settings  |  Default Values  |  Note  
RUN-1001 : --------------------------------------------------------
RUN-1001 :   enable_seed  |    off     |       off        |        
RUN-1001 :     message    |  standard  |     standard     |        
RUN-1001 :   qor_monitor  |     on     |        on        |        
RUN-1001 :   syn_ip_flow  |    off     |       off        |        
RUN-1001 :     thread     |    auto    |       auto       |        
RUN-1001 : --------------------------------------------------------
RUN-1001 : Print Route Property
RUN-1001 : -------------------------------------------------------
RUN-1001 :   Parameters  |  Settings  |  Default Values  |  Note  
RUN-1001 : -------------------------------------------------------
RUN-1001 :     effort    |   normal   |      normal      |        
RUN-1001 :    fix_hold   |     on     |        on        |        
RUN-1001 :     timing    |     on     |        on        |        
RUN-1001 : -------------------------------------------------------
RUN-1002 : start command "route"
RUN-1001 : Open license file D:/Download/TD/license/Anlogic.lic
PHY-1001 : Route runs in 32 thread(s)
RUN-1001 : There are total 3466 instances
RUN-1001 : 1660 mslices, 1676 lslices, 87 pads, 20 brams, 0 dsps
RUN-1001 : There are total 7903 nets
RUN-1001 : 5397 nets have 2 pins
RUN-1001 : 1782 nets have [3 - 5] pins
RUN-1001 : 449 nets have [6 - 10] pins
RUN-1001 : 137 nets have [11 - 20] pins
RUN-1001 : 132 nets have [21 - 99] pins
RUN-1001 : 6 nets have 100+ pins
RUN-1002 : start command "start_timer"
PHY-1001 : 1660 mslices, 1676 lslices, 87 pads, 20 brams, 0 dsps

PHY-1001 : Stage 1 | Global Routing
PHY-1001 : Start global routing, caller is route ...
RUN-1001 : Generating global routing grids ...
PHY-1001 : Generate routing nets ...
RUN-1001 : Generate nets statistics:
RUN-1001 : ----------------------------
RUN-1001 :        Type       |  Nets   
RUN-1001 : ----------------------------
RUN-1001 :   TotalRouteNets  |  7175   
RUN-1001 :   DontRouteNets   |   583   
RUN-1001 :     RouteNets     |  6592   
RUN-1001 :     RouteSinks    |  14591  
RUN-1001 : ----------------------------
PHY-1001 : Global iterations in 32 thread ...
PHY-1002 : len = 362128, over cnt = 631(1%), over = 1069, worst = 7
PHY-1002 : len = 367584, over cnt = 366(1%), over = 528, worst = 6
PHY-1002 : len = 371264, over cnt = 159(0%), over = 207, worst = 5
PHY-1002 : len = 373792, over cnt = 33(0%), over = 46, worst = 3
PHY-1002 : len = 374256, over cnt = 0(0%), over = 0, worst = 0
PHY-1001 : End global iterations;  2.183066s wall, 2.250000s user + 0.062500s system = 2.312500s CPU (105.9%)

PHY-1001 : Congestion index:
PHY-1001 : top1  = 41.82(S 57.97, N 54.96, E 55.17, W 48.60, I 0.00, O 0.00)
PHY-1001 : top5  = 34.39(S 47.10, N 41.89, E 44.35, W 38.29, I 0.00, O 0.00)
PHY-1001 : top10 = 30.35(S 40.60, N 35.47, E 38.08, W 32.08, I 0.00, O 0.00)
PHY-1001 : top15 = 27.66(S 36.46, N 31.63, E 34.06, W 28.32, I 0.00, O 0.00)
PHY-1001 : End global routing;  2.452176s wall, 2.515625s user + 0.062500s system = 2.578125s CPU (105.1%)

PHY-1001 : End Stage 1 | Global Routing; Time: 2.452326s wall, 2.515625s user + 0.062500s system = 2.578125s CPU (105.1%); Memory(MB): used = 353, reserved = 456, peak = 353;

PHY-1001 : Stage 2 | Detail Routing
PHY-1001 : Stage 2.1 | Build Routing Design
PHY-1001 : Routing in high effort: false
PHY-1001 : Routing Mode: normal
PHY-1001 : Generate detailed routing grids ...
PHY-1001 : End build routing graph; 5.618152s wall, 5.281250s user + 0.078125s system = 5.359375s CPU (95.4%)

PHY-1001 : Generate nets ...
PHY-1001 : net clk_dup_1 will be routed on clock mesh
PHY-1001 : net U3/u2_ram/SDRAM_CLK will be routed on clock mesh
PHY-1001 : net U3/u2_ram/u1_init_ref/Sdr_clk will be routed on clock mesh
PHY-1001 : net u_hdmi_audio_tone_i2s_64fs/I_mclk will be routed on clock mesh
PHY-1001 : clock net sd_card_bmp_m0/bmp_read_m0/clk will be merged with clock sys_pll_m0/clk0_buf
PHY-1001 : clock net u_I2S_receiver/I_clk will be merged with clock video_pll_m0/clk0_buf
PHY-1001 : clock net u_audio_pll/clk0_out will be merged with clock u_audio_pll/clk0_buf
PHY-1001 : net u_hdmi2phy_wrapper/u0_lane_lvds_8_1/I_serial_clk will be routed on clock mesh
RUN-1001 : Generate nets statistics:
RUN-1001 : ------------------------------
RUN-1001 :         Type        |  Nets   
RUN-1001 : ------------------------------
RUN-1001 :        Route        |  7175   
RUN-1001 :      DontRoute      |   728   
RUN-1001 :      RouteSinks     |  22182  
RUN-1001 :   RouteEntitySinks  |    0    
RUN-1001 :       Lut2Dff       |    0    
RUN-1001 :       Ram2Dff       |    0    
RUN-1001 :      Carry2Dff      |    0    
RUN-1001 : ------------------------------
RUN-1001 : DR clock net summary:
RUN-1001 : -------------------------------------------------------------------------------
RUN-1001 :   Net Idx  |                      Net Name                      |  Clock Type  
RUN-1001 : -------------------------------------------------------------------------------
RUN-1001 :      1     |                U3/u2_ram/SDRAM_CLK                 |    Normal    
RUN-1001 :      2     |           U3/u2_ram/u1_init_ref/Sdr_clk            |    Normal    
RUN-1001 :      3     |                     clk_dup_1                      |    Normal    
RUN-1001 :      4     |           sd_card_bmp_m0/bmp_read_m0/clk           |    Normal    
RUN-1001 :      5     |                u_I2S_receiver/I_clk                |    Normal    
RUN-1001 :      6     |                u_audio_pll/clk0_out                |    Normal    
RUN-1001 :      7     |  u_hdmi2phy_wrapper/u0_lane_lvds_8_1/I_serial_clk  |    Normal    
RUN-1001 :      8     |         u_hdmi_audio_tone_i2s_64fs/I_mclk          |    Normal    
RUN-1001 : -------------------------------------------------------------------------------
RUN-1001 : DR clock buffer summary:
RUN-1001 : ----------------
RUN-1001 :   Idx  |  Name  
RUN-1001 : ----------------
RUN-1001 : ----------------
PHY-1001 : End Stage 2.1 | Build Routing Design; Time: 5.912039s wall, 5.578125s user + 0.078125s system = 5.656250s CPU (95.7%); Memory(MB): used = 624, reserved = 615, peak = 624;

RUN-1001 : Top Percentage Crit. Net Stat.
RUN-1001 : -------------------------------------------------------
RUN-1001 :   Top %  |  Net Count  |  Avg. Fanout  |  Avg. Slack   
RUN-1001 : -------------------------------------------------------
RUN-1001 :     1    |     79      |   3.126582    |  1584.544304  
RUN-1001 :     2    |     158     |   2.772152    |  2082.183544  
RUN-1001 :     3    |     237     |   2.848101    |  2329.561181  
RUN-1001 :     4    |     316     |   3.297468    |  2505.481013  
RUN-1001 :     5    |     395     |   3.255696    |  2653.149367  
RUN-1001 :     6    |     474     |   3.563291    |  2786.818565  
RUN-1001 :     7    |     553     |   3.396022    |  2903.415913  
RUN-1001 :     8    |     632     |   3.311709    |  3012.009494  
RUN-1001 :     9    |     711     |   3.192686    |  3112.727145  
RUN-1001 :    10    |     790     |   3.201266    |  3203.582278  
RUN-1001 : -------------------------------------------------------
PHY-1001 : Stage 2.2 | Clock Nets Routing
PHY-1001 : Routed 0% nets.
PHY-1001 : len = 158192, over cnt = 0(0%), over = 0, worst = 0, crit = 0
PHY-1001 : End Stage 2.2 | Clock Nets Routing; Time: 4.965919s wall, 4.687500s user + 0.109375s system = 4.796875s CPU (96.6%); Memory(MB): used = 661, reserved = 657, peak = 661;

PHY-1001 : Stage 2.3 | Routing Initialization
PHY-1001 : Mark 1% net(place mode slack < 2426ps) as critical nets.
PHY-1001 : Stage 2.3.1 | Normal Nets Routing
PHY-1001 : Routed 90% nets.
PHY-1001 : len = 658768, over cnt = 463(0%), over = 466, worst = 2, crit = 0
PHY-1001 : End Stage 2.3.1 | Normal Nets Routing; Time: 12.540190s wall, 24.000000s user + 0.484375s system = 24.484375s CPU (195.2%); Memory(MB): used = 666, reserved = 661, peak = 666;

PHY-1001 : Stage 2.3.2 | Update Timing
RUN-1002 : start command "start_timer"
8.000000
40.000000
10.000000
8.000000
PHY-1001 : 273/7175(3%) critical/total net(s).
PHY-1001 : Setup: WNS(ns) = -6.301, TNS(ns) = -349.493, FEP = 131 | Hold: WNS(ns) = -1.309, TNS(ns) = -1.347, FEP = 5.
PHY-1001 : End Stage 2.3.2 | Update Timing; Time: 1.658787s wall, 1.421875s user + 0.062500s system = 1.484375s CPU (89.5%); Memory(MB): used = 670, reserved = 665, peak = 670;

PHY-1001 : End Stage 2.3 | Routing Initialization; Time: 14.233270s wall, 25.453125s user + 0.546875s system = 26.000000s CPU (182.7%); Memory(MB): used = 670, reserved = 665, peak = 670;

PHY-1001 : Stage 2.4 | Routing Optimization
PHY-1001 : Build lut bridge;  0.215172s wall, 0.187500s user + 0.015625s system = 0.203125s CPU (94.4%)

PHY-1001 : Stage 2.4.1 | Phase 1
PHY-1001 : Stage 2.4.1.1 | Setup TimeOptimization
PHY-1001 : Start to optimize setup violation with net base ...
PHY-1001 : Iter 1; Processed 76 pins with SWNS -6.301ns STNS -334.502ns FEP 98 took 1.9923 seconds.
PHY-1001 : len = 659696, over cnt = 507(0%), over = 510, worst = 2, crit = 0
PHY-1001 : End Stage 2.4.1.1 | Setup TimeOptimization; Time: 2.054771s wall, 1.859375s user + 0.031250s system = 1.890625s CPU (92.0%); Memory(MB): used = 673, reserved = 668, peak = 673;

PHY-1001 : Stage 2.4.1.2 | Rip-up And ReRoute
PHY-1001 : Iter 1: len = 660968, over cnt = 124(0%), over = 124, worst = 1, crit = 0, time(s) = 0.93
PHY-1001 : Iter 2: len = 661088, over cnt = 64(0%), over = 64, worst = 1, crit = 0, time(s) = 0.27
PHY-1001 : Iter 3: len = 661072, over cnt = 62(0%), over = 62, worst = 1, crit = 0, time(s) = 0.12
PHY-1001 : Iter 4: len = 661648, over cnt = 15(0%), over = 15, worst = 1, crit = 0, time(s) = 0.14
PHY-1001 : Iter 5: len = 661736, over cnt = 7(0%), over = 7, worst = 1, crit = 0, time(s) = 0.07
PHY-1001 : Iter 6: len = 661760, over cnt = 6(0%), over = 6, worst = 1, crit = 0, time(s) = 0.06
PHY-1001 : Iter 7: len = 661760, over cnt = 6(0%), over = 6, worst = 1, crit = 0, time(s) = 0.05
PHY-1001 : Iter 8: len = 661872, over cnt = 0(0%), over = 0, worst = 0, crit = 0, time(s) = 0.03
PHY-1001 : End Stage 2.4.1.2 | Rip-up And ReRoute; Time: 1.697512s wall, 2.468750s user + 0.078125s system = 2.546875s CPU (150.0%); Memory(MB): used = 674, reserved = 669, peak = 674;

PHY-1001 : Stage 2.4.1.3 | Update Timing
RUN-1002 : start command "start_timer"
PHY-1001 : 174/7175(2%) critical/total net(s).
PHY-1001 : Setup: WNS(ns) = -6.301, TNS(ns) = -361.880, FEP = 142 | Hold: WNS(ns) = -1.309, TNS(ns) = -1.347, FEP = 5.
PHY-1001 : End Stage 2.4.1.3 | Update Timing; Time: 1.548872s wall, 1.453125s user + 0.000000s system = 1.453125s CPU (93.8%); Memory(MB): used = 674, reserved = 669, peak = 674;

PHY-1001 : Stage 2.4.1.4 | Commit Data
PHY-1001 : Commit better result to database ...
PHY-1001 : 117 feed throughs used by 95 nets
PHY-1001 : End Stage 2.4.1.4 | Commit Data; Time: 1.065576s wall, 0.984375s user + 0.015625s system = 1.000000s CPU (93.8%); Memory(MB): used = 698, reserved = 693, peak = 698;

PHY-1001 : End Stage 2.4.1 | Phase 1; Time: 6.458188s wall, 6.875000s user + 0.125000s system = 7.000000s CPU (108.4%); Memory(MB): used = 698, reserved = 693, peak = 698;

PHY-1001 : Stage 2.4.2 | Phase 2
PHY-1001 : Stage 2.4.2.1 | Setup TimeOptimization
PHY-1001 : Start to optimize setup violation with net base ...
PHY-1001 : Iter 1; Processed 36 pins with SWNS -6.301ns STNS -334.512ns FEP 99 took 0.923501 seconds.
PHY-1001 : len = 662528, over cnt = 18(0%), over = 18, worst = 1, crit = 0
PHY-1001 : End Stage 2.4.2.1 | Setup TimeOptimization; Time: 0.995645s wall, 1.031250s user + 0.000000s system = 1.031250s CPU (103.6%); Memory(MB): used = 699, reserved = 693, peak = 699;

PHY-1001 : Stage 2.4.2.2 | Rip-up And ReRoute
PHY-0007 : Congestion: {43.87, 37.94, 34.37, 32.10}; Timing: {-6.301ns, -334.512ns, 99}
PHY-1001 : Iter 1: len = 662328, over cnt = 1(0%), over = 1, worst = 1, crit = 0, time(s) = 0.09
PHY-1001 : Iter 2: len = 662312, over cnt = 0(0%), over = 0, worst = 0, crit = 0, time(s) = 0.03
PHY-1001 : End Stage 2.4.2.2 | Rip-up And ReRoute; Time: 0.152746s wall, 0.437500s user + 0.031250s system = 0.468750s CPU (306.9%); Memory(MB): used = 699, reserved = 693, peak = 699;

PHY-1001 : Stage 2.4.2.3 | Update Timing
RUN-1002 : start command "start_timer"
PHY-1001 : 70/7175(0%) critical/total net(s).
PHY-1001 : Setup: WNS(ns) = -6.301, TNS(ns) = -337.571, FEP = 109 | Hold: WNS(ns) = -1.309, TNS(ns) = -1.347, FEP = 5.
PHY-1001 : End Stage 2.4.2.3 | Update Timing; Time: 1.635028s wall, 1.437500s user + 0.015625s system = 1.453125s CPU (88.9%); Memory(MB): used = 700, reserved = 695, peak = 700;

PHY-1001 : Stage 2.4.2.4 | Commit Data
PHY-1001 : Commit better result to database ...
PHY-1001 : 118 feed throughs used by 95 nets
PHY-1001 : End Stage 2.4.2.4 | Commit Data; Time: 1.211628s wall, 1.203125s user + 0.000000s system = 1.203125s CPU (99.3%); Memory(MB): used = 700, reserved = 695, peak = 700;

PHY-1001 : End Stage 2.4.2 | Phase 2; Time: 4.064651s wall, 4.187500s user + 0.062500s system = 4.250000s CPU (104.6%); Memory(MB): used = 700, reserved = 695, peak = 700;

PHY-1001 : End Stage 2.4 | Routing Optimization; Time: 11.826038s wall, 12.421875s user + 0.203125s system = 12.625000s CPU (106.8%); Memory(MB): used = 700, reserved = 695, peak = 700;

PHY-1001 : Stage 2.5 | Multi-try route Optimization
PHY-1001 : Original timing status: SWNS -6301ps, STNS -337571ps, FEP 109.
PHY-1001 : Start to multi-try route opt...
PHY-1033 : Iter 1, processed 10 pins with SWNS -6301 -> -6301ps STNS -337571 -> -337359ps FEP 109 -> 109.
PHY-1033 : Iter 2, processed 10 pins with SWNS -6301 -> -6301ps STNS -337359 -> -337285ps FEP 109 -> 109.
PHY-1033 : Iter 3, processed 10 pins with SWNS -6301 -> -6301ps STNS -337285 -> -337285ps FEP 109 -> 109.
PHY-1033 : Try cnt 30, commit cnt 4(13.33%).
PHY-1001 : len = 662048, over cnt = 0(0%), over = 0, worst = 0, crit = 0
PHY-1001 : Update timing ...
RUN-1002 : start command "start_timer"
PHY-1001 : 70/7175(0%) critical/total net(s).
PHY-1001 : Setup: WNS(ns) = -6.301, TNS(ns) = -337.285, FEP = 109 | Hold: WNS(ns) = -1.309, TNS(ns) = -1.347, FEP = 5.
PHY-1001 : End update timing; 1.643802s wall, 1.593750s user + 0.015625s system = 1.609375s CPU (97.9%)

PHY-1001 : End multi-try route opt;  2.628917s wall, 2.546875s user + 0.015625s system = 2.562500s CPU (97.5%)

PHY-1001 : End Stage 2.5 | Multi-try route Optimization; Time: 2.651568s wall, 2.578125s user + 0.015625s system = 2.593750s CPU (97.8%); Memory(MB): used = 701, reserved = 696, peak = 701;

PHY-1003 : Routed, final wirelength = 662048
RUN-1002 : start command "export_db HDMI1.4b_Transmitter_v1.0_pr.db"
RUN-1001 : Exported flow parameters
RUN-1001 : Exported /
RUN-1001 : Exported libs
RUN-1001 : Exported entities
RUN-1001 : Exported ports
RUN-1001 : Exported pins
RUN-1001 : Exported instances
RUN-1001 : Exported nets
RUN-1001 : Exported buses
RUN-1001 : Exported models
RUN-1001 : Exported phy database
RUN-1001 : Exported packer
RUN-1001 : Exported congestions
RUN-1001 : Exported violations
RUN-1001 : Exported ATMR Setting
RUN-1001 : Exported timing constraints
RUN-1001 : Exported IO constraints
RUN-1001 : Exported Inst constraints
RUN-1001 : Exported ChipWatcher
PHY-1001 : Current memory(MB): used = 727, reserved = 842, peak = 727.
PHY-1001 : End export database. 0.458433s wall, 0.656250s user + 0.015625s system = 0.671875s CPU (146.6%)

PHY-1001 : End detail routing;  41.087846s wall, 52.406250s user + 0.984375s system = 53.390625s CPU (129.9%)

PHY-1001 : End Stage 2 | Detail Routing; Time: 41.088008s wall, 52.406250s user + 0.984375s system = 53.390625s CPU (129.9%); Memory(MB): used = 726, reserved = 841, peak = 727;

PHY-1001 : Stage 3 | Hold Fix
RUN-1002 : start command "start_timer"
RUN-1001 : fix hold violation on net video_timing_data_m0/read_req endpin frame_read_write_m0/frame_fifo_read_m0/read_req_d1_reg_syn_4.mi[0] slack -1309ps
RUN-1001 : 3 hold-buffer to be created.
RUN-1001 : fix hold violation on net u_hdmi_1_4b_transmitter_core_wrapper/u_hdmi_tx_controller_wrapper/u_hdmi_island_data_gen/U_audio_sample_packet_2_channel/u_w96_d1024_fifo/u_logic_ramfifo_syn_8 endpin u_hdmi_1_4b_transmitter_core_wrapper/u_hdmi_tx_controller_wrapper/u_hdmi_island_data_gen/U_audio_sample_packet_2_channel/u_w96_d1024_fifo/u_logic_ramfifo_syn_544.addra[10] slack -3ps
RUN-1001 : 1 hold-buffer to be created.
RUN-1001 : fix hold violation on net u_hdmi_1_4b_transmitter_core_wrapper/u_hdmi_tx_controller_wrapper/u_hdmi_island_data_gen/U_audio_sample_packet_2_channel/u_w96_d1024_fifo/I_fifo_wr_data[32] endpin u_hdmi_1_4b_transmitter_core_wrapper/u_hdmi_tx_controller_wrapper/u_hdmi_island_data_gen/U_audio_sample_packet_2_channel/u_w96_d1024_fifo/u_logic_ramfifo_syn_554.dia[5] slack -11ps
RUN-1001 : 1 hold-buffer to be created.
RUN-1001 : fix hold violation on net u_hdmi_1_4b_transmitter_core_wrapper/u_hdmi_tx_controller_wrapper/u_hdmi_island_data_gen/U_audio_sample_packet_2_channel/u_w96_d1024_fifo/I_fifo_wr_data[33] endpin u_hdmi_1_4b_transmitter_core_wrapper/u_hdmi_tx_controller_wrapper/u_hdmi_island_data_gen/U_audio_sample_packet_2_channel/u_w96_d1024_fifo/u_logic_ramfifo_syn_554.dia[6] slack -20ps
RUN-1001 : 1 hold-buffer to be created.
RUN-1001 : fix hold violation on net u_hdmi_1_4b_transmitter_core_wrapper/u_hdmi_tx_controller_wrapper/u_hdmi_island_data_gen/U_audio_sample_packet_2_channel/u_w96_d1024_fifo/u_logic_ramfifo_syn_25 endpin u_hdmi_1_4b_transmitter_core_wrapper/u_hdmi_tx_controller_wrapper/u_hdmi_island_data_gen/U_audio_sample_packet_2_channel/u_w96_d1024_fifo/u_logic_ramfifo_syn_574.addrb[5] slack -4ps
RUN-1001 : 1 hold-buffer to be created.
RUN-1001 : fix hold violation on net u_hdmi_1_4b_transmitter_core_wrapper/u_hdmi_tx_controller_wrapper/u_hdmi_island_data_gen/U_audio_sample_packet_2_channel/u_w96_d1024_fifo/u_logic_ramfifo_syn_26 endpin u_hdmi_1_4b_transmitter_core_wrapper/u_hdmi_tx_controller_wrapper/u_hdmi_island_data_gen/U_audio_sample_packet_2_channel/u_w96_d1024_fifo/u_logic_ramfifo_syn_574.addrb[6] slack -4ps
RUN-1001 : 1 hold-buffer to be created.
RUN-1001 : fix hold violation on net u_hdmi_1_4b_transmitter_core_wrapper/u_hdmi_tx_controller_wrapper/u_video_axi_stream_receiver/u_w24_d1024_fifo/u_logic_ramfifo_syn_23 endpin u_hdmi_1_4b_transmitter_core_wrapper/u_hdmi_tx_controller_wrapper/u_video_axi_stream_receiver/u_w24_d1024_fifo/u_logic_ramfifo_syn_390.addrb[3] slack -11ps
RUN-1001 : 1 hold-buffer to be created.
RUN-1001 : fix hold violation on net u_hdmi_1_4b_transmitter_core_wrapper/u_hdmi_tx_controller_wrapper/u_video_axi_stream_receiver/u_w24_d1024_fifo/u_logic_ramfifo_syn_29 endpin u_hdmi_1_4b_transmitter_core_wrapper/u_hdmi_tx_controller_wrapper/u_video_axi_stream_receiver/u_w24_d1024_fifo/u_logic_ramfifo_syn_390.addrb[9] slack -4ps
RUN-1001 : 1 hold-buffer to be created.
PHY-1001 : Populate physical database on model top.
8.000000
40.000000
10.000000
8.000000

8.000000
40.000000
10.000000
8.000000
RUN-1002 : start command "start_timer"
RUN-1001 : All hold violations are fixed.
PHY-1001 : End Stage 3 | Hold Fix; Time: 22.360587s wall, 22.484375s user + 0.218750s system = 22.703125s CPU (101.5%); Memory(MB): used = 730, reserved = 842, peak = 730;

PHY-1001 : Stage 4 | Report Route Qor
RUN-1002 : start command "report_qor -step route -file route.qor"
RUN-1002 : start command "start_timer"
-----------------------------------------------------------
| QoR metrics               |         value               |
-----------------------------------------------------------
| Timing                    |                             |
|     Setup WNS             |        -6301                |
|     Setup TNS             |      -337285                |
|     Num of violated S-EP  |          109                |
|     Hold WNS              |            4                |
|     Hold TNS              |            0                |
|     Num of violated H-EP  |            0                |
-----------------------------------------------------------
| Routing Resource          |                             |
|     Wire length           |       662288                |
-----------------------------------------------------------
| Utilization               |                             |
|     #slices               |         3346                |
|     slices percentage     |       34.14%                |
|     #RAMs                 |           20                |
|     #DSPs                 |            0                |
|     #DRAMHARDCON          |            0                |
-----------------------------------------------------------
Report route stage QoR done.

RUN-1003 : finish command "report_qor -step route -file route.qor" in  1.572416s wall, 1.453125s user + 0.031250s system = 1.484375s CPU (94.4%)

RUN-1004 : used memory is 730 MB, reserved memory is 842 MB, peak memory is 730 MB
RUN-1002 : start command "update_timing -mode final"
RUN-1002 : start command "start_timer"
RUN-1003 : finish command "update_timing -mode final" in  1.385901s wall, 1.312500s user + 0.000000s system = 1.312500s CPU (94.7%)

RUN-1004 : used memory is 730 MB, reserved memory is 842 MB, peak memory is 730 MB
RUN-1002 : start command "report_timing_summary -file final_timing.rpt"
OPT-1001 : QoR tracer report on route step:
    SWNS [   incr ]     STNS [    incr ]  S-FEPS [   incr ]    HWNS [   incr ]      HTNS [     incr ]    H-FEPS [     incr ]    CELL [   incr ]      WL [   incr ]   RT(s) [   incr ]   MEM(mb) [     incr ]
   -6301 [      0 ]  -349493 [       0 ]     131 [      0 ]   -1309 [      0 ]     -1347 [        0 ]         5 [        0 ]    3466 [      0 ]  658768 [      0 ]      29 [      0 ]       670 [        0 ] : dr_initialization
   -6301 [      0 ]  -334502 [   14991 ]      98 [    -33 ]   -1309 [      0 ]     -1347 [        0 ]         5 [        0 ]    3466 [      0 ]  659696 [    928 ]      33 [      4 ]       673 [        3 ] : dr_timing_opt_phase1
   -6301 [      0 ]  -361880 [  -27378 ]     142 [     44 ]   -1309 [      0 ]     -1347 [        0 ]         5 [        0 ]    3466 [      0 ]  661872 [   2176 ]      37 [      4 ]       698 [       25 ] : dr_opt_phase1
   -6301 [      0 ]  -334512 [   27368 ]      99 [    -43 ]   -1309 [      0 ]     -1347 [        0 ]         5 [        0 ]    3466 [      0 ]  662528 [    656 ]      38 [      1 ]       699 [        1 ] : dr_timing_opt_phase2
   -6301 [      0 ]  -337571 [   -3059 ]     109 [     10 ]   -1309 [      0 ]     -1347 [        0 ]         5 [        0 ]    3466 [      0 ]  662312 [   -216 ]      41 [      3 ]       700 [        1 ] : dr_opt_phase2
   -6301 [      0 ]  -337285 [     286 ]     109 [      0 ]   -1309 [      0 ]     -1347 [        0 ]         5 [        0 ]    3466 [      0 ]  662048 [   -264 ]      44 [      3 ]       701 [        1 ] : multi_try_opt
   -6301 [      0 ]  -337285 [       0 ]     109 [      0 ]       4 [   1313 ]         0 [     1347 ]         0 [       -5 ]    3476 [     10 ]  662160 [    112 ]       4 [    -40 ]       728 [       27 ] : (ECO)dr_initialization
   -6301 [      0 ]  -337285 [       0 ]     109 [      0 ]       4 [      0 ]         0 [        0 ]         0 [        0 ]    3476 [      0 ]  662160 [      0 ]       5 [      1 ]       728 [        0 ] : (ECO)dr_timing_opt_phase1
   -6301 [      0 ]  -337285 [       0 ]     109 [      0 ]       4 [      0 ]         0 [        0 ]         0 [        0 ]    3476 [      0 ]  662288 [    128 ]       8 [      3 ]       728 [        0 ] : (ECO)dr_opt_phase1
   -6301 [      0 ]  -337285 [       0 ]     109 [      0 ]       4 [      0 ]         0 [        0 ]         0 [        0 ]    3476 [      0 ]  662288 [      0 ]       9 [      1 ]       728 [        0 ] : (ECO)dr_timing_opt_phase2
   -6301 [      0 ]  -337285 [       0 ]     109 [      0 ]       4 [      0 ]         0 [        0 ]         0 [        0 ]    3476 [      0 ]  662288 [      0 ]      11 [      2 ]       728 [        0 ] : (ECO)dr_opt_phase2
   -6301 [      0 ]  -337285 [       0 ]     109 [      0 ]       4 [      0 ]         0 [        0 ]         0 [        0 ]    3476 [      0 ]  662288 [      0 ]      11 [      0 ]       728 [        0 ] : (ECO)multi_try_opt
   -6301 [      0 ]  -337285 [       0 ]     109 [      0 ]       4 [      0 ]         0 [        0 ]         0 [        0 ]    3476 [      0 ]  662288 [      0 ]      13 [      2 ]       730 [        2 ] : (ECO)fix_hold_opt
   -6301 [      0 ]  -337285 [       0 ]     109 [      0 ]       4 [      0 ]         0 [        0 ]         0 [        0 ]    3476 [      0 ]  662288 [      0 ]      67 [     54 ]       730 [        0 ] : (ECO)fix_hold_opt

PHY-1001 : End Stage 4 | Report Route Qor; Time: 3.042479s wall, 2.843750s user + 0.031250s system = 2.875000s CPU (94.5%); Memory(MB): used = 730, reserved = 842, peak = 730;

PHY-1001 : Stage 5 | Design Rule Check
PHY-1001 : Start multi-drive drc check......
PHY-1001 : No multi-drive.
PHY-1001 : Stage 5.1 | Clock Net Status Check
PHY-1001 : All clock nets do not utilize local routing resource.
PHY-1001 : End Stage 5.1 | Clock Net Status Check; Time: 0.006782s wall, 0.015625s user + 0.000000s system = 0.015625s CPU (230.4%); Memory(MB): used = 730, reserved = 842, peak = 730;

PHY-1001 : Stage 5.2 | Abnormal Timing Path check
PHY-1001 : No abnormal timing path.
PHY-1001 : End Stage 5.2 | Abnormal Timing Path check; Time: 0.059995s wall, 0.062500s user + 0.000000s system = 0.062500s CPU (104.2%); Memory(MB): used = 730, reserved = 842, peak = 730;

PHY-1001 : End Stage 5 | Design Rule Check; Time: 0.123046s wall, 0.125000s user + 0.000000s system = 0.125000s CPU (101.6%); Memory(MB): used = 730, reserved = 842, peak = 730;

RUN-1003 : finish command "route" in  70.375611s wall, 81.656250s user + 1.312500s system = 82.968750s CPU (117.9%)

RUN-1004 : used memory is 730 MB, reserved memory is 842 MB, peak memory is 730 MB
RUN-1002 : start command "report_area -io_info -file HDMI1.4b_Transmitter_v1.0_phy.area"
RUN-1001 : standard
***Report Model: top Device: EG4S20BG256***

IO Statistics
#IO                        28   out of    188   14.89%
  #input                    5
  #output                  22
  #inout                    1

Utilization Statistics
#lut                     5087   out of  19600   25.95%
#reg                     4228   out of  19600   21.57%
#le                      6190
  #lut only              1962   out of   6190   31.70%
  #reg only              1103   out of   6190   17.82%
  #lut&reg               3125   out of   6190   50.48%
#bram                      20   out of     64   31.25%
  #bram9k                  20
  #fifo9k                   0
#bram32k                    0   out of     16    0.00%
#dsp                        0   out of     29    0.00%
#pad                       32   out of    188   17.02%
  #ireg                     2
  #oreg                    21
  #treg                     1
#pll                        3   out of      4   75.00%
#gclk                       3   out of     16   18.75%


DataNet Average Fanout:

   Index     Fanout    Nets  
    #1         1       5310  
    #2         2       1110  
    #3         3       438   
    #4         4       234   
    #5        5-10     473   
    #6       11-50     216   
    #7       51-100     26   
    #8        >500      1    
  Average     2.58           

RUN-1002 : start command "update_timing -mode final"
RUN-1002 : start command "start_timer"
RUN-1003 : finish command "update_timing -mode final" in  1.406482s wall, 1.328125s user + 0.000000s system = 1.328125s CPU (94.4%)

RUN-1004 : used memory is 730 MB, reserved memory is 842 MB, peak memory is 730 MB
RUN-1002 : start command "report_timing_status -file HDMI1.4b_Transmitter_v1.0_phy.ts"
RUN-1002 : start command "report_timing_summary -file HDMI1.4b_Transmitter_v1.0_pr.timing"
RUN-1002 : start command "report_timing_exception -file HDMI1.4b_Transmitter_v1.0_exception.timing"
RUN-1002 : start command "check_timing -verbose -file HDMI1.4b_Transmitter_v1.0_chk.timing"
RUN-1002 : start command "flow_status -file route_flow.status"
Location         : D:\Nizhenghang\Project\2026Anlu1\src\td_project\HDMI1.4b_Transmitter_v1.0_Runs\phy_1
Running with     : Tang Dynasty v6.2.178840
                   Copyright (c) 2012-2025 Anlogic Inc.
Top Model        : top
Device           : EG4S20BG256
Speed            : NA

Timing Mode      : final
Setup            : WNS -6301ps  TNS  -337285ps  NUM_FEPS   109
Hold             : WNS     4ps  TNS        0ps  NUM_FEPS     0

Flow Statistics  :
RUN-1001 : Flow Statistics:
RUN-1001 : ---------------------------------------------------------------------------------------------------
RUN-1001 :      command     |  #calls  |  wall time   |  cpu time(s)  |  used memory(mb)  |  peak memory(mb)  
RUN-1001 : ---------------------------------------------------------------------------------------------------
RUN-1001 :       route      |    2     |  1m25s(70%)  |    97(64%)    |        730        |        730        
RUN-1001 :       place      |    2     |   36s(29%)   |    53(35%)    |        727        |        727        
RUN-1001 :     import_db    |    1     |    0s(0%)    |     0(0%)     |        163        |        163        
RUN-1001 :   import_device  |    1     |    0s(0%)    |     0(0%)     |        83         |        83         
RUN-1001 : ---------------------------------------------------------------------------------------------------
RUN-1001 :       total      |    6     |     2m1s     |      150      |        730        |        730        
RUN-1001 : ---------------------------------------------------------------------------------------------------
RUN-1002 : start command "report_clock_utilization -file route_clock_utilization.txt"
RUN-1001 : Device not support command report_clock_utilization.
RUN-1002 : start command "export_db HDMI1.4b_Transmitter_v1.0_pr.db"
RUN-1001 : Exported flow parameters
RUN-1001 : Exported /
RUN-1001 : Exported libs
RUN-1001 : Exported entities
RUN-1001 : Exported ports
RUN-1001 : Exported pins
RUN-1001 : Exported instances
RUN-1001 : Exported nets
RUN-1001 : Exported buses
RUN-1001 : Exported models
RUN-1001 : Exported phy database
RUN-1001 : Exported packer
RUN-1001 : Exported congestions
RUN-1001 : Exported violations
RUN-1001 : Exported ATMR Setting
RUN-1001 : Exported timing constraints
RUN-1001 : Exported IO constraints
RUN-1001 : Exported Inst constraints
RUN-1001 : Exported ChipWatcher
RUN-1002 : start command "commit_param -step bitgen"
RUN-1001 : Print Global Property
RUN-1001 : --------------------------------------------------------
RUN-1001 :   Parameters   |  Settings  |  Default Values  |  Note  
RUN-1001 : --------------------------------------------------------
RUN-1001 :   enable_seed  |    off     |       off        |        
RUN-1001 :     message    |  standard  |     standard     |        
RUN-1001 :   qor_monitor  |     on     |        on        |        
RUN-1001 :   syn_ip_flow  |    off     |       off        |        
RUN-1001 :     thread     |    auto    |       auto       |        
RUN-1001 : --------------------------------------------------------
RUN-1001 : Print Bitgen Property
RUN-1001 : -------------------------------------------------------------
RUN-1001 :      Parameters     |  Settings  |  Default Values  |  Note  
RUN-1001 : -------------------------------------------------------------
RUN-1001 :         bin         |    off     |       off        |        
RUN-1001 :       gen_mask      |    off     |       off        |        
RUN-1001 :      time_info      |     on     |        on        |        
RUN-1001 :   unused_io_status  |   pullup   |      pullup      |        
RUN-1001 :       version       |    0x00    |       0x00       |        
RUN-1001 : -------------------------------------------------------------
RUN-1002 : start command "bitgen -bit HDMI1.4b_Transmitter_v1.0.bit"
RUN-1002 : start command "export_bid HDMI1.4b_Transmitter_v1.0_inst.bid"
BIT-1003 : Start to generate bitstream. 
BIT-1002 : Init instances with 32 threads.
BIT-1002 : Init instances completely, inst num: 3462
BIT-1002 : Init pips with 32 threads.
BIT-1002 : Init pips completely, net num: 7183, pip num: 63920
BIT-1002 : Init feedthrough with 32 threads.
BIT-1002 : Init feedthrough completely, num: 121
BIT-1003 : Multithreading accelaration with 32 threads.
BIT-1003 : Generate bitstream completely, there are 186153 bits set as '1'.
BIT-1004 : PLL setting string = 0111
BIT-1004 : Generate bits file HDMI1.4b_Transmitter_v1.0.bit.
RUN-1003 : finish command "bitgen -bit HDMI1.4b_Transmitter_v1.0.bit" in  4.230815s wall, 54.546875s user + 1.625000s system = 56.171875s CPU (1327.7%)

RUN-1004 : used memory is 731 MB, reserved memory is 843 MB, peak memory is 731 MB
RUN-1002 : start command "setup_debugger"
RUN-1002 : start command "export_bitgen_param -file .bitgen_param.f"
RUN-1002 : start command "export_flow_status -s opt_place -e bitgen"
RUN-1002 : start command "flow_status"

Location         : D:\Nizhenghang\Project\2026Anlu1\src\td_project\HDMI1.4b_Transmitter_v1.0_Runs\phy_1
Running with     : Tang Dynasty v6.2.178840
                   Copyright (c) 2012-2025 Anlogic Inc.
Top Model        : top
Device           : EG4S20BG256
Speed            : NA

Timing Mode      : final
Setup            : WNS -6301ps  TNS  -337285ps  NUM_FEPS   109
Hold             : WNS     4ps  TNS        0ps  NUM_FEPS     0

RUN-1001 : Flow Statistics:
RUN-1001 : ---------------------------------------------------------------------------------------------------
RUN-1001 :      command     |  #calls  |  wall time   |  cpu time(s)  |  used memory(mb)  |  peak memory(mb)  
RUN-1001 : ---------------------------------------------------------------------------------------------------
RUN-1001 :       route      |    2     |  1m25s(68%)  |    97(47%)    |        730        |        730        
RUN-1001 :       place      |    2     |   36s(28%)   |    53(25%)    |        727        |        727        
RUN-1001 :      bitgen      |    1     |    4s(3%)    |    55(26%)    |        731        |        731        
RUN-1001 :     import_db    |    1     |    0s(0%)    |     0(0%)     |        163        |        163        
RUN-1001 :   import_device  |    1     |    0s(0%)    |     0(0%)     |        83         |        83         
RUN-1001 : ---------------------------------------------------------------------------------------------------
RUN-1001 :       total      |    7     |     2m5s     |      205      |        731        |        731        
RUN-1001 : ---------------------------------------------------------------------------------------------------

