============================================================
   Tang Dynasty, V6.2.178840
   Copyright (c) 2012-2025 Anlogic Inc.
   Executable = D:/Download/TD/bin/td_commands_prompt.exe
   Built at =   14:07:58 Sep  4 2025
   Run by =     Nizhenghang
   Run Date =   Tue Sep  1 10:42:43 2026

   Run on =     LAPTOP-9S21NQG2
============================================================
RUN-1002 : start command "import_device eagle_s20.db -package EG4S20BG256"
RUN-1001 : Using default speed grade: NA
ARC-1001 : Device Initialization.
ARC-1001 : ------------------------------------------------------------------
ARC-1001 :            OPTION            |          IO          |   SETTING   
ARC-1001 : ------------------------------------------------------------------
ARC-1001 :   cso_b/cclk/mosi/miso/dout  |  T3/R11/T10/P10/S11  |    gpio    
ARC-1001 :             done             |         P13          |    gpio    
ARC-1001 :           program_b          |          T2          |  dedicate  
ARC-1001 :        tdi/tms/tck/tdo       |   C12/A15/C14/E14    |  dedicate  
ARC-1001 : ------------------------------------------------------------------
ARC-1004 : Device setting, marked 5 dedicate IOs in total.
RUN-1002 : start command "open_project HDMI1.4b_Transmitter_v1.0.prj -noanalyze"
RUN-1002 : start command "import_db ../syn_1/HDMI1.4b_Transmitter_v1.0_gate.db"
RUN-1001 : Importing database generated by Tang Dynasty, V6.2.178840.
RUN-1001 : Database version number 46207
RUN-1001 : Import flow parameters
RUN-1001 : Import netlist
RUN-1001 : Import timing constraints
RUN-1001 : Import IO constraints
RUN-1001 : Import Inst constraints
RUN-1001 : Import ChipWatcher
RUN-1001 : Import design success TD_VERSION=6.2.178840 , DB_VERSION=46207
RUN-1002 : start command "commit_param -step place"
RUN-1001 : Print Global Property
RUN-1001 : --------------------------------------------------------
RUN-1001 :   Parameters   |  Settings  |  Default Values  |  Note  
RUN-1001 : --------------------------------------------------------
RUN-1001 :   enable_seed  |    off     |       off        |        
RUN-1001 :     message    |  standard  |     standard     |        
RUN-1001 :   qor_monitor  |     on     |        on        |        
RUN-1001 :   syn_ip_flow  |    off     |       off        |        
RUN-1001 :     thread     |    auto    |       auto       |        
RUN-1001 : --------------------------------------------------------
RUN-1001 : Print Place Property
RUN-1001 : -----------------------------------------------------------
RUN-1001 :     Parameters    |  Settings  |  Default Values  |  Note  
RUN-1001 : -----------------------------------------------------------
RUN-1001 :       effort      |   medium   |      medium      |        
RUN-1001 :   hfn_opt_effort  |   medium   |      medium      |        
RUN-1001 :     max_fanout    |   999999   |      999999      |        
RUN-1001 :     opt_timing    |   medium   |      medium      |        
RUN-1001 :   post_place_opt  |    auto    |       auto       |        
RUN-1001 :    pr_strategy    |     1      |        1         |        
RUN-1001 :     relaxation    |    1.00    |       1.00       |        
RUN-1001 : -----------------------------------------------------------
RUN-1002 : start command "insert_debugger"
RUN-1002 : start command "place"
RUN-1001 : Open license file D:/Download/TD/license/Anlogic.lic
PHY-3001 : Placer runs in 32 thread(s).
PHY-1001 : Stage 1 | Initialize Design
PHY-1001 : Stage 1.1 | Build Design
PHY-1001 : 3509 luts, 4120 seqs, 497 mslices, 257 lslices, 87 pads, 20 brams, 0 dsps
RUN-1002 : start command "legalize_phy_inst"
SYN-1011 : Flatten model top
PHY-1001 : Remove keep and sweep redundant instances ...
PHY-1001 : 3509 luts, 4120 seqs, 497 mslices, 257 lslices, 87 pads, 20 brams, 0 dsps
PHY-1001 : End Stage 1.1 | Build Design; Time: 0.035099s wall, 0.031250s user + 0.000000s system = 0.031250s CPU (89.0%); Memory(MB): used = 164, reserved = 165, peak = 164;

PHY-1001 : Stage 1.2 | Optimize Design
OPT-1001 : Stage 1.2.1 | Simplify Lut
OPT-1001 : End Stage 1.2.1 | Simplify Lut; Time: 0.012494s wall, 0.015625s user + 0.000000s system = 0.015625s CPU (125.1%); Memory(MB): used = 164, reserved = 165, peak = 164;

OPT-1001 : Stage 1.2.2 | Sweep
OPT-1001 : End Stage 1.2.2 | Sweep; Time: 0.003683s wall, 0.015625s user + 0.000000s system = 0.015625s CPU (424.2%); Memory(MB): used = 164, reserved = 165, peak = 164;

OPT-1001 : Stage 1.2.3 | Synthesize High-fanout Net
OPT-1001 : Current memory(MB): used = 164, reserved = 165, peak = 164.
OPT-1001 : End Stage 1.2.3 | Synthesize High-fanout Net; Time: 0.000547s wall, 0.000000s user + 0.000000s system = 0.000000s CPU (n/a%); Memory(MB): used = 164, reserved = 165, peak = 164;

OPT-1001 : End physical optimization;  0.018351s wall, 0.031250s user + 0.000000s system = 0.031250s CPU (170.3%)

PHY-1001 : End Stage 1.2 | Optimize Design; Time: 0.019117s wall, 0.031250s user + 0.000000s system = 0.031250s CPU (163.5%); Memory(MB): used = 164, reserved = 165, peak = 164;

PHY-1001 : Stage 1.3 | Initialize Clock
SYN-4016 : Net sd_card_bmp_m0/bmp_read_m0/clk driven by BUFG (1270 clock/control pins, 1 other pins).
SYN-4016 : Net u_audio_pll/clk0_out driven by BUFG (0 clock/control pins, 1 other pins).
SYN-4016 : Net u_I2S_receiver/I_clk driven by BUFG (2120 clock/control pins, 1 other pins).
SYN-4027 : Net U3/u2_ram/u1_init_ref/Sdr_clk is clkc1 of pll sys_pll_m0/pll_inst.
SYN-4027 : Net U3/u2_ram/SDRAM_CLK is clkc2 of pll sys_pll_m0/pll_inst.
SYN-4019 : Net clk_dup_1 is refclk of pll sys_pll_m0/pll_inst.
SYN-4020 : Net clk_dup_1 is fbclk of pll sys_pll_m0/pll_inst.
SYN-4027 : Net u_hdmi_audio_tone_i2s_64fs/I_mclk is clkc2 of pll u_audio_pll/pll_inst.
SYN-4019 : Net clk_dup_1 is refclk of pll u_audio_pll/pll_inst.
SYN-4020 : Net clk_dup_1 is fbclk of pll u_audio_pll/pll_inst.
SYN-4027 : Net u_hdmi2phy_wrapper/u0_lane_lvds_8_1/I_serial_clk is clkc1 of pll video_pll_m0/pll_inst.
SYN-4019 : Net clk_dup_1 is refclk of pll video_pll_m0/pll_inst.
SYN-4020 : Net clk_dup_1 is fbclk of pll video_pll_m0/pll_inst.
SYN-4025 : Tag rtl::Net U3/u2_ram/SDRAM_CLK as clock net
SYN-4025 : Tag rtl::Net U3/u2_ram/u1_init_ref/Sdr_clk as clock net
SYN-4025 : Tag rtl::Net clk_dup_1 as clock net
SYN-4025 : Tag rtl::Net sd_card_bmp_m0/bmp_read_m0/clk as clock net
SYN-4025 : Tag rtl::Net u_I2S_receiver/I_clk as clock net
SYN-4025 : Tag rtl::Net u_audio_pll/clk0_out as clock net
SYN-4025 : Tag rtl::Net u_hdmi2phy_wrapper/u0_lane_lvds_8_1/I_serial_clk as clock net
SYN-4025 : Tag rtl::Net u_hdmi_audio_tone_i2s_64fs/I_mclk as clock net
SYN-4026 : Tagged 8 rtl::Net as clock net
PHY-1001 : Populate physical database on model top.
RUN-1001 : There are total 8511 instances
RUN-0007 : 3508 luts, 4120 seqs, 497 mslices, 257 lslices, 87 pads, 20 brams, 0 dsps
RUN-1001 : There are total 9700 nets
RUN-1001 : 7311 nets have 2 pins
RUN-1001 : 1734 nets have [3 - 5] pins
RUN-1001 : 426 nets have [6 - 10] pins
RUN-1001 : 103 nets have [11 - 20] pins
RUN-1001 : 115 nets have [21 - 99] pins
RUN-1001 : 11 nets have 100+ pins
PHY-1001 : End Stage 1.3 | Initialize Clock; Time: 0.022821s wall, 0.031250s user + 0.000000s system = 0.031250s CPU (136.9%); Memory(MB): used = 165, reserved = 165, peak = 165;

PHY-1001 : End Stage 1 | Initialize Design; Time: 0.088123s wall, 0.093750s user + 0.000000s system = 0.093750s CPU (106.4%); Memory(MB): used = 165, reserved = 165, peak = 165;

PHY-1001 : Stage 2 | Global Placement
RUN-1001 : Report Control nets information:
RUN-1001 : DFF Distribution
RUN-1001 : -------------------------------------
RUN-1001 :   CE   |  SSR  |  ASR  |  DFF Count  
RUN-1001 : -------------------------------------
RUN-1001 :   No   |  No   |  No   |     966     
RUN-1001 :   No   |  No   |  Yes  |    1288     
RUN-1001 :   No   |  Yes  |  No   |     138     
RUN-1001 :   Yes  |  No   |  No   |     33      
RUN-1001 :   Yes  |  No   |  Yes  |    1529     
RUN-1001 :   Yes  |  Yes  |  No   |     166     
RUN-1001 : -------------------------------------
RUN-1001 : Control Group Statistic
RUN-1001 : -----------------------------
RUN-1001 :   #CLK  |  #CE  |  #SSR/ASR  
RUN-1001 : -----------------------------
RUN-1001 :    6    |  110  |     17     
RUN-1001 : -----------------------------
RUN-0007 : Control Set = 133
PHY-1001 : Stage 2.1 | Place Fixed Instances
PHY-1001 : End Stage 2.1 | Place Fixed Instances; Time: 0.051504s wall, 0.046875s user + 0.015625s system = 0.062500s CPU (121.3%); Memory(MB): used = 173, reserved = 169, peak = 173;

PHY-1001 : Stage 2.2 | Pre-Place DRC Check
PHY-1001 : Stage 2.2.1 | Force Route Constraint Check
PHY-1001 : Check Pass.
PHY-1001 : End Stage 2.2.1 | Force Route Constraint Check; Time: 0.000715s wall, 0.000000s user + 0.000000s system = 0.000000s CPU (n/a%); Memory(MB): used = 173, reserved = 169, peak = 173;

PHY-1001 : End Stage 2.2 | Pre-Place DRC Check; Time: 0.000988s wall, 0.000000s user + 0.000000s system = 0.000000s CPU (n/a%); Memory(MB): used = 173, reserved = 169, peak = 173;

PHY-1001 : Stage 2.3 | Global Placement Step 1
PHY-3001 : Target density is 25%
PHY-1001 : Stage 2.3.1 | Update Timing
RUN-1002 : start command "start_timer"
USR-1002 : Derived clock:  create_generated_clock -name {sys_pll_m0/pll_inst.clkc[0]} -source [get_ports {clk}] -master_clock {clk} -multiply_by 2.0000 -duty_cycle 50.0000 [get_pins {sys_pll_m0/pll_inst.clkc[0]}]
USR-1002 : Derived clock:  create_generated_clock -name {sys_pll_m0/pll_inst.clkc[1]} -source [get_ports {clk}] -master_clock {clk} -multiply_by 2.5000 -duty_cycle 50.0000 [get_pins {sys_pll_m0/pll_inst.clkc[1]}]
USR-1002 : Derived clock:  create_generated_clock -name {sys_pll_m0/pll_inst.clkc[2]} -source [get_ports {clk}] -master_clock {clk} -multiply_by 2.5000 -phase 180 -duty_cycle 50.0000 [get_pins {sys_pll_m0/pll_inst.clkc[2]}]
USR-1002 : Derived clock:  create_generated_clock -name {u_audio_pll/pll_inst.clkc[0]} -source [get_ports {clk}] -master_clock {clk} -multiply_by 1.5000 -duty_cycle 50.0000 [get_pins {u_audio_pll/pll_inst.clkc[0]}]
USR-1002 : Derived clock:  create_generated_clock -name {u_audio_pll/pll_inst.clkc[2]} -source [get_ports {clk}] -master_clock {clk} -divide_by 4.0667 -duty_cycle 50.0000 [get_pins {u_audio_pll/pll_inst.clkc[2]}]
USR-1002 : Derived clock:  create_generated_clock -name {video_pll_m0/pll_inst.clkc[0]} -source [get_ports {clk}] -master_clock {clk} -divide_by 2.0000 -duty_cycle 50.0000 [get_pins {video_pll_m0/pll_inst.clkc[0]}]
USR-1002 : Derived clock:  create_generated_clock -name {video_pll_m0/pll_inst.clkc[1]} -source [get_ports {clk}] -master_clock {clk} -multiply_by 2.5000 -duty_cycle 50.0000 [get_pins {video_pll_m0/pll_inst.clkc[1]}]
8.000000
40.000000
10.000000
8.000000
TMR-2502 : Net delay update with mode: Synthesized
PHY-1001 : SWNS: -5663, STNS: -389915, FEP: 185
PHY-1001 : End Stage 2.3.1 | Update Timing; Time: 0.960146s wall, 0.812500s user + 0.093750s system = 0.906250s CPU (94.4%); Memory(MB): used = 264, reserved = 258, peak = 264;

PHY-0007 : Cell area utilization is 25%
RUN-1001 : Huge Net Statistic
RUN-1001 : -------------------------------------------------------
RUN-1001 :   Fanout  |  Slack  |               Net                
RUN-1001 : -------------------------------------------------------
RUN-1001 :    1754   |   Inf   |  sd_card_bmp_m0/bmp_read_m0/rst  
RUN-1001 : -------------------------------------------------------
PHY-3001 : Clustering ...
PHY-3001 : End clustering;  0.046464s wall, 0.312500s user + 0.078125s system = 0.390625s CPU (840.7%)

PHY-3001 : Target density is 25%
PHY-1001 : Stage 2.3.2 | GP Iteration
PHY-1001 : End Stage 2.3.2 | GP Iteration; Time: 0.963951s wall, 4.140625s user + 1.328125s system = 5.468750s CPU (567.3%); Memory(MB): used = 270, reserved = 263, peak = 270;

PHY-3001 : Multithread accelerating rate: 5.75
PHY-3001 : No need to merge 9x9 Dsps.
PHY-1001 : Populate physical database on model top.
PHY-1001 : End Stage 2.3 | Global Placement Step 1; Time: 2.469184s wall, 5.734375s user + 1.515625s system = 7.250000s CPU (293.6%); Memory(MB): used = 270, reserved = 263, peak = 270;

PHY-1001 : Stage 2.4 | RAM/DSP Legalization and Detailed Placement
PHY-1001 : Stage 2.4.1 | Legalization
PHY-3001 : Before Legalized: Len = 222611
PHY-3001 : After Legalized: Len = 226191, Over = 2.8125 with grid_size = 320
PHY-1001 : End Stage 2.4.1 | Legalization; Time: 0.631934s wall, 0.625000s user + 0.000000s system = 0.625000s CPU (98.9%); Memory(MB): used = 270, reserved = 263, peak = 270;

PHY-1001 : End Stage 2.4 | RAM/DSP Legalization and Detailed Placement; Time: 0.633477s wall, 0.625000s user + 0.000000s system = 0.625000s CPU (98.7%); Memory(MB): used = 270, reserved = 263, peak = 270;

PHY-1001 : Stage 2.5 | Global Placement Step 2
PHY-3001 : Target density is 31%
PHY-1001 : Stage 2.5.1 | Update Timing
PHY-1001 : SWNS: -7965, STNS: -332762, FEP: 112
PHY-1001 : End Stage 2.5.1 | Update Timing; Time: 0.051994s wall, 0.046875s user + 0.000000s system = 0.046875s CPU (90.2%); Memory(MB): used = 272, reserved = 265, peak = 272;

PHY-1001 : Stage 2.5.2 | Refresh Congestion
RUN-1001 : Generating global routing grids ...
RUN-1001 : Building simple global routing graph ...
PHY-1001 : Generate routing nets ...
PHY-1001 : Reuse net number 0/3751.
PHY-1001 : Global iterations in 32 thread ...
PHY-1002 : len = 256320, over cnt = 627(1%), over = 2904, worst = 27
PHY-1001 : End global iterations;  0.419391s wall, 0.609375s user + 0.046875s system = 0.656250s CPU (156.5%)

PHY-1001 : Congestion index:
PHY-1001 : top1  = 54.96(S 96.19, N 76.64, E 89.89, W 80.86, I 0.00, O 0.00)
PHY-1001 : top5  = 37.83(S 62.65, N 48.48, E 55.01, W 41.18, I 0.00, O 0.00)
PHY-1001 : top10 = 30.34(S 47.72, N 36.66, E 41.24, W 30.10, I 0.00, O 0.00)
PHY-1001 : top15 = 25.98(S 39.35, N 29.65, E 33.73, W 24.44, I 0.00, O 0.00)
PHY-1001 : End Stage 2.5.2 | Refresh Congestion; Time: 0.597060s wall, 0.750000s user + 0.046875s system = 0.796875s CPU (133.5%); Memory(MB): used = 305, reserved = 298, peak = 305;

PHY-1001 : Stage 2.5.3 | GP Iteration
PHY-1001 : End Stage 2.5.3 | GP Iteration; Time: 3.424896s wall, 14.687500s user + 1.109375s system = 15.796875s CPU (461.2%); Memory(MB): used = 306, reserved = 299, peak = 306;

PHY-3001 : Multithread accelerating rate: 4.61
PHY-1001 : End Stage 2.5 | Global Placement Step 2; Time: 4.745033s wall, 16.125000s user + 1.156250s system = 17.281250s CPU (364.2%); Memory(MB): used = 307, reserved = 300, peak = 307;

PHY-1001 : Stage 2.6 | RAM/DSP Detailed Placement
PHY-1001 : End Stage 2.6 | RAM/DSP Detailed Placement; Time: 0.006796s wall, 0.000000s user + 0.000000s system = 0.000000s CPU (n/a%); Memory(MB): used = 307, reserved = 300, peak = 307;

PHY-1001 : Stage 2.7 | Optimize Design
OPT-1001 : Start physical optimization ...
OPT-1001 : Total overflow 127.75 peak overflow 1.88
OPT-1001 : Stage 2.7.1 | Synthesize High-fanout Net
OPT-1001 : Start high-fanout net optimization in pre-pack flow with medium effort ...
OPT-1001 : Update timing in Manhattan mode
OPT-1001 : End timing update;  0.650452s wall, 0.625000s user + 0.000000s system = 0.625000s CPU (96.1%)

OPT-1001 : Start: SWNS -7915 STNS -325762 NUM_FEPS 112
OPT-1001 : Total overflow 127.75 peak overflow 1.88
DBG-001 :  select 5 high fanout candidates
DBG-001 :  crit level 1 net count 4 (fanout thres 50)
DBG-001 :  crit level 2 net count 1 (fanout thres 50)
DBG-001 :  crit level 3 net count 0 (fanout thres 40)
DBG-001 :  crit level 4 net count 0 (fanout thres 30)
DBG-001 :  crit level 5 net count 0 (fanout thres 30)
DBG-001 :  crit level 6 net count 0 (fanout thres 30)
PHY-1001 : Populate physical database on model top.
OPT-1001 : 5 high-fanout net processed.
PHY-3001 : Start incremental placement ...
PHY-1001 : Populate physical database on model top.
PHY-3001 : Target density is 31%
PHY-3001 : Target density is 31%
PHY-1001 : Stage 2.7.1.1 | Update Timing
PHY-1001 : SWNS: -7915, STNS: -325762, FEP: 112
PHY-1001 : End Stage 2.7.1.1 | Update Timing; Time: 0.056999s wall, 0.062500s user + 0.000000s system = 0.062500s CPU (109.7%); Memory(MB): used = 309, reserved = 302, peak = 309;

PHY-1001 : Stage 2.7.1.2 | Refresh Congestion
RUN-1001 : Generating global routing grids ...
PHY-1001 : Generate routing nets ...
PHY-1001 : Reuse net number 56/7938.
PHY-1001 : Global iterations in 32 thread ...
PHY-1002 : len = 361616, over cnt = 1007(2%), over = 2732, worst = 12
PHY-1001 : End global iterations;  0.961794s wall, 1.562500s user + 0.031250s system = 1.593750s CPU (165.7%)

PHY-1001 : Congestion index:
PHY-1001 : top1  = 47.89(S 83.71, N 82.54, E 67.05, W 55.73, I 0.00, O 0.00)
PHY-1001 : top5  = 36.96(S 60.18, N 55.33, E 47.33, W 39.00, I 0.00, O 0.00)
PHY-1001 : top10 = 31.72(S 49.33, N 44.25, E 39.15, W 32.04, I 0.00, O 0.00)
PHY-1001 : top15 = 28.63(S 43.17, N 38.07, E 34.76, W 28.12, I 0.00, O 0.00)
PHY-1001 : End Stage 2.7.1.2 | Refresh Congestion; Time: 1.096730s wall, 1.671875s user + 0.046875s system = 1.718750s CPU (156.7%); Memory(MB): used = 313, reserved = 306, peak = 313;

PHY-1001 : Stage 2.7.1.3 | GP Iteration
PHY-1001 : End Stage 2.7.1.3 | GP Iteration; Time: 1.528630s wall, 5.546875s user + 0.453125s system = 6.000000s CPU (392.5%); Memory(MB): used = 314, reserved = 307, peak = 314;

PHY-3001 : Multithread accelerating rate: 3.91
PHY-3001 : Low accelerating rate: 3.91. This may happen when it is heavy-loaded.
PHY-3001 : Final: Len = 275952, Over = 9.8125
PHY-3001 : End incremental placement;  2.848183s wall, 7.406250s user + 0.531250s system = 7.937500s CPU (278.7%)

OPT-1001 : Total overflow 139.72 peak overflow 2.41
RUN-1001 : HFN opt statistic
RUN-1001 : ------------------------------------------------------
RUN-1001 :   DriverCell type  |  HFN count  |  Duplicated count  
RUN-1001 : ------------------------------------------------------
RUN-1001 :         REG        |      4      |         35         
RUN-1001 :        LUT6        |      0      |         0          
RUN-1001 :        LUT5        |      0      |         0          
RUN-1001 :        LUT4        |      0      |         0          
RUN-1001 :        LUT3        |      0      |         0          
RUN-1001 :        LUT2        |      1      |         3          
RUN-1001 :        TOTAL       |      5      |         38         
RUN-1001 : ------------------------------------------------------
OPT-1001 : End high-fanout net optimization;  4.011430s wall, 8.765625s user + 0.546875s system = 9.312500s CPU (232.1%)

OPT-1001 : Update timing in Manhattan mode
OPT-1001 : End timing update;  0.621297s wall, 0.609375s user + 0.000000s system = 0.609375s CPU (98.1%)

OPT-1001 : Current memory(MB): used = 314, reserved = 307, peak = 314.
OPT-1001 : End Stage 2.7.1 | Synthesize High-fanout Net; Time: 4.694208s wall, 9.437500s user + 0.546875s system = 9.984375s CPU (212.7%); Memory(MB): used = 314, reserved = 307, peak = 314;

OPT-1001 : Stage 2.7.2 | Global Optimization
OPT-1001 : Start global optimization ...
OPT-0007 : Start: SWNS -7815 STNS -321974 NUM_FEPS 113
OPT-1001 : Start congestion update ...
RUN-1001 : Generating global routing grids ...
PHY-1001 : Generate routing nets ...
PHY-1001 : Reuse net number 834/7916.
PHY-1001 : Global iterations in 32 thread ...
PHY-1002 : len = 325176, over cnt = 703(1%), over = 1198, worst = 8
PHY-1002 : len = 332168, over cnt = 389(1%), over = 562, worst = 7
PHY-1002 : len = 336560, over cnt = 145(0%), over = 212, worst = 6
PHY-1002 : len = 338680, over cnt = 30(0%), over = 45, worst = 4
PHY-1002 : len = 339288, over cnt = 0(0%), over = 0, worst = 0
PHY-1001 : End global iterations;  1.728971s wall, 1.875000s user + 0.000000s system = 1.875000s CPU (108.4%)

PHY-1001 : Congestion index:
PHY-1001 : top1  = 37.73(S 55.17, N 55.22, E 47.00, W 48.19, I 0.00, O 0.00)
PHY-1001 : top5  = 31.00(S 45.34, N 41.59, E 37.43, W 36.53, I 0.00, O 0.00)
PHY-1001 : top10 = 27.42(S 39.29, N 34.48, E 32.57, W 30.78, I 0.00, O 0.00)
PHY-1001 : top15 = 25.25(S 35.47, N 30.53, E 29.64, W 27.35, I 0.00, O 0.00)
OPT-1001 : End congestion update;  1.900280s wall, 2.031250s user + 0.000000s system = 2.031250s CPU (106.9%)

OPT-0007 : Iter 1: improved SWNS -7815 STNS -321712 NUM_FEPS 112 with 14 cells processed and 200 slack improved
OPT-0007 : Iter 2: improved SWNS -7815 STNS -321712 NUM_FEPS 112 with 0 cells processed and 0 slack improved
OPT-1001 : Overall commit ratio 1.00
OPT-1001 : End global optimization;  1.949520s wall, 2.093750s user + 0.000000s system = 2.093750s CPU (107.4%)

OPT-1001 : Current memory(MB): used = 314, reserved = 307, peak = 314.
OPT-1001 : End Stage 2.7.2 | Global Optimization; Time: 2.106224s wall, 2.250000s user + 0.000000s system = 2.250000s CPU (106.8%); Memory(MB): used = 314, reserved = 307, peak = 314;

OPT-0007 : End flow prepack: SWNS -7815 STNS -321712 NUM_FEPS 112
OPT-1001 : End physical optimization;  6.814226s wall, 11.718750s user + 0.546875s system = 12.265625s CPU (180.0%)

PHY-1001 : End Stage 2.7 | Optimize Design; Time: 6.815823s wall, 11.718750s user + 0.546875s system = 12.265625s CPU (180.0%); Memory(MB): used = 314, reserved = 307, peak = 314;

PHY-1001 : Stage 2.8 | Place Packing
PHY-1001 : Stage 2.8.1 | Packing
SYN-4007 : Packing 0 MUX to BLE ...
SYN-4008 : Packed 0 MUX and 0 SEQ to BLE.
SYN-4007 : Packing 3511 LUT to BLE ...
SYN-4008 : Packed 3511 LUT and 1951 SEQ to BLE.
SYN-4003 : Packing 2204 remaining SEQ's ...
SYN-4005 : Packed 1181 SEQ with LUT/SLICE
SYN-4006 : 537 single LUT's are left
SYN-4006 : 1023 single SEQ's are left
SYN-4011 : Packing model "top" (AL_USER_NORMAL) with 4534/5417 primitive instances ...
PHY-1001 : Populate physical database on model top.
RUN-1001 : There are total 3445 instances
RUN-1001 : 1658 mslices, 1658 lslices, 87 pads, 20 brams, 0 dsps
RUN-1001 : There are total 7951 nets
RUN-1001 : 5516 nets have 2 pins
RUN-1001 : 1738 nets have [3 - 5] pins
RUN-1001 : 430 nets have [6 - 10] pins
RUN-1001 : 119 nets have [11 - 20] pins
RUN-1001 : 142 nets have [21 - 99] pins
RUN-1001 : 6 nets have 100+ pins
PHY-3001 : Target density is 41%
RUN-1002 : start command "start_timer"
8.000000
40.000000
10.000000
8.000000
PHY-1001 : End Stage 2.8.1 | Packing; Time: 2.502858s wall, 2.453125s user + 0.015625s system = 2.468750s CPU (98.6%); Memory(MB): used = 323, reserved = 316, peak = 323;

PHY-1001 : Stage 2.8.2 | Post Pack GP
PHY-3001 : Target density is 40%
PHY-3001 : Cell area utilization is 40%
PHY-3001 : After packing: Len = 277465, Over = 48
PHY-3001 : Target density is 40%
PHY-1001 : Stage 2.8.2.1 | Update Timing
PHY-1001 : SWNS: -7815, STNS: -310871, FEP: 108
PHY-1001 : End Stage 2.8.2.1 | Update Timing; Time: 0.053035s wall, 0.046875s user + 0.000000s system = 0.046875s CPU (88.4%); Memory(MB): used = 324, reserved = 316, peak = 324;

PHY-1001 : Stage 2.8.2.2 | Refresh Congestion
RUN-1001 : Generating global routing grids ...
PHY-1001 : Generate routing nets ...
PHY-1001 : Reuse net number 3240/6625.
PHY-1001 : Global iterations in 32 thread ...
PHY-1002 : len = 333744, over cnt = 443(1%), over = 678, worst = 9
PHY-1002 : len = 337728, over cnt = 236(0%), over = 325, worst = 5
PHY-1002 : len = 339792, over cnt = 104(0%), over = 141, worst = 5
PHY-1002 : len = 340936, over cnt = 50(0%), over = 65, worst = 3
PHY-1002 : len = 341576, over cnt = 0(0%), over = 0, worst = 0
PHY-1001 : End global iterations;  0.920219s wall, 1.062500s user + 0.031250s system = 1.093750s CPU (118.9%)

PHY-1001 : Congestion index:
PHY-1001 : top1  = 37.28(S 56.12, N 55.41, E 48.56, W 48.73, I 0.00, O 0.00)
PHY-1001 : top5  = 30.34(S 45.10, N 40.26, E 38.42, W 36.27, I 0.00, O 0.00)
PHY-1001 : top10 = 27.24(S 39.19, N 33.51, E 33.19, W 30.40, I 0.00, O 0.00)
PHY-1001 : top15 = 25.13(S 35.34, N 29.65, E 30.01, W 26.92, I 0.00, O 0.00)
PHY-1001 : End Stage 2.8.2.2 | Refresh Congestion; Time: 1.143225s wall, 1.265625s user + 0.031250s system = 1.296875s CPU (113.4%); Memory(MB): used = 325, reserved = 318, peak = 325;

PHY-1001 : Stage 2.8.2.3 | GP Iteration
PHY-1001 : End Stage 2.8.2.3 | GP Iteration; Time: 1.328915s wall, 5.437500s user + 0.734375s system = 6.171875s CPU (464.4%); Memory(MB): used = 325, reserved = 318, peak = 325;

PHY-3001 : Multithread accelerating rate: 4.65
PHY-1001 : End Stage 2.8.2 | Post Pack GP; Time: 2.538061s wall, 6.765625s user + 0.765625s system = 7.531250s CPU (296.7%); Memory(MB): used = 325, reserved = 318, peak = 325;

PHY-1001 : End Stage 2.8 | Place Packing; Time: 5.041173s wall, 9.218750s user + 0.781250s system = 10.000000s CPU (198.4%); Memory(MB): used = 325, reserved = 318, peak = 325;

PHY-1001 : Stage 2.9 | Legalization
PHY-3001 : Before Legalized: Len = 303710
PHY-3001 : After Legalized: Len = 320070, Over = 0 with grid_size = 160
PHY-1001 : End Stage 2.9 | Legalization; Time: 0.026487s wall, 0.015625s user + 0.015625s system = 0.031250s CPU (118.0%); Memory(MB): used = 325, reserved = 318, peak = 325;

PHY-1001 : Stage 2.10 | Global Placement Step 3
PHY-3001 : Target density is 39%
PHY-1001 : Stage 2.10.1 | Update Timing
PHY-1001 : SWNS: -7865, STNS: -316921, FEP: 108
PHY-1001 : End Stage 2.10.1 | Update Timing; Time: 0.615234s wall, 0.562500s user + 0.000000s system = 0.562500s CPU (91.4%); Memory(MB): used = 326, reserved = 318, peak = 326;

PHY-1001 : Stage 2.10.2 | Refresh Congestion
RUN-1001 : Generating global routing grids ...
PHY-1001 : Generate routing nets ...
PHY-1001 : Reuse net number 189/6942.
PHY-1001 : Global iterations in 32 thread ...
PHY-1002 : len = 370552, over cnt = 565(1%), over = 876, worst = 6
PHY-1002 : len = 374824, over cnt = 321(0%), over = 464, worst = 6
PHY-1002 : len = 379152, over cnt = 84(0%), over = 123, worst = 6
PHY-1002 : len = 379976, over cnt = 24(0%), over = 31, worst = 3
PHY-1002 : len = 380280, over cnt = 0(0%), over = 0, worst = 0
PHY-1001 : End global iterations;  1.688954s wall, 1.687500s user + 0.093750s system = 1.781250s CPU (105.5%)

PHY-1001 : Congestion index:
PHY-1001 : top1  = 42.14(S 59.74, N 53.64, E 52.76, W 49.83, I 0.00, O 0.00)
PHY-1001 : top5  = 34.13(S 48.68, N 43.51, E 40.71, W 39.01, I 0.00, O 0.00)
PHY-1001 : top10 = 30.27(S 41.75, N 37.07, E 34.98, W 33.10, I 0.00, O 0.00)
PHY-1001 : top15 = 27.75(S 37.31, N 32.96, E 31.66, W 29.47, I 0.00, O 0.00)
PHY-1001 : End Stage 2.10.2 | Refresh Congestion; Time: 1.913729s wall, 1.906250s user + 0.093750s system = 2.000000s CPU (104.5%); Memory(MB): used = 331, reserved = 324, peak = 331;

PHY-1001 : Stage 2.10.3 | GP Iteration
PHY-1001 : End Stage 2.10.3 | GP Iteration; Time: 0.321749s wall, 1.250000s user + 0.203125s system = 1.453125s CPU (451.6%); Memory(MB): used = 332, reserved = 324, peak = 332;

PHY-3001 : Multithread accelerating rate: 4.48
PHY-1001 : End Stage 2.10 | Global Placement Step 3; Time: 2.878556s wall, 3.750000s user + 0.312500s system = 4.062500s CPU (141.1%); Memory(MB): used = 332, reserved = 324, peak = 332;

PHY-1001 : Stage 2.11 | Final Legalization
PHY-3001 : Before Legalized: Len = 283615
PHY-3001 : After Legalized: Len = 291138, Over = 0 with grid_size = 160
PHY-1001 : End Stage 2.11 | Final Legalization; Time: 0.016352s wall, 0.015625s user + 0.000000s system = 0.015625s CPU (95.6%); Memory(MB): used = 332, reserved = 324, peak = 332;

PHY-1001 : End Stage 2 | Global Placement; Time: 22.715109s wall, 47.265625s user + 4.343750s system = 51.609375s CPU (227.2%); Memory(MB): used = 332, reserved = 324, peak = 332;

PHY-1001 : Stage 3 | Detailed Placement
PHY-1001 : Stage 3.1 | SLICE Detailed Placement
PHY-1001 : Stage 3.1.1 | Spreading
PHY-3001 : Spreading special nets. 52 overflows in 2952 tiles.
PHY-3001 : End spreading;  0.033489s wall, 0.046875s user + 0.000000s system = 0.046875s CPU (140.0%)

PHY-1001 : End Stage 3.1.1 | Spreading; Time: 0.033716s wall, 0.046875s user + 0.000000s system = 0.046875s CPU (139.0%); Memory(MB): used = 332, reserved = 324, peak = 332;

PHY-3001 : Final: Len = 291562, Over = 0
PHY-1001 : End Stage 3.1 | SLICE Detailed Placement; Time: 0.672516s wall, 0.671875s user + 0.000000s system = 0.671875s CPU (99.9%); Memory(MB): used = 332, reserved = 324, peak = 332;

PHY-3001 : BANK 5 DIFFRESISTOR:NONE VOD:350M VCM:1.2
PHY-3001 : End Detailed Place; 
PHY-1001 : Stage 3.2 | Optimize Design
OPT-1001 : Start physical optimization ...
OPT-1001 : Total overflow 0.00 peak overflow 0.00
OPT-1001 : Stage 3.2.1 | Physical Optimization
OPT-1001 : Start high-fanout net optimization in optimize equivalent flow with medium effort ...
OPT-1001 : Clean unloaded insts before merging registers
PHY-1001 : Populate physical database on model top.
PHY-1001 : Populate physical database on model top.
OPT-1001 : Total overflow 0.00 peak overflow 0.00
OPT-1001 : End optimize duplicated nets. Total 13 instances are merged and 344 sinks are reconnected,  0.114929s wall, 0.125000s user + 0.000000s system = 0.125000s CPU (108.8%)

OPT-1001 : End high-fanout net optimization;  0.115481s wall, 0.125000s user + 0.000000s system = 0.125000s CPU (108.2%)

OPT-1001 : Update timing in Manhattan mode
RUN-1002 : start command "start_timer"
OPT-1001 : End timing update;  1.132209s wall, 1.078125s user + 0.000000s system = 1.078125s CPU (95.2%)

OPT-1001 : Current memory(MB): used = 333, reserved = 324, peak = 333.
OPT-1001 : End Stage 3.2.1 | Physical Optimization; Time: 1.306851s wall, 1.265625s user + 0.000000s system = 1.265625s CPU (96.8%); Memory(MB): used = 333, reserved = 324, peak = 333;

OPT-1001 : Stage 3.2.2 | Synthesize High-fanout Net
OPT-1001 : Start high-fanout net optimization in post-pack flow with medium effort ...
OPT-1001 : Start: SWNS -7815 STNS -315221 NUM_FEPS 108
OPT-1001 : Total overflow 0.00 peak overflow 0.00
DBG-001 :  select 2 high fanout candidates
DBG-001 :  crit level 1 net count 0 (fanout thres 50)
DBG-001 :  crit level 2 net count 0 (fanout thres 50)
DBG-001 :  crit level 3 net count 0 (fanout thres 40)
DBG-001 :  crit level 4 net count 2 (fanout thres 30)
DBG-001 :  crit level 5 net count 0 (fanout thres 30)
DBG-001 :  crit level 6 net count 0 (fanout thres 30)
PHY-1001 : Populate physical database on model top.
OPT-1001 : 2 high-fanout net processed.
OPT-1001 : Total overflow 0.00 peak overflow 0.00
RUN-1001 : HFN opt statistic
RUN-1001 : ------------------------------------------------------
RUN-1001 :   DriverCell type  |  HFN count  |  Duplicated count  
RUN-1001 : ------------------------------------------------------
RUN-1001 :       LSLICE       |      0      |         0          
RUN-1001 :       MSLICE       |      0      |         0          
RUN-1001 :        OTHER       |      2      |         7          
RUN-1001 :        TOTAL       |      2      |         7          
RUN-1001 : ------------------------------------------------------
OPT-1001 : End high-fanout net optimization;  0.291333s wall, 0.265625s user + 0.015625s system = 0.281250s CPU (96.5%)

OPT-1001 : Current memory(MB): used = 333, reserved = 324, peak = 333.
OPT-1001 : End Stage 3.2.2 | Synthesize High-fanout Net; Time: 0.351740s wall, 0.312500s user + 0.015625s system = 0.328125s CPU (93.3%); Memory(MB): used = 333, reserved = 324, peak = 333;

OPT-1001 : Stage 3.2.3 | Optimize Path
OPT-1001 : Start path based optimization ...
OPT-0007 : Start: SWNS -7815 STNS -315221 NUM_FEPS 108 with mode 0
OPT-1001 : Start congestion update ...
RUN-1001 : Generating global routing grids ...
PHY-1001 : Generate routing nets ...
PHY-1001 : Reuse net number 1486/6867.
PHY-1001 : Global iterations in 32 thread ...
PHY-1002 : len = 344064, over cnt = 606(1%), over = 968, worst = 6
PHY-1002 : len = 348736, over cnt = 354(1%), over = 514, worst = 6
PHY-1002 : len = 351568, over cnt = 211(0%), over = 299, worst = 5
PHY-1002 : len = 353280, over cnt = 94(0%), over = 139, worst = 5
PHY-1002 : len = 355024, over cnt = 0(0%), over = 0, worst = 0
PHY-1001 : End global iterations;  1.716845s wall, 1.796875s user + 0.015625s system = 1.812500s CPU (105.6%)

PHY-1001 : Congestion index:
PHY-1001 : top1  = 42.18(S 57.93, N 54.98, E 49.27, W 49.76, I 0.00, O 0.00)
PHY-1001 : top5  = 33.42(S 46.45, N 43.01, E 39.14, W 38.49, I 0.00, O 0.00)
PHY-1001 : top10 = 29.46(S 39.98, N 35.88, E 34.33, W 32.01, I 0.00, O 0.00)
PHY-1001 : top15 = 26.93(S 35.84, N 31.72, E 31.31, W 28.28, I 0.00, O 0.00)
OPT-1001 : End congestion update;  1.951216s wall, 2.031250s user + 0.031250s system = 2.062500s CPU (105.7%)

PHY-3001 : Start incremental legalization ...
PHY-1001 : Populate physical database on model top.
PHY-7002 CRITICAL-WARNING: Instance U3/sdram location (12, 12) is not honored. Cell's initial location is not legal at the beginning of ECO placement, and will be moved during placement. Please verify user location constraints through the adc file.
PHY-3001 : Target density is 33%
PHY-3001 : Target density is 40%
PHY-3001 : Initial: Len = 297196, Over = 0
PHY-3001 : End spreading;  0.029513s wall, 0.031250s user + 0.000000s system = 0.031250s CPU (105.9%)

PHY-3001 : Final: Len = 297196, Over = 0
PHY-3001 : End incremental legalization;  0.205265s wall, 0.187500s user + 0.000000s system = 0.187500s CPU (91.3%)

OPT-0007 : Iter 1: improved SWNS -7815 STNS -315221 NUM_FEPS 108 with 32(1115) cells and 594(594) paths processed with 11550 slack improved, crit_thod: 2159 ratio: 1.00(32/32) rt: 0.6s
OPT-0007 : Iter 2: improved SWNS -7815 STNS -315221 NUM_FEPS 108 with 0(0) cells and 0(0) paths processed with 0 slack improved, crit_thod: 2194 ratio: -1.00(0/0) rt: 0.0s
OPT-1001 : End path based optimization;  2.554460s wall, 2.593750s user + 0.031250s system = 2.625000s CPU (102.8%)

OPT-1001 : Update timing in Manhattan mode
OPT-1001 : End timing update;  0.698022s wall, 0.687500s user + 0.000000s system = 0.687500s CPU (98.5%)

OPT-1001 : Current memory(MB): used = 337, reserved = 329, peak = 337.
OPT-1001 : End Stage 3.2.3 | Optimize Path; Time: 3.327391s wall, 3.343750s user + 0.031250s system = 3.375000s CPU (101.4%); Memory(MB): used = 337, reserved = 329, peak = 337;

OPT-1001 : Stage 3.2.4 | Optimize Duplicated Nets
OPT-1001 : Start: WNS -6865 TNS -295717 NUM_FEPS 96
OPT-1001 : Clean unloaded insts before merging registers
PHY-1001 : Populate physical database on model top.
PHY-1001 : Populate physical database on model top.
OPT-1001 : Total overflow 0.00 peak overflow 0.00
OPT-1001 : End optimize duplicated nets. Total 0 instances are merged and 18 sinks are reconnected,  0.210695s wall, 0.218750s user + 0.000000s system = 0.218750s CPU (103.8%)

OPT-1001 : Update timing in Manhattan mode
RUN-1002 : start command "start_timer"
OPT-1001 : End timing update;  1.189477s wall, 1.140625s user + 0.000000s system = 1.140625s CPU (95.9%)

OPT-1001 : Current memory(MB): used = 337, reserved = 329, peak = 337.
OPT-1001 : End Stage 3.2.4 | Optimize Duplicated Nets; Time: 1.467561s wall, 1.421875s user + 0.000000s system = 1.421875s CPU (96.9%); Memory(MB): used = 337, reserved = 329, peak = 337;

OPT-1001 : Stage 3.2.5 | Swap Pins
OPT-1001 : Start pin optimization...
OPT-1001 : skip pin optimization...
OPT-1001 : Current memory(MB): used = 337, reserved = 329, peak = 337.
OPT-1001 : End Stage 3.2.5 | Swap Pins; Time: 0.062536s wall, 0.062500s user + 0.000000s system = 0.062500s CPU (99.9%); Memory(MB): used = 337, reserved = 329, peak = 337;

OPT-0007 : End flow postpack: SWNS -6865 STNS -295717 NUM_FEPS 96
RUN-1001 : Generating global routing grids ...
PHY-1001 : Generate routing nets ...
PHY-1001 : Reuse net number 6759/6867.
PHY-1001 : Global iterations in 32 thread ...
PHY-1002 : len = 361448, over cnt = 30(0%), over = 39, worst = 2
PHY-1002 : len = 361728, over cnt = 12(0%), over = 15, worst = 2
PHY-1002 : len = 361896, over cnt = 4(0%), over = 5, worst = 2
PHY-1002 : len = 361896, over cnt = 3(0%), over = 3, worst = 1
PHY-1002 : len = 361944, over cnt = 0(0%), over = 0, worst = 0
PHY-1001 : End global iterations;  0.232631s wall, 0.203125s user + 0.000000s system = 0.203125s CPU (87.3%)

PHY-1001 : Congestion index:
PHY-1001 : top1  = 42.34(S 57.84, N 54.89, E 49.48, W 50.28, I 0.00, O 0.00)
PHY-1001 : top5  = 33.71(S 46.56, N 43.19, E 39.40, W 38.67, I 0.00, O 0.00)
PHY-1001 : top10 = 29.71(S 40.09, N 36.22, E 34.66, W 32.14, I 0.00, O 0.00)
PHY-1001 : top15 = 27.16(S 35.92, N 32.01, E 31.68, W 28.42, I 0.00, O 0.00)
RUN-1001 : QoR Analysis:
OPT-0007 :   SWNS -6865 STNS -295717 NUM_FEPS 96
RUN-1001 :   No local congestion issue, and most congested 1% tile average routing util is 41.931034
RUN-1001 :   Top critical paths
RUN-1001 :       #1 path slack -6865ps with logic level 2 
RUN-1001 :       #2 path slack -6865ps with logic level 2 
RUN-1001 :       #3 path slack -6815ps with logic level 2 
RUN-1001 :       #4 path slack -6815ps with logic level 2 
RUN-1001 :       #5 path slack -6793ps with logic level 2 
RUN-1001 :       #6 path slack -6793ps with logic level 2 
RUN-1001 :   0 HFN exist on timing critical paths out of 7942 nets
RUN-1001 :   0 long nets exist on timing critical paths out of 7942 nets
OPT-1001 : End physical optimization;  7.065652s wall, 6.921875s user + 0.062500s system = 6.984375s CPU (98.8%)

PHY-1001 : End Stage 3.2 | Optimize Design; Time: 7.065838s wall, 6.921875s user + 0.062500s system = 6.984375s CPU (98.8%); Memory(MB): used = 337, reserved = 329, peak = 337;

PHY-1001 : End Stage 3 | Detailed Placement; Time: 7.748776s wall, 7.609375s user + 0.062500s system = 7.671875s CPU (99.0%); Memory(MB): used = 337, reserved = 329, peak = 337;

PHY-1001 : Stage 4 | Optimize Design
PHY-3001 : Start incremental legalization ...
PHY-1001 : Populate physical database on model top.
PHY-7002 CRITICAL-WARNING: Instance U3/sdram location (164, 288) is not honored. Cell's initial location is not legal at the beginning of ECO placement, and will be moved during placement. Please verify user location constraints through the adc file.
PHY-3001 : Target density is 33%
PHY-3001 : Target density is 40%
PHY-3001 : Initial: Len = 297180, Over = 0
PHY-1001 : Stage 4.1 | Spreading
PHY-3001 : End spreading;  0.028998s wall, 0.031250s user + 0.000000s system = 0.031250s CPU (107.8%)

PHY-1001 : End Stage 4.1 | Spreading; Time: 0.029234s wall, 0.031250s user + 0.000000s system = 0.031250s CPU (106.9%); Memory(MB): used = 338, reserved = 329, peak = 338;

PHY-3001 : Final: Len = 297180, Over = 0
PHY-3001 : End incremental legalization;  0.198732s wall, 0.203125s user + 0.000000s system = 0.203125s CPU (102.2%)

RUN-1002 : start command "report_qor -step place -file place.qor"
RUN-1002 : start command "start_timer"
TMR-2502 : Net delay update with mode: Placed
RUN-1001 : Generating global routing grids ...
-----------------------------------------------------------
| QoR metrics               |         value               |
-----------------------------------------------------------
| Timing                    |                             |
|     Setup WNS             |        -6865                |
|     Setup TNS             |      -295717                |
|     Num of violated S-EP  |           96                |
|     FMAX                  |    67.272MHz                |
|     SWNS path clock period |       8000ps                |
|     Hold WNS              |          -11                |
|     Hold TNS              |          -77                |
|     Num of violated H-EP  |            7                |
-----------------------------------------------------------
| Routing Resource          |                             |
|     Wire length           |       295739                |
-----------------------------------------------------------
| Utilization               |                             |
|     #slices               |         3319                |
|     slices percentage     |       33.87%                |
|     #RAMs                 |           20                |
|     #DSPs                 |            0                |
|     #DRAMHARDCON          |            0                |
-----------------------------------------------------------
| Congestion                |                             |
|     Top 1% tile util      |           38                |
|     Top 1% tile avg util  |       41.93%                |
|     Over 100% util #tile  |            0                |
-----------------------------------------------------------
Report place stage QoR done.

RUN-1003 : finish command "report_qor -step place -file place.qor" in  1.573895s wall, 1.562500s user + 0.000000s system = 1.562500s CPU (99.3%)

RUN-1004 : used memory is 338 MB, reserved memory is 329 MB, peak memory is 338 MB
PHY-1001 : End Stage 4 | Optimize Design; Time: 1.779470s wall, 1.781250s user + 0.000000s system = 1.781250s CPU (100.1%); Memory(MB): used = 338, reserved = 329, peak = 338;

PHY-1001 : Stage 5 | DRC Check
PHY-1001 : Stage 5.1 | Force Route Constraint Check
PHY-1001 : Check Pass.
PHY-1001 : End Stage 5.1 | Force Route Constraint Check; Time: 0.001428s wall, 0.000000s user + 0.000000s system = 0.000000s CPU (n/a%); Memory(MB): used = 338, reserved = 329, peak = 338;

PHY-1001 : Stage 5.2 | Duplicated SelfDriven Check
PHY-1001 : Check pass.
PHY-1001 : End Stage 5.2 | Duplicated SelfDriven Check; Time: 0.015425s wall, 0.015625s user + 0.000000s system = 0.015625s CPU (101.3%); Memory(MB): used = 338, reserved = 329, peak = 338;

PHY-1001 : Stage 5.3 | Clock Rule Check
PHY-1001 : End Stage 5.3 | Clock Rule Check; Time: 0.001571s wall, 0.000000s user + 0.000000s system = 0.000000s CPU (n/a%); Memory(MB): used = 338, reserved = 329, peak = 338;

PHY-1001 : End Stage 5 | DRC Check; Time: 0.043116s wall, 0.046875s user + 0.000000s system = 0.046875s CPU (108.7%); Memory(MB): used = 338, reserved = 329, peak = 338;

OPT-1001 : QoR tracer report on placement steps:
    SWNS [   incr ]     STNS [    incr ]    FEPS [   incr ]    CRIT [   incr ]      CELL [     incr ]        WL [     incr ]    CONG [   incr ]    PDES [   incr ]   RT(s) [   incr ]   MEM(mb) [     incr ]
       0 [      0 ]        0 [       0 ]       0 [      0 ]       0 [      0 ]      8511 [        0 ]         0 [        0 ]    0.00 [   0.00 ]       0 [      0 ]       0 [      0 ]       164 [        0 ] : preplace:simplify_lut
       0 [      0 ]        0 [       0 ]       0 [      0 ]       0 [      0 ]      8511 [        0 ]         0 [        0 ]    0.00 [   0.00 ]       0 [      0 ]       0 [      0 ]       164 [        0 ] : preplace:sweep
       0 [      0 ]        0 [       0 ]       0 [      0 ]       0 [      0 ]      8511 [        0 ]         0 [        0 ]    0.00 [   0.00 ]       0 [      0 ]       0 [      0 ]       164 [        0 ] : preplace:hfn_opt
   -7965 [  -7965 ]  -332762 [ -332762 ]     112 [    112 ]    2521 [   2521 ]      8511 [        0 ]    220790 [   220790 ]    0.00 [   0.00 ]       0 [      0 ]       2 [      2 ]       270 [      106 ] : step1_gp
   -7965 [      0 ]  -332762 [       0 ]     112 [      0 ]    2519 [     -2 ]      8511 [        0 ]    224396 [     3606 ]    0.00 [   0.00 ]       0 [      0 ]       3 [      1 ]       270 [        0 ] : step1_legal
   -7915 [     50 ]  -325762 [    7000 ]     112 [      0 ]    2463 [    -56 ]      8511 [        0 ]    304309 [    79913 ]   54.52 [  54.52 ]       0 [      0 ]       8 [      5 ]       307 [       37 ] : step2_gp
   -7815 [    100 ]  -321974 [    3788 ]     113 [      1 ]    2837 [    374 ]      8549 [       38 ]    274183 [   -30126 ]   47.48 [  -7.03 ]       0 [      0 ]      12 [      4 ]       314 [        7 ] : prepack:hfn_opt
   -7815 [      0 ]  -321712 [     262 ]     112 [     -1 ]    2837 [      0 ]      8549 [        0 ]    274353 [      170 ]   37.34 [ -10.14 ]       0 [      0 ]      14 [      2 ]       314 [        0 ] : prepack:global_opt
   -7815 [      0 ]  -310871 [   10841 ]     108 [     -4 ]    3011 [    174 ]      3445 [    -5104 ]    276022 [     1669 ]   37.34 [   0.00 ]       0 [      0 ]      17 [      3 ]       323 [        9 ] : pack
   -7815 [      0 ]  -315221 [   -4350 ]     108 [      0 ]    2998 [    -13 ]      3445 [        0 ]    289695 [    13673 ]   41.76 [   4.41 ]       0 [      0 ]      23 [      6 ]       332 [        9 ] : post_pack_place
   -7815 [      0 ]  -315221 [       0 ]     108 [      0 ]    2998 [      0 ]      3445 [        0 ]    290119 [      424 ]   41.76 [   0.00 ]       0 [      0 ]      24 [      1 ]       332 [        0 ] : post_pack_spreading
   -7815 [      0 ]  -315221 [       0 ]     108 [      0 ]    2996 [     -2 ]      3442 [       -3 ]    288673 [    -1446 ]   41.76 [   0.00 ]       0 [      0 ]      25 [      1 ]       333 [        1 ] : postpack:optimize_equivalent_quick
   -7815 [      0 ]  -315221 [       0 ]     108 [      0 ]    2998 [      2 ]      3449 [        7 ]    289357 [      684 ]   41.76 [   0.00 ]       0 [      0 ]      25 [      0 ]       333 [        0 ] : postpack:hfn_opt
   -6865 [    950 ]  -295717 [   19504 ]      96 [    -12 ]    3023 [     25 ]      3449 [        0 ]    295755 [     6398 ]   41.83 [   0.07 ]       0 [      0 ]      29 [      4 ]       337 [        4 ] : postpack:path_opt
   -6865 [      0 ]  -295717 [       0 ]      96 [      0 ]    3023 [      0 ]      3449 [        0 ]    295739 [      -16 ]   41.83 [   0.00 ]       0 [      0 ]      30 [      1 ]       337 [        0 ] : postpack:optimize_equivalent
   -6865 [      0 ]  -295717 [       0 ]      96 [      0 ]    3023 [      0 ]      3449 [        0 ]    295739 [        0 ]   41.83 [   0.00 ]       0 [      0 ]      30 [      0 ]       337 [        0 ] : postpack:pin_opt

RUN-1003 : finish command "place" in  33.097178s wall, 57.500000s user + 4.406250s system = 61.906250s CPU (187.0%)

RUN-1004 : used memory is 338 MB, reserved memory is 329 MB, peak memory is 338 MB
RUN-1002 : start command "update_timing -mode manhattan"
RUN-1002 : start command "start_timer"
RUN-1003 : finish command "update_timing -mode manhattan" in  1.212796s wall, 1.187500s user + 0.000000s system = 1.187500s CPU (97.9%)

RUN-1004 : used memory is 338 MB, reserved memory is 329 MB, peak memory is 338 MB
RUN-1002 : start command "report_timing_status -file HDMI1.4b_Transmitter_v1.0_place.ts"
RUN-1002 : start command "report_timing_summary -file HDMI1.4b_Transmitter_v1.0_place.timing"
RUN-1002 : start command "report_area -io_info -file HDMI1.4b_Transmitter_v1.0_phy.area"
RUN-1001 : standard
***Report Model: top Device: EG4S20BG256***

IO Statistics
#IO                        28   out of    188   14.89%
  #input                    5
  #output                  22
  #inout                    1

Utilization Statistics
#lut                     5115   out of  19600   26.10%
#reg                     4205   out of  19600   21.45%
#le                      6125
  #lut only              1920   out of   6125   31.35%
  #reg only              1010   out of   6125   16.49%
  #lut&reg               3195   out of   6125   52.16%
#bram                      20   out of     64   31.25%
  #bram9k                  20
  #fifo9k                   0
#bram32k                    0   out of     16    0.00%
#dsp                        0   out of     29    0.00%
#pad                       32   out of    188   17.02%
  #ireg                     2
  #oreg                    21
  #treg                     1
#pll                        3   out of      4   75.00%
#gclk                       3   out of     16   18.75%

RUN-1002 : start command "flow_status -file place_flow.status"
Location         : D:\Nizhenghang\Project\2026Anlu1\src\td_project\HDMI1.4b_Transmitter_v1.0_Runs\phy_1
Running with     : Tang Dynasty v6.2.178840
                   Copyright (c) 2012-2025 Anlogic Inc.
Top Model        : top
Device           : EG4S20BG256
Speed            : NA

Timing Mode      : manhattan
Setup            : WNS -6865ps  TNS  -295717ps  NUM_FEPS    96
Hold             : WNS   -11ps  TNS      -77ps  NUM_FEPS     7

Flow Statistics  :
RUN-1001 : Flow Statistics:
RUN-1001 : --------------------------------------------------------------------------------------------------
RUN-1001 :      command     |  #calls  |  wall time  |  cpu time(s)  |  used memory(mb)  |  peak memory(mb)  
RUN-1001 : --------------------------------------------------------------------------------------------------
RUN-1001 :       place      |    1     |  33s(100%)  |   61(100%)    |        338        |        338        
RUN-1001 :     import_db    |    1     |   0s(0%)    |     0(0%)     |        163        |        163        
RUN-1001 :   import_device  |    1     |   0s(0%)    |     0(0%)     |        83         |        83         
RUN-1001 : --------------------------------------------------------------------------------------------------
RUN-1001 :       total      |    3     |     33s     |      61       |        338        |        338        
RUN-1001 : --------------------------------------------------------------------------------------------------
RUN-1002 : start command "report_clock_utilization -file place_clock_utilization.txt"
RUN-1001 : Device not support command report_clock_utilization.
RUN-1002 : start command "export_db HDMI1.4b_Transmitter_v1.0_place.db"
RUN-1001 : Exported flow parameters
RUN-1001 : Exported /
RUN-1001 : Exported libs
RUN-1001 : Exported entities
RUN-1001 : Exported ports
RUN-1001 : Exported pins
RUN-1001 : Exported instances
RUN-1001 : Exported nets
RUN-1001 : Exported buses
RUN-1001 : Exported models
RUN-1001 : Exported phy database
RUN-1001 : Exported packer
RUN-1001 : Exported congestions
RUN-1001 : Exported violations
RUN-1001 : Exported ATMR Setting
RUN-1001 : Exported timing constraints
RUN-1001 : Exported IO constraints
RUN-1001 : Exported Inst constraints
RUN-1001 : Exported ChipWatcher
RUN-1002 : start command "commit_param -step route"
RUN-1001 : Print Global Property
RUN-1001 : --------------------------------------------------------
RUN-1001 :   Parameters   |  Settings  |  Default Values  |  Note  
RUN-1001 : --------------------------------------------------------
RUN-1001 :   enable_seed  |    off     |       off        |        
RUN-1001 :     message    |  standard  |     standard     |        
RUN-1001 :   qor_monitor  |     on     |        on        |        
RUN-1001 :   syn_ip_flow  |    off     |       off        |        
RUN-1001 :     thread     |    auto    |       auto       |        
RUN-1001 : --------------------------------------------------------
RUN-1001 : Print Route Property
RUN-1001 : -------------------------------------------------------
RUN-1001 :   Parameters  |  Settings  |  Default Values  |  Note  
RUN-1001 : -------------------------------------------------------
RUN-1001 :     effort    |   normal   |      normal      |        
RUN-1001 :    fix_hold   |     on     |        on        |        
RUN-1001 :     timing    |     on     |        on        |        
RUN-1001 : -------------------------------------------------------
RUN-1002 : start command "route"
RUN-1001 : Open license file D:/Download/TD/license/Anlogic.lic
PHY-1001 : Route runs in 32 thread(s)
RUN-1001 : There are total 3449 instances
RUN-1001 : 1662 mslices, 1657 lslices, 87 pads, 20 brams, 0 dsps
RUN-1001 : There are total 7942 nets
RUN-1001 : 5516 nets have 2 pins
RUN-1001 : 1737 nets have [3 - 5] pins
RUN-1001 : 430 nets have [6 - 10] pins
RUN-1001 : 124 nets have [11 - 20] pins
RUN-1001 : 129 nets have [21 - 99] pins
RUN-1001 : 6 nets have 100+ pins
RUN-1002 : start command "start_timer"
PHY-1001 : 1662 mslices, 1657 lslices, 87 pads, 20 brams, 0 dsps

PHY-1001 : Stage 1 | Global Routing
PHY-1001 : Start global routing, caller is route ...
RUN-1001 : Generating global routing grids ...
PHY-1001 : Generate routing nets ...
RUN-1001 : Generate nets statistics:
RUN-1001 : ----------------------------
RUN-1001 :        Type       |  Nets   
RUN-1001 : ----------------------------
RUN-1001 :   TotalRouteNets  |  7214   
RUN-1001 :   DontRouteNets   |   642   
RUN-1001 :     RouteNets     |  6572   
RUN-1001 :     RouteSinks    |  14468  
RUN-1001 : ----------------------------
PHY-1001 : Global iterations in 32 thread ...
PHY-1002 : len = 346392, over cnt = 635(1%), over = 1065, worst = 6
PHY-1002 : len = 352872, over cnt = 335(0%), over = 482, worst = 6
PHY-1002 : len = 356856, over cnt = 101(0%), over = 123, worst = 5
PHY-1002 : len = 358176, over cnt = 24(0%), over = 37, worst = 5
PHY-1002 : len = 358528, over cnt = 0(0%), over = 0, worst = 0
PHY-1001 : End global iterations;  1.626822s wall, 1.734375s user + 0.031250s system = 1.765625s CPU (108.5%)

PHY-1001 : Congestion index:
PHY-1001 : top1  = 41.01(S 56.72, N 55.47, E 51.08, W 48.88, I 0.00, O 0.00)
PHY-1001 : top5  = 33.17(S 45.31, N 42.63, E 39.84, W 37.80, I 0.00, O 0.00)
PHY-1001 : top10 = 29.38(S 39.51, N 35.62, E 34.88, W 31.84, I 0.00, O 0.00)
PHY-1001 : top15 = 26.91(S 35.58, N 31.59, E 31.71, W 28.26, I 0.00, O 0.00)
PHY-1001 : End global routing;  1.881871s wall, 2.000000s user + 0.031250s system = 2.031250s CPU (107.9%)

PHY-1001 : End Stage 1 | Global Routing; Time: 1.882007s wall, 2.000000s user + 0.031250s system = 2.031250s CPU (107.9%); Memory(MB): used = 355, reserved = 458, peak = 355;

PHY-1001 : Stage 2 | Detail Routing
PHY-1001 : Stage 2.1 | Build Routing Design
PHY-1001 : Routing in high effort: false
PHY-1001 : Routing Mode: normal
PHY-1001 : Generate detailed routing grids ...
PHY-1001 : End build routing graph; 4.834990s wall, 4.718750s user + 0.093750s system = 4.812500s CPU (99.5%)

PHY-1001 : Generate nets ...
PHY-1001 : net clk_dup_1 will be routed on clock mesh
PHY-1001 : net U3/u2_ram/SDRAM_CLK will be routed on clock mesh
PHY-1001 : net U3/u2_ram/u1_init_ref/Sdr_clk will be routed on clock mesh
PHY-1001 : net u_hdmi_audio_tone_i2s_64fs/I_mclk will be routed on clock mesh
PHY-1001 : clock net sd_card_bmp_m0/bmp_read_m0/clk will be merged with clock sys_pll_m0/clk0_buf
PHY-1001 : clock net u_I2S_receiver/I_clk will be merged with clock video_pll_m0/clk0_buf
PHY-1001 : clock net u_audio_pll/clk0_out will be merged with clock u_audio_pll/clk0_buf
PHY-1001 : net u_hdmi2phy_wrapper/u0_lane_lvds_8_1/I_serial_clk will be routed on clock mesh
RUN-1001 : Generate nets statistics:
RUN-1001 : ------------------------------
RUN-1001 :         Type        |  Nets   
RUN-1001 : ------------------------------
RUN-1001 :        Route        |  7214   
RUN-1001 :      DontRoute      |   728   
RUN-1001 :      RouteSinks     |  22205  
RUN-1001 :   RouteEntitySinks  |    0    
RUN-1001 :       Lut2Dff       |    0    
RUN-1001 :       Ram2Dff       |    0    
RUN-1001 :      Carry2Dff      |    0    
RUN-1001 : ------------------------------
RUN-1001 : DR clock net summary:
RUN-1001 : -------------------------------------------------------------------------------
RUN-1001 :   Net Idx  |                      Net Name                      |  Clock Type  
RUN-1001 : -------------------------------------------------------------------------------
RUN-1001 :      1     |                U3/u2_ram/SDRAM_CLK                 |    Normal    
RUN-1001 :      2     |           U3/u2_ram/u1_init_ref/Sdr_clk            |    Normal    
RUN-1001 :      3     |                     clk_dup_1                      |    Normal    
RUN-1001 :      4     |           sd_card_bmp_m0/bmp_read_m0/clk           |    Normal    
RUN-1001 :      5     |                u_I2S_receiver/I_clk                |    Normal    
RUN-1001 :      6     |                u_audio_pll/clk0_out                |    Normal    
RUN-1001 :      7     |  u_hdmi2phy_wrapper/u0_lane_lvds_8_1/I_serial_clk  |    Normal    
RUN-1001 :      8     |         u_hdmi_audio_tone_i2s_64fs/I_mclk          |    Normal    
RUN-1001 : -------------------------------------------------------------------------------
RUN-1001 : DR clock buffer summary:
RUN-1001 : ----------------
RUN-1001 :   Idx  |  Name  
RUN-1001 : ----------------
RUN-1001 : ----------------
PHY-1001 : End Stage 2.1 | Build Routing Design; Time: 5.144482s wall, 5.015625s user + 0.093750s system = 5.109375s CPU (99.3%); Memory(MB): used = 625, reserved = 617, peak = 625;

RUN-1001 : Top Percentage Crit. Net Stat.
RUN-1001 : -------------------------------------------------------
RUN-1001 :   Top %  |  Net Count  |  Avg. Fanout  |  Avg. Slack   
RUN-1001 : -------------------------------------------------------
RUN-1001 :     1    |     79      |   3.101266    |  1451.860759  
RUN-1001 :     2    |     158     |   2.791139    |  1880.487342  
RUN-1001 :     3    |     238     |   2.697479    |  2113.676471  
RUN-1001 :     4    |     317     |   2.864353    |  2281.334385  
RUN-1001 :     5    |     397     |   2.929471    |  2418.516373  
RUN-1001 :     6    |     476     |   2.985294    |  2525.941176  
RUN-1001 :     7    |     555     |   2.935135    |  2616.200000  
RUN-1001 :     8    |     635     |   2.771654    |  2697.335433  
RUN-1001 :     9    |     714     |   2.728291    |  2773.219888  
RUN-1001 :    10    |     794     |   2.768262    |  2846.277078  
RUN-1001 : -------------------------------------------------------
PHY-1001 : Stage 2.2 | Clock Nets Routing
PHY-1001 : Routed 0% nets.
PHY-1001 : len = 155696, over cnt = 0(0%), over = 0, worst = 0, crit = 0
PHY-1001 : End Stage 2.2 | Clock Nets Routing; Time: 6.164399s wall, 6.062500s user + 0.015625s system = 6.078125s CPU (98.6%); Memory(MB): used = 657, reserved = 649, peak = 657;

PHY-1001 : Stage 2.3 | Routing Initialization
PHY-1001 : Mark 1% net(place mode slack < 2194ps) as critical nets.
PHY-1001 : Stage 2.3.1 | Normal Nets Routing
PHY-1001 : Routed 90% nets.
PHY-1001 : len = 640488, over cnt = 437(0%), over = 438, worst = 2, crit = 0
PHY-1001 : End Stage 2.3.1 | Normal Nets Routing; Time: 15.431199s wall, 25.390625s user + 0.953125s system = 26.343750s CPU (170.7%); Memory(MB): used = 662, reserved = 653, peak = 662;

PHY-1001 : Stage 2.3.2 | Update Timing
RUN-1002 : start command "start_timer"
8.000000
40.000000
10.000000
8.000000
PHY-1001 : 366/7214(5%) critical/total net(s).
PHY-1001 : Setup: WNS(ns) = -6.301, TNS(ns) = -363.097, FEP = 180 | Hold: WNS(ns) = -1.327, TNS(ns) = -1.396, FEP = 7.
PHY-1001 : End Stage 2.3.2 | Update Timing; Time: 1.609900s wall, 1.562500s user + 0.015625s system = 1.578125s CPU (98.0%); Memory(MB): used = 667, reserved = 657, peak = 667;

PHY-1001 : End Stage 2.3 | Routing Initialization; Time: 17.070313s wall, 27.031250s user + 1.015625s system = 28.046875s CPU (164.3%); Memory(MB): used = 667, reserved = 657, peak = 667;

PHY-1001 : Stage 2.4 | Routing Optimization
PHY-1001 : Build lut bridge;  0.144171s wall, 0.109375s user + 0.000000s system = 0.109375s CPU (75.9%)

PHY-1001 : Stage 2.4.1 | Phase 1
PHY-1001 : Stage 2.4.1.1 | Setup TimeOptimization
PHY-1001 : Start to optimize setup violation with net base ...
PHY-1001 : Iter 1; Processed 106 pins with SWNS -6.301ns STNS -324.357ns FEP 114 took 3.34852 seconds.
PHY-1001 : len = 642096, over cnt = 496(0%), over = 497, worst = 2, crit = 1
PHY-1001 : End Stage 2.4.1.1 | Setup TimeOptimization; Time: 3.427315s wall, 3.171875s user + 0.078125s system = 3.250000s CPU (94.8%); Memory(MB): used = 669, reserved = 660, peak = 669;

PHY-1001 : Stage 2.4.1.2 | Rip-up And ReRoute
PHY-1001 : Iter 1: len = 643376, over cnt = 121(0%), over = 121, worst = 1, crit = 0, time(s) = 0.87
PHY-1001 : Iter 2: len = 643176, over cnt = 54(0%), over = 54, worst = 1, crit = 0, time(s) = 0.17
PHY-1001 : Iter 3: len = 643296, over cnt = 44(0%), over = 44, worst = 1, crit = 0, time(s) = 0.14
PHY-1001 : Iter 4: len = 643528, over cnt = 11(0%), over = 11, worst = 1, crit = 0, time(s) = 0.09
PHY-1001 : Iter 5: len = 643552, over cnt = 9(0%), over = 9, worst = 1, crit = 0, time(s) = 0.04
PHY-1001 : Iter 6: len = 643552, over cnt = 9(0%), over = 9, worst = 1, crit = 0, time(s) = 0.04
PHY-1001 : Iter 7: len = 643552, over cnt = 9(0%), over = 9, worst = 1, crit = 0, time(s) = 0.04
PHY-1001 : Iter 8: len = 643768, over cnt = 2(0%), over = 2, worst = 1, crit = 0, time(s) = 0.03
PHY-1001 : Iter 9: len = 643784, over cnt = 1(0%), over = 1, worst = 1, crit = 0, time(s) = 0.02
PHY-1001 : Iter 10: len = 643784, over cnt = 1(0%), over = 1, worst = 1, crit = 0, time(s) = 0.02
PHY-1001 : Iter 11: len = 643784, over cnt = 1(0%), over = 1, worst = 1, crit = 0, time(s) = 0.02
PHY-1001 : Iter 12: len = 643784, over cnt = 0(0%), over = 0, worst = 0, crit = 0, time(s) = 0.02
PHY-1001 : End Stage 2.4.1.2 | Rip-up And ReRoute; Time: 1.546282s wall, 2.328125s user + 0.046875s system = 2.375000s CPU (153.6%); Memory(MB): used = 671, reserved = 662, peak = 671;

PHY-1001 : Stage 2.4.1.3 | Update Timing
RUN-1002 : start command "start_timer"
PHY-1001 : 215/7214(2%) critical/total net(s).
PHY-1001 : Setup: WNS(ns) = -6.301, TNS(ns) = -343.713, FEP = 157 | Hold: WNS(ns) = -1.327, TNS(ns) = -1.396, FEP = 7.
PHY-1001 : End Stage 2.4.1.3 | Update Timing; Time: 1.504928s wall, 1.421875s user + 0.031250s system = 1.453125s CPU (96.6%); Memory(MB): used = 671, reserved = 662, peak = 671;

PHY-1001 : Stage 2.4.1.4 | Commit Data
PHY-1001 : Commit better result to database ...
PHY-1001 : 126 feed throughs used by 96 nets
PHY-1001 : End Stage 2.4.1.4 | Commit Data; Time: 0.974288s wall, 0.937500s user + 0.015625s system = 0.953125s CPU (97.8%); Memory(MB): used = 695, reserved = 686, peak = 695;

PHY-1001 : End Stage 2.4.1 | Phase 1; Time: 7.543000s wall, 7.937500s user + 0.171875s system = 8.109375s CPU (107.5%); Memory(MB): used = 695, reserved = 686, peak = 695;

PHY-1001 : Stage 2.4.2 | Phase 2
PHY-1001 : Stage 2.4.2.1 | Setup TimeOptimization
PHY-1001 : Start to optimize setup violation with net base ...
PHY-1001 : Iter 1; Processed 43 pins with SWNS -6.301ns STNS -324.410ns FEP 116 took 1.19455 seconds.
PHY-1001 : len = 644152, over cnt = 16(0%), over = 16, worst = 1, crit = 0
PHY-1001 : End Stage 2.4.2.1 | Setup TimeOptimization; Time: 1.272879s wall, 1.437500s user + 0.015625s system = 1.453125s CPU (114.2%); Memory(MB): used = 696, reserved = 686, peak = 696;

PHY-1001 : Stage 2.4.2.2 | Rip-up And ReRoute
PHY-0007 : Congestion: {43.69, 36.79, 33.15, 31.02}; Timing: {-6.301ns, -324.410ns, 116}
PHY-1001 : Iter 1: len = 644000, over cnt = 1(0%), over = 1, worst = 1, crit = 0, time(s) = 0.04
PHY-1001 : Iter 2: len = 643952, over cnt = 0(0%), over = 0, worst = 0, crit = 0, time(s) = 0.03
PHY-1001 : End Stage 2.4.2.2 | Rip-up And ReRoute; Time: 0.089147s wall, 0.093750s user + 0.000000s system = 0.093750s CPU (105.2%); Memory(MB): used = 696, reserved = 686, peak = 696;

PHY-1001 : Stage 2.4.2.3 | Update Timing
RUN-1002 : start command "start_timer"
PHY-1001 : 173/7214(2%) critical/total net(s).
PHY-1001 : Setup: WNS(ns) = -6.301, TNS(ns) = -333.342, FEP = 135 | Hold: WNS(ns) = -1.327, TNS(ns) = -1.396, FEP = 7.
PHY-1001 : End Stage 2.4.2.3 | Update Timing; Time: 1.526755s wall, 1.468750s user + 0.015625s system = 1.484375s CPU (97.2%); Memory(MB): used = 697, reserved = 687, peak = 697;

PHY-1001 : Stage 2.4.2.4 | Commit Data
PHY-1001 : Commit better result to database ...
PHY-1001 : 130 feed throughs used by 100 nets
PHY-1001 : End Stage 2.4.2.4 | Commit Data; Time: 0.996393s wall, 0.937500s user + 0.062500s system = 1.000000s CPU (100.4%); Memory(MB): used = 697, reserved = 687, peak = 697;

PHY-1001 : End Stage 2.4.2 | Phase 2; Time: 3.971317s wall, 4.000000s user + 0.093750s system = 4.093750s CPU (103.1%); Memory(MB): used = 697, reserved = 687, peak = 697;

PHY-1001 : End Stage 2.4 | Routing Optimization; Time: 12.712409s wall, 13.031250s user + 0.296875s system = 13.328125s CPU (104.8%); Memory(MB): used = 697, reserved = 687, peak = 697;

PHY-1001 : Stage 2.5 | Multi-try route Optimization
PHY-1001 : Original timing status: SWNS -6301ps, STNS -333342ps, FEP 135.
PHY-1001 : Start to multi-try route opt...
PHY-1033 : Iter 1, processed 10 pins with SWNS -6301 -> -6301ps STNS -333342 -> -332661ps FEP 135 -> 135.
PHY-1033 : Iter 2, processed 10 pins with SWNS -6301 -> -6301ps STNS -332661 -> -332661ps FEP 135 -> 135.
PHY-1033 : Try cnt 20, commit cnt 1(5.00%).
PHY-1001 : len = 642648, over cnt = 0(0%), over = 0, worst = 0, crit = 0
PHY-1001 : Update timing ...
RUN-1002 : start command "start_timer"
PHY-1001 : 173/7214(2%) critical/total net(s).
PHY-1001 : Setup: WNS(ns) = -6.301, TNS(ns) = -332.661, FEP = 135 | Hold: WNS(ns) = -1.327, TNS(ns) = -1.396, FEP = 7.
PHY-1001 : End update timing; 1.531802s wall, 1.484375s user + 0.015625s system = 1.500000s CPU (97.9%)

PHY-1001 : End multi-try route opt;  6.582094s wall, 6.296875s user + 0.046875s system = 6.343750s CPU (96.4%)

PHY-1001 : End Stage 2.5 | Multi-try route Optimization; Time: 6.606083s wall, 6.312500s user + 0.046875s system = 6.359375s CPU (96.3%); Memory(MB): used = 699, reserved = 689, peak = 699;

PHY-1003 : Routed, final wirelength = 642648
RUN-1002 : start command "export_db HDMI1.4b_Transmitter_v1.0_pr.db"
RUN-1001 : Exported flow parameters
RUN-1001 : Exported /
RUN-1001 : Exported libs
RUN-1001 : Exported entities
RUN-1001 : Exported ports
RUN-1001 : Exported pins
RUN-1001 : Exported instances
RUN-1001 : Exported nets
RUN-1001 : Exported buses
RUN-1001 : Exported models
RUN-1001 : Exported phy database
RUN-1001 : Exported packer
RUN-1001 : Exported congestions
RUN-1001 : Exported violations
RUN-1001 : Exported ATMR Setting
RUN-1001 : Exported timing constraints
RUN-1001 : Exported IO constraints
RUN-1001 : Exported Inst constraints
RUN-1001 : Exported ChipWatcher
PHY-1001 : Current memory(MB): used = 725, reserved = 836, peak = 725.
PHY-1001 : End export database. 0.432963s wall, 0.500000s user + 0.046875s system = 0.546875s CPU (126.3%)

PHY-1001 : End detail routing;  49.063617s wall, 58.843750s user + 1.546875s system = 60.390625s CPU (123.1%)

PHY-1001 : End Stage 2 | Detail Routing; Time: 49.064108s wall, 58.843750s user + 1.546875s system = 60.390625s CPU (123.1%); Memory(MB): used = 723, reserved = 834, peak = 725;

PHY-1001 : Stage 3 | Hold Fix
RUN-1002 : start command "start_timer"
RUN-1001 : fix hold violation on net video_timing_data_m0/read_req endpin frame_read_write_m0/frame_fifo_read_m0/read_req_d0_reg_syn_5.mi[0] slack -1327ps
RUN-1001 : 3 hold-buffer to be created.
RUN-1001 : fix hold violation on net frame_read_write_m0/read_buf/wr_addr[2] endpin frame_read_write_m0/read_buf/ram_inst/ramread0_syn_26.addra[5] slack -4ps
RUN-1001 : 1 hold-buffer to be created.
RUN-1001 : fix hold violation on net frame_read_write_m0/read_buf/wr_addr[4] endpin frame_read_write_m0/read_buf/ram_inst/ramread0_syn_7.addra[8] slack -12ps
RUN-1001 : 1 hold-buffer to be created.
RUN-1001 : fix hold violation on net frame_read_write_m0/read_buf/wr_addr[5] endpin frame_read_write_m0/read_buf/ram_inst/ramread0_syn_7.addra[9] slack -11ps
RUN-1001 : 1 hold-buffer to be created.
RUN-1001 : fix hold violation on net u_hdmi_1_4b_transmitter_core_wrapper/u_hdmi_tx_controller_wrapper/u_hdmi_island_data_gen/U_audio_sample_packet_2_channel/u_w96_d1024_fifo/I_fifo_wr_data[7] endpin u_hdmi_1_4b_transmitter_core_wrapper/u_hdmi_tx_controller_wrapper/u_hdmi_island_data_gen/U_audio_sample_packet_2_channel/u_w96_d1024_fifo/u_logic_ramfifo_syn_524.dia[7] slack -11ps
RUN-1001 : 1 hold-buffer to be created.
RUN-1001 : fix hold violation on net u_hdmi_1_4b_transmitter_core_wrapper/u_hdmi_tx_controller_wrapper/u_hdmi_island_data_gen/U_audio_sample_packet_2_channel/u_w96_d1024_fifo/I_fifo_wr_data[39] endpin u_hdmi_1_4b_transmitter_core_wrapper/u_hdmi_tx_controller_wrapper/u_hdmi_island_data_gen/U_audio_sample_packet_2_channel/u_w96_d1024_fifo/u_logic_ramfifo_syn_564.dia[3] slack -11ps
RUN-1001 : 1 hold-buffer to be created.
RUN-1001 : fix hold violation on net u_hdmi_1_4b_transmitter_core_wrapper/u_hdmi_tx_controller_wrapper/u_hdmi_island_data_gen/U_audio_sample_packet_2_channel/u_w96_d1024_fifo/I_fifo_wr_data[59] endpin u_hdmi_1_4b_transmitter_core_wrapper/u_hdmi_tx_controller_wrapper/u_hdmi_island_data_gen/U_audio_sample_packet_2_channel/u_w96_d1024_fifo/u_logic_ramfifo_syn_584.dia[5] slack -11ps
RUN-1001 : 1 hold-buffer to be created.
RUN-1001 : fix hold violation on net u_hdmi_1_4b_transmitter_core_wrapper/u_hdmi_tx_controller_wrapper/u_hdmi_island_data_gen/U_audio_sample_packet_2_channel/u_w96_d1024_fifo/I_fifo_wr_data[60] endpin u_hdmi_1_4b_transmitter_core_wrapper/u_hdmi_tx_controller_wrapper/u_hdmi_island_data_gen/U_audio_sample_packet_2_channel/u_w96_d1024_fifo/u_logic_ramfifo_syn_584.dia[6] slack -20ps
RUN-1001 : 1 hold-buffer to be created.
RUN-1001 : fix hold violation on net u_hdmi_1_4b_transmitter_core_wrapper/u_hdmi_tx_controller_wrapper/u_video_axi_stream_receiver/u_w24_d1024_fifo/u_logic_ramfifo_syn_2 endpin u_hdmi_1_4b_transmitter_core_wrapper/u_hdmi_tx_controller_wrapper/u_video_axi_stream_receiver/u_w24_d1024_fifo/u_logic_ramfifo_syn_380.addra[4] slack -11ps
RUN-1001 : 1 hold-buffer to be created.
PHY-1001 : Populate physical database on model top.
8.000000
40.000000
10.000000
8.000000

8.000000
40.000000
10.000000
8.000000
RUN-1002 : start command "start_timer"
RUN-1001 : All hold violations are fixed.
PHY-1001 : End Stage 3 | Hold Fix; Time: 21.947094s wall, 21.390625s user + 0.203125s system = 21.593750s CPU (98.4%); Memory(MB): used = 727, reserved = 836, peak = 727;

PHY-1001 : Stage 4 | Report Route Qor
RUN-1002 : start command "report_qor -step route -file route.qor"
RUN-1002 : start command "start_timer"
-----------------------------------------------------------
| QoR metrics               |         value               |
-----------------------------------------------------------
| Timing                    |                             |
|     Setup WNS             |        -6301                |
|     Setup TNS             |      -332661                |
|     Num of violated S-EP  |          135                |
|     Hold WNS              |            3                |
|     Hold TNS              |            0                |
|     Num of violated H-EP  |            0                |
-----------------------------------------------------------
| Routing Resource          |                             |
|     Wire length           |       642840                |
-----------------------------------------------------------
| Utilization               |                             |
|     #slices               |         3330                |
|     slices percentage     |       33.98%                |
|     #RAMs                 |           20                |
|     #DSPs                 |            0                |
|     #DRAMHARDCON          |            0                |
-----------------------------------------------------------
Report route stage QoR done.

RUN-1003 : finish command "report_qor -step route -file route.qor" in  1.576878s wall, 1.531250s user + 0.000000s system = 1.531250s CPU (97.1%)

RUN-1004 : used memory is 727 MB, reserved memory is 836 MB, peak memory is 727 MB
RUN-1002 : start command "update_timing -mode final"
RUN-1002 : start command "start_timer"
RUN-1003 : finish command "update_timing -mode final" in  1.564331s wall, 1.406250s user + 0.015625s system = 1.421875s CPU (90.9%)

RUN-1004 : used memory is 727 MB, reserved memory is 836 MB, peak memory is 727 MB
RUN-1002 : start command "report_timing_summary -file final_timing.rpt"
OPT-1001 : QoR tracer report on route step:
    SWNS [   incr ]     STNS [    incr ]  S-FEPS [   incr ]    HWNS [   incr ]      HTNS [     incr ]    H-FEPS [     incr ]    CELL [   incr ]      WL [   incr ]   RT(s) [   incr ]   MEM(mb) [     incr ]
   -6301 [      0 ]  -363097 [       0 ]     180 [      0 ]   -1327 [      0 ]     -1396 [        0 ]         7 [        0 ]    3449 [      0 ]  640488 [      0 ]      32 [      0 ]       667 [        0 ] : dr_initialization
   -6301 [      0 ]  -324357 [   38740 ]     114 [    -66 ]   -1327 [      0 ]     -1396 [        0 ]         7 [        0 ]    3449 [      0 ]  642096 [   1608 ]      37 [      5 ]       669 [        2 ] : dr_timing_opt_phase1
   -6301 [      0 ]  -343713 [  -19356 ]     157 [     43 ]   -1327 [      0 ]     -1396 [        0 ]         7 [        0 ]    3449 [      0 ]  643784 [   1688 ]      41 [      4 ]       695 [       26 ] : dr_opt_phase1
   -6301 [      0 ]  -324410 [   19303 ]     116 [    -41 ]   -1327 [      0 ]     -1396 [        0 ]         7 [        0 ]    3449 [      0 ]  644152 [    368 ]      42 [      1 ]       696 [        1 ] : dr_timing_opt_phase2
   -6301 [      0 ]  -333342 [   -8932 ]     135 [     19 ]   -1327 [      0 ]     -1396 [        0 ]         7 [        0 ]    3449 [      0 ]  643952 [   -200 ]      45 [      3 ]       697 [        1 ] : dr_opt_phase2
   -6301 [      0 ]  -332661 [     681 ]     135 [      0 ]   -1327 [      0 ]     -1396 [        0 ]         7 [        0 ]    3449 [      0 ]  642648 [  -1304 ]      51 [      6 ]       699 [        2 ] : multi_try_opt
   -6301 [      0 ]  -332661 [       0 ]     135 [      0 ]       3 [   1330 ]         0 [     1396 ]         0 [       -7 ]    3460 [     11 ]  642840 [    192 ]       4 [    -47 ]       725 [       26 ] : (ECO)dr_initialization
   -6301 [      0 ]  -332661 [       0 ]     135 [      0 ]       3 [      0 ]         0 [        0 ]         0 [        0 ]    3460 [      0 ]  642840 [      0 ]       5 [      1 ]       725 [        0 ] : (ECO)dr_timing_opt_phase1
   -6301 [      0 ]  -332661 [       0 ]     135 [      0 ]       3 [      0 ]         0 [        0 ]         0 [        0 ]    3460 [      0 ]  642840 [      0 ]       8 [      3 ]       725 [        0 ] : (ECO)dr_opt_phase1
   -6301 [      0 ]  -332661 [       0 ]     135 [      0 ]       3 [      0 ]         0 [        0 ]         0 [        0 ]    3460 [      0 ]  642840 [      0 ]       8 [      0 ]       725 [        0 ] : (ECO)dr_timing_opt_phase2
   -6301 [      0 ]  -332661 [       0 ]     135 [      0 ]       3 [      0 ]         0 [        0 ]         0 [        0 ]    3460 [      0 ]  642840 [      0 ]      10 [      2 ]       725 [        0 ] : (ECO)dr_opt_phase2
   -6301 [      0 ]  -332661 [       0 ]     135 [      0 ]       3 [      0 ]         0 [        0 ]         0 [        0 ]    3460 [      0 ]  642840 [      0 ]      10 [      0 ]       725 [        0 ] : (ECO)multi_try_opt
   -6301 [      0 ]  -332661 [       0 ]     135 [      0 ]       3 [      0 ]         0 [        0 ]         0 [        0 ]    3460 [      0 ]  642840 [      0 ]      13 [      3 ]       727 [        2 ] : (ECO)fix_hold_opt
   -6301 [      0 ]  -332661 [       0 ]     135 [      0 ]       3 [      0 ]         0 [        0 ]         0 [        0 ]    3460 [      0 ]  642840 [      0 ]      74 [     61 ]       727 [        0 ] : (ECO)fix_hold_opt

PHY-1001 : End Stage 4 | Report Route Qor; Time: 3.232232s wall, 3.031250s user + 0.015625s system = 3.046875s CPU (94.3%); Memory(MB): used = 727, reserved = 836, peak = 727;

PHY-1001 : Stage 5 | Design Rule Check
PHY-1001 : Start multi-drive drc check......
PHY-1001 : No multi-drive.
PHY-1001 : Stage 5.1 | Clock Net Status Check
PHY-1001 : All clock nets do not utilize local routing resource.
PHY-1001 : End Stage 5.1 | Clock Net Status Check; Time: 0.007476s wall, 0.015625s user + 0.000000s system = 0.015625s CPU (209.0%); Memory(MB): used = 727, reserved = 836, peak = 727;

PHY-1001 : Stage 5.2 | Abnormal Timing Path check
PHY-1001 : No abnormal timing path.
PHY-1001 : End Stage 5.2 | Abnormal Timing Path check; Time: 0.066066s wall, 0.046875s user + 0.000000s system = 0.046875s CPU (71.0%); Memory(MB): used = 727, reserved = 836, peak = 727;

PHY-1001 : End Stage 5 | Design Rule Check; Time: 0.145753s wall, 0.125000s user + 0.000000s system = 0.125000s CPU (85.8%); Memory(MB): used = 727, reserved = 836, peak = 727;

RUN-1003 : finish command "route" in  77.672704s wall, 86.718750s user + 1.859375s system = 88.578125s CPU (114.0%)

RUN-1004 : used memory is 727 MB, reserved memory is 836 MB, peak memory is 727 MB
RUN-1002 : start command "report_area -io_info -file HDMI1.4b_Transmitter_v1.0_phy.area"
RUN-1001 : standard
***Report Model: top Device: EG4S20BG256***

IO Statistics
#IO                        28   out of    188   14.89%
  #input                    5
  #output                  22
  #inout                    1

Utilization Statistics
#lut                     5137   out of  19600   26.21%
#reg                     4205   out of  19600   21.45%
#le                      6147
  #lut only              1942   out of   6147   31.59%
  #reg only              1010   out of   6147   16.43%
  #lut&reg               3195   out of   6147   51.98%
#bram                      20   out of     64   31.25%
  #bram9k                  20
  #fifo9k                   0
#bram32k                    0   out of     16    0.00%
#dsp                        0   out of     29    0.00%
#pad                       32   out of    188   17.02%
  #ireg                     2
  #oreg                    21
  #treg                     1
#pll                        3   out of      4   75.00%
#gclk                       3   out of     16   18.75%


DataNet Average Fanout:

   Index     Fanout    Nets  
    #1         1       5430  
    #2         2       1039  
    #3         3       427   
    #4         4       271   
    #5        5-10     445   
    #6       11-50     202   
    #7       51-100     33   
    #8        >500      1    
  Average     2.57           

RUN-1002 : start command "update_timing -mode final"
RUN-1002 : start command "start_timer"
RUN-1003 : finish command "update_timing -mode final" in  1.605472s wall, 1.562500s user + 0.000000s system = 1.562500s CPU (97.3%)

RUN-1004 : used memory is 727 MB, reserved memory is 836 MB, peak memory is 727 MB
RUN-1002 : start command "report_timing_status -file HDMI1.4b_Transmitter_v1.0_phy.ts"
RUN-1002 : start command "report_timing_summary -file HDMI1.4b_Transmitter_v1.0_pr.timing"
RUN-1002 : start command "report_timing_exception -file HDMI1.4b_Transmitter_v1.0_exception.timing"
RUN-1002 : start command "check_timing -verbose -file HDMI1.4b_Transmitter_v1.0_chk.timing"
RUN-1002 : start command "flow_status -file route_flow.status"
Location         : D:\Nizhenghang\Project\2026Anlu1\src\td_project\HDMI1.4b_Transmitter_v1.0_Runs\phy_1
Running with     : Tang Dynasty v6.2.178840
                   Copyright (c) 2012-2025 Anlogic Inc.
Top Model        : top
Device           : EG4S20BG256
Speed            : NA

Timing Mode      : final
Setup            : WNS -6301ps  TNS  -332661ps  NUM_FEPS   135
Hold             : WNS     3ps  TNS        0ps  NUM_FEPS     0

Flow Statistics  :
RUN-1001 : Flow Statistics:
RUN-1001 : ---------------------------------------------------------------------------------------------------
RUN-1001 :      command     |  #calls  |  wall time   |  cpu time(s)  |  used memory(mb)  |  peak memory(mb)  
RUN-1001 : ---------------------------------------------------------------------------------------------------
RUN-1001 :       route      |    2     |  1m31s(71%)  |   101(61%)    |        727        |        727        
RUN-1001 :       place      |    2     |   36s(28%)   |    64(38%)    |        725        |        725        
RUN-1001 :     import_db    |    1     |    0s(0%)    |     0(0%)     |        163        |        163        
RUN-1001 :   import_device  |    1     |    0s(0%)    |     0(0%)     |        83         |        83         
RUN-1001 : ---------------------------------------------------------------------------------------------------
RUN-1001 :       total      |    6     |     2m7s     |      165      |        727        |        727        
RUN-1001 : ---------------------------------------------------------------------------------------------------
RUN-1002 : start command "report_clock_utilization -file route_clock_utilization.txt"
RUN-1001 : Device not support command report_clock_utilization.
RUN-1002 : start command "export_db HDMI1.4b_Transmitter_v1.0_pr.db"
RUN-1001 : Exported flow parameters
RUN-1001 : Exported /
RUN-1001 : Exported libs
RUN-1001 : Exported entities
RUN-1001 : Exported ports
RUN-1001 : Exported pins
RUN-1001 : Exported instances
RUN-1001 : Exported nets
RUN-1001 : Exported buses
RUN-1001 : Exported models
RUN-1001 : Exported phy database
RUN-1001 : Exported packer
RUN-1001 : Exported congestions
RUN-1001 : Exported violations
RUN-1001 : Exported ATMR Setting
RUN-1001 : Exported timing constraints
RUN-1001 : Exported IO constraints
RUN-1001 : Exported Inst constraints
RUN-1001 : Exported ChipWatcher
RUN-1002 : start command "commit_param -step bitgen"
RUN-1001 : Print Global Property
RUN-1001 : --------------------------------------------------------
RUN-1001 :   Parameters   |  Settings  |  Default Values  |  Note  
RUN-1001 : --------------------------------------------------------
RUN-1001 :   enable_seed  |    off     |       off        |        
RUN-1001 :     message    |  standard  |     standard     |        
RUN-1001 :   qor_monitor  |     on     |        on        |        
RUN-1001 :   syn_ip_flow  |    off     |       off        |        
RUN-1001 :     thread     |    auto    |       auto       |        
RUN-1001 : --------------------------------------------------------
RUN-1001 : Print Bitgen Property
RUN-1001 : -------------------------------------------------------------
RUN-1001 :      Parameters     |  Settings  |  Default Values  |  Note  
RUN-1001 : -------------------------------------------------------------
RUN-1001 :         bin         |    off     |       off        |        
RUN-1001 :       gen_mask      |    off     |       off        |        
RUN-1001 :      time_info      |     on     |        on        |        
RUN-1001 :   unused_io_status  |   pullup   |      pullup      |        
RUN-1001 :       version       |    0x00    |       0x00       |        
RUN-1001 : -------------------------------------------------------------
RUN-1002 : start command "bitgen -bit HDMI1.4b_Transmitter_v1.0.bit"
RUN-1002 : start command "export_bid HDMI1.4b_Transmitter_v1.0_inst.bid"
BIT-1003 : Start to generate bitstream. 
BIT-1002 : Init instances with 32 threads.
BIT-1002 : Init instances completely, inst num: 3446
BIT-1002 : Init pips with 32 threads.
BIT-1002 : Init pips completely, net num: 7223, pip num: 63278
BIT-1002 : Init feedthrough with 32 threads.
BIT-1002 : Init feedthrough completely, num: 132
BIT-1003 : Multithreading accelaration with 32 threads.
BIT-1003 : Generate bitstream completely, there are 184275 bits set as '1'.
BIT-1004 : PLL setting string = 0111
BIT-1004 : Generate bits file HDMI1.4b_Transmitter_v1.0.bit.
RUN-1003 : finish command "bitgen -bit HDMI1.4b_Transmitter_v1.0.bit" in  3.886391s wall, 48.750000s user + 1.734375s system = 50.484375s CPU (1299.0%)

RUN-1004 : used memory is 728 MB, reserved memory is 836 MB, peak memory is 729 MB
RUN-1002 : start command "setup_debugger"
RUN-1002 : start command "export_bitgen_param -file .bitgen_param.f"
RUN-1002 : start command "export_flow_status -s opt_place -e bitgen"
RUN-1002 : start command "flow_status"

Location         : D:\Nizhenghang\Project\2026Anlu1\src\td_project\HDMI1.4b_Transmitter_v1.0_Runs\phy_1
Running with     : Tang Dynasty v6.2.178840
                   Copyright (c) 2012-2025 Anlogic Inc.
Top Model        : top
Device           : EG4S20BG256
Speed            : NA

Timing Mode      : final
Setup            : WNS -6301ps  TNS  -332661ps  NUM_FEPS   135
Hold             : WNS     3ps  TNS        0ps  NUM_FEPS     0

RUN-1001 : Flow Statistics:
RUN-1001 : ---------------------------------------------------------------------------------------------------
RUN-1001 :      command     |  #calls  |  wall time   |  cpu time(s)  |  used memory(mb)  |  peak memory(mb)  
RUN-1001 : ---------------------------------------------------------------------------------------------------
RUN-1001 :       route      |    2     |  1m31s(70%)  |   101(47%)    |        727        |        727        
RUN-1001 :       place      |    2     |   36s(27%)   |    64(29%)    |        725        |        725        
RUN-1001 :      bitgen      |    1     |    3s(2%)    |    49(22%)    |        728        |        729        
RUN-1001 :     import_db    |    1     |    0s(0%)    |     0(0%)     |        163        |        163        
RUN-1001 :   import_device  |    1     |    0s(0%)    |     0(0%)     |        83         |        83         
RUN-1001 : ---------------------------------------------------------------------------------------------------
RUN-1001 :       total      |    7     |    2m10s     |      214      |        728        |        729        
RUN-1001 : ---------------------------------------------------------------------------------------------------

