============================================================
   Tang Dynasty, V6.2.178840
   Copyright (c) 2012-2025 Anlogic Inc.
   Executable = D:/Download/TD/bin/td_commands_prompt.exe
   Built at =   14:07:58 Sep  4 2025
   Run by =     Nizhenghang
   Run Date =   Tue Sep  1 11:05:14 2026

   Run on =     LAPTOP-9S21NQG2
============================================================
RUN-1002 : start command "import_device eagle_s20.db -package EG4S20BG256"
RUN-1001 : Using default speed grade: NA
ARC-1001 : Device Initialization.
ARC-1001 : ------------------------------------------------------------------
ARC-1001 :            OPTION            |          IO          |   SETTING   
ARC-1001 : ------------------------------------------------------------------
ARC-1001 :   cso_b/cclk/mosi/miso/dout  |  T3/R11/T10/P10/S11  |    gpio    
ARC-1001 :             done             |         P13          |    gpio    
ARC-1001 :           program_b          |          T2          |  dedicate  
ARC-1001 :        tdi/tms/tck/tdo       |   C12/A15/C14/E14    |  dedicate  
ARC-1001 : ------------------------------------------------------------------
ARC-1004 : Device setting, marked 5 dedicate IOs in total.
RUN-1002 : start command "open_project HDMI1.4b_Transmitter_v1.0.prj -noanalyze"
RUN-1002 : start command "import_db ../syn_1/HDMI1.4b_Transmitter_v1.0_gate.db"
RUN-1001 : Importing database generated by Tang Dynasty, V6.2.178840.
RUN-1001 : Database version number 46207
RUN-1001 : Import flow parameters
RUN-1001 : Import netlist
RUN-1001 : Import timing constraints
RUN-1001 : Import IO constraints
RUN-1001 : Import Inst constraints
RUN-1001 : Import ChipWatcher
RUN-1001 : Import design success TD_VERSION=6.2.178840 , DB_VERSION=46207
RUN-1002 : start command "commit_param -step place"
RUN-1001 : Print Global Property
RUN-1001 : --------------------------------------------------------
RUN-1001 :   Parameters   |  Settings  |  Default Values  |  Note  
RUN-1001 : --------------------------------------------------------
RUN-1001 :   enable_seed  |    off     |       off        |        
RUN-1001 :     message    |  standard  |     standard     |        
RUN-1001 :   qor_monitor  |     on     |        on        |        
RUN-1001 :   syn_ip_flow  |    off     |       off        |        
RUN-1001 :     thread     |    auto    |       auto       |        
RUN-1001 : --------------------------------------------------------
RUN-1001 : Print Place Property
RUN-1001 : -----------------------------------------------------------
RUN-1001 :     Parameters    |  Settings  |  Default Values  |  Note  
RUN-1001 : -----------------------------------------------------------
RUN-1001 :       effort      |   medium   |      medium      |        
RUN-1001 :   hfn_opt_effort  |   medium   |      medium      |        
RUN-1001 :     max_fanout    |   999999   |      999999      |        
RUN-1001 :     opt_timing    |   medium   |      medium      |        
RUN-1001 :   post_place_opt  |    auto    |       auto       |        
RUN-1001 :    pr_strategy    |     1      |        1         |        
RUN-1001 :     relaxation    |    1.00    |       1.00       |        
RUN-1001 : -----------------------------------------------------------
RUN-1002 : start command "insert_debugger"
RUN-1002 : start command "place"
RUN-1001 : Open license file D:/Download/TD/license/Anlogic.lic
PHY-3001 : Placer runs in 32 thread(s).
PHY-1001 : Stage 1 | Initialize Design
PHY-1001 : Stage 1.1 | Build Design
PHY-1001 : 3489 luts, 4126 seqs, 494 mslices, 257 lslices, 87 pads, 20 brams, 0 dsps
RUN-1002 : start command "legalize_phy_inst"
SYN-1011 : Flatten model top
PHY-1001 : Remove keep and sweep redundant instances ...
PHY-1001 : 3489 luts, 4126 seqs, 494 mslices, 257 lslices, 87 pads, 20 brams, 0 dsps
PHY-1001 : End Stage 1.1 | Build Design; Time: 0.027112s wall, 0.031250s user + 0.000000s system = 0.031250s CPU (115.3%); Memory(MB): used = 164, reserved = 165, peak = 164;

PHY-1001 : Stage 1.2 | Optimize Design
OPT-1001 : Stage 1.2.1 | Simplify Lut
OPT-1001 : End Stage 1.2.1 | Simplify Lut; Time: 0.009005s wall, 0.015625s user + 0.000000s system = 0.015625s CPU (173.5%); Memory(MB): used = 164, reserved = 165, peak = 164;

OPT-1001 : Stage 1.2.2 | Sweep
OPT-1001 : End Stage 1.2.2 | Sweep; Time: 0.003554s wall, 0.000000s user + 0.000000s system = 0.000000s CPU (n/a%); Memory(MB): used = 164, reserved = 165, peak = 164;

OPT-1001 : Stage 1.2.3 | Synthesize High-fanout Net
OPT-1001 : Current memory(MB): used = 164, reserved = 165, peak = 164.
OPT-1001 : End Stage 1.2.3 | Synthesize High-fanout Net; Time: 0.000057s wall, 0.000000s user + 0.000000s system = 0.000000s CPU (n/a%); Memory(MB): used = 164, reserved = 165, peak = 164;

OPT-1001 : End physical optimization;  0.012853s wall, 0.015625s user + 0.000000s system = 0.015625s CPU (121.6%)

PHY-1001 : End Stage 1.2 | Optimize Design; Time: 0.012982s wall, 0.015625s user + 0.000000s system = 0.015625s CPU (120.4%); Memory(MB): used = 164, reserved = 165, peak = 164;

PHY-1001 : Stage 1.3 | Initialize Clock
SYN-4016 : Net sd_card_bmp_m0/bmp_read_m0/clk driven by BUFG (1276 clock/control pins, 1 other pins).
SYN-4016 : Net u_audio_pll/clk0_out driven by BUFG (0 clock/control pins, 1 other pins).
SYN-4016 : Net u_I2S_receiver/I_clk driven by BUFG (2120 clock/control pins, 1 other pins).
SYN-4027 : Net U3/u2_ram/u1_init_ref/Sdr_clk is clkc1 of pll sys_pll_m0/pll_inst.
SYN-4027 : Net U3/u2_ram/SDRAM_CLK is clkc2 of pll sys_pll_m0/pll_inst.
SYN-4019 : Net clk_dup_1 is refclk of pll sys_pll_m0/pll_inst.
SYN-4020 : Net clk_dup_1 is fbclk of pll sys_pll_m0/pll_inst.
SYN-4027 : Net u_hdmi_audio_tone_i2s_64fs/I_mclk is clkc2 of pll u_audio_pll/pll_inst.
SYN-4019 : Net clk_dup_1 is refclk of pll u_audio_pll/pll_inst.
SYN-4020 : Net clk_dup_1 is fbclk of pll u_audio_pll/pll_inst.
SYN-4027 : Net u_hdmi2phy_wrapper/u0_lane_lvds_8_1/I_serial_clk is clkc1 of pll video_pll_m0/pll_inst.
SYN-4019 : Net clk_dup_1 is refclk of pll video_pll_m0/pll_inst.
SYN-4020 : Net clk_dup_1 is fbclk of pll video_pll_m0/pll_inst.
SYN-4025 : Tag rtl::Net U3/u2_ram/SDRAM_CLK as clock net
SYN-4025 : Tag rtl::Net U3/u2_ram/u1_init_ref/Sdr_clk as clock net
SYN-4025 : Tag rtl::Net clk_dup_1 as clock net
SYN-4025 : Tag rtl::Net sd_card_bmp_m0/bmp_read_m0/clk as clock net
SYN-4025 : Tag rtl::Net u_I2S_receiver/I_clk as clock net
SYN-4025 : Tag rtl::Net u_audio_pll/clk0_out as clock net
SYN-4025 : Tag rtl::Net u_hdmi2phy_wrapper/u0_lane_lvds_8_1/I_serial_clk as clock net
SYN-4025 : Tag rtl::Net u_hdmi_audio_tone_i2s_64fs/I_mclk as clock net
SYN-4026 : Tagged 8 rtl::Net as clock net
PHY-1001 : Populate physical database on model top.
RUN-1001 : There are total 8494 instances
RUN-0007 : 3488 luts, 4126 seqs, 494 mslices, 257 lslices, 87 pads, 20 brams, 0 dsps
RUN-1001 : There are total 9683 nets
RUN-1001 : 7270 nets have 2 pins
RUN-1001 : 1715 nets have [3 - 5] pins
RUN-1001 : 464 nets have [6 - 10] pins
RUN-1001 : 99 nets have [11 - 20] pins
RUN-1001 : 124 nets have [21 - 99] pins
RUN-1001 : 11 nets have 100+ pins
PHY-1001 : End Stage 1.3 | Initialize Clock; Time: 0.015746s wall, 0.015625s user + 0.000000s system = 0.015625s CPU (99.2%); Memory(MB): used = 165, reserved = 165, peak = 165;

PHY-1001 : End Stage 1 | Initialize Design; Time: 0.063786s wall, 0.062500s user + 0.000000s system = 0.062500s CPU (98.0%); Memory(MB): used = 165, reserved = 165, peak = 165;

PHY-1001 : Stage 2 | Global Placement
RUN-1001 : Report Control nets information:
RUN-1001 : DFF Distribution
RUN-1001 : -------------------------------------
RUN-1001 :   CE   |  SSR  |  ASR  |  DFF Count  
RUN-1001 : -------------------------------------
RUN-1001 :   No   |  No   |  No   |     966     
RUN-1001 :   No   |  No   |  Yes  |    1286     
RUN-1001 :   No   |  Yes  |  No   |     138     
RUN-1001 :   Yes  |  No   |  No   |     33      
RUN-1001 :   Yes  |  No   |  Yes  |    1537     
RUN-1001 :   Yes  |  Yes  |  No   |     166     
RUN-1001 : -------------------------------------
RUN-1001 : Control Group Statistic
RUN-1001 : -----------------------------
RUN-1001 :   #CLK  |  #CE  |  #SSR/ASR  
RUN-1001 : -----------------------------
RUN-1001 :    6    |  111  |     17     
RUN-1001 : -----------------------------
RUN-0007 : Control Set = 134
PHY-1001 : Stage 2.1 | Place Fixed Instances
PHY-1001 : End Stage 2.1 | Place Fixed Instances; Time: 0.039721s wall, 0.031250s user + 0.000000s system = 0.031250s CPU (78.7%); Memory(MB): used = 173, reserved = 169, peak = 173;

PHY-1001 : Stage 2.2 | Pre-Place DRC Check
PHY-1001 : Stage 2.2.1 | Force Route Constraint Check
PHY-1001 : Check Pass.
PHY-1001 : End Stage 2.2.1 | Force Route Constraint Check; Time: 0.000440s wall, 0.000000s user + 0.000000s system = 0.000000s CPU (n/a%); Memory(MB): used = 173, reserved = 169, peak = 173;

PHY-1001 : End Stage 2.2 | Pre-Place DRC Check; Time: 0.000473s wall, 0.000000s user + 0.000000s system = 0.000000s CPU (n/a%); Memory(MB): used = 173, reserved = 169, peak = 173;

PHY-1001 : Stage 2.3 | Global Placement Step 1
PHY-3001 : Target density is 25%
PHY-1001 : Stage 2.3.1 | Update Timing
RUN-1002 : start command "start_timer"
USR-1002 : Derived clock:  create_generated_clock -name {sys_pll_m0/pll_inst.clkc[0]} -source [get_ports {clk}] -master_clock {clk} -multiply_by 2.0000 -duty_cycle 50.0000 [get_pins {sys_pll_m0/pll_inst.clkc[0]}]
USR-1002 : Derived clock:  create_generated_clock -name {sys_pll_m0/pll_inst.clkc[1]} -source [get_ports {clk}] -master_clock {clk} -multiply_by 2.5000 -duty_cycle 50.0000 [get_pins {sys_pll_m0/pll_inst.clkc[1]}]
USR-1002 : Derived clock:  create_generated_clock -name {sys_pll_m0/pll_inst.clkc[2]} -source [get_ports {clk}] -master_clock {clk} -multiply_by 2.5000 -phase 180 -duty_cycle 50.0000 [get_pins {sys_pll_m0/pll_inst.clkc[2]}]
USR-1002 : Derived clock:  create_generated_clock -name {u_audio_pll/pll_inst.clkc[0]} -source [get_ports {clk}] -master_clock {clk} -multiply_by 1.5000 -duty_cycle 50.0000 [get_pins {u_audio_pll/pll_inst.clkc[0]}]
USR-1002 : Derived clock:  create_generated_clock -name {u_audio_pll/pll_inst.clkc[2]} -source [get_ports {clk}] -master_clock {clk} -divide_by 4.0667 -duty_cycle 50.0000 [get_pins {u_audio_pll/pll_inst.clkc[2]}]
USR-1002 : Derived clock:  create_generated_clock -name {video_pll_m0/pll_inst.clkc[0]} -source [get_ports {clk}] -master_clock {clk} -divide_by 2.0000 -duty_cycle 50.0000 [get_pins {video_pll_m0/pll_inst.clkc[0]}]
USR-1002 : Derived clock:  create_generated_clock -name {video_pll_m0/pll_inst.clkc[1]} -source [get_ports {clk}] -master_clock {clk} -multiply_by 2.5000 -duty_cycle 50.0000 [get_pins {video_pll_m0/pll_inst.clkc[1]}]
8.000000
40.000000
10.000000
8.000000
TMR-2502 : Net delay update with mode: Synthesized
PHY-1001 : SWNS: -5663, STNS: -343938, FEP: 164
PHY-1001 : End Stage 2.3.1 | Update Timing; Time: 0.695706s wall, 0.625000s user + 0.031250s system = 0.656250s CPU (94.3%); Memory(MB): used = 265, reserved = 258, peak = 265;

PHY-0007 : Cell area utilization is 25%
RUN-1001 : Huge Net Statistic
RUN-1001 : -------------------------------------------------------
RUN-1001 :   Fanout  |  Slack  |               Net                
RUN-1001 : -------------------------------------------------------
RUN-1001 :    1761   |   Inf   |  sd_card_bmp_m0/bmp_read_m0/rst  
RUN-1001 : -------------------------------------------------------
PHY-3001 : Clustering ...
PHY-3001 : End clustering;  0.032337s wall, 0.031250s user + 0.000000s system = 0.031250s CPU (96.6%)

PHY-3001 : Target density is 25%
PHY-1001 : Stage 2.3.2 | GP Iteration
PHY-1001 : End Stage 2.3.2 | GP Iteration; Time: 0.748573s wall, 3.265625s user + 0.671875s system = 3.937500s CPU (526.0%); Memory(MB): used = 270, reserved = 263, peak = 270;

PHY-3001 : Multithread accelerating rate: 5.03
PHY-3001 : No need to merge 9x9 Dsps.
PHY-1001 : Populate physical database on model top.
PHY-1001 : End Stage 2.3 | Global Placement Step 1; Time: 1.827911s wall, 4.312500s user + 0.703125s system = 5.015625s CPU (274.4%); Memory(MB): used = 270, reserved = 263, peak = 270;

PHY-1001 : Stage 2.4 | RAM/DSP Legalization and Detailed Placement
PHY-1001 : Stage 2.4.1 | Legalization
PHY-3001 : Before Legalized: Len = 215378
PHY-3001 : After Legalized: Len = 219286, Over = 0.6875 with grid_size = 320
PHY-1001 : End Stage 2.4.1 | Legalization; Time: 0.319876s wall, 0.296875s user + 0.000000s system = 0.296875s CPU (92.8%); Memory(MB): used = 270, reserved = 263, peak = 270;

PHY-1001 : End Stage 2.4 | RAM/DSP Legalization and Detailed Placement; Time: 0.320112s wall, 0.296875s user + 0.000000s system = 0.296875s CPU (92.7%); Memory(MB): used = 270, reserved = 263, peak = 270;

PHY-1001 : Stage 2.5 | Global Placement Step 2
PHY-3001 : Target density is 31%
PHY-1001 : Stage 2.5.1 | Update Timing
PHY-1001 : SWNS: -8565, STNS: -296562, FEP: 81
PHY-1001 : End Stage 2.5.1 | Update Timing; Time: 0.026890s wall, 0.031250s user + 0.000000s system = 0.031250s CPU (116.2%); Memory(MB): used = 272, reserved = 266, peak = 272;

PHY-1001 : Stage 2.5.2 | Refresh Congestion
RUN-1001 : Generating global routing grids ...
RUN-1001 : Building simple global routing graph ...
PHY-1001 : Generate routing nets ...
PHY-1001 : Reuse net number 0/3756.
PHY-1001 : Global iterations in 32 thread ...
PHY-1002 : len = 243848, over cnt = 610(1%), over = 2991, worst = 30
PHY-1001 : End global iterations;  0.151885s wall, 0.234375s user + 0.015625s system = 0.250000s CPU (164.6%)

PHY-1001 : Congestion index:
PHY-1001 : top1  = 63.42(S 94.31, N 89.83, E 114.25, W 58.28, I 0.00, O 0.00)
PHY-1001 : top5  = 40.92(S 58.53, N 56.08, E 62.83, W 35.96, I 0.00, O 0.00)
PHY-1001 : top10 = 31.88(S 43.24, N 42.06, E 44.93, W 27.20, I 0.00, O 0.00)
PHY-1001 : top15 = 26.61(S 34.67, N 34.09, E 35.86, W 22.04, I 0.00, O 0.00)
PHY-1001 : End Stage 2.5.2 | Refresh Congestion; Time: 0.222339s wall, 0.296875s user + 0.015625s system = 0.312500s CPU (140.6%); Memory(MB): used = 305, reserved = 298, peak = 305;

PHY-1001 : Stage 2.5.3 | GP Iteration
PHY-1001 : End Stage 2.5.3 | GP Iteration; Time: 1.229636s wall, 6.500000s user + 0.781250s system = 7.281250s CPU (592.1%); Memory(MB): used = 306, reserved = 299, peak = 306;

PHY-3001 : Multithread accelerating rate: 5.90
PHY-1001 : End Stage 2.5 | Global Placement Step 2; Time: 1.803918s wall, 7.109375s user + 0.796875s system = 7.906250s CPU (438.3%); Memory(MB): used = 307, reserved = 300, peak = 307;

PHY-1001 : Stage 2.6 | RAM/DSP Detailed Placement
PHY-1001 : End Stage 2.6 | RAM/DSP Detailed Placement; Time: 0.002594s wall, 0.015625s user + 0.000000s system = 0.015625s CPU (602.4%); Memory(MB): used = 307, reserved = 300, peak = 307;

PHY-1001 : Stage 2.7 | Optimize Design
OPT-1001 : Start physical optimization ...
OPT-1001 : Total overflow 165.62 peak overflow 1.97
OPT-1001 : Stage 2.7.1 | Synthesize High-fanout Net
OPT-1001 : Start high-fanout net optimization in pre-pack flow with medium effort ...
OPT-1001 : Update timing in Manhattan mode
OPT-1001 : End timing update;  0.297458s wall, 0.281250s user + 0.015625s system = 0.296875s CPU (99.8%)

OPT-1001 : Start: SWNS -8465 STNS -303984 NUM_FEPS 110
OPT-1001 : Total overflow 165.62 peak overflow 1.97
DBG-001 :  select 10 high fanout candidates
DBG-001 :  crit level 1 net count 4 (fanout thres 50)
DBG-001 :  crit level 2 net count 0 (fanout thres 50)
DBG-001 :  crit level 3 net count 1 (fanout thres 40)
DBG-001 :  crit level 4 net count 1 (fanout thres 30)
DBG-001 :  crit level 5 net count 4 (fanout thres 30)
DBG-001 :  crit level 6 net count 0 (fanout thres 30)
PHY-1001 : Populate physical database on model top.
OPT-1001 : 10 high-fanout net processed.
PHY-3001 : Start incremental placement ...
PHY-1001 : Populate physical database on model top.
PHY-3001 : Target density is 31%
PHY-3001 : Target density is 31%
PHY-1001 : Stage 2.7.1.1 | Update Timing
PHY-1001 : SWNS: -8465, STNS: -303984, FEP: 110
PHY-1001 : End Stage 2.7.1.1 | Update Timing; Time: 0.027441s wall, 0.031250s user + 0.000000s system = 0.031250s CPU (113.9%); Memory(MB): used = 310, reserved = 303, peak = 310;

PHY-1001 : Stage 2.7.1.2 | Refresh Congestion
RUN-1001 : Generating global routing grids ...
PHY-1001 : Generate routing nets ...
PHY-1001 : Reuse net number 59/7715.
PHY-1001 : Global iterations in 32 thread ...
PHY-1002 : len = 329360, over cnt = 1042(2%), over = 3013, worst = 16
PHY-1001 : End global iterations;  0.353302s wall, 0.515625s user + 0.015625s system = 0.531250s CPU (150.4%)

PHY-1001 : Congestion index:
PHY-1001 : top1  = 44.78(S 82.41, N 83.53, E 73.62, W 51.57, I 0.00, O 0.00)
PHY-1001 : top5  = 35.64(S 57.53, N 53.93, E 55.65, W 36.95, I 0.00, O 0.00)
PHY-1001 : top10 = 31.09(S 46.79, N 42.59, E 46.26, W 30.31, I 0.00, O 0.00)
PHY-1001 : top15 = 28.17(S 40.31, N 36.56, E 40.70, W 26.57, I 0.00, O 0.00)
PHY-1001 : End Stage 2.7.1.2 | Refresh Congestion; Time: 0.403322s wall, 0.562500s user + 0.015625s system = 0.578125s CPU (143.3%); Memory(MB): used = 313, reserved = 306, peak = 313;

PHY-1001 : Stage 2.7.1.3 | GP Iteration
PHY-1001 : End Stage 2.7.1.3 | GP Iteration; Time: 0.573157s wall, 3.421875s user + 0.406250s system = 3.828125s CPU (667.9%); Memory(MB): used = 314, reserved = 307, peak = 314;

PHY-3001 : Multithread accelerating rate: 6.65
PHY-3001 : Final: Len = 269573, Over = 14.3125
PHY-3001 : End incremental placement;  1.091704s wall, 4.093750s user + 0.421875s system = 4.515625s CPU (413.6%)

OPT-1001 : Total overflow 164.25 peak overflow 1.84
RUN-1001 : HFN opt statistic
RUN-1001 : ------------------------------------------------------
RUN-1001 :   DriverCell type  |  HFN count  |  Duplicated count  
RUN-1001 : ------------------------------------------------------
RUN-1001 :         REG        |      9      |         53         
RUN-1001 :        LUT6        |      0      |         0          
RUN-1001 :        LUT5        |      0      |         0          
RUN-1001 :        LUT4        |      0      |         0          
RUN-1001 :        LUT3        |      0      |         0          
RUN-1001 :        LUT2        |      1      |         2          
RUN-1001 :        TOTAL       |     10      |         55         
RUN-1001 : ------------------------------------------------------
OPT-1001 : End high-fanout net optimization;  1.724492s wall, 4.671875s user + 0.468750s system = 5.140625s CPU (298.1%)

OPT-1001 : Update timing in Manhattan mode
OPT-1001 : End timing update;  0.349090s wall, 0.312500s user + 0.000000s system = 0.312500s CPU (89.5%)

OPT-1001 : Current memory(MB): used = 315, reserved = 307, peak = 315.
OPT-1001 : End Stage 2.7.1 | Synthesize High-fanout Net; Time: 2.108821s wall, 5.015625s user + 0.468750s system = 5.484375s CPU (260.1%); Memory(MB): used = 315, reserved = 307, peak = 315;

OPT-1001 : Stage 2.7.2 | Global Optimization
OPT-1001 : Start global optimization ...
OPT-0007 : Start: SWNS -8365 STNS -301128 NUM_FEPS 108
OPT-1001 : Start congestion update ...
RUN-1001 : Generating global routing grids ...
PHY-1001 : Generate routing nets ...
PHY-1001 : Reuse net number 1035/7780.
PHY-1001 : Global iterations in 32 thread ...
PHY-1002 : len = 312696, over cnt = 771(2%), over = 1540, worst = 9
PHY-1002 : len = 321016, over cnt = 458(1%), over = 754, worst = 8
PHY-1002 : len = 328624, over cnt = 136(0%), over = 181, worst = 5
PHY-1002 : len = 329568, over cnt = 72(0%), over = 108, worst = 4
PHY-1002 : len = 330760, over cnt = 0(0%), over = 0, worst = 0
PHY-1001 : End global iterations;  0.647581s wall, 0.718750s user + 0.031250s system = 0.750000s CPU (115.8%)

PHY-1001 : Congestion index:
PHY-1001 : top1  = 40.10(S 56.29, N 56.16, E 57.00, W 44.27, I 0.00, O 0.00)
PHY-1001 : top5  = 32.00(S 45.99, N 44.12, E 44.38, W 33.44, I 0.00, O 0.00)
PHY-1001 : top10 = 28.26(S 39.00, N 37.04, E 38.13, W 28.41, I 0.00, O 0.00)
PHY-1001 : top15 = 25.94(S 34.52, N 32.70, E 34.24, W 25.35, I 0.00, O 0.00)
OPT-1001 : End congestion update;  0.726769s wall, 0.812500s user + 0.031250s system = 0.843750s CPU (116.1%)

OPT-0007 : Iter 1: improved SWNS -8365 STNS -300428 NUM_FEPS 108 with 32 cells processed and 1034 slack improved
OPT-0007 : Iter 2: improved SWNS -8365 STNS -300428 NUM_FEPS 108 with 0 cells processed and 0 slack improved
OPT-1001 : Overall commit ratio 1.00
OPT-1001 : End global optimization;  0.748429s wall, 0.828125s user + 0.031250s system = 0.859375s CPU (114.8%)

OPT-1001 : Current memory(MB): used = 315, reserved = 307, peak = 315.
OPT-1001 : End Stage 2.7.2 | Global Optimization; Time: 0.824601s wall, 0.906250s user + 0.031250s system = 0.937500s CPU (113.7%); Memory(MB): used = 315, reserved = 307, peak = 315;

OPT-0007 : End flow prepack: SWNS -8365 STNS -300428 NUM_FEPS 108
OPT-1001 : End physical optimization;  2.940194s wall, 5.921875s user + 0.500000s system = 6.421875s CPU (218.4%)

PHY-1001 : End Stage 2.7 | Optimize Design; Time: 2.941196s wall, 5.921875s user + 0.500000s system = 6.421875s CPU (218.3%); Memory(MB): used = 315, reserved = 307, peak = 315;

PHY-1001 : Stage 2.8 | Place Packing
PHY-1001 : Stage 2.8.1 | Packing
SYN-4007 : Packing 0 MUX to BLE ...
SYN-4008 : Packed 0 MUX and 0 SEQ to BLE.
SYN-4007 : Packing 3490 LUT to BLE ...
SYN-4008 : Packed 3490 LUT and 1957 SEQ to BLE.
SYN-4003 : Packing 2222 remaining SEQ's ...
SYN-4005 : Packed 1172 SEQ with LUT/SLICE
SYN-4006 : 517 single LUT's are left
SYN-4006 : 1050 single SEQ's are left
SYN-4011 : Packing model "top" (AL_USER_NORMAL) with 4540/5420 primitive instances ...
PHY-1001 : Populate physical database on model top.
RUN-1001 : There are total 3432 instances
RUN-1001 : 1651 mslices, 1652 lslices, 87 pads, 20 brams, 0 dsps
RUN-1001 : There are total 7965 nets
RUN-1001 : 5511 nets have 2 pins
RUN-1001 : 1718 nets have [3 - 5] pins
RUN-1001 : 443 nets have [6 - 10] pins
RUN-1001 : 146 nets have [11 - 20] pins
RUN-1001 : 141 nets have [21 - 99] pins
RUN-1001 : 6 nets have 100+ pins
PHY-3001 : Target density is 41%
RUN-1002 : start command "start_timer"
8.000000
40.000000
10.000000
8.000000
PHY-1001 : End Stage 2.8.1 | Packing; Time: 1.399941s wall, 1.343750s user + 0.031250s system = 1.375000s CPU (98.2%); Memory(MB): used = 323, reserved = 315, peak = 323;

PHY-1001 : Stage 2.8.2 | Post Pack GP
PHY-3001 : Target density is 40%
PHY-3001 : Cell area utilization is 40%
PHY-3001 : After packing: Len = 272969, Over = 51.25
PHY-3001 : Target density is 40%
PHY-1001 : Stage 2.8.2.1 | Update Timing
PHY-1001 : SWNS: -8415, STNS: -296036, FEP: 81
PHY-1001 : End Stage 2.8.2.1 | Update Timing; Time: 0.025636s wall, 0.015625s user + 0.000000s system = 0.015625s CPU (60.9%); Memory(MB): used = 323, reserved = 316, peak = 323;

PHY-1001 : Stage 2.8.2.2 | Refresh Congestion
RUN-1001 : Generating global routing grids ...
PHY-1001 : Generate routing nets ...
PHY-1001 : Reuse net number 3308/6688.
PHY-1001 : Global iterations in 32 thread ...
PHY-1002 : len = 328768, over cnt = 504(1%), over = 760, worst = 5
PHY-1002 : len = 332608, over cnt = 307(0%), over = 390, worst = 4
PHY-1002 : len = 336016, over cnt = 107(0%), over = 131, worst = 4
PHY-1002 : len = 336952, over cnt = 37(0%), over = 44, worst = 3
PHY-1002 : len = 337472, over cnt = 0(0%), over = 0, worst = 0
PHY-1001 : End global iterations;  0.422486s wall, 0.468750s user + 0.000000s system = 0.468750s CPU (111.0%)

PHY-1001 : Congestion index:
PHY-1001 : top1  = 41.46(S 56.81, N 55.37, E 58.45, W 42.56, I 0.00, O 0.00)
PHY-1001 : top5  = 32.69(S 45.95, N 44.00, E 45.26, W 32.73, I 0.00, O 0.00)
PHY-1001 : top10 = 28.76(S 39.14, N 36.93, E 38.83, W 27.89, I 0.00, O 0.00)
PHY-1001 : top15 = 26.36(S 34.81, N 32.66, E 34.68, W 25.01, I 0.00, O 0.00)
PHY-1001 : End Stage 2.8.2.2 | Refresh Congestion; Time: 0.517579s wall, 0.578125s user + 0.000000s system = 0.578125s CPU (111.7%); Memory(MB): used = 325, reserved = 317, peak = 325;

PHY-1001 : Stage 2.8.2.3 | GP Iteration
PHY-1001 : End Stage 2.8.2.3 | GP Iteration; Time: 0.598832s wall, 2.812500s user + 0.312500s system = 3.125000s CPU (521.8%); Memory(MB): used = 325, reserved = 317, peak = 325;

PHY-3001 : Multithread accelerating rate: 5.20
PHY-1001 : End Stage 2.8.2 | Post Pack GP; Time: 1.149133s wall, 3.421875s user + 0.312500s system = 3.734375s CPU (325.0%); Memory(MB): used = 325, reserved = 317, peak = 325;

PHY-1001 : End Stage 2.8 | Place Packing; Time: 2.549326s wall, 4.765625s user + 0.343750s system = 5.109375s CPU (200.4%); Memory(MB): used = 325, reserved = 317, peak = 325;

PHY-1001 : Stage 2.9 | Legalization
PHY-3001 : Before Legalized: Len = 301691
PHY-3001 : After Legalized: Len = 320021, Over = 0 with grid_size = 160
PHY-1001 : End Stage 2.9 | Legalization; Time: 0.011290s wall, 0.000000s user + 0.015625s system = 0.015625s CPU (138.4%); Memory(MB): used = 325, reserved = 317, peak = 325;

PHY-1001 : Stage 2.10 | Global Placement Step 3
PHY-3001 : Target density is 39%
PHY-1001 : Stage 2.10.1 | Update Timing
PHY-1001 : SWNS: -8315, STNS: -295154, FEP: 82
PHY-1001 : End Stage 2.10.1 | Update Timing; Time: 0.316016s wall, 0.296875s user + 0.000000s system = 0.296875s CPU (93.9%); Memory(MB): used = 326, reserved = 318, peak = 326;

PHY-1001 : Stage 2.10.2 | Refresh Congestion
RUN-1001 : Generating global routing grids ...
PHY-1001 : Generate routing nets ...
PHY-1001 : Reuse net number 96/6990.
PHY-1001 : Global iterations in 32 thread ...
PHY-1002 : len = 368720, over cnt = 613(1%), over = 1058, worst = 9
PHY-1002 : len = 376552, over cnt = 327(0%), over = 457, worst = 5
PHY-1002 : len = 381088, over cnt = 113(0%), over = 148, worst = 3
PHY-1002 : len = 382168, over cnt = 36(0%), over = 46, worst = 3
PHY-1002 : len = 382872, over cnt = 0(0%), over = 0, worst = 0
PHY-1001 : End global iterations;  0.722083s wall, 0.750000s user + 0.031250s system = 0.781250s CPU (108.2%)

PHY-1001 : Congestion index:
PHY-1001 : top1  = 42.31(S 56.47, N 56.38, E 58.53, W 43.43, I 0.00, O 0.00)
PHY-1001 : top5  = 34.44(S 44.85, N 44.23, E 46.77, W 33.72, I 0.00, O 0.00)
PHY-1001 : top10 = 30.31(S 38.77, N 37.54, E 40.28, W 29.07, I 0.00, O 0.00)
PHY-1001 : top15 = 27.68(S 34.83, N 33.47, E 36.13, W 26.30, I 0.00, O 0.00)
PHY-1001 : End Stage 2.10.2 | Refresh Congestion; Time: 0.825973s wall, 0.843750s user + 0.031250s system = 0.875000s CPU (105.9%); Memory(MB): used = 331, reserved = 323, peak = 331;

PHY-1001 : Stage 2.10.3 | GP Iteration
PHY-1001 : End Stage 2.10.3 | GP Iteration; Time: 0.337874s wall, 1.281250s user + 0.281250s system = 1.562500s CPU (462.5%); Memory(MB): used = 332, reserved = 324, peak = 332;

PHY-3001 : Multithread accelerating rate: 4.60
PHY-1001 : End Stage 2.10 | Global Placement Step 3; Time: 1.494347s wall, 2.421875s user + 0.312500s system = 2.734375s CPU (183.0%); Memory(MB): used = 332, reserved = 324, peak = 332;

PHY-1001 : Stage 2.11 | Final Legalization
PHY-3001 : Before Legalized: Len = 311829
PHY-3001 : After Legalized: Len = 316125, Over = 0 with grid_size = 160
PHY-1001 : End Stage 2.11 | Final Legalization; Time: 0.009583s wall, 0.000000s user + 0.000000s system = 0.000000s CPU (n/a%); Memory(MB): used = 332, reserved = 324, peak = 332;

PHY-1001 : End Stage 2 | Global Placement; Time: 11.016260s wall, 24.906250s user + 2.671875s system = 27.578125s CPU (250.3%); Memory(MB): used = 332, reserved = 324, peak = 332;

PHY-1001 : Stage 3 | Detailed Placement
PHY-1001 : Stage 3.1 | SLICE Detailed Placement
PHY-1001 : Stage 3.1.1 | Spreading
PHY-3001 : Spreading special nets. 66 overflows in 2952 tiles.
PHY-3001 : End spreading;  0.018634s wall, 0.015625s user + 0.000000s system = 0.015625s CPU (83.9%)

PHY-1001 : End Stage 3.1.1 | Spreading; Time: 0.018700s wall, 0.015625s user + 0.000000s system = 0.015625s CPU (83.6%); Memory(MB): used = 332, reserved = 324, peak = 332;

PHY-3001 : Final: Len = 317185, Over = 0
PHY-1001 : End Stage 3.1 | SLICE Detailed Placement; Time: 0.361073s wall, 0.375000s user + 0.000000s system = 0.375000s CPU (103.9%); Memory(MB): used = 332, reserved = 324, peak = 332;

PHY-3001 : BANK 5 DIFFRESISTOR:NONE VOD:350M VCM:1.2
PHY-3001 : End Detailed Place; 
PHY-1001 : Stage 3.2 | Optimize Design
OPT-1001 : Start physical optimization ...
OPT-1001 : Total overflow 0.00 peak overflow 0.00
OPT-1001 : Stage 3.2.1 | Physical Optimization
OPT-1001 : Start high-fanout net optimization in optimize equivalent flow with medium effort ...
OPT-1001 : Clean unloaded insts before merging registers
PHY-1001 : Populate physical database on model top.
PHY-1001 : Populate physical database on model top.
OPT-1001 : Total overflow 0.00 peak overflow 0.00
OPT-1001 : End optimize duplicated nets. Total 20 instances are merged and 421 sinks are reconnected,  0.071029s wall, 0.078125s user + 0.000000s system = 0.078125s CPU (110.0%)

OPT-1001 : End high-fanout net optimization;  0.071307s wall, 0.078125s user + 0.000000s system = 0.078125s CPU (109.6%)

OPT-1001 : Update timing in Manhattan mode
RUN-1002 : start command "start_timer"
OPT-1001 : End timing update;  0.653755s wall, 0.640625s user + 0.000000s system = 0.640625s CPU (98.0%)

OPT-1001 : Current memory(MB): used = 332, reserved = 324, peak = 332.
OPT-1001 : End Stage 3.2.1 | Physical Optimization; Time: 0.764744s wall, 0.750000s user + 0.000000s system = 0.750000s CPU (98.1%); Memory(MB): used = 332, reserved = 324, peak = 332;

OPT-1001 : Stage 3.2.2 | Synthesize High-fanout Net
OPT-1001 : Start high-fanout net optimization in post-pack flow with medium effort ...
OPT-1001 : Start: SWNS -8265 STNS -294938 NUM_FEPS 83
OPT-1001 : Total overflow 0.00 peak overflow 0.00
DBG-001 :  select 2 high fanout candidates
DBG-001 :  crit level 1 net count 0 (fanout thres 50)
DBG-001 :  crit level 2 net count 0 (fanout thres 50)
DBG-001 :  crit level 3 net count 0 (fanout thres 40)
DBG-001 :  crit level 4 net count 0 (fanout thres 30)
DBG-001 :  crit level 5 net count 2 (fanout thres 30)
DBG-001 :  crit level 6 net count 0 (fanout thres 30)
PHY-1001 : Populate physical database on model top.
OPT-1001 : 2 high-fanout net processed.
OPT-1001 : Total overflow 0.00 peak overflow 0.00
RUN-1001 : HFN opt statistic
RUN-1001 : ------------------------------------------------------
RUN-1001 :   DriverCell type  |  HFN count  |  Duplicated count  
RUN-1001 : ------------------------------------------------------
RUN-1001 :       LSLICE       |      0      |         0          
RUN-1001 :       MSLICE       |      0      |         0          
RUN-1001 :        OTHER       |      2      |         9          
RUN-1001 :        TOTAL       |      2      |         9          
RUN-1001 : ------------------------------------------------------
OPT-1001 : End high-fanout net optimization;  0.147883s wall, 0.156250s user + 0.000000s system = 0.156250s CPU (105.7%)

OPT-1001 : Current memory(MB): used = 332, reserved = 324, peak = 332.
OPT-1001 : End Stage 3.2.2 | Synthesize High-fanout Net; Time: 0.181501s wall, 0.187500s user + 0.000000s system = 0.187500s CPU (103.3%); Memory(MB): used = 332, reserved = 324, peak = 332;

OPT-1001 : Stage 3.2.3 | Optimize Path
OPT-1001 : Start path based optimization ...
OPT-0007 : Start: SWNS -8265 STNS -294970 NUM_FEPS 85 with mode 0
OPT-1001 : Start congestion update ...
RUN-1001 : Generating global routing grids ...
PHY-1001 : Generate routing nets ...
PHY-1001 : Reuse net number 1592/7021.
PHY-1001 : Global iterations in 32 thread ...
PHY-1002 : len = 373768, over cnt = 540(1%), over = 894, worst = 9
PHY-1002 : len = 379528, over cnt = 302(0%), over = 426, worst = 5
PHY-1002 : len = 382872, over cnt = 141(0%), over = 199, worst = 5
PHY-1002 : len = 384240, over cnt = 63(0%), over = 83, worst = 3
PHY-1002 : len = 385168, over cnt = 0(0%), over = 0, worst = 0
PHY-1001 : End global iterations;  0.622456s wall, 0.640625s user + 0.015625s system = 0.656250s CPU (105.4%)

PHY-1001 : Congestion index:
PHY-1001 : top1  = 38.52(S 55.78, N 52.67, E 56.40, W 44.20, I 0.00, O 0.00)
PHY-1001 : top5  = 32.26(S 45.23, N 41.93, E 44.24, W 33.21, I 0.00, O 0.00)
PHY-1001 : top10 = 28.89(S 39.49, N 36.48, E 38.04, W 28.42, I 0.00, O 0.00)
PHY-1001 : top15 = 26.71(S 35.84, N 32.86, E 34.21, W 25.55, I 0.00, O 0.00)
OPT-1001 : End congestion update;  0.746836s wall, 0.765625s user + 0.015625s system = 0.781250s CPU (104.6%)

PHY-3001 : Start incremental legalization ...
PHY-1001 : Populate physical database on model top.
PHY-7002 CRITICAL-WARNING: Instance U3/sdram location (12, 12) is not honored. Cell's initial location is not legal at the beginning of ECO placement, and will be moved during placement. Please verify user location constraints through the adc file.
PHY-3001 : Target density is 33%
PHY-3001 : Target density is 40%
PHY-3001 : Initial: Len = 324466, Over = 0
PHY-3001 : End spreading;  0.014480s wall, 0.015625s user + 0.000000s system = 0.015625s CPU (107.9%)

PHY-3001 : Final: Len = 324466, Over = 0
PHY-3001 : End incremental legalization;  0.090355s wall, 0.093750s user + 0.000000s system = 0.093750s CPU (103.8%)

OPT-0007 : Iter 1: improved SWNS -8265 STNS -294970 NUM_FEPS 85 with 47(529) cells and 4143(4143) paths processed with 16607 slack improved, crit_thod: 1847 ratio: 1.00(47/47) rt: 0.7s
OPT-0007 : Iter 2: improved SWNS -8265 STNS -294970 NUM_FEPS 85 with 0(0) cells and 0(0) paths processed with 0 slack improved, crit_thod: 2058 ratio: -1.00(0/0) rt: 0.0s
OPT-1001 : End path based optimization;  1.472363s wall, 1.468750s user + 0.015625s system = 1.484375s CPU (100.8%)

OPT-1001 : Update timing in Manhattan mode
OPT-1001 : End timing update;  0.352125s wall, 0.359375s user + 0.000000s system = 0.359375s CPU (102.1%)

OPT-1001 : Current memory(MB): used = 339, reserved = 331, peak = 339.
OPT-1001 : End Stage 3.2.3 | Optimize Path; Time: 1.861820s wall, 1.859375s user + 0.015625s system = 1.875000s CPU (100.7%); Memory(MB): used = 339, reserved = 331, peak = 339;

OPT-1001 : Stage 3.2.4 | Optimize Duplicated Nets
OPT-1001 : Start: WNS -6865 TNS -294126 NUM_FEPS 81
OPT-1001 : Clean unloaded insts before merging registers
PHY-1001 : Populate physical database on model top.
PHY-1001 : Populate physical database on model top.
OPT-1001 : Total overflow 0.00 peak overflow 0.00
OPT-1001 : End optimize duplicated nets. Total 2 instances are merged and 80 sinks are reconnected,  0.104485s wall, 0.109375s user + 0.000000s system = 0.109375s CPU (104.7%)

OPT-1001 : Update timing in Manhattan mode
RUN-1002 : start command "start_timer"
OPT-1001 : End timing update;  0.563110s wall, 0.531250s user + 0.015625s system = 0.546875s CPU (97.1%)

OPT-1001 : Current memory(MB): used = 339, reserved = 331, peak = 339.
OPT-1001 : End Stage 3.2.4 | Optimize Duplicated Nets; Time: 0.704684s wall, 0.671875s user + 0.015625s system = 0.687500s CPU (97.6%); Memory(MB): used = 339, reserved = 331, peak = 339;

OPT-1001 : Stage 3.2.5 | Swap Pins
OPT-1001 : Start pin optimization...
OPT-1001 : skip pin optimization...
OPT-1001 : Current memory(MB): used = 339, reserved = 331, peak = 339.
OPT-1001 : End Stage 3.2.5 | Swap Pins; Time: 0.033412s wall, 0.031250s user + 0.000000s system = 0.031250s CPU (93.5%); Memory(MB): used = 339, reserved = 331, peak = 339;

OPT-0007 : End flow postpack: SWNS -6865 STNS -294126 NUM_FEPS 81
RUN-1001 : Generating global routing grids ...
PHY-1001 : Generate routing nets ...
PHY-1001 : Reuse net number 6847/7020.
PHY-1001 : Global iterations in 32 thread ...
PHY-1002 : len = 391520, over cnt = 56(0%), over = 65, worst = 3
PHY-1002 : len = 391984, over cnt = 37(0%), over = 38, worst = 2
PHY-1002 : len = 392336, over cnt = 2(0%), over = 2, worst = 1
PHY-1002 : len = 392368, over cnt = 0(0%), over = 0, worst = 0
PHY-1001 : End global iterations;  0.118671s wall, 0.125000s user + 0.000000s system = 0.125000s CPU (105.3%)

PHY-1001 : Congestion index:
PHY-1001 : top1  = 39.75(S 55.69, N 52.76, E 56.06, W 45.43, I 0.00, O 0.00)
PHY-1001 : top5  = 32.87(S 45.38, N 42.26, E 44.46, W 33.99, I 0.00, O 0.00)
PHY-1001 : top10 = 29.28(S 39.58, N 36.54, E 38.29, W 29.09, I 0.00, O 0.00)
PHY-1001 : top15 = 27.04(S 35.89, N 32.78, E 34.57, W 26.13, I 0.00, O 0.00)
RUN-1001 : QoR Analysis:
OPT-0007 :   SWNS -6865 STNS -294126 NUM_FEPS 81
RUN-1001 :   No local congestion issue, and most congested 1% tile average routing util is 39.241379
RUN-1001 :   Top critical paths
RUN-1001 :       #1 path slack -6865ps with logic level 2 
RUN-1001 :       #2 path slack -6865ps with logic level 2 
RUN-1001 :       #3 path slack -6843ps with logic level 2 
RUN-1001 :       #4 path slack -6843ps with logic level 2 
RUN-1001 :       #5 path slack -6815ps with logic level 2 
RUN-1001 :       #6 path slack -6815ps with logic level 2 
RUN-1001 :   0 HFN exist on timing critical paths out of 7947 nets
RUN-1001 :   0 long nets exist on timing critical paths out of 7947 nets
OPT-1001 : End physical optimization;  3.810731s wall, 3.765625s user + 0.031250s system = 3.796875s CPU (99.6%)

PHY-1001 : End Stage 3.2 | Optimize Design; Time: 3.810837s wall, 3.765625s user + 0.031250s system = 3.796875s CPU (99.6%); Memory(MB): used = 339, reserved = 331, peak = 339;

PHY-1001 : End Stage 3 | Detailed Placement; Time: 4.178027s wall, 4.140625s user + 0.031250s system = 4.171875s CPU (99.9%); Memory(MB): used = 339, reserved = 331, peak = 339;

PHY-1001 : Stage 4 | Optimize Design
PHY-3001 : Start incremental legalization ...
PHY-1001 : Populate physical database on model top.
PHY-7002 CRITICAL-WARNING: Instance U3/sdram location (164, 288) is not honored. Cell's initial location is not legal at the beginning of ECO placement, and will be moved during placement. Please verify user location constraints through the adc file.
PHY-3001 : Target density is 33%
PHY-3001 : Target density is 40%
PHY-3001 : Initial: Len = 323638, Over = 0
PHY-1001 : Stage 4.1 | Spreading
PHY-3001 : End spreading;  0.013239s wall, 0.015625s user + 0.000000s system = 0.015625s CPU (118.0%)

PHY-1001 : End Stage 4.1 | Spreading; Time: 0.013372s wall, 0.015625s user + 0.000000s system = 0.015625s CPU (116.8%); Memory(MB): used = 339, reserved = 331, peak = 339;

PHY-3001 : Final: Len = 323638, Over = 0
PHY-3001 : End incremental legalization;  0.082418s wall, 0.078125s user + 0.000000s system = 0.078125s CPU (94.8%)

RUN-1002 : start command "report_qor -step place -file place.qor"
RUN-1002 : start command "start_timer"
TMR-2502 : Net delay update with mode: Placed
RUN-1001 : Generating global routing grids ...
-----------------------------------------------------------
| QoR metrics               |         value               |
-----------------------------------------------------------
| Timing                    |                             |
|     Setup WNS             |        -6865                |
|     Setup TNS             |      -294126                |
|     Num of violated S-EP  |           81                |
|     FMAX                  |    67.272MHz                |
|     SWNS path clock period |       8000ps                |
|     Hold WNS              |          -11                |
|     Hold TNS              |         -187                |
|     Num of violated H-EP  |           17                |
-----------------------------------------------------------
| Routing Resource          |                             |
|     Wire length           |       322195                |
-----------------------------------------------------------
| Utilization               |                             |
|     #slices               |         3298                |
|     slices percentage     |       33.65%                |
|     #RAMs                 |           20                |
|     #DSPs                 |            0                |
|     #DRAMHARDCON          |            0                |
-----------------------------------------------------------
| Congestion                |                             |
|     Top 1% tile util      |           35                |
|     Top 1% tile avg util  |       39.24%                |
|     Over 100% util #tile  |            0                |
-----------------------------------------------------------
Report place stage QoR done.

PHY-1001 : End Stage 4 | Optimize Design; Time: 0.849331s wall, 0.843750s user + 0.000000s system = 0.843750s CPU (99.3%); Memory(MB): used = 340, reserved = 331, peak = 340;

PHY-1001 : Stage 5 | DRC Check
PHY-1001 : Stage 5.1 | Force Route Constraint Check
PHY-1001 : Check Pass.
PHY-1001 : End Stage 5.1 | Force Route Constraint Check; Time: 0.000557s wall, 0.000000s user + 0.000000s system = 0.000000s CPU (n/a%); Memory(MB): used = 340, reserved = 331, peak = 340;

PHY-1001 : Stage 5.2 | Duplicated SelfDriven Check
PHY-1001 : Check pass.
PHY-1001 : End Stage 5.2 | Duplicated SelfDriven Check; Time: 0.008103s wall, 0.015625s user + 0.000000s system = 0.015625s CPU (192.8%); Memory(MB): used = 340, reserved = 331, peak = 340;

PHY-1001 : Stage 5.3 | Clock Rule Check
PHY-1001 : End Stage 5.3 | Clock Rule Check; Time: 0.000250s wall, 0.000000s user + 0.000000s system = 0.000000s CPU (n/a%); Memory(MB): used = 340, reserved = 331, peak = 340;

PHY-1001 : End Stage 5 | DRC Check; Time: 0.023125s wall, 0.031250s user + 0.000000s system = 0.031250s CPU (135.1%); Memory(MB): used = 340, reserved = 331, peak = 340;

OPT-1001 : QoR tracer report on placement steps:
    SWNS [   incr ]     STNS [    incr ]    FEPS [   incr ]    CRIT [   incr ]      CELL [     incr ]        WL [     incr ]    CONG [   incr ]    PDES [   incr ]   RT(s) [   incr ]   MEM(mb) [     incr ]
       0 [      0 ]        0 [       0 ]       0 [      0 ]       0 [      0 ]      8494 [        0 ]         0 [        0 ]    0.00 [   0.00 ]       0 [      0 ]       0 [      0 ]       164 [        0 ] : preplace:simplify_lut
       0 [      0 ]        0 [       0 ]       0 [      0 ]       0 [      0 ]      8494 [        0 ]         0 [        0 ]    0.00 [   0.00 ]       0 [      0 ]       0 [      0 ]       164 [        0 ] : preplace:sweep
       0 [      0 ]        0 [       0 ]       0 [      0 ]       0 [      0 ]      8494 [        0 ]         0 [        0 ]    0.00 [   0.00 ]       0 [      0 ]       0 [      0 ]       164 [        0 ] : preplace:hfn_opt
   -8565 [  -8565 ]  -296562 [ -296562 ]      81 [     81 ]    2921 [   2921 ]      8494 [        0 ]    213617 [   213617 ]    0.00 [   0.00 ]       0 [      0 ]       1 [      1 ]       270 [      106 ] : step1_gp
   -8565 [      0 ]  -296562 [       0 ]      81 [      0 ]    2930 [      9 ]      8494 [        0 ]    217539 [     3922 ]    0.00 [   0.00 ]       0 [      0 ]       2 [      1 ]       270 [        0 ] : step1_legal
   -8465 [    100 ]  -303984 [   -7422 ]     110 [     29 ]    2953 [     23 ]      8494 [        0 ]    276952 [    59413 ]   62.93 [  62.93 ]       0 [      0 ]       4 [      2 ]       307 [       37 ] : step2_gp
   -8365 [    100 ]  -301128 [    2856 ]     108 [     -2 ]    3052 [     99 ]      8549 [       55 ]    267635 [    -9317 ]   44.41 [ -18.52 ]       0 [      0 ]       6 [      2 ]       315 [        8 ] : prepack:hfn_opt
   -8365 [      0 ]  -300428 [     700 ]     108 [      0 ]    3052 [      0 ]      8549 [        0 ]    268291 [      656 ]   39.62 [  -4.79 ]       0 [      0 ]       7 [      1 ]       315 [        0 ] : prepack:global_opt
   -8415 [    -50 ]  -296036 [    4392 ]      81 [    -27 ]    2937 [   -115 ]      3432 [    -5117 ]    271523 [     3232 ]   39.62 [   0.00 ]       0 [      0 ]       8 [      1 ]       323 [        8 ] : pack
   -8265 [    150 ]  -294916 [    1120 ]      81 [      0 ]    2827 [   -110 ]      3432 [        0 ]    314679 [    43156 ]   41.76 [   2.14 ]       0 [      0 ]      11 [      3 ]       332 [        9 ] : post_pack_place
   -8265 [      0 ]  -294938 [     -22 ]      83 [      2 ]    2827 [      0 ]      3432 [        0 ]    315739 [     1060 ]   41.76 [   0.00 ]       0 [      0 ]      11 [      0 ]       332 [        0 ] : post_pack_spreading
   -8265 [      0 ]  -294938 [       0 ]      83 [      0 ]    2823 [     -4 ]      3423 [       -9 ]    313983 [    -1756 ]   41.76 [   0.00 ]       0 [      0 ]      12 [      1 ]       332 [        0 ] : postpack:optimize_equivalent_quick
   -8265 [      0 ]  -294970 [     -32 ]      85 [      2 ]    2644 [   -179 ]      3432 [        9 ]    315265 [     1282 ]   41.76 [   0.00 ]       0 [      0 ]      12 [      0 ]       332 [        0 ] : postpack:hfn_opt
   -6865 [   1400 ]  -294126 [     844 ]      81 [     -4 ]    2829 [    185 ]      3432 [        0 ]    323023 [     7758 ]   38.00 [  -3.76 ]       0 [      0 ]      14 [      2 ]       339 [        7 ] : postpack:path_opt
   -6865 [      0 ]  -294126 [       0 ]      81 [      0 ]    2905 [     76 ]      3428 [       -4 ]    322195 [     -828 ]   38.00 [   0.00 ]       0 [      0 ]      15 [      1 ]       339 [        0 ] : postpack:optimize_equivalent
   -6865 [      0 ]  -294126 [       0 ]      81 [      0 ]    2905 [      0 ]      3428 [        0 ]    322195 [        0 ]   38.00 [   0.00 ]       0 [      0 ]      15 [      0 ]       339 [        0 ] : postpack:pin_opt

RUN-1003 : finish command "place" in  16.489727s wall, 30.328125s user + 2.703125s system = 33.031250s CPU (200.3%)

RUN-1004 : used memory is 340 MB, reserved memory is 331 MB, peak memory is 340 MB
RUN-1002 : start command "update_timing -mode manhattan"
RUN-1002 : start command "start_timer"
RUN-1002 : start command "report_timing_status -file HDMI1.4b_Transmitter_v1.0_place.ts"
RUN-1002 : start command "report_timing_summary -file HDMI1.4b_Transmitter_v1.0_place.timing"
RUN-1002 : start command "report_area -io_info -file HDMI1.4b_Transmitter_v1.0_phy.area"
RUN-1001 : standard
***Report Model: top Device: EG4S20BG256***

IO Statistics
#IO                        28   out of    188   14.89%
  #input                    5
  #output                  22
  #inout                    1

Utilization Statistics
#lut                     5085   out of  19600   25.94%
#reg                     4217   out of  19600   21.52%
#le                      6122
  #lut only              1905   out of   6122   31.12%
  #reg only              1037   out of   6122   16.94%
  #lut&reg               3180   out of   6122   51.94%
#bram                      20   out of     64   31.25%
  #bram9k                  20
  #fifo9k                   0
#bram32k                    0   out of     16    0.00%
#dsp                        0   out of     29    0.00%
#pad                       32   out of    188   17.02%
  #ireg                     2
  #oreg                    21
  #treg                     1
#pll                        3   out of      4   75.00%
#gclk                       3   out of     16   18.75%

RUN-1002 : start command "flow_status -file place_flow.status"
Location         : D:\Nizhenghang\Project\2026Anlu1\src\td_project\HDMI1.4b_Transmitter_v1.0_Runs\phy_1
Running with     : Tang Dynasty v6.2.178840
                   Copyright (c) 2012-2025 Anlogic Inc.
Top Model        : top
Device           : EG4S20BG256
Speed            : NA

Timing Mode      : manhattan
Setup            : WNS -6865ps  TNS  -294126ps  NUM_FEPS    81
Hold             : WNS   -11ps  TNS     -187ps  NUM_FEPS    17

Flow Statistics  :
RUN-1001 : Flow Statistics:
RUN-1001 : --------------------------------------------------------------------------------------------------
RUN-1001 :      command     |  #calls  |  wall time  |  cpu time(s)  |  used memory(mb)  |  peak memory(mb)  
RUN-1001 : --------------------------------------------------------------------------------------------------
RUN-1001 :       place      |    1     |  16s(100%)  |   32(100%)    |        340        |        340        
RUN-1001 :     import_db    |    1     |   0s(0%)    |     0(0%)     |        163        |        163        
RUN-1001 :   import_device  |    1     |   0s(0%)    |     0(0%)     |        83         |        83         
RUN-1001 : --------------------------------------------------------------------------------------------------
RUN-1001 :       total      |    3     |     16s     |      32       |        340        |        340        
RUN-1001 : --------------------------------------------------------------------------------------------------
RUN-1002 : start command "report_clock_utilization -file place_clock_utilization.txt"
RUN-1001 : Device not support command report_clock_utilization.
RUN-1002 : start command "export_db HDMI1.4b_Transmitter_v1.0_place.db"
RUN-1001 : Exported flow parameters
RUN-1001 : Exported /
RUN-1001 : Exported libs
RUN-1001 : Exported entities
RUN-1001 : Exported ports
RUN-1001 : Exported pins
RUN-1001 : Exported instances
RUN-1001 : Exported nets
RUN-1001 : Exported buses
RUN-1001 : Exported models
RUN-1001 : Exported phy database
RUN-1001 : Exported packer
RUN-1001 : Exported congestions
RUN-1001 : Exported violations
RUN-1001 : Exported ATMR Setting
RUN-1001 : Exported timing constraints
RUN-1001 : Exported IO constraints
RUN-1001 : Exported Inst constraints
RUN-1001 : Exported ChipWatcher
RUN-1002 : start command "commit_param -step route"
RUN-1001 : Print Global Property
RUN-1001 : --------------------------------------------------------
RUN-1001 :   Parameters   |  Settings  |  Default Values  |  Note  
RUN-1001 : --------------------------------------------------------
RUN-1001 :   enable_seed  |    off     |       off        |        
RUN-1001 :     message    |  standard  |     standard     |        
RUN-1001 :   qor_monitor  |     on     |        on        |        
RUN-1001 :   syn_ip_flow  |    off     |       off        |        
RUN-1001 :     thread     |    auto    |       auto       |        
RUN-1001 : --------------------------------------------------------
RUN-1001 : Print Route Property
RUN-1001 : -------------------------------------------------------
RUN-1001 :   Parameters  |  Settings  |  Default Values  |  Note  
RUN-1001 : -------------------------------------------------------
RUN-1001 :     effort    |   normal   |      normal      |        
RUN-1001 :    fix_hold   |     on     |        on        |        
RUN-1001 :     timing    |     on     |        on        |        
RUN-1001 : -------------------------------------------------------
RUN-1002 : start command "route"
RUN-1001 : Open license file D:/Download/TD/license/Anlogic.lic
PHY-1001 : Route runs in 32 thread(s)
RUN-1001 : There are total 3428 instances
RUN-1001 : 1649 mslices, 1649 lslices, 87 pads, 20 brams, 0 dsps
RUN-1001 : There are total 7947 nets
RUN-1001 : 5512 nets have 2 pins
RUN-1001 : 1713 nets have [3 - 5] pins
RUN-1001 : 445 nets have [6 - 10] pins
RUN-1001 : 139 nets have [11 - 20] pins
RUN-1001 : 132 nets have [21 - 99] pins
RUN-1001 : 6 nets have 100+ pins
RUN-1002 : start command "start_timer"
PHY-1001 : 1649 mslices, 1649 lslices, 87 pads, 20 brams, 0 dsps

PHY-1001 : Stage 1 | Global Routing
PHY-1001 : Start global routing, caller is route ...
RUN-1001 : Generating global routing grids ...
PHY-1001 : Generate routing nets ...
RUN-1001 : Generate nets statistics:
RUN-1001 : ----------------------------
RUN-1001 :        Type       |  Nets   
RUN-1001 : ----------------------------
RUN-1001 :   TotalRouteNets  |  7221   
RUN-1001 :   DontRouteNets   |   495   
RUN-1001 :     RouteNets     |  6726   
RUN-1001 :     RouteSinks    |  14738  
RUN-1001 : ----------------------------
PHY-1001 : Global iterations in 32 thread ...
PHY-1002 : len = 373712, over cnt = 632(1%), over = 1107, worst = 9
PHY-1002 : len = 380296, over cnt = 343(0%), over = 500, worst = 5
PHY-1002 : len = 384544, over cnt = 128(0%), over = 164, worst = 3
PHY-1002 : len = 386792, over cnt = 4(0%), over = 4, worst = 1
PHY-1002 : len = 386968, over cnt = 0(0%), over = 0, worst = 0
PHY-1001 : End global iterations;  0.779227s wall, 0.765625s user + 0.062500s system = 0.828125s CPU (106.3%)

PHY-1001 : Congestion index:
PHY-1001 : top1  = 39.47(S 56.03, N 51.72, E 55.62, W 45.69, I 0.00, O 0.00)
PHY-1001 : top5  = 32.76(S 45.43, N 41.78, E 44.60, W 34.09, I 0.00, O 0.00)
PHY-1001 : top10 = 29.11(S 39.54, N 36.25, E 38.64, W 28.94, I 0.00, O 0.00)
PHY-1001 : top15 = 26.86(S 35.71, N 32.73, E 34.82, W 25.77, I 0.00, O 0.00)
PHY-1001 : End global routing;  0.887918s wall, 0.859375s user + 0.062500s system = 0.921875s CPU (103.8%)

PHY-1001 : End Stage 1 | Global Routing; Time: 0.888003s wall, 0.859375s user + 0.062500s system = 0.921875s CPU (103.8%); Memory(MB): used = 358, reserved = 459, peak = 358;

PHY-1001 : Stage 2 | Detail Routing
PHY-1001 : Stage 2.1 | Build Routing Design
PHY-1001 : Routing in high effort: false
PHY-1001 : Routing Mode: normal
PHY-1001 : Generate detailed routing grids ...
PHY-1001 : End build routing graph; 2.525562s wall, 2.375000s user + 0.046875s system = 2.421875s CPU (95.9%)

PHY-1001 : Generate nets ...
PHY-1001 : net clk_dup_1 will be routed on clock mesh
PHY-1001 : net U3/u2_ram/SDRAM_CLK will be routed on clock mesh
PHY-1001 : net U3/u2_ram/u1_init_ref/Sdr_clk will be routed on clock mesh
PHY-1001 : net u_hdmi_audio_tone_i2s_64fs/I_mclk will be routed on clock mesh
PHY-1001 : clock net sd_card_bmp_m0/bmp_read_m0/clk will be merged with clock sys_pll_m0/clk0_buf
PHY-1001 : clock net u_I2S_receiver/I_clk will be merged with clock video_pll_m0/clk0_buf
PHY-1001 : clock net u_audio_pll/clk0_out will be merged with clock u_audio_pll/clk0_buf
PHY-1001 : net u_hdmi2phy_wrapper/u0_lane_lvds_8_1/I_serial_clk will be routed on clock mesh
RUN-1001 : Generate nets statistics:
RUN-1001 : ------------------------------
RUN-1001 :         Type        |  Nets   
RUN-1001 : ------------------------------
RUN-1001 :        Route        |  7221   
RUN-1001 :      DontRoute      |   726   
RUN-1001 :      RouteSinks     |  22230  
RUN-1001 :   RouteEntitySinks  |    0    
RUN-1001 :       Lut2Dff       |    0    
RUN-1001 :       Ram2Dff       |    0    
RUN-1001 :      Carry2Dff      |    0    
RUN-1001 : ------------------------------
RUN-1001 : DR clock net summary:
RUN-1001 : -------------------------------------------------------------------------------
RUN-1001 :   Net Idx  |                      Net Name                      |  Clock Type  
RUN-1001 : -------------------------------------------------------------------------------
RUN-1001 :      1     |                U3/u2_ram/SDRAM_CLK                 |    Normal    
RUN-1001 :      2     |           U3/u2_ram/u1_init_ref/Sdr_clk            |    Normal    
RUN-1001 :      3     |                     clk_dup_1                      |    Normal    
RUN-1001 :      4     |           sd_card_bmp_m0/bmp_read_m0/clk           |    Normal    
RUN-1001 :      5     |                u_I2S_receiver/I_clk                |    Normal    
RUN-1001 :      6     |                u_audio_pll/clk0_out                |    Normal    
RUN-1001 :      7     |  u_hdmi2phy_wrapper/u0_lane_lvds_8_1/I_serial_clk  |    Normal    
RUN-1001 :      8     |         u_hdmi_audio_tone_i2s_64fs/I_mclk          |    Normal    
RUN-1001 : -------------------------------------------------------------------------------
RUN-1001 : DR clock buffer summary:
RUN-1001 : ----------------
RUN-1001 :   Idx  |  Name  
RUN-1001 : ----------------
RUN-1001 : ----------------
PHY-1001 : End Stage 2.1 | Build Routing Design; Time: 2.683421s wall, 2.515625s user + 0.062500s system = 2.578125s CPU (96.1%); Memory(MB): used = 627, reserved = 616, peak = 627;

RUN-1001 : Top Percentage Crit. Net Stat.
RUN-1001 : -------------------------------------------------------
RUN-1001 :   Top %  |  Net Count  |  Avg. Fanout  |  Avg. Slack   
RUN-1001 : -------------------------------------------------------
RUN-1001 :     1    |     79      |   3.291139    |  1614.126582  
RUN-1001 :     2    |     158     |   5.139241    |  1904.354430  
RUN-1001 :     3    |     238     |   4.172269    |  2068.626050  
RUN-1001 :     4    |     317     |   3.738170    |  2197.179811  
RUN-1001 :     5    |     397     |   4.075567    |  2312.763224  
RUN-1001 :     6    |     476     |   3.699580    |  2425.890756  
RUN-1001 :     7    |     556     |   3.537770    |  2539.109712  
RUN-1001 :     8    |     635     |   3.497638    |  2658.568504  
RUN-1001 :     9    |     715     |   3.451748    |  2781.418182  
RUN-1001 :    10    |     794     |   3.492443    |  2896.302267  
RUN-1001 : -------------------------------------------------------
PHY-1001 : Stage 2.2 | Clock Nets Routing
PHY-1001 : Routed 0% nets.
PHY-1001 : len = 156880, over cnt = 0(0%), over = 0, worst = 0, crit = 0
PHY-1001 : End Stage 2.2 | Clock Nets Routing; Time: 2.935573s wall, 2.781250s user + 0.093750s system = 2.875000s CPU (97.9%); Memory(MB): used = 660, reserved = 648, peak = 660;

PHY-1001 : Stage 2.3 | Routing Initialization
PHY-1001 : Mark 1% net(place mode slack < 2058ps) as critical nets.
PHY-1001 : Stage 2.3.1 | Normal Nets Routing
PHY-1001 : Routed 90% nets.
PHY-1001 : len = 668888, over cnt = 376(0%), over = 383, worst = 2, crit = 0
PHY-1001 : End Stage 2.3.1 | Normal Nets Routing; Time: 7.430008s wall, 15.203125s user + 0.296875s system = 15.500000s CPU (208.6%); Memory(MB): used = 665, reserved = 653, peak = 665;

PHY-1001 : Stage 2.3.2 | Update Timing
RUN-1002 : start command "start_timer"
8.000000
40.000000
10.000000
8.000000
PHY-1001 : 416/7221(5%) critical/total net(s).
PHY-1001 : Setup: WNS(ns) = -6.301, TNS(ns) = -395.748, FEP = 210 | Hold: WNS(ns) = -1.330, TNS(ns) = -1.370, FEP = 5.
PHY-1001 : End Stage 2.3.2 | Update Timing; Time: 0.758061s wall, 0.703125s user + 0.046875s system = 0.750000s CPU (98.9%); Memory(MB): used = 669, reserved = 657, peak = 669;

PHY-1001 : End Stage 2.3 | Routing Initialization; Time: 8.199546s wall, 15.906250s user + 0.343750s system = 16.250000s CPU (198.2%); Memory(MB): used = 669, reserved = 657, peak = 669;

PHY-1001 : Stage 2.4 | Routing Optimization
PHY-1001 : Build lut bridge;  0.074329s wall, 0.078125s user + 0.000000s system = 0.078125s CPU (105.1%)

PHY-1001 : Stage 2.4.1 | Phase 1
PHY-1001 : Stage 2.4.1.1 | Setup TimeOptimization
PHY-1001 : Start to optimize setup violation with net base ...
PHY-1001 : Iter 1; Processed 173 pins with SWNS -6.301ns STNS -312.009ns FEP 107 took 2.839 seconds.
PHY-1001 : len = 673176, over cnt = 468(0%), over = 476, worst = 2, crit = 3
PHY-1001 : End Stage 2.4.1.1 | Setup TimeOptimization; Time: 2.877459s wall, 2.765625s user + 0.031250s system = 2.796875s CPU (97.2%); Memory(MB): used = 672, reserved = 661, peak = 672;

PHY-1001 : Stage 2.4.1.2 | Rip-up And ReRoute
PHY-1001 : Iter 1: len = 673440, over cnt = 110(0%), over = 110, worst = 1, crit = 0, time(s) = 0.39
PHY-1001 : Iter 2: len = 673696, over cnt = 74(0%), over = 74, worst = 1, crit = 0, time(s) = 0.23
PHY-1001 : Iter 3: len = 673696, over cnt = 68(0%), over = 68, worst = 1, crit = 0, time(s) = 0.10
PHY-1001 : Iter 4: len = 674200, over cnt = 15(0%), over = 15, worst = 1, crit = 0, time(s) = 0.10
PHY-1001 : Iter 5: len = 674312, over cnt = 3(0%), over = 3, worst = 1, crit = 0, time(s) = 0.02
PHY-1001 : Iter 6: len = 674312, over cnt = 3(0%), over = 3, worst = 1, crit = 0, time(s) = 0.02
PHY-1001 : Iter 7: len = 674312, over cnt = 3(0%), over = 3, worst = 1, crit = 0, time(s) = 0.02
PHY-1001 : Iter 8: len = 674368, over cnt = 0(0%), over = 0, worst = 0, crit = 0, time(s) = 0.01
PHY-1001 : End Stage 2.4.1.2 | Rip-up And ReRoute; Time: 0.894646s wall, 1.484375s user + 0.062500s system = 1.546875s CPU (172.9%); Memory(MB): used = 673, reserved = 662, peak = 673;

PHY-1001 : Stage 2.4.1.3 | Update Timing
RUN-1002 : start command "start_timer"
PHY-1001 : 227/7221(3%) critical/total net(s).
PHY-1001 : Setup: WNS(ns) = -6.301, TNS(ns) = -324.916, FEP = 143 | Hold: WNS(ns) = -1.330, TNS(ns) = -1.370, FEP = 5.
PHY-1001 : End Stage 2.4.1.3 | Update Timing; Time: 0.727057s wall, 0.687500s user + 0.015625s system = 0.703125s CPU (96.7%); Memory(MB): used = 673, reserved = 662, peak = 673;

PHY-1001 : Stage 2.4.1.4 | Commit Data
PHY-1001 : Commit better result to database ...
PHY-1001 : 135 feed throughs used by 92 nets
PHY-1001 : End Stage 2.4.1.4 | Commit Data; Time: 0.488615s wall, 0.484375s user + 0.000000s system = 0.484375s CPU (99.1%); Memory(MB): used = 697, reserved = 685, peak = 697;

PHY-1001 : End Stage 2.4.1 | Phase 1; Time: 5.027669s wall, 5.484375s user + 0.109375s system = 5.593750s CPU (111.3%); Memory(MB): used = 697, reserved = 685, peak = 697;

PHY-1001 : Stage 2.4.2 | Phase 2
PHY-1001 : Stage 2.4.2.1 | Setup TimeOptimization
PHY-1001 : Start to optimize setup violation with net base ...
PHY-1001 : Iter 1; Processed 75 pins with SWNS -6.301ns STNS -312.039ns FEP 110 took 1.16514 seconds.
PHY-1001 : len = 675200, over cnt = 26(0%), over = 26, worst = 1, crit = 0
PHY-1001 : End Stage 2.4.2.1 | Setup TimeOptimization; Time: 1.202966s wall, 1.203125s user + 0.000000s system = 1.203125s CPU (100.0%); Memory(MB): used = 697, reserved = 685, peak = 697;

PHY-1001 : Stage 2.4.2.2 | Rip-up And ReRoute
PHY-0007 : Congestion: {42.43, 35.69, 32.75, 30.66}; Timing: {-6.301ns, -312.039ns, 110}
PHY-1001 : Iter 1: len = 674696, over cnt = 1(0%), over = 1, worst = 1, crit = 0, time(s) = 0.03
PHY-1001 : Iter 2: len = 674712, over cnt = 0(0%), over = 0, worst = 0, crit = 0, time(s) = 0.01
PHY-1001 : End Stage 2.4.2.2 | Rip-up And ReRoute; Time: 0.052707s wall, 0.046875s user + 0.000000s system = 0.046875s CPU (88.9%); Memory(MB): used = 697, reserved = 685, peak = 697;

PHY-1001 : Stage 2.4.2.3 | Update Timing
RUN-1002 : start command "start_timer"
PHY-1001 : 188/7221(2%) critical/total net(s).
PHY-1001 : Setup: WNS(ns) = -6.301, TNS(ns) = -321.587, FEP = 127 | Hold: WNS(ns) = -1.330, TNS(ns) = -1.370, FEP = 5.
PHY-1001 : End Stage 2.4.2.3 | Update Timing; Time: 0.730251s wall, 0.703125s user + 0.000000s system = 0.703125s CPU (96.3%); Memory(MB): used = 699, reserved = 687, peak = 699;

PHY-1001 : Stage 2.4.2.4 | Commit Data
PHY-1001 : Commit better result to database ...
PHY-1001 : 139 feed throughs used by 96 nets
PHY-1001 : End Stage 2.4.2.4 | Commit Data; Time: 0.504435s wall, 0.484375s user + 0.000000s system = 0.484375s CPU (96.0%); Memory(MB): used = 699, reserved = 687, peak = 699;

PHY-1001 : End Stage 2.4.2 | Phase 2; Time: 2.524697s wall, 2.468750s user + 0.000000s system = 2.468750s CPU (97.8%); Memory(MB): used = 699, reserved = 687, peak = 699;

PHY-1001 : End Stage 2.4 | Routing Optimization; Time: 8.138947s wall, 8.546875s user + 0.109375s system = 8.656250s CPU (106.4%); Memory(MB): used = 699, reserved = 687, peak = 699;

PHY-1001 : Stage 2.5 | Multi-try route Optimization
PHY-1001 : Original timing status: SWNS -6301ps, STNS -321587ps, FEP 127.
PHY-1001 : Start to multi-try route opt...
PHY-1033 : Iter 1, processed 10 pins with SWNS -6301 -> -6301ps STNS -321587 -> -321519ps FEP 127 -> 127.
PHY-1033 : Iter 2, processed 10 pins with SWNS -6301 -> -6301ps STNS -321519 -> -321468ps FEP 127 -> 127.
PHY-1033 : Iter 3, processed 10 pins with SWNS -6301 -> -6301ps STNS -321468 -> -321405ps FEP 127 -> 127.
PHY-1033 : Iter 4, processed 10 pins with SWNS -6301 -> -6301ps STNS -321405 -> -321365ps FEP 127 -> 127.
PHY-1033 : Iter 5, processed 10 pins with SWNS -6301 -> -6301ps STNS -321365 -> -321365ps FEP 127 -> 127.
PHY-1033 : Try cnt 34, commit cnt 7(20.59%).
PHY-1001 : len = 673960, over cnt = 0(0%), over = 0, worst = 0, crit = 0
PHY-1001 : Update timing ...
RUN-1002 : start command "start_timer"
PHY-1001 : 188/7221(2%) critical/total net(s).
PHY-1001 : Setup: WNS(ns) = -6.301, TNS(ns) = -321.365, FEP = 127 | Hold: WNS(ns) = -1.330, TNS(ns) = -1.370, FEP = 5.
PHY-1001 : End update timing; 0.781363s wall, 0.671875s user + 0.046875s system = 0.718750s CPU (92.0%)

PHY-1001 : End multi-try route opt;  1.881768s wall, 1.812500s user + 0.062500s system = 1.875000s CPU (99.6%)

PHY-1001 : End Stage 2.5 | Multi-try route Optimization; Time: 1.891342s wall, 1.828125s user + 0.062500s system = 1.890625s CPU (100.0%); Memory(MB): used = 700, reserved = 688, peak = 700;

PHY-1003 : Routed, final wirelength = 673960
RUN-1002 : start command "export_db HDMI1.4b_Transmitter_v1.0_pr.db"
RUN-1001 : Exported flow parameters
RUN-1001 : Exported /
RUN-1001 : Exported libs
RUN-1001 : Exported entities
RUN-1001 : Exported ports
RUN-1001 : Exported pins
RUN-1001 : Exported instances
RUN-1001 : Exported nets
RUN-1001 : Exported buses
RUN-1001 : Exported models
RUN-1001 : Exported phy database
RUN-1001 : Exported packer
RUN-1001 : Exported congestions
RUN-1001 : Exported violations
RUN-1001 : Exported ATMR Setting
RUN-1001 : Exported timing constraints
RUN-1001 : Exported IO constraints
RUN-1001 : Exported Inst constraints
RUN-1001 : Exported ChipWatcher
PHY-1001 : Current memory(MB): used = 726, reserved = 835, peak = 726.
PHY-1001 : End export database. 0.261445s wall, 0.312500s user + 0.031250s system = 0.343750s CPU (131.5%)

PHY-1001 : End detail routing;  24.589941s wall, 32.359375s user + 0.703125s system = 33.062500s CPU (134.5%)

PHY-1001 : End Stage 2 | Detail Routing; Time: 24.590050s wall, 32.359375s user + 0.703125s system = 33.062500s CPU (134.5%); Memory(MB): used = 725, reserved = 834, peak = 726;

PHY-1001 : Stage 3 | Hold Fix
RUN-1002 : start command "start_timer"
RUN-1001 : fix hold violation on net video_timing_data_m0/read_req endpin frame_read_write_m0/frame_fifo_read_m0/read_req_d0_reg_syn_5.mi[0] slack -1330ps
RUN-1001 : 3 hold-buffer to be created.
RUN-1001 : fix hold violation on net u_hdmi_1_4b_transmitter_core_wrapper/u_hdmi_edid_wrapper/u_iic_master_wrapper/u_iic_receiver_controller/I_rst_dup_16 endpin u_hdmi_1_4b_transmitter_core_wrapper/u_hdmi_tx_controller_wrapper/u2_hdmi_tmds_encode/S_cnt_t_1_b[2]_syn_13.sr slack -5ps
RUN-1001 : 1 hold-buffer to be created.
RUN-1001 : fix hold violation on net u_hdmi_1_4b_transmitter_core_wrapper/u_hdmi_tx_controller_wrapper/u_hdmi_island_data_gen/U_audio_sample_packet_2_channel/u_w96_d1024_fifo/I_fifo_wr_data[40] endpin u_hdmi_1_4b_transmitter_core_wrapper/u_hdmi_tx_controller_wrapper/u_hdmi_island_data_gen/U_audio_sample_packet_2_channel/u_w96_d1024_fifo/u_logic_ramfifo_syn_564.dia[4] slack -20ps
RUN-1001 : 1 hold-buffer to be created.
RUN-1001 : fix hold violation on net u_hdmi_1_4b_transmitter_core_wrapper/u_hdmi_tx_controller_wrapper/u_hdmi_island_data_gen/U_audio_sample_packet_2_channel/u_w96_d1024_fifo/I_fifo_wr_data[41] endpin u_hdmi_1_4b_transmitter_core_wrapper/u_hdmi_tx_controller_wrapper/u_hdmi_island_data_gen/U_audio_sample_packet_2_channel/u_w96_d1024_fifo/u_logic_ramfifo_syn_564.dia[5] slack -11ps
RUN-1001 : 1 hold-buffer to be created.
RUN-1001 : fix hold violation on net u_hdmi_1_4b_transmitter_core_wrapper/u_hdmi_tx_controller_wrapper/u_video_axi_stream_receiver/u_w24_d1024_fifo/u_logic_ramfifo_syn_25 endpin u_hdmi_1_4b_transmitter_core_wrapper/u_hdmi_tx_controller_wrapper/u_video_axi_stream_receiver/u_w24_d1024_fifo/u_logic_ramfifo_syn_390.addrb[5] slack -4ps
RUN-1001 : 1 hold-buffer to be created.
RUN-1001 : fix hold violation on net u_hdmi_1_4b_transmitter_core_wrapper/I_axis_s_data[14] endpin u_hdmi_1_4b_transmitter_core_wrapper/u_hdmi_tx_controller_wrapper/u_video_axi_stream_receiver/u_w24_d1024_fifo/u_logic_ramfifo_syn_390.dia[5] slack -11ps
RUN-1001 : 1 hold-buffer to be created.
PHY-1001 : Populate physical database on model top.
8.000000
40.000000
10.000000
8.000000

8.000000
40.000000
10.000000
8.000000
RUN-1002 : start command "start_timer"
RUN-1001 : All hold violations are fixed.
PHY-1001 : End Stage 3 | Hold Fix; Time: 10.594631s wall, 10.078125s user + 0.375000s system = 10.453125s CPU (98.7%); Memory(MB): used = 728, reserved = 835, peak = 728;

PHY-1001 : Stage 4 | Report Route Qor
RUN-1002 : start command "report_qor -step route -file route.qor"
RUN-1002 : start command "start_timer"
-----------------------------------------------------------
| QoR metrics               |         value               |
-----------------------------------------------------------
| Timing                    |                             |
|     Setup WNS             |        -6301                |
|     Setup TNS             |      -321365                |
|     Num of violated S-EP  |          127                |
|     Hold WNS              |            4                |
|     Hold TNS              |            0                |
|     Num of violated H-EP  |            0                |
-----------------------------------------------------------
| Routing Resource          |                             |
|     Wire length           |       674152                |
-----------------------------------------------------------
| Utilization               |                             |
|     #slices               |         3306                |
|     slices percentage     |       33.73%                |
|     #RAMs                 |           20                |
|     #DSPs                 |            0                |
|     #DRAMHARDCON          |            0                |
-----------------------------------------------------------
Report route stage QoR done.

RUN-1002 : start command "update_timing -mode final"
RUN-1002 : start command "start_timer"
RUN-1002 : start command "report_timing_summary -file final_timing.rpt"
OPT-1001 : QoR tracer report on route step:
    SWNS [   incr ]     STNS [    incr ]  S-FEPS [   incr ]    HWNS [   incr ]      HTNS [     incr ]    H-FEPS [     incr ]    CELL [   incr ]      WL [   incr ]   RT(s) [   incr ]   MEM(mb) [     incr ]
   -6301 [      0 ]  -395748 [       0 ]     210 [      0 ]   -1330 [      0 ]     -1370 [        0 ]         5 [        0 ]    3428 [      0 ]  668888 [      0 ]      15 [      0 ]       669 [        0 ] : dr_initialization
   -6301 [      0 ]  -312009 [   83739 ]     107 [   -103 ]   -1330 [      0 ]     -1370 [        0 ]         5 [        0 ]    3428 [      0 ]  673176 [   4288 ]      19 [      4 ]       672 [        3 ] : dr_timing_opt_phase1
   -6301 [      0 ]  -324916 [  -12907 ]     143 [     36 ]   -1330 [      0 ]     -1370 [        0 ]         5 [        0 ]    3428 [      0 ]  674368 [   1192 ]      21 [      2 ]       697 [       25 ] : dr_opt_phase1
   -6301 [      0 ]  -312039 [   12877 ]     110 [    -33 ]   -1330 [      0 ]     -1370 [        0 ]         5 [        0 ]    3428 [      0 ]  675200 [    832 ]      22 [      1 ]       697 [        0 ] : dr_timing_opt_phase2
   -6301 [      0 ]  -321587 [   -9548 ]     127 [     17 ]   -1330 [      0 ]     -1370 [        0 ]         5 [        0 ]    3428 [      0 ]  674712 [   -488 ]      23 [      1 ]       699 [        2 ] : dr_opt_phase2
   -6301 [      0 ]  -321365 [     222 ]     127 [      0 ]   -1330 [      0 ]     -1370 [        0 ]         5 [        0 ]    3428 [      0 ]  673960 [   -752 ]      25 [      2 ]       700 [        1 ] : multi_try_opt
   -6301 [      0 ]  -321365 [       0 ]     127 [      0 ]       4 [   1334 ]         0 [     1370 ]         0 [       -5 ]    3436 [      8 ]  674184 [    224 ]       2 [    -23 ]       726 [       26 ] : (ECO)dr_initialization
   -6301 [      0 ]  -321365 [       0 ]     127 [      0 ]       4 [      0 ]         0 [        0 ]         0 [        0 ]    3436 [      0 ]  674184 [      0 ]       2 [      0 ]       726 [        0 ] : (ECO)dr_timing_opt_phase1
   -6301 [      0 ]  -321365 [       0 ]     127 [      0 ]       4 [      0 ]         0 [        0 ]         0 [        0 ]    3436 [      0 ]  674152 [    -32 ]       4 [      2 ]       726 [        0 ] : (ECO)dr_opt_phase1
   -6301 [      0 ]  -321365 [       0 ]     127 [      0 ]       4 [      0 ]         0 [        0 ]         0 [        0 ]    3436 [      0 ]  674152 [      0 ]       4 [      0 ]       726 [        0 ] : (ECO)dr_timing_opt_phase2
   -6301 [      0 ]  -321365 [       0 ]     127 [      0 ]       4 [      0 ]         0 [        0 ]         0 [        0 ]    3436 [      0 ]  674152 [      0 ]       5 [      1 ]       726 [        0 ] : (ECO)dr_opt_phase2
   -6301 [      0 ]  -321365 [       0 ]     127 [      0 ]       4 [      0 ]         0 [        0 ]         0 [        0 ]    3436 [      0 ]  674152 [      0 ]       5 [      0 ]       726 [        0 ] : (ECO)multi_try_opt
   -6301 [      0 ]  -321365 [       0 ]     127 [      0 ]       4 [      0 ]         0 [        0 ]         0 [        0 ]    3436 [      0 ]  674152 [      0 ]       6 [      1 ]       728 [        2 ] : (ECO)fix_hold_opt
   -6301 [      0 ]  -321365 [       0 ]     127 [      0 ]       4 [      0 ]         0 [        0 ]         0 [        0 ]    3436 [      0 ]  674152 [      0 ]      36 [     30 ]       728 [        0 ] : (ECO)fix_hold_opt

PHY-1001 : End Stage 4 | Report Route Qor; Time: 1.516220s wall, 1.453125s user + 0.015625s system = 1.468750s CPU (96.9%); Memory(MB): used = 728, reserved = 835, peak = 728;

PHY-1001 : Stage 5 | Design Rule Check
PHY-1001 : Start multi-drive drc check......
PHY-1001 : No multi-drive.
PHY-1001 : Stage 5.1 | Clock Net Status Check
PHY-1001 : All clock nets do not utilize local routing resource.
PHY-1001 : End Stage 5.1 | Clock Net Status Check; Time: 0.002712s wall, 0.000000s user + 0.000000s system = 0.000000s CPU (n/a%); Memory(MB): used = 728, reserved = 835, peak = 728;

PHY-1001 : Stage 5.2 | Abnormal Timing Path check
PHY-1001 : No abnormal timing path.
PHY-1001 : End Stage 5.2 | Abnormal Timing Path check; Time: 0.032281s wall, 0.031250s user + 0.000000s system = 0.031250s CPU (96.8%); Memory(MB): used = 728, reserved = 835, peak = 728;

PHY-1001 : End Stage 5 | Design Rule Check; Time: 0.072155s wall, 0.062500s user + 0.000000s system = 0.062500s CPU (86.6%); Memory(MB): used = 728, reserved = 835, peak = 728;

RUN-1003 : finish command "route" in  38.297668s wall, 45.453125s user + 1.156250s system = 46.609375s CPU (121.7%)

RUN-1004 : used memory is 728 MB, reserved memory is 835 MB, peak memory is 728 MB
RUN-1002 : start command "report_area -io_info -file HDMI1.4b_Transmitter_v1.0_phy.area"
RUN-1001 : standard
***Report Model: top Device: EG4S20BG256***

IO Statistics
#IO                        28   out of    188   14.89%
  #input                    5
  #output                  22
  #inout                    1

Utilization Statistics
#lut                     5101   out of  19600   26.03%
#reg                     4217   out of  19600   21.52%
#le                      6138
  #lut only              1921   out of   6138   31.30%
  #reg only              1037   out of   6138   16.89%
  #lut&reg               3180   out of   6138   51.81%
#bram                      20   out of     64   31.25%
  #bram9k                  20
  #fifo9k                   0
#bram32k                    0   out of     16    0.00%
#dsp                        0   out of     29    0.00%
#pad                       32   out of    188   17.02%
  #ireg                     2
  #oreg                    21
  #treg                     1
#pll                        3   out of      4   75.00%
#gclk                       3   out of     16   18.75%


DataNet Average Fanout:

   Index     Fanout    Nets  
    #1         1       5423  
    #2         2       1024  
    #3         3       433   
    #4         4       256   
    #5        5-10     479   
    #6       11-50     204   
    #7       51-100     30   
    #8        >500      1    
  Average     2.58           

RUN-1002 : start command "update_timing -mode final"
RUN-1002 : start command "start_timer"
RUN-1002 : start command "report_timing_status -file HDMI1.4b_Transmitter_v1.0_phy.ts"
RUN-1002 : start command "report_timing_summary -file HDMI1.4b_Transmitter_v1.0_pr.timing"
RUN-1002 : start command "report_timing_exception -file HDMI1.4b_Transmitter_v1.0_exception.timing"
RUN-1002 : start command "check_timing -verbose -file HDMI1.4b_Transmitter_v1.0_chk.timing"
RUN-1002 : start command "flow_status -file route_flow.status"
Location         : D:\Nizhenghang\Project\2026Anlu1\src\td_project\HDMI1.4b_Transmitter_v1.0_Runs\phy_1
Running with     : Tang Dynasty v6.2.178840
                   Copyright (c) 2012-2025 Anlogic Inc.
Top Model        : top
Device           : EG4S20BG256
Speed            : NA

Timing Mode      : final
Setup            : WNS -6301ps  TNS  -321365ps  NUM_FEPS   127
Hold             : WNS     4ps  TNS        0ps  NUM_FEPS     0

Flow Statistics  :
RUN-1001 : Flow Statistics:
RUN-1001 : --------------------------------------------------------------------------------------------------
RUN-1001 :      command     |  #calls  |  wall time  |  cpu time(s)  |  used memory(mb)  |  peak memory(mb)  
RUN-1001 : --------------------------------------------------------------------------------------------------
RUN-1001 :       route      |    2     |  45s(72%)   |    52(61%)    |        728        |        728        
RUN-1001 :       place      |    2     |  17s(27%)   |    33(38%)    |        726        |        726        
RUN-1001 :     import_db    |    1     |   0s(0%)    |     0(0%)     |        163        |        163        
RUN-1001 :   import_device  |    1     |   0s(0%)    |     0(0%)     |        83         |        83         
RUN-1001 : --------------------------------------------------------------------------------------------------
RUN-1001 :       total      |    6     |    1m2s     |      85       |        728        |        728        
RUN-1001 : --------------------------------------------------------------------------------------------------
RUN-1002 : start command "report_clock_utilization -file route_clock_utilization.txt"
RUN-1001 : Device not support command report_clock_utilization.
RUN-1002 : start command "export_db HDMI1.4b_Transmitter_v1.0_pr.db"
RUN-1001 : Exported flow parameters
RUN-1001 : Exported /
RUN-1001 : Exported libs
RUN-1001 : Exported entities
RUN-1001 : Exported ports
RUN-1001 : Exported pins
RUN-1001 : Exported instances
RUN-1001 : Exported nets
RUN-1001 : Exported buses
RUN-1001 : Exported models
RUN-1001 : Exported phy database
RUN-1001 : Exported packer
RUN-1001 : Exported congestions
RUN-1001 : Exported violations
RUN-1001 : Exported ATMR Setting
RUN-1001 : Exported timing constraints
RUN-1001 : Exported IO constraints
RUN-1001 : Exported Inst constraints
RUN-1001 : Exported ChipWatcher
RUN-1002 : start command "commit_param -step bitgen"
RUN-1001 : Print Global Property
RUN-1001 : --------------------------------------------------------
RUN-1001 :   Parameters   |  Settings  |  Default Values  |  Note  
RUN-1001 : --------------------------------------------------------
RUN-1001 :   enable_seed  |    off     |       off        |        
RUN-1001 :     message    |  standard  |     standard     |        
RUN-1001 :   qor_monitor  |     on     |        on        |        
RUN-1001 :   syn_ip_flow  |    off     |       off        |        
RUN-1001 :     thread     |    auto    |       auto       |        
RUN-1001 : --------------------------------------------------------
RUN-1001 : Print Bitgen Property
RUN-1001 : -------------------------------------------------------------
RUN-1001 :      Parameters     |  Settings  |  Default Values  |  Note  
RUN-1001 : -------------------------------------------------------------
RUN-1001 :         bin         |    off     |       off        |        
RUN-1001 :       gen_mask      |    off     |       off        |        
RUN-1001 :      time_info      |     on     |        on        |        
RUN-1001 :   unused_io_status  |   pullup   |      pullup      |        
RUN-1001 :       version       |    0x00    |       0x00       |        
RUN-1001 : -------------------------------------------------------------
RUN-1002 : start command "bitgen -bit HDMI1.4b_Transmitter_v1.0.bit"
RUN-1002 : start command "export_bid HDMI1.4b_Transmitter_v1.0_inst.bid"
BIT-1003 : Start to generate bitstream. 
BIT-1002 : Init instances with 32 threads.
BIT-1002 : Init instances completely, inst num: 3422
BIT-1002 : Init pips with 32 threads.
BIT-1002 : Init pips completely, net num: 7227, pip num: 64105
BIT-1002 : Init feedthrough with 32 threads.
BIT-1002 : Init feedthrough completely, num: 139
BIT-1003 : Multithreading accelaration with 32 threads.
BIT-1003 : Generate bitstream completely, there are 185955 bits set as '1'.
BIT-1004 : PLL setting string = 0111
BIT-1004 : Generate bits file HDMI1.4b_Transmitter_v1.0.bit.
RUN-1003 : finish command "bitgen -bit HDMI1.4b_Transmitter_v1.0.bit" in  2.217990s wall, 43.531250s user + 1.703125s system = 45.234375s CPU (2039.4%)

RUN-1004 : used memory is 729 MB, reserved memory is 836 MB, peak memory is 730 MB
RUN-1002 : start command "setup_debugger"
RUN-1002 : start command "export_bitgen_param -file .bitgen_param.f"
RUN-1002 : start command "export_flow_status -s opt_place -e bitgen"
RUN-1002 : start command "flow_status"

Location         : D:\Nizhenghang\Project\2026Anlu1\src\td_project\HDMI1.4b_Transmitter_v1.0_Runs\phy_1
Running with     : Tang Dynasty v6.2.178840
                   Copyright (c) 2012-2025 Anlogic Inc.
Top Model        : top
Device           : EG4S20BG256
Speed            : NA

Timing Mode      : final
Setup            : WNS -6301ps  TNS  -321365ps  NUM_FEPS   127
Hold             : WNS     4ps  TNS        0ps  NUM_FEPS     0

RUN-1001 : Flow Statistics:
RUN-1001 : --------------------------------------------------------------------------------------------------
RUN-1001 :      command     |  #calls  |  wall time  |  cpu time(s)  |  used memory(mb)  |  peak memory(mb)  
RUN-1001 : --------------------------------------------------------------------------------------------------
RUN-1001 :       route      |    2     |  45s(70%)   |    52(40%)    |        728        |        728        
RUN-1001 :       place      |    2     |  17s(26%)   |    33(25%)    |        726        |        726        
RUN-1001 :      bitgen      |    1     |   2s(3%)    |    44(34%)    |        729        |        730        
RUN-1001 :     import_db    |    1     |   0s(0%)    |     0(0%)     |        163        |        163        
RUN-1001 :   import_device  |    1     |   0s(0%)    |     0(0%)     |        83         |        83         
RUN-1001 : --------------------------------------------------------------------------------------------------
RUN-1001 :       total      |    7     |    1m4s     |      129      |        729        |        730        
RUN-1001 : --------------------------------------------------------------------------------------------------

