============================================================
   Tang Dynasty, V6.2.178840
   Copyright (c) 2012-2025 Anlogic Inc.
   Executable = D:/Download/TD/bin/td_commands_prompt.exe
   Built at =   14:07:58 Sep  4 2025
   Run by =     Nizhenghang
   Run Date =   Tue Sep  1 11:02:57 2026

   Run on =     LAPTOP-9S21NQG2
============================================================
RUN-1002 : start command "import_device eagle_s20.db -package EG4S20BG256"
RUN-1001 : Using default speed grade: NA
ARC-1001 : Device Initialization.
ARC-1001 : ------------------------------------------------------------------
ARC-1001 :            OPTION            |          IO          |   SETTING   
ARC-1001 : ------------------------------------------------------------------
ARC-1001 :   cso_b/cclk/mosi/miso/dout  |  T3/R11/T10/P10/S11  |    gpio    
ARC-1001 :             done             |         P13          |    gpio    
ARC-1001 :           program_b          |          T2          |  dedicate  
ARC-1001 :        tdi/tms/tck/tdo       |   C12/A15/C14/E14    |  dedicate  
ARC-1001 : ------------------------------------------------------------------
ARC-1004 : Device setting, marked 5 dedicate IOs in total.
RUN-1002 : start command "open_project HDMI1.4b_Transmitter_v1.0.prj -noanalyze"
RUN-1002 : start command "import_db ../syn_1/HDMI1.4b_Transmitter_v1.0_gate.db"
RUN-1001 : Importing database generated by Tang Dynasty, V6.2.178840.
RUN-1001 : Database version number 46207
RUN-1001 : Import flow parameters
RUN-1001 : Import netlist
RUN-1001 : Import timing constraints
RUN-1001 : Import IO constraints
RUN-1001 : Import Inst constraints
RUN-1001 : Import ChipWatcher
RUN-1001 : Import design success TD_VERSION=6.2.178840 , DB_VERSION=46207
RUN-1002 : start command "commit_param -step place"
RUN-1001 : Print Global Property
RUN-1001 : --------------------------------------------------------
RUN-1001 :   Parameters   |  Settings  |  Default Values  |  Note  
RUN-1001 : --------------------------------------------------------
RUN-1001 :   enable_seed  |    off     |       off        |        
RUN-1001 :     message    |  standard  |     standard     |        
RUN-1001 :   qor_monitor  |     on     |        on        |        
RUN-1001 :   syn_ip_flow  |    off     |       off        |        
RUN-1001 :     thread     |    auto    |       auto       |        
RUN-1001 : --------------------------------------------------------
RUN-1001 : Print Place Property
RUN-1001 : -----------------------------------------------------------
RUN-1001 :     Parameters    |  Settings  |  Default Values  |  Note  
RUN-1001 : -----------------------------------------------------------
RUN-1001 :       effort      |   medium   |      medium      |        
RUN-1001 :   hfn_opt_effort  |   medium   |      medium      |        
RUN-1001 :     max_fanout    |   999999   |      999999      |        
RUN-1001 :     opt_timing    |   medium   |      medium      |        
RUN-1001 :   post_place_opt  |    auto    |       auto       |        
RUN-1001 :    pr_strategy    |     1      |        1         |        
RUN-1001 :     relaxation    |    1.00    |       1.00       |        
RUN-1001 : -----------------------------------------------------------
RUN-1002 : start command "insert_debugger"
RUN-1002 : start command "place"
RUN-1001 : Open license file D:/Download/TD/license/Anlogic.lic
PHY-3001 : Placer runs in 32 thread(s).
PHY-1001 : Stage 1 | Initialize Design
PHY-1001 : Stage 1.1 | Build Design
PHY-1001 : 3497 luts, 4126 seqs, 494 mslices, 257 lslices, 87 pads, 20 brams, 0 dsps
RUN-1002 : start command "legalize_phy_inst"
SYN-1011 : Flatten model top
PHY-1001 : Remove keep and sweep redundant instances ...
PHY-1001 : 3497 luts, 4126 seqs, 494 mslices, 257 lslices, 87 pads, 20 brams, 0 dsps
PHY-1001 : End Stage 1.1 | Build Design; Time: 0.027363s wall, 0.031250s user + 0.000000s system = 0.031250s CPU (114.2%); Memory(MB): used = 164, reserved = 165, peak = 164;

PHY-1001 : Stage 1.2 | Optimize Design
OPT-1001 : Stage 1.2.1 | Simplify Lut
OPT-1001 : End Stage 1.2.1 | Simplify Lut; Time: 0.008027s wall, 0.000000s user + 0.000000s system = 0.000000s CPU (n/a%); Memory(MB): used = 164, reserved = 165, peak = 164;

OPT-1001 : Stage 1.2.2 | Sweep
OPT-1001 : End Stage 1.2.2 | Sweep; Time: 0.002649s wall, 0.015625s user + 0.000000s system = 0.015625s CPU (589.9%); Memory(MB): used = 164, reserved = 165, peak = 164;

OPT-1001 : Stage 1.2.3 | Synthesize High-fanout Net
OPT-1001 : Current memory(MB): used = 164, reserved = 165, peak = 164.
OPT-1001 : End Stage 1.2.3 | Synthesize High-fanout Net; Time: 0.000045s wall, 0.000000s user + 0.000000s system = 0.000000s CPU (n/a%); Memory(MB): used = 164, reserved = 165, peak = 164;

OPT-1001 : End physical optimization;  0.010920s wall, 0.015625s user + 0.000000s system = 0.015625s CPU (143.1%)

PHY-1001 : End Stage 1.2 | Optimize Design; Time: 0.011067s wall, 0.015625s user + 0.000000s system = 0.015625s CPU (141.2%); Memory(MB): used = 164, reserved = 165, peak = 164;

PHY-1001 : Stage 1.3 | Initialize Clock
SYN-4016 : Net sd_card_bmp_m0/bmp_read_m0/clk driven by BUFG (1276 clock/control pins, 1 other pins).
SYN-4016 : Net u_audio_pll/clk0_out driven by BUFG (0 clock/control pins, 1 other pins).
SYN-4016 : Net u_I2S_receiver/I_clk driven by BUFG (2120 clock/control pins, 1 other pins).
SYN-4027 : Net U3/u2_ram/u1_init_ref/Sdr_clk is clkc1 of pll sys_pll_m0/pll_inst.
SYN-4027 : Net U3/u2_ram/SDRAM_CLK is clkc2 of pll sys_pll_m0/pll_inst.
SYN-4019 : Net clk_dup_1 is refclk of pll sys_pll_m0/pll_inst.
SYN-4020 : Net clk_dup_1 is fbclk of pll sys_pll_m0/pll_inst.
SYN-4027 : Net u_hdmi_audio_tone_i2s_64fs/I_mclk is clkc2 of pll u_audio_pll/pll_inst.
SYN-4019 : Net clk_dup_1 is refclk of pll u_audio_pll/pll_inst.
SYN-4020 : Net clk_dup_1 is fbclk of pll u_audio_pll/pll_inst.
SYN-4027 : Net u_hdmi2phy_wrapper/u0_lane_lvds_8_1/I_serial_clk is clkc1 of pll video_pll_m0/pll_inst.
SYN-4019 : Net clk_dup_1 is refclk of pll video_pll_m0/pll_inst.
SYN-4020 : Net clk_dup_1 is fbclk of pll video_pll_m0/pll_inst.
SYN-4025 : Tag rtl::Net U3/u2_ram/SDRAM_CLK as clock net
SYN-4025 : Tag rtl::Net U3/u2_ram/u1_init_ref/Sdr_clk as clock net
SYN-4025 : Tag rtl::Net clk_dup_1 as clock net
SYN-4025 : Tag rtl::Net sd_card_bmp_m0/bmp_read_m0/clk as clock net
SYN-4025 : Tag rtl::Net u_I2S_receiver/I_clk as clock net
SYN-4025 : Tag rtl::Net u_audio_pll/clk0_out as clock net
SYN-4025 : Tag rtl::Net u_hdmi2phy_wrapper/u0_lane_lvds_8_1/I_serial_clk as clock net
SYN-4025 : Tag rtl::Net u_hdmi_audio_tone_i2s_64fs/I_mclk as clock net
SYN-4026 : Tagged 8 rtl::Net as clock net
PHY-1001 : Populate physical database on model top.
RUN-1001 : There are total 8502 instances
RUN-0007 : 3496 luts, 4126 seqs, 494 mslices, 257 lslices, 87 pads, 20 brams, 0 dsps
RUN-1001 : There are total 9691 nets
RUN-1001 : 7163 nets have 2 pins
RUN-1001 : 1830 nets have [3 - 5] pins
RUN-1001 : 466 nets have [6 - 10] pins
RUN-1001 : 99 nets have [11 - 20] pins
RUN-1001 : 122 nets have [21 - 99] pins
RUN-1001 : 11 nets have 100+ pins
PHY-1001 : End Stage 1.3 | Initialize Clock; Time: 0.016787s wall, 0.015625s user + 0.000000s system = 0.015625s CPU (93.1%); Memory(MB): used = 165, reserved = 165, peak = 165;

PHY-1001 : End Stage 1 | Initialize Design; Time: 0.062209s wall, 0.062500s user + 0.000000s system = 0.062500s CPU (100.5%); Memory(MB): used = 165, reserved = 165, peak = 165;

PHY-1001 : Stage 2 | Global Placement
RUN-1001 : Report Control nets information:
RUN-1001 : DFF Distribution
RUN-1001 : -------------------------------------
RUN-1001 :   CE   |  SSR  |  ASR  |  DFF Count  
RUN-1001 : -------------------------------------
RUN-1001 :   No   |  No   |  No   |     966     
RUN-1001 :   No   |  No   |  Yes  |    1286     
RUN-1001 :   No   |  Yes  |  No   |     138     
RUN-1001 :   Yes  |  No   |  No   |     33      
RUN-1001 :   Yes  |  No   |  Yes  |    1537     
RUN-1001 :   Yes  |  Yes  |  No   |     166     
RUN-1001 : -------------------------------------
RUN-1001 : Control Group Statistic
RUN-1001 : -----------------------------
RUN-1001 :   #CLK  |  #CE  |  #SSR/ASR  
RUN-1001 : -----------------------------
RUN-1001 :    6    |  111  |     17     
RUN-1001 : -----------------------------
RUN-0007 : Control Set = 134
PHY-1001 : Stage 2.1 | Place Fixed Instances
PHY-1001 : End Stage 2.1 | Place Fixed Instances; Time: 0.038088s wall, 0.046875s user + 0.000000s system = 0.046875s CPU (123.1%); Memory(MB): used = 173, reserved = 169, peak = 173;

PHY-1001 : Stage 2.2 | Pre-Place DRC Check
PHY-1001 : Stage 2.2.1 | Force Route Constraint Check
PHY-1001 : Check Pass.
PHY-1001 : End Stage 2.2.1 | Force Route Constraint Check; Time: 0.000499s wall, 0.000000s user + 0.000000s system = 0.000000s CPU (n/a%); Memory(MB): used = 173, reserved = 169, peak = 173;

PHY-1001 : End Stage 2.2 | Pre-Place DRC Check; Time: 0.000574s wall, 0.000000s user + 0.000000s system = 0.000000s CPU (n/a%); Memory(MB): used = 173, reserved = 169, peak = 173;

PHY-1001 : Stage 2.3 | Global Placement Step 1
PHY-3001 : Target density is 25%
PHY-1001 : Stage 2.3.1 | Update Timing
RUN-1002 : start command "start_timer"
USR-1002 : Derived clock:  create_generated_clock -name {sys_pll_m0/pll_inst.clkc[0]} -source [get_ports {clk}] -master_clock {clk} -multiply_by 2.0000 -duty_cycle 50.0000 [get_pins {sys_pll_m0/pll_inst.clkc[0]}]
USR-1002 : Derived clock:  create_generated_clock -name {sys_pll_m0/pll_inst.clkc[1]} -source [get_ports {clk}] -master_clock {clk} -multiply_by 2.5000 -duty_cycle 50.0000 [get_pins {sys_pll_m0/pll_inst.clkc[1]}]
USR-1002 : Derived clock:  create_generated_clock -name {sys_pll_m0/pll_inst.clkc[2]} -source [get_ports {clk}] -master_clock {clk} -multiply_by 2.5000 -phase 180 -duty_cycle 50.0000 [get_pins {sys_pll_m0/pll_inst.clkc[2]}]
USR-1002 : Derived clock:  create_generated_clock -name {u_audio_pll/pll_inst.clkc[0]} -source [get_ports {clk}] -master_clock {clk} -multiply_by 1.5000 -duty_cycle 50.0000 [get_pins {u_audio_pll/pll_inst.clkc[0]}]
USR-1002 : Derived clock:  create_generated_clock -name {u_audio_pll/pll_inst.clkc[2]} -source [get_ports {clk}] -master_clock {clk} -divide_by 4.0667 -duty_cycle 50.0000 [get_pins {u_audio_pll/pll_inst.clkc[2]}]
USR-1002 : Derived clock:  create_generated_clock -name {video_pll_m0/pll_inst.clkc[0]} -source [get_ports {clk}] -master_clock {clk} -divide_by 2.0000 -duty_cycle 50.0000 [get_pins {video_pll_m0/pll_inst.clkc[0]}]
USR-1002 : Derived clock:  create_generated_clock -name {video_pll_m0/pll_inst.clkc[1]} -source [get_ports {clk}] -master_clock {clk} -multiply_by 2.5000 -duty_cycle 50.0000 [get_pins {video_pll_m0/pll_inst.clkc[1]}]
8.000000
40.000000
10.000000
8.000000
TMR-2502 : Net delay update with mode: Synthesized
PHY-1001 : SWNS: -5663, STNS: -342211, FEP: 159
PHY-1001 : End Stage 2.3.1 | Update Timing; Time: 0.691160s wall, 0.687500s user + 0.000000s system = 0.687500s CPU (99.5%); Memory(MB): used = 265, reserved = 259, peak = 265;

PHY-0007 : Cell area utilization is 25%
RUN-1001 : Huge Net Statistic
RUN-1001 : -------------------------------------------------------
RUN-1001 :   Fanout  |  Slack  |               Net                
RUN-1001 : -------------------------------------------------------
RUN-1001 :    1761   |   Inf   |  sd_card_bmp_m0/bmp_read_m0/rst  
RUN-1001 : -------------------------------------------------------
PHY-3001 : Clustering ...
PHY-3001 : End clustering;  0.029481s wall, 0.015625s user + 0.031250s system = 0.046875s CPU (159.0%)

PHY-3001 : Target density is 25%
PHY-1001 : Stage 2.3.2 | GP Iteration
PHY-1001 : End Stage 2.3.2 | GP Iteration; Time: 0.992302s wall, 4.281250s user + 1.515625s system = 5.796875s CPU (584.2%); Memory(MB): used = 270, reserved = 263, peak = 270;

PHY-3001 : Multithread accelerating rate: 5.67
PHY-3001 : No need to merge 9x9 Dsps.
PHY-1001 : Populate physical database on model top.
PHY-1001 : End Stage 2.3 | Global Placement Step 1; Time: 2.080094s wall, 5.296875s user + 1.593750s system = 6.890625s CPU (331.3%); Memory(MB): used = 270, reserved = 263, peak = 270;

PHY-1001 : Stage 2.4 | RAM/DSP Legalization and Detailed Placement
PHY-1001 : Stage 2.4.1 | Legalization
PHY-3001 : Before Legalized: Len = 227121
PHY-3001 : After Legalized: Len = 229486, Over = 1.5625 with grid_size = 320
PHY-1001 : End Stage 2.4.1 | Legalization; Time: 0.324705s wall, 0.328125s user + 0.000000s system = 0.328125s CPU (101.1%); Memory(MB): used = 270, reserved = 263, peak = 270;

PHY-1001 : End Stage 2.4 | RAM/DSP Legalization and Detailed Placement; Time: 0.325026s wall, 0.328125s user + 0.000000s system = 0.328125s CPU (101.0%); Memory(MB): used = 270, reserved = 263, peak = 270;

PHY-1001 : Stage 2.5 | Global Placement Step 2
PHY-3001 : Target density is 31%
PHY-1001 : Stage 2.5.1 | Update Timing
PHY-1001 : SWNS: -7915, STNS: -305096, FEP: 110
PHY-1001 : End Stage 2.5.1 | Update Timing; Time: 0.025960s wall, 0.031250s user + 0.000000s system = 0.031250s CPU (120.4%); Memory(MB): used = 272, reserved = 266, peak = 272;

PHY-1001 : Stage 2.5.2 | Refresh Congestion
RUN-1001 : Generating global routing grids ...
RUN-1001 : Building simple global routing graph ...
PHY-1001 : Generate routing nets ...
PHY-1001 : Reuse net number 0/3858.
PHY-1001 : Global iterations in 32 thread ...
PHY-1002 : len = 259592, over cnt = 650(1%), over = 3115, worst = 37
PHY-1001 : End global iterations;  0.155328s wall, 0.312500s user + 0.078125s system = 0.390625s CPU (251.5%)

PHY-1001 : Congestion index:
PHY-1001 : top1  = 56.95(S 115.34, N 94.83, E 100.65, W 60.67, I 0.00, O 0.00)
PHY-1001 : top5  = 38.41(S 64.88, N 57.47, E 59.26, W 37.33, I 0.00, O 0.00)
PHY-1001 : top10 = 31.46(S 47.44, N 43.45, E 42.92, W 27.90, I 0.00, O 0.00)
PHY-1001 : top15 = 26.93(S 38.02, N 35.63, E 34.56, W 22.69, I 0.00, O 0.00)
PHY-1001 : End Stage 2.5.2 | Refresh Congestion; Time: 0.224894s wall, 0.375000s user + 0.078125s system = 0.453125s CPU (201.5%); Memory(MB): used = 305, reserved = 298, peak = 305;

PHY-1001 : Stage 2.5.3 | GP Iteration
PHY-1001 : End Stage 2.5.3 | GP Iteration; Time: 1.099901s wall, 5.031250s user + 0.546875s system = 5.578125s CPU (507.1%); Memory(MB): used = 306, reserved = 299, peak = 306;

PHY-3001 : Multithread accelerating rate: 5.05
PHY-1001 : End Stage 2.5 | Global Placement Step 2; Time: 1.701961s wall, 5.750000s user + 0.640625s system = 6.390625s CPU (375.5%); Memory(MB): used = 307, reserved = 300, peak = 307;

PHY-1001 : Stage 2.6 | RAM/DSP Detailed Placement
PHY-1001 : End Stage 2.6 | RAM/DSP Detailed Placement; Time: 0.003124s wall, 0.000000s user + 0.000000s system = 0.000000s CPU (n/a%); Memory(MB): used = 307, reserved = 300, peak = 307;

PHY-1001 : Stage 2.7 | Optimize Design
OPT-1001 : Start physical optimization ...
OPT-1001 : Total overflow 139.22 peak overflow 2.28
OPT-1001 : Stage 2.7.1 | Synthesize High-fanout Net
OPT-1001 : Start high-fanout net optimization in pre-pack flow with medium effort ...
OPT-1001 : Update timing in Manhattan mode
OPT-1001 : End timing update;  0.300625s wall, 0.281250s user + 0.000000s system = 0.281250s CPU (93.6%)

OPT-1001 : Start: SWNS -7865 STNS -308096 NUM_FEPS 110
OPT-1001 : Total overflow 139.22 peak overflow 2.28
DBG-001 :  select 9 high fanout candidates
DBG-001 :  crit level 1 net count 4 (fanout thres 50)
DBG-001 :  crit level 2 net count 0 (fanout thres 50)
DBG-001 :  crit level 3 net count 1 (fanout thres 40)
DBG-001 :  crit level 4 net count 0 (fanout thres 30)
DBG-001 :  crit level 5 net count 4 (fanout thres 30)
DBG-001 :  crit level 6 net count 0 (fanout thres 30)
PHY-1001 : Populate physical database on model top.
OPT-1001 : 9 high-fanout net processed.
PHY-3001 : Start incremental placement ...
PHY-1001 : Populate physical database on model top.
PHY-3001 : Target density is 31%
PHY-3001 : Target density is 31%
PHY-1001 : Stage 2.7.1.1 | Update Timing
PHY-1001 : SWNS: -7865, STNS: -308096, FEP: 110
PHY-1001 : End Stage 2.7.1.1 | Update Timing; Time: 0.027593s wall, 0.031250s user + 0.000000s system = 0.031250s CPU (113.3%); Memory(MB): used = 310, reserved = 302, peak = 310;

PHY-1001 : Stage 2.7.1.2 | Refresh Congestion
RUN-1001 : Generating global routing grids ...
PHY-1001 : Generate routing nets ...
PHY-1001 : Reuse net number 63/7853.
PHY-1001 : Global iterations in 32 thread ...
PHY-1002 : len = 328848, over cnt = 976(2%), over = 2759, worst = 16
PHY-1001 : End global iterations;  0.327077s wall, 0.578125s user + 0.000000s system = 0.578125s CPU (176.8%)

PHY-1001 : Congestion index:
PHY-1001 : top1  = 42.98(S 87.24, N 75.26, E 69.55, W 48.97, I 0.00, O 0.00)
PHY-1001 : top5  = 34.77(S 57.98, N 50.91, E 51.84, W 35.71, I 0.00, O 0.00)
PHY-1001 : top10 = 30.66(S 46.87, N 40.72, E 43.39, W 29.64, I 0.00, O 0.00)
PHY-1001 : top15 = 27.99(S 40.51, N 34.97, E 38.38, W 25.99, I 0.00, O 0.00)
PHY-1001 : End Stage 2.7.1.2 | Refresh Congestion; Time: 0.383181s wall, 0.625000s user + 0.000000s system = 0.625000s CPU (163.1%); Memory(MB): used = 314, reserved = 306, peak = 314;

PHY-1001 : Stage 2.7.1.3 | GP Iteration
PHY-1001 : End Stage 2.7.1.3 | GP Iteration; Time: 0.564691s wall, 2.171875s user + 0.187500s system = 2.359375s CPU (417.8%); Memory(MB): used = 315, reserved = 307, peak = 315;

PHY-3001 : Multithread accelerating rate: 4.16
PHY-3001 : Final: Len = 263918, Over = 16.4062
PHY-3001 : End incremental placement;  1.067871s wall, 2.906250s user + 0.187500s system = 3.093750s CPU (289.7%)

OPT-1001 : Total overflow 153.84 peak overflow 2.12
RUN-1001 : HFN opt statistic
RUN-1001 : ------------------------------------------------------
RUN-1001 :   DriverCell type  |  HFN count  |  Duplicated count  
RUN-1001 : ------------------------------------------------------
RUN-1001 :         REG        |      8      |         52         
RUN-1001 :        LUT6        |      0      |         0          
RUN-1001 :        LUT5        |      0      |         0          
RUN-1001 :        LUT4        |      0      |         0          
RUN-1001 :        LUT3        |      0      |         0          
RUN-1001 :        LUT2        |      1      |         3          
RUN-1001 :        TOTAL       |      9      |         55         
RUN-1001 : ------------------------------------------------------
OPT-1001 : End high-fanout net optimization;  1.695024s wall, 3.781250s user + 0.203125s system = 3.984375s CPU (235.1%)

OPT-1001 : Update timing in Manhattan mode
OPT-1001 : End timing update;  0.324386s wall, 0.312500s user + 0.000000s system = 0.312500s CPU (96.3%)

OPT-1001 : Current memory(MB): used = 315, reserved = 308, peak = 315.
OPT-1001 : End Stage 2.7.1 | Synthesize High-fanout Net; Time: 2.051066s wall, 4.125000s user + 0.203125s system = 4.328125s CPU (211.0%); Memory(MB): used = 315, reserved = 308, peak = 315;

OPT-1001 : Stage 2.7.2 | Global Optimization
OPT-1001 : Start global optimization ...
OPT-0007 : Start: SWNS -7865 STNS -305546 NUM_FEPS 110
OPT-1001 : Start congestion update ...
RUN-1001 : Generating global routing grids ...
PHY-1001 : Generate routing nets ...
PHY-1001 : Reuse net number 1294/7810.
PHY-1001 : Global iterations in 32 thread ...
PHY-1002 : len = 309416, over cnt = 747(2%), over = 1521, worst = 10
PHY-1002 : len = 317792, over cnt = 502(1%), over = 776, worst = 8
PHY-1002 : len = 325096, over cnt = 151(0%), over = 217, worst = 8
PHY-1002 : len = 327272, over cnt = 39(0%), over = 53, worst = 4
PHY-1002 : len = 328136, over cnt = 1(0%), over = 1, worst = 1
PHY-1001 : End global iterations;  0.618425s wall, 0.625000s user + 0.000000s system = 0.625000s CPU (101.1%)

PHY-1001 : Congestion index:
PHY-1001 : top1  = 39.96(S 57.76, N 55.95, E 53.60, W 43.10, I 0.00, O 0.00)
PHY-1001 : top5  = 32.41(S 47.16, N 43.11, E 41.86, W 33.71, I 0.00, O 0.00)
PHY-1001 : top10 = 28.70(S 40.22, N 35.98, E 35.82, W 28.93, I 0.00, O 0.00)
PHY-1001 : top15 = 26.26(S 35.96, N 31.49, E 32.07, W 25.78, I 0.00, O 0.00)
OPT-1001 : End congestion update;  0.689350s wall, 0.687500s user + 0.015625s system = 0.703125s CPU (102.0%)

OPT-0007 : Iter 1: improved SWNS -7865 STNS -305546 NUM_FEPS 110 with 3 cells processed and 134 slack improved
OPT-0007 : Iter 2: improved SWNS -7865 STNS -305546 NUM_FEPS 110 with 0 cells processed and 0 slack improved
OPT-1001 : Overall commit ratio 1.00
OPT-1001 : End global optimization;  0.707971s wall, 0.718750s user + 0.015625s system = 0.734375s CPU (103.7%)

OPT-1001 : Current memory(MB): used = 315, reserved = 308, peak = 315.
OPT-1001 : End Stage 2.7.2 | Global Optimization; Time: 0.775377s wall, 0.781250s user + 0.015625s system = 0.796875s CPU (102.8%); Memory(MB): used = 315, reserved = 308, peak = 315;

OPT-0007 : End flow prepack: SWNS -7865 STNS -305546 NUM_FEPS 110
OPT-1001 : End physical optimization;  2.833628s wall, 4.906250s user + 0.218750s system = 5.125000s CPU (180.9%)

PHY-1001 : End Stage 2.7 | Optimize Design; Time: 2.834541s wall, 4.906250s user + 0.218750s system = 5.125000s CPU (180.8%); Memory(MB): used = 315, reserved = 308, peak = 315;

PHY-1001 : Stage 2.8 | Place Packing
PHY-1001 : Stage 2.8.1 | Packing
SYN-4007 : Packing 0 MUX to BLE ...
SYN-4008 : Packed 0 MUX and 0 SEQ to BLE.
SYN-4007 : Packing 3499 LUT to BLE ...
SYN-4008 : Packed 3499 LUT and 1957 SEQ to BLE.
SYN-4003 : Packing 2221 remaining SEQ's ...
SYN-4005 : Packed 1107 SEQ with LUT/SLICE
SYN-4006 : 579 single LUT's are left
SYN-4006 : 1114 single SEQ's are left
SYN-4011 : Packing model "top" (AL_USER_NORMAL) with 4613/5493 primitive instances ...
PHY-1001 : Populate physical database on model top.
RUN-1001 : There are total 3480 instances
RUN-1001 : 1675 mslices, 1676 lslices, 87 pads, 20 brams, 0 dsps
RUN-1001 : There are total 7992 nets
RUN-1001 : 5427 nets have 2 pins
RUN-1001 : 1827 nets have [3 - 5] pins
RUN-1001 : 445 nets have [6 - 10] pins
RUN-1001 : 146 nets have [11 - 20] pins
RUN-1001 : 141 nets have [21 - 99] pins
RUN-1001 : 6 nets have 100+ pins
PHY-3001 : Target density is 42%
RUN-1002 : start command "start_timer"
8.000000
40.000000
10.000000
8.000000
PHY-1001 : End Stage 2.8.1 | Packing; Time: 1.367568s wall, 1.359375s user + 0.000000s system = 1.359375s CPU (99.4%); Memory(MB): used = 323, reserved = 315, peak = 323;

PHY-1001 : Stage 2.8.2 | Post Pack GP
PHY-3001 : Target density is 40%
PHY-3001 : Cell area utilization is 40%
PHY-3001 : After packing: Len = 267772, Over = 53.25
PHY-3001 : Target density is 40%
PHY-1001 : Stage 2.8.2.1 | Update Timing
PHY-1001 : SWNS: -7865, STNS: -301343, FEP: 109
PHY-1001 : End Stage 2.8.2.1 | Update Timing; Time: 0.027292s wall, 0.031250s user + 0.000000s system = 0.031250s CPU (114.5%); Memory(MB): used = 324, reserved = 316, peak = 324;

PHY-1001 : Stage 2.8.2.2 | Refresh Congestion
RUN-1001 : Generating global routing grids ...
PHY-1001 : Generate routing nets ...
PHY-1001 : Reuse net number 3371/6646.
PHY-1001 : Global iterations in 32 thread ...
PHY-1002 : len = 325152, over cnt = 479(1%), over = 797, worst = 7
PHY-1002 : len = 329816, over cnt = 274(0%), over = 381, worst = 7
PHY-1002 : len = 332912, over cnt = 115(0%), over = 138, worst = 3
PHY-1002 : len = 334656, over cnt = 28(0%), over = 32, worst = 3
PHY-1002 : len = 335040, over cnt = 0(0%), over = 0, worst = 0
PHY-1001 : End global iterations;  0.343662s wall, 0.484375s user + 0.015625s system = 0.500000s CPU (145.5%)

PHY-1001 : Congestion index:
PHY-1001 : top1  = 41.83(S 56.34, N 59.35, E 56.27, W 44.96, I 0.00, O 0.00)
PHY-1001 : top5  = 33.13(S 45.83, N 44.99, E 41.96, W 34.17, I 0.00, O 0.00)
PHY-1001 : top10 = 29.10(S 39.60, N 37.31, E 35.65, W 28.96, I 0.00, O 0.00)
PHY-1001 : top15 = 26.61(S 35.37, N 32.54, E 32.00, W 25.69, I 0.00, O 0.00)
PHY-1001 : End Stage 2.8.2.2 | Refresh Congestion; Time: 0.435148s wall, 0.562500s user + 0.015625s system = 0.578125s CPU (132.9%); Memory(MB): used = 325, reserved = 318, peak = 325;

PHY-1001 : Stage 2.8.2.3 | GP Iteration
PHY-1001 : End Stage 2.8.2.3 | GP Iteration; Time: 0.845384s wall, 3.515625s user + 0.609375s system = 4.125000s CPU (487.9%); Memory(MB): used = 325, reserved = 318, peak = 325;

PHY-3001 : Multithread accelerating rate: 4.86
PHY-1001 : End Stage 2.8.2 | Post Pack GP; Time: 1.316038s wall, 4.109375s user + 0.625000s system = 4.734375s CPU (359.7%); Memory(MB): used = 325, reserved = 318, peak = 325;

PHY-1001 : End Stage 2.8 | Place Packing; Time: 2.683790s wall, 5.468750s user + 0.625000s system = 6.093750s CPU (227.1%); Memory(MB): used = 325, reserved = 318, peak = 325;

PHY-1001 : Stage 2.9 | Legalization
PHY-3001 : Before Legalized: Len = 311521
PHY-3001 : After Legalized: Len = 330023, Over = 0 with grid_size = 160
PHY-1001 : End Stage 2.9 | Legalization; Time: 0.009657s wall, 0.015625s user + 0.000000s system = 0.015625s CPU (161.8%); Memory(MB): used = 325, reserved = 318, peak = 325;

PHY-1001 : Stage 2.10 | Global Placement Step 3
PHY-3001 : Target density is 40%
PHY-1001 : Stage 2.10.1 | Update Timing
PHY-1001 : SWNS: -7865, STNS: -303960, FEP: 110
PHY-1001 : End Stage 2.10.1 | Update Timing; Time: 0.297740s wall, 0.250000s user + 0.031250s system = 0.281250s CPU (94.5%); Memory(MB): used = 326, reserved = 318, peak = 326;

PHY-1001 : Stage 2.10.2 | Refresh Congestion
RUN-1001 : Generating global routing grids ...
PHY-1001 : Generate routing nets ...
PHY-1001 : Reuse net number 131/7003.
PHY-1001 : Global iterations in 32 thread ...
PHY-1002 : len = 379208, over cnt = 597(1%), over = 1002, worst = 7
PHY-1002 : len = 384720, over cnt = 334(0%), over = 473, worst = 5
PHY-1002 : len = 388872, over cnt = 110(0%), over = 131, worst = 5
PHY-1002 : len = 390832, over cnt = 27(0%), over = 31, worst = 5
PHY-1002 : len = 391312, over cnt = 0(0%), over = 0, worst = 0
PHY-1001 : End global iterations;  0.726126s wall, 0.734375s user + 0.000000s system = 0.734375s CPU (101.1%)

PHY-1001 : Congestion index:
PHY-1001 : top1  = 42.03(S 62.50, N 58.43, E 54.87, W 45.86, I 0.00, O 0.00)
PHY-1001 : top5  = 34.78(S 49.81, N 45.93, E 42.13, W 36.15, I 0.00, O 0.00)
PHY-1001 : top10 = 30.60(S 42.36, N 39.07, E 36.51, W 31.13, I 0.00, O 0.00)
PHY-1001 : top15 = 28.13(S 37.69, N 34.78, E 33.04, W 28.11, I 0.00, O 0.00)
PHY-1001 : End Stage 2.10.2 | Refresh Congestion; Time: 0.819836s wall, 0.843750s user + 0.000000s system = 0.843750s CPU (102.9%); Memory(MB): used = 332, reserved = 324, peak = 332;

PHY-1001 : Stage 2.10.3 | GP Iteration
PHY-1001 : End Stage 2.10.3 | GP Iteration; Time: 0.268413s wall, 1.109375s user + 0.156250s system = 1.265625s CPU (471.5%); Memory(MB): used = 332, reserved = 324, peak = 332;

PHY-3001 : Multithread accelerating rate: 4.69
PHY-1001 : End Stage 2.10 | Global Placement Step 3; Time: 1.398773s wall, 2.203125s user + 0.187500s system = 2.390625s CPU (170.9%); Memory(MB): used = 332, reserved = 324, peak = 332;

PHY-1001 : Stage 2.11 | Final Legalization
PHY-3001 : Before Legalized: Len = 302300
PHY-3001 : After Legalized: Len = 307127, Over = 0 with grid_size = 160
PHY-1001 : End Stage 2.11 | Final Legalization; Time: 0.008123s wall, 0.015625s user + 0.000000s system = 0.015625s CPU (192.4%); Memory(MB): used = 332, reserved = 324, peak = 332;

PHY-1001 : End Stage 2 | Global Placement; Time: 11.107642s wall, 24.046875s user + 3.265625s system = 27.312500s CPU (245.9%); Memory(MB): used = 332, reserved = 324, peak = 332;

PHY-1001 : Stage 3 | Detailed Placement
PHY-1001 : Stage 3.1 | SLICE Detailed Placement
PHY-1001 : Stage 3.1.1 | Spreading
PHY-3001 : Spreading special nets. 55 overflows in 2952 tiles.
PHY-3001 : End spreading;  0.013434s wall, 0.015625s user + 0.000000s system = 0.015625s CPU (116.3%)

PHY-1001 : End Stage 3.1.1 | Spreading; Time: 0.013492s wall, 0.015625s user + 0.000000s system = 0.015625s CPU (115.8%); Memory(MB): used = 333, reserved = 324, peak = 333;

PHY-3001 : Final: Len = 307721, Over = 0
PHY-1001 : End Stage 3.1 | SLICE Detailed Placement; Time: 0.347607s wall, 0.343750s user + 0.000000s system = 0.343750s CPU (98.9%); Memory(MB): used = 333, reserved = 324, peak = 333;

PHY-3001 : BANK 5 DIFFRESISTOR:NONE VOD:350M VCM:1.2
PHY-3001 : End Detailed Place; 
PHY-1001 : Stage 3.2 | Optimize Design
OPT-1001 : Start physical optimization ...
OPT-1001 : Total overflow 0.00 peak overflow 0.00
OPT-1001 : Stage 3.2.1 | Physical Optimization
OPT-1001 : Start high-fanout net optimization in optimize equivalent flow with medium effort ...
OPT-1001 : Clean unloaded insts before merging registers
PHY-1001 : Populate physical database on model top.
PHY-1001 : Populate physical database on model top.
OPT-1001 : Total overflow 0.00 peak overflow 0.00
OPT-1001 : End optimize duplicated nets. Total 17 instances are merged and 404 sinks are reconnected,  0.055191s wall, 0.046875s user + 0.000000s system = 0.046875s CPU (84.9%)

OPT-1001 : End high-fanout net optimization;  0.055416s wall, 0.046875s user + 0.000000s system = 0.046875s CPU (84.6%)

OPT-1001 : Update timing in Manhattan mode
RUN-1002 : start command "start_timer"
OPT-1001 : End timing update;  0.577546s wall, 0.578125s user + 0.000000s system = 0.578125s CPU (100.1%)

OPT-1001 : Current memory(MB): used = 333, reserved = 324, peak = 333.
OPT-1001 : End Stage 3.2.1 | Physical Optimization; Time: 0.666513s wall, 0.656250s user + 0.000000s system = 0.656250s CPU (98.5%); Memory(MB): used = 333, reserved = 324, peak = 333;

OPT-1001 : Stage 3.2.2 | Synthesize High-fanout Net
OPT-1001 : Start high-fanout net optimization in post-pack flow with medium effort ...
OPT-1001 : Start: SWNS -7865 STNS -302460 NUM_FEPS 110
OPT-1001 : Total overflow 0.00 peak overflow 0.00
DBG-001 :  select 2 high fanout candidates
DBG-001 :  crit level 1 net count 0 (fanout thres 50)
DBG-001 :  crit level 2 net count 0 (fanout thres 50)
DBG-001 :  crit level 3 net count 0 (fanout thres 40)
DBG-001 :  crit level 4 net count 0 (fanout thres 30)
DBG-001 :  crit level 5 net count 2 (fanout thres 30)
DBG-001 :  crit level 6 net count 0 (fanout thres 30)
PHY-1001 : Populate physical database on model top.
OPT-1001 : 2 high-fanout net processed.
OPT-1001 : Total overflow 0.00 peak overflow 0.00
RUN-1001 : HFN opt statistic
RUN-1001 : ------------------------------------------------------
RUN-1001 :   DriverCell type  |  HFN count  |  Duplicated count  
RUN-1001 : ------------------------------------------------------
RUN-1001 :       LSLICE       |      0      |         0          
RUN-1001 :       MSLICE       |      0      |         0          
RUN-1001 :        OTHER       |      2      |         7          
RUN-1001 :        TOTAL       |      2      |         7          
RUN-1001 : ------------------------------------------------------
OPT-1001 : End high-fanout net optimization;  0.134538s wall, 0.140625s user + 0.000000s system = 0.140625s CPU (104.5%)

OPT-1001 : Current memory(MB): used = 333, reserved = 324, peak = 333.
OPT-1001 : End Stage 3.2.2 | Synthesize High-fanout Net; Time: 0.160790s wall, 0.171875s user + 0.000000s system = 0.171875s CPU (106.9%); Memory(MB): used = 333, reserved = 324, peak = 333;

OPT-1001 : Stage 3.2.3 | Optimize Path
OPT-1001 : Start path based optimization ...
OPT-0007 : Start: SWNS -7865 STNS -302460 NUM_FEPS 110 with mode 0
OPT-1001 : Start congestion update ...
RUN-1001 : Generating global routing grids ...
PHY-1001 : Generate routing nets ...
PHY-1001 : Reuse net number 1797/6971.
PHY-1001 : Global iterations in 32 thread ...
PHY-1002 : len = 365648, over cnt = 549(1%), over = 883, worst = 6
PHY-1002 : len = 369496, over cnt = 300(0%), over = 433, worst = 6
PHY-1002 : len = 373168, over cnt = 81(0%), over = 118, worst = 6
PHY-1002 : len = 374672, over cnt = 15(0%), over = 29, worst = 5
PHY-1002 : len = 374952, over cnt = 0(0%), over = 0, worst = 0
PHY-1001 : End global iterations;  0.584981s wall, 0.625000s user + 0.062500s system = 0.687500s CPU (117.5%)

PHY-1001 : Congestion index:
PHY-1001 : top1  = 41.20(S 57.33, N 57.35, E 53.45, W 47.20, I 0.00, O 0.00)
PHY-1001 : top5  = 33.24(S 46.17, N 43.84, E 41.04, W 36.19, I 0.00, O 0.00)
PHY-1001 : top10 = 29.38(S 39.86, N 37.03, E 35.36, W 30.51, I 0.00, O 0.00)
PHY-1001 : top15 = 26.97(S 35.90, N 32.93, E 32.13, W 27.22, I 0.00, O 0.00)
OPT-1001 : End congestion update;  0.700285s wall, 0.734375s user + 0.062500s system = 0.796875s CPU (113.8%)

PHY-3001 : Start incremental legalization ...
PHY-1001 : Populate physical database on model top.
PHY-7002 CRITICAL-WARNING: Instance U3/sdram location (12, 12) is not honored. Cell's initial location is not legal at the beginning of ECO placement, and will be moved during placement. Please verify user location constraints through the adc file.
PHY-3001 : Target density is 34%
PHY-3001 : Target density is 40%
PHY-3001 : Initial: Len = 313940, Over = 0
PHY-3001 : End spreading;  0.013340s wall, 0.015625s user + 0.000000s system = 0.015625s CPU (117.1%)

PHY-3001 : Final: Len = 313940, Over = 0
PHY-3001 : End incremental legalization;  0.087386s wall, 0.093750s user + 0.000000s system = 0.093750s CPU (107.3%)

OPT-0007 : Iter 1: improved SWNS -7865 STNS -302460 NUM_FEPS 110 with 37(1323) cells and 784(784) paths processed with 12622 slack improved, crit_thod: 1925 ratio: 1.00(37/37) rt: 0.3s
OPT-0007 : Iter 2: improved SWNS -7865 STNS -302460 NUM_FEPS 110 with 0(0) cells and 0(0) paths processed with 0 slack improved, crit_thod: 2162 ratio: -1.00(0/0) rt: 0.0s
OPT-1001 : End path based optimization;  1.001315s wall, 1.031250s user + 0.062500s system = 1.093750s CPU (109.2%)

OPT-1001 : Update timing in Manhattan mode
OPT-1001 : End timing update;  0.318580s wall, 0.312500s user + 0.000000s system = 0.312500s CPU (98.1%)

OPT-1001 : Current memory(MB): used = 337, reserved = 329, peak = 337.
OPT-1001 : End Stage 3.2.3 | Optimize Path; Time: 1.352683s wall, 1.375000s user + 0.062500s system = 1.437500s CPU (106.3%); Memory(MB): used = 337, reserved = 329, peak = 337;

OPT-1001 : Stage 3.2.4 | Optimize Duplicated Nets
OPT-1001 : Start: WNS -6843 TNS -294633 NUM_FEPS 83
OPT-1001 : Clean unloaded insts before merging registers
PHY-1001 : Populate physical database on model top.
PHY-1001 : Populate physical database on model top.
OPT-1001 : Total overflow 0.00 peak overflow 0.00
OPT-1001 : End optimize duplicated nets. Total 2 instances are merged and 87 sinks are reconnected,  0.109925s wall, 0.109375s user + 0.000000s system = 0.109375s CPU (99.5%)

OPT-1001 : Update timing in Manhattan mode
RUN-1002 : start command "start_timer"
OPT-1001 : End timing update;  0.591869s wall, 0.593750s user + 0.000000s system = 0.593750s CPU (100.3%)

OPT-1001 : Current memory(MB): used = 338, reserved = 329, peak = 338.
OPT-1001 : End Stage 3.2.4 | Optimize Duplicated Nets; Time: 0.734766s wall, 0.734375s user + 0.000000s system = 0.734375s CPU (99.9%); Memory(MB): used = 338, reserved = 329, peak = 338;

OPT-1001 : Stage 3.2.5 | Swap Pins
OPT-1001 : Start pin optimization...
OPT-1001 : skip pin optimization...
OPT-1001 : Current memory(MB): used = 338, reserved = 329, peak = 338.
OPT-1001 : End Stage 3.2.5 | Swap Pins; Time: 0.029533s wall, 0.031250s user + 0.000000s system = 0.031250s CPU (105.8%); Memory(MB): used = 338, reserved = 329, peak = 338;

OPT-0007 : End flow postpack: SWNS -6843 STNS -294633 NUM_FEPS 83
RUN-1001 : Generating global routing grids ...
PHY-1001 : Generate routing nets ...
PHY-1001 : Reuse net number 6834/6960.
PHY-1001 : Global iterations in 32 thread ...
PHY-1002 : len = 380424, over cnt = 39(0%), over = 44, worst = 3
PHY-1002 : len = 380576, over cnt = 20(0%), over = 23, worst = 2
PHY-1002 : len = 380608, over cnt = 13(0%), over = 16, worst = 2
PHY-1002 : len = 380800, over cnt = 0(0%), over = 0, worst = 0
PHY-1001 : End global iterations;  0.079775s wall, 0.078125s user + 0.000000s system = 0.078125s CPU (97.9%)

PHY-1001 : Congestion index:
PHY-1001 : top1  = 41.07(S 57.67, N 57.97, E 52.05, W 47.72, I 0.00, O 0.00)
PHY-1001 : top5  = 33.49(S 46.53, N 44.07, E 40.76, W 36.36, I 0.00, O 0.00)
PHY-1001 : top10 = 29.62(S 40.05, N 37.31, E 35.37, W 30.67, I 0.00, O 0.00)
PHY-1001 : top15 = 27.14(S 35.97, N 33.18, E 32.18, W 27.36, I 0.00, O 0.00)
RUN-1001 : QoR Analysis:
OPT-0007 :   SWNS -6843 STNS -294633 NUM_FEPS 83
RUN-1001 :   No local congestion issue, and most congested 1% tile average routing util is 40.620690
RUN-1001 :   Top critical paths
RUN-1001 :       #1 path slack -6843ps with logic level 2 
RUN-1001 :       #2 path slack -6843ps with logic level 2 
RUN-1001 :       #3 path slack -6815ps with logic level 2 
RUN-1001 :       #4 path slack -6815ps with logic level 2 
RUN-1001 :       #5 path slack -6765ps with logic level 2 
RUN-1001 :       #6 path slack -6765ps with logic level 2 
RUN-1001 :       #7 path slack -6743ps with logic level 2 
RUN-1001 :       #8 path slack -6743ps with logic level 2 
RUN-1001 :   0 HFN exist on timing critical paths out of 7978 nets
RUN-1001 :   0 long nets exist on timing critical paths out of 7978 nets
OPT-1001 : End physical optimization;  3.164202s wall, 3.375000s user + 0.109375s system = 3.484375s CPU (110.1%)

PHY-1001 : End Stage 3.2 | Optimize Design; Time: 3.164302s wall, 3.375000s user + 0.109375s system = 3.484375s CPU (110.1%); Memory(MB): used = 338, reserved = 329, peak = 338;

PHY-1001 : End Stage 3 | Detailed Placement; Time: 3.517689s wall, 3.718750s user + 0.109375s system = 3.828125s CPU (108.8%); Memory(MB): used = 338, reserved = 329, peak = 338;

PHY-1001 : Stage 4 | Optimize Design
PHY-3001 : Start incremental legalization ...
PHY-1001 : Populate physical database on model top.
PHY-7002 CRITICAL-WARNING: Instance U3/sdram location (164, 288) is not honored. Cell's initial location is not legal at the beginning of ECO placement, and will be moved during placement. Please verify user location constraints through the adc file.
PHY-3001 : Target density is 34%
PHY-3001 : Target density is 40%
PHY-3001 : Initial: Len = 313622, Over = 0
PHY-1001 : Stage 4.1 | Spreading
PHY-3001 : End spreading;  0.014569s wall, 0.015625s user + 0.000000s system = 0.015625s CPU (107.2%)

PHY-1001 : End Stage 4.1 | Spreading; Time: 0.014725s wall, 0.015625s user + 0.000000s system = 0.015625s CPU (106.1%); Memory(MB): used = 338, reserved = 329, peak = 338;

PHY-3001 : Final: Len = 313622, Over = 0
PHY-3001 : End incremental legalization;  0.086280s wall, 0.078125s user + 0.000000s system = 0.078125s CPU (90.5%)

RUN-1002 : start command "report_qor -step place -file place.qor"
RUN-1002 : start command "start_timer"
TMR-2502 : Net delay update with mode: Placed
RUN-1001 : Generating global routing grids ...
-----------------------------------------------------------
| QoR metrics               |         value               |
-----------------------------------------------------------
| Timing                    |                             |
|     Setup WNS             |        -6843                |
|     Setup TNS             |      -294633                |
|     Num of violated S-EP  |           83                |
|     FMAX                  |    67.372MHz                |
|     SWNS path clock period |       8000ps                |
|     Hold WNS              |          -11                |
|     Hold TNS              |         -176                |
|     Num of violated H-EP  |           16                |
-----------------------------------------------------------
| Routing Resource          |                             |
|     Wire length           |       312173                |
-----------------------------------------------------------
| Utilization               |                             |
|     #slices               |         3351                |
|     slices percentage     |       34.19%                |
|     #RAMs                 |           20                |
|     #DSPs                 |            0                |
|     #DRAMHARDCON          |            0                |
-----------------------------------------------------------
| Congestion                |                             |
|     Top 1% tile util      |           36                |
|     Top 1% tile avg util  |       40.62%                |
|     Over 100% util #tile  |            0                |
-----------------------------------------------------------
Report place stage QoR done.

PHY-1001 : End Stage 4 | Optimize Design; Time: 0.778837s wall, 0.734375s user + 0.000000s system = 0.734375s CPU (94.3%); Memory(MB): used = 338, reserved = 329, peak = 338;

PHY-1001 : Stage 5 | DRC Check
PHY-1001 : Stage 5.1 | Force Route Constraint Check
PHY-1001 : Check Pass.
PHY-1001 : End Stage 5.1 | Force Route Constraint Check; Time: 0.000515s wall, 0.000000s user + 0.000000s system = 0.000000s CPU (n/a%); Memory(MB): used = 338, reserved = 329, peak = 338;

PHY-1001 : Stage 5.2 | Duplicated SelfDriven Check
PHY-1001 : Check pass.
PHY-1001 : End Stage 5.2 | Duplicated SelfDriven Check; Time: 0.007590s wall, 0.015625s user + 0.000000s system = 0.015625s CPU (205.9%); Memory(MB): used = 338, reserved = 329, peak = 338;

PHY-1001 : Stage 5.3 | Clock Rule Check
PHY-1001 : End Stage 5.3 | Clock Rule Check; Time: 0.000245s wall, 0.000000s user + 0.000000s system = 0.000000s CPU (n/a%); Memory(MB): used = 338, reserved = 329, peak = 338;

PHY-1001 : End Stage 5 | DRC Check; Time: 0.021434s wall, 0.015625s user + 0.000000s system = 0.015625s CPU (72.9%); Memory(MB): used = 338, reserved = 329, peak = 338;

OPT-1001 : QoR tracer report on placement steps:
    SWNS [   incr ]     STNS [    incr ]    FEPS [   incr ]    CRIT [   incr ]      CELL [     incr ]        WL [     incr ]    CONG [   incr ]    PDES [   incr ]   RT(s) [   incr ]   MEM(mb) [     incr ]
       0 [      0 ]        0 [       0 ]       0 [      0 ]       0 [      0 ]      8502 [        0 ]         0 [        0 ]    0.00 [   0.00 ]       0 [      0 ]       0 [      0 ]       164 [        0 ] : preplace:simplify_lut
       0 [      0 ]        0 [       0 ]       0 [      0 ]       0 [      0 ]      8502 [        0 ]         0 [        0 ]    0.00 [   0.00 ]       0 [      0 ]       0 [      0 ]       164 [        0 ] : preplace:sweep
       0 [      0 ]        0 [       0 ]       0 [      0 ]       0 [      0 ]      8502 [        0 ]         0 [        0 ]    0.00 [   0.00 ]       0 [      0 ]       0 [      0 ]       164 [        0 ] : preplace:hfn_opt
   -7915 [  -7915 ]  -305096 [ -305096 ]     110 [    110 ]    2854 [   2854 ]      8502 [        0 ]    225250 [   225250 ]    0.00 [   0.00 ]       0 [      0 ]       2 [      2 ]       270 [      106 ] : step1_gp
   -7915 [      0 ]  -305096 [       0 ]     110 [      0 ]    2862 [      8 ]      8502 [        0 ]    227596 [     2346 ]    0.00 [   0.00 ]       0 [      0 ]       2 [      0 ]       270 [        0 ] : step1_legal
   -7865 [     50 ]  -308096 [   -3000 ]     110 [      0 ]    2976 [    114 ]      8502 [        0 ]    275037 [    47441 ]   56.45 [  56.45 ]       0 [      0 ]       4 [      2 ]       307 [       37 ] : step2_gp
   -7865 [      0 ]  -305546 [    2550 ]     110 [      0 ]    3203 [    227 ]      8557 [       55 ]    262060 [   -12977 ]   42.45 [ -14.00 ]       0 [      0 ]       6 [      2 ]       315 [        8 ] : prepack:hfn_opt
   -7865 [      0 ]  -305546 [       0 ]     110 [      0 ]    3203 [      0 ]      8557 [        0 ]    262118 [       58 ]   39.48 [  -2.97 ]       0 [      0 ]       7 [      1 ]       315 [        0 ] : prepack:global_opt
   -7865 [      0 ]  -301343 [    4203 ]     109 [     -1 ]    3278 [     75 ]      3480 [    -5077 ]    266320 [     4202 ]   39.48 [   0.00 ]       0 [      0 ]       8 [      1 ]       323 [        8 ] : pack
   -7865 [      0 ]  -302460 [   -1117 ]     110 [      1 ]    3012 [   -266 ]      3480 [        0 ]    305675 [    39355 ]   41.52 [   2.03 ]       0 [      0 ]      11 [      3 ]       332 [        9 ] : post_pack_place
   -7865 [      0 ]  -302460 [       0 ]     110 [      0 ]    3012 [      0 ]      3480 [        0 ]    306269 [      594 ]   41.52 [   0.00 ]       0 [      0 ]      11 [      0 ]       333 [        1 ] : post_pack_spreading
   -7865 [      0 ]  -302460 [       0 ]     110 [      0 ]    3012 [      0 ]      3476 [       -4 ]    304719 [    -1550 ]   41.52 [   0.00 ]       0 [      0 ]      12 [      1 ]       333 [        0 ] : postpack:optimize_equivalent_quick
   -7865 [      0 ]  -302460 [       0 ]     110 [      0 ]    3012 [      0 ]      3483 [        7 ]    306597 [     1878 ]   41.52 [   0.00 ]       0 [      0 ]      12 [      0 ]       333 [        0 ] : postpack:hfn_opt
   -6843 [   1022 ]  -294633 [    7827 ]      83 [    -27 ]    3093 [     81 ]      3483 [        0 ]    312491 [     5894 ]   40.86 [  -0.66 ]       0 [      0 ]      14 [      2 ]       337 [        4 ] : postpack:path_opt
   -6843 [      0 ]  -294633 [       0 ]      83 [      0 ]    3092 [     -1 ]      3481 [       -2 ]    312173 [     -318 ]   40.86 [   0.00 ]       0 [      0 ]      14 [      0 ]       338 [        1 ] : postpack:optimize_equivalent
   -6843 [      0 ]  -294633 [       0 ]      83 [      0 ]    3092 [      0 ]      3481 [        0 ]    312173 [        0 ]   40.86 [   0.00 ]       0 [      0 ]      14 [      0 ]       338 [        0 ] : postpack:pin_opt

RUN-1003 : finish command "place" in  15.835756s wall, 28.937500s user + 3.375000s system = 32.312500s CPU (204.0%)

RUN-1004 : used memory is 338 MB, reserved memory is 329 MB, peak memory is 338 MB
RUN-1002 : start command "update_timing -mode manhattan"
RUN-1002 : start command "start_timer"
RUN-1002 : start command "report_timing_status -file HDMI1.4b_Transmitter_v1.0_place.ts"
RUN-1002 : start command "report_timing_summary -file HDMI1.4b_Transmitter_v1.0_place.timing"
RUN-1002 : start command "report_area -io_info -file HDMI1.4b_Transmitter_v1.0_phy.area"
RUN-1001 : standard
***Report Model: top Device: EG4S20BG256***

IO Statistics
#IO                        28   out of    188   14.89%
  #input                    5
  #output                  22
  #inout                    1

Utilization Statistics
#lut                     5106   out of  19600   26.05%
#reg                     4218   out of  19600   21.52%
#le                      6210
  #lut only              1992   out of   6210   32.08%
  #reg only              1104   out of   6210   17.78%
  #lut&reg               3114   out of   6210   50.14%
#bram                      20   out of     64   31.25%
  #bram9k                  20
  #fifo9k                   0
#bram32k                    0   out of     16    0.00%
#dsp                        0   out of     29    0.00%
#pad                       32   out of    188   17.02%
  #ireg                     2
  #oreg                    21
  #treg                     1
#pll                        3   out of      4   75.00%
#gclk                       3   out of     16   18.75%

RUN-1002 : start command "flow_status -file place_flow.status"
Location         : D:\Nizhenghang\Project\2026Anlu1\src\td_project\HDMI1.4b_Transmitter_v1.0_Runs\phy_1
Running with     : Tang Dynasty v6.2.178840
                   Copyright (c) 2012-2025 Anlogic Inc.
Top Model        : top
Device           : EG4S20BG256
Speed            : NA

Timing Mode      : manhattan
Setup            : WNS -6843ps  TNS  -294633ps  NUM_FEPS    83
Hold             : WNS   -11ps  TNS     -176ps  NUM_FEPS    16

Flow Statistics  :
RUN-1001 : Flow Statistics:
RUN-1001 : --------------------------------------------------------------------------------------------------
RUN-1001 :      command     |  #calls  |  wall time  |  cpu time(s)  |  used memory(mb)  |  peak memory(mb)  
RUN-1001 : --------------------------------------------------------------------------------------------------
RUN-1001 :       place      |    1     |  15s(100%)  |   31(100%)    |        338        |        338        
RUN-1001 :     import_db    |    1     |   0s(0%)    |     0(0%)     |        163        |        163        
RUN-1001 :   import_device  |    1     |   0s(0%)    |     0(0%)     |        83         |        83         
RUN-1001 : --------------------------------------------------------------------------------------------------
RUN-1001 :       total      |    3     |     15s     |      31       |        338        |        338        
RUN-1001 : --------------------------------------------------------------------------------------------------
RUN-1002 : start command "report_clock_utilization -file place_clock_utilization.txt"
RUN-1001 : Device not support command report_clock_utilization.
RUN-1002 : start command "export_db HDMI1.4b_Transmitter_v1.0_place.db"
RUN-1001 : Exported flow parameters
RUN-1001 : Exported /
RUN-1001 : Exported libs
RUN-1001 : Exported entities
RUN-1001 : Exported ports
RUN-1001 : Exported pins
RUN-1001 : Exported instances
RUN-1001 : Exported nets
RUN-1001 : Exported buses
RUN-1001 : Exported models
RUN-1001 : Exported phy database
RUN-1001 : Exported packer
RUN-1001 : Exported congestions
RUN-1001 : Exported violations
RUN-1001 : Exported ATMR Setting
RUN-1001 : Exported timing constraints
RUN-1001 : Exported IO constraints
RUN-1001 : Exported Inst constraints
RUN-1001 : Exported ChipWatcher
RUN-1002 : start command "commit_param -step route"
RUN-1001 : Print Global Property
RUN-1001 : --------------------------------------------------------
RUN-1001 :   Parameters   |  Settings  |  Default Values  |  Note  
RUN-1001 : --------------------------------------------------------
RUN-1001 :   enable_seed  |    off     |       off        |        
RUN-1001 :     message    |  standard  |     standard     |        
RUN-1001 :   qor_monitor  |     on     |        on        |        
RUN-1001 :   syn_ip_flow  |    off     |       off        |        
RUN-1001 :     thread     |    auto    |       auto       |        
RUN-1001 : --------------------------------------------------------
RUN-1001 : Print Route Property
RUN-1001 : -------------------------------------------------------
RUN-1001 :   Parameters  |  Settings  |  Default Values  |  Note  
RUN-1001 : -------------------------------------------------------
RUN-1001 :     effort    |   normal   |      normal      |        
RUN-1001 :    fix_hold   |     on     |        on        |        
RUN-1001 :     timing    |     on     |        on        |        
RUN-1001 : -------------------------------------------------------
RUN-1002 : start command "route"
RUN-1001 : Open license file D:/Download/TD/license/Anlogic.lic
PHY-1001 : Route runs in 32 thread(s)
RUN-1001 : There are total 3481 instances
RUN-1001 : 1675 mslices, 1676 lslices, 87 pads, 20 brams, 0 dsps
RUN-1001 : There are total 7978 nets
RUN-1001 : 5420 nets have 2 pins
RUN-1001 : 1832 nets have [3 - 5] pins
RUN-1001 : 447 nets have [6 - 10] pins
RUN-1001 : 137 nets have [11 - 20] pins
RUN-1001 : 136 nets have [21 - 99] pins
RUN-1001 : 6 nets have 100+ pins
RUN-1002 : start command "start_timer"
PHY-1001 : 1675 mslices, 1676 lslices, 87 pads, 20 brams, 0 dsps

PHY-1001 : Stage 1 | Global Routing
PHY-1001 : Start global routing, caller is route ...
RUN-1001 : Generating global routing grids ...
PHY-1001 : Generate routing nets ...
RUN-1001 : Generate nets statistics:
RUN-1001 : ----------------------------
RUN-1001 :        Type       |  Nets   
RUN-1001 : ----------------------------
RUN-1001 :   TotalRouteNets  |  7252   
RUN-1001 :   DontRouteNets   |   586   
RUN-1001 :     RouteNets     |  6666   
RUN-1001 :     RouteSinks    |  14697  
RUN-1001 : ----------------------------
PHY-1001 : Global iterations in 32 thread ...
PHY-1002 : len = 363408, over cnt = 620(1%), over = 1031, worst = 8
PHY-1002 : len = 368632, over cnt = 378(1%), over = 536, worst = 7
PHY-1002 : len = 371800, over cnt = 197(0%), over = 280, worst = 7
PHY-1002 : len = 375512, over cnt = 0(0%), over = 0, worst = 0
PHY-1001 : End global iterations;  0.750852s wall, 0.812500s user + 0.000000s system = 0.812500s CPU (108.2%)

PHY-1001 : Congestion index:
PHY-1001 : top1  = 40.84(S 58.15, N 57.48, E 51.90, W 47.07, I 0.00, O 0.00)
PHY-1001 : top5  = 33.11(S 46.97, N 43.94, E 39.84, W 35.82, I 0.00, O 0.00)
PHY-1001 : top10 = 29.30(S 40.36, N 37.26, E 34.93, W 30.19, I 0.00, O 0.00)
PHY-1001 : top15 = 26.91(S 36.06, N 33.11, E 31.89, W 26.90, I 0.00, O 0.00)
PHY-1001 : End global routing;  0.846699s wall, 0.906250s user + 0.000000s system = 0.906250s CPU (107.0%)

PHY-1001 : End Stage 1 | Global Routing; Time: 0.846771s wall, 0.906250s user + 0.000000s system = 0.906250s CPU (107.0%); Memory(MB): used = 354, reserved = 458, peak = 354;

PHY-1001 : Stage 2 | Detail Routing
PHY-1001 : Stage 2.1 | Build Routing Design
PHY-1001 : Routing in high effort: false
PHY-1001 : Routing Mode: normal
PHY-1001 : Generate detailed routing grids ...
PHY-1001 : End build routing graph; 2.634542s wall, 2.500000s user + 0.093750s system = 2.593750s CPU (98.5%)

PHY-1001 : Generate nets ...
PHY-1001 : net clk_dup_1 will be routed on clock mesh
PHY-1001 : net U3/u2_ram/SDRAM_CLK will be routed on clock mesh
PHY-1001 : net U3/u2_ram/u1_init_ref/Sdr_clk will be routed on clock mesh
PHY-1001 : net u_hdmi_audio_tone_i2s_64fs/I_mclk will be routed on clock mesh
PHY-1001 : clock net sd_card_bmp_m0/bmp_read_m0/clk will be merged with clock sys_pll_m0/clk0_buf
PHY-1001 : clock net u_I2S_receiver/I_clk will be merged with clock video_pll_m0/clk0_buf
PHY-1001 : clock net u_audio_pll/clk0_out will be merged with clock u_audio_pll/clk0_buf
PHY-1001 : net u_hdmi2phy_wrapper/u0_lane_lvds_8_1/I_serial_clk will be routed on clock mesh
RUN-1001 : Generate nets statistics:
RUN-1001 : ------------------------------
RUN-1001 :         Type        |  Nets   
RUN-1001 : ------------------------------
RUN-1001 :        Route        |  7252   
RUN-1001 :      DontRoute      |   726   
RUN-1001 :      RouteSinks     |  22356  
RUN-1001 :   RouteEntitySinks  |    0    
RUN-1001 :       Lut2Dff       |    0    
RUN-1001 :       Ram2Dff       |    0    
RUN-1001 :      Carry2Dff      |    0    
RUN-1001 : ------------------------------
RUN-1001 : DR clock net summary:
RUN-1001 : -------------------------------------------------------------------------------
RUN-1001 :   Net Idx  |                      Net Name                      |  Clock Type  
RUN-1001 : -------------------------------------------------------------------------------
RUN-1001 :      1     |                U3/u2_ram/SDRAM_CLK                 |    Normal    
RUN-1001 :      2     |           U3/u2_ram/u1_init_ref/Sdr_clk            |    Normal    
RUN-1001 :      3     |                     clk_dup_1                      |    Normal    
RUN-1001 :      4     |           sd_card_bmp_m0/bmp_read_m0/clk           |    Normal    
RUN-1001 :      5     |                u_I2S_receiver/I_clk                |    Normal    
RUN-1001 :      6     |                u_audio_pll/clk0_out                |    Normal    
RUN-1001 :      7     |  u_hdmi2phy_wrapper/u0_lane_lvds_8_1/I_serial_clk  |    Normal    
RUN-1001 :      8     |         u_hdmi_audio_tone_i2s_64fs/I_mclk          |    Normal    
RUN-1001 : -------------------------------------------------------------------------------
RUN-1001 : DR clock buffer summary:
RUN-1001 : ----------------
RUN-1001 :   Idx  |  Name  
RUN-1001 : ----------------
RUN-1001 : ----------------
PHY-1001 : End Stage 2.1 | Build Routing Design; Time: 2.773856s wall, 2.640625s user + 0.093750s system = 2.734375s CPU (98.6%); Memory(MB): used = 627, reserved = 617, peak = 627;

RUN-1001 : Top Percentage Crit. Net Stat.
RUN-1001 : -------------------------------------------------------
RUN-1001 :   Top %  |  Net Count  |  Avg. Fanout  |  Avg. Slack   
RUN-1001 : -------------------------------------------------------
RUN-1001 :     1    |     79      |   3.088608    |  1574.949367  
RUN-1001 :     2    |     159     |   3.364780    |  1938.415094  
RUN-1001 :     3    |     239     |   3.263598    |  2131.439331  
RUN-1001 :     4    |     319     |   3.705329    |  2274.213166  
RUN-1001 :     5    |     398     |   3.570352    |  2415.407035  
RUN-1001 :     6    |     478     |   3.412134    |  2543.280335  
RUN-1001 :     7    |     558     |   3.261649    |  2657.734767  
RUN-1001 :     8    |     638     |   3.235110    |  2769.689655  
RUN-1001 :     9    |     718     |   3.155989    |  2880.408078  
RUN-1001 :    10    |     797     |   3.032622    |  2981.121706  
RUN-1001 : -------------------------------------------------------
PHY-1001 : Stage 2.2 | Clock Nets Routing
PHY-1001 : Routed 0% nets.
PHY-1001 : len = 153312, over cnt = 0(0%), over = 0, worst = 0, crit = 0
PHY-1001 : End Stage 2.2 | Clock Nets Routing; Time: 2.711094s wall, 2.671875s user + 0.015625s system = 2.687500s CPU (99.1%); Memory(MB): used = 660, reserved = 649, peak = 660;

PHY-1001 : Stage 2.3 | Routing Initialization
PHY-1001 : Mark 1% net(place mode slack < 2162ps) as critical nets.
PHY-1001 : Stage 2.3.1 | Normal Nets Routing
PHY-1001 : Routed 90% nets.
PHY-1001 : len = 653568, over cnt = 449(0%), over = 453, worst = 2, crit = 0
PHY-1001 : End Stage 2.3.1 | Normal Nets Routing; Time: 7.046680s wall, 13.093750s user + 0.468750s system = 13.562500s CPU (192.5%); Memory(MB): used = 664, reserved = 654, peak = 664;

PHY-1001 : Stage 2.3.2 | Update Timing
RUN-1002 : start command "start_timer"
8.000000
40.000000
10.000000
8.000000
PHY-1001 : 449/7252(6%) critical/total net(s).
PHY-1001 : Setup: WNS(ns) = -6.301, TNS(ns) = -360.468, FEP = 182 | Hold: WNS(ns) = -1.284, TNS(ns) = -1.313, FEP = 4.
PHY-1001 : End Stage 2.3.2 | Update Timing; Time: 0.737834s wall, 0.640625s user + 0.078125s system = 0.718750s CPU (97.4%); Memory(MB): used = 669, reserved = 658, peak = 669;

PHY-1001 : End Stage 2.3 | Routing Initialization; Time: 7.796601s wall, 13.750000s user + 0.546875s system = 14.296875s CPU (183.4%); Memory(MB): used = 669, reserved = 658, peak = 669;

PHY-1001 : Stage 2.4 | Routing Optimization
PHY-1001 : Build lut bridge;  0.068747s wall, 0.062500s user + 0.000000s system = 0.062500s CPU (90.9%)

PHY-1001 : Stage 2.4.1 | Phase 1
PHY-1001 : Stage 2.4.1.1 | Setup TimeOptimization
PHY-1001 : Start to optimize setup violation with net base ...
PHY-1001 : Iter 1; Processed 102 pins with SWNS -6.301ns STNS -315.806ns FEP 131 took 1.46282 seconds.
PHY-1001 : len = 655312, over cnt = 490(0%), over = 495, worst = 2, crit = 0
PHY-1001 : End Stage 2.4.1.1 | Setup TimeOptimization; Time: 1.497770s wall, 1.421875s user + 0.046875s system = 1.468750s CPU (98.1%); Memory(MB): used = 672, reserved = 660, peak = 672;

PHY-1001 : Stage 2.4.1.2 | Rip-up And ReRoute
PHY-1001 : Iter 1: len = 656608, over cnt = 123(0%), over = 124, worst = 2, crit = 0, time(s) = 0.42
PHY-1001 : Iter 2: len = 656832, over cnt = 76(0%), over = 77, worst = 2, crit = 0, time(s) = 0.13
PHY-1001 : Iter 3: len = 656824, over cnt = 63(0%), over = 63, worst = 1, crit = 0, time(s) = 0.09
PHY-1001 : Iter 4: len = 657416, over cnt = 22(0%), over = 22, worst = 1, crit = 0, time(s) = 0.06
PHY-1001 : Iter 5: len = 657592, over cnt = 12(0%), over = 12, worst = 1, crit = 0, time(s) = 0.05
PHY-1001 : Iter 6: len = 657592, over cnt = 12(0%), over = 12, worst = 1, crit = 0, time(s) = 0.02
PHY-1001 : Iter 7: len = 657592, over cnt = 12(0%), over = 12, worst = 1, crit = 0, time(s) = 0.02
PHY-1001 : Iter 8: len = 657736, over cnt = 0(0%), over = 0, worst = 0, crit = 0, time(s) = 0.01
PHY-1001 : End Stage 2.4.1.2 | Rip-up And ReRoute; Time: 0.821788s wall, 1.703125s user + 0.031250s system = 1.734375s CPU (211.0%); Memory(MB): used = 673, reserved = 662, peak = 673;

PHY-1001 : Stage 2.4.1.3 | Update Timing
RUN-1002 : start command "start_timer"
PHY-1001 : 276/7252(3%) critical/total net(s).
PHY-1001 : Setup: WNS(ns) = -6.301, TNS(ns) = -322.046, FEP = 140 | Hold: WNS(ns) = -1.284, TNS(ns) = -1.313, FEP = 4.
PHY-1001 : End Stage 2.4.1.3 | Update Timing; Time: 0.744655s wall, 0.734375s user + 0.015625s system = 0.750000s CPU (100.7%); Memory(MB): used = 673, reserved = 662, peak = 673;

PHY-1001 : Stage 2.4.1.4 | Commit Data
PHY-1001 : Commit better result to database ...
PHY-1001 : 127 feed throughs used by 92 nets
PHY-1001 : End Stage 2.4.1.4 | Commit Data; Time: 0.507088s wall, 0.484375s user + 0.015625s system = 0.500000s CPU (98.6%); Memory(MB): used = 697, reserved = 686, peak = 697;

PHY-1001 : End Stage 2.4.1 | Phase 1; Time: 3.606483s wall, 4.375000s user + 0.109375s system = 4.484375s CPU (124.3%); Memory(MB): used = 697, reserved = 686, peak = 697;

PHY-1001 : Stage 2.4.2 | Phase 2
PHY-1001 : Stage 2.4.2.1 | Setup TimeOptimization
PHY-1001 : Start to optimize setup violation with net base ...
PHY-1001 : Iter 1; Processed 26 pins with SWNS -6.301ns STNS -316.498ns FEP 131 took 0.308284 seconds.
PHY-1001 : len = 657912, over cnt = 10(0%), over = 10, worst = 1, crit = 0
PHY-1001 : End Stage 2.4.2.1 | Setup TimeOptimization; Time: 0.343547s wall, 0.328125s user + 0.015625s system = 0.343750s CPU (100.1%); Memory(MB): used = 698, reserved = 686, peak = 698;

PHY-1001 : Stage 2.4.2.2 | Rip-up And ReRoute
PHY-0007 : Congestion: {43.65, 36.69, 33.09, 30.91}; Timing: {-6.301ns, -316.498ns, 131}
PHY-1001 : Iter 1: len = 657808, over cnt = 0(0%), over = 0, worst = 0, crit = 0, time(s) = 0.05
PHY-1001 : End Stage 2.4.2.2 | Rip-up And ReRoute; Time: 0.063786s wall, 0.265625s user + 0.015625s system = 0.281250s CPU (440.9%); Memory(MB): used = 698, reserved = 686, peak = 698;

PHY-1001 : Stage 2.4.2.3 | Update Timing
RUN-1002 : start command "start_timer"
PHY-1001 : 259/7252(3%) critical/total net(s).
PHY-1001 : Setup: WNS(ns) = -6.301, TNS(ns) = -320.581, FEP = 136 | Hold: WNS(ns) = -1.284, TNS(ns) = -1.313, FEP = 4.
PHY-1001 : End Stage 2.4.2.3 | Update Timing; Time: 0.719626s wall, 0.687500s user + 0.015625s system = 0.703125s CPU (97.7%); Memory(MB): used = 699, reserved = 688, peak = 699;

PHY-1001 : Stage 2.4.2.4 | Commit Data
PHY-1001 : Commit better result to database ...
PHY-1001 : 126 feed throughs used by 91 nets
PHY-1001 : End Stage 2.4.2.4 | Commit Data; Time: 0.495424s wall, 0.468750s user + 0.015625s system = 0.484375s CPU (97.8%); Memory(MB): used = 699, reserved = 688, peak = 699;

PHY-1001 : End Stage 2.4.2 | Phase 2; Time: 1.654596s wall, 1.796875s user + 0.062500s system = 1.859375s CPU (112.4%); Memory(MB): used = 699, reserved = 688, peak = 699;

PHY-1001 : End Stage 2.4 | Routing Optimization; Time: 5.803947s wall, 6.703125s user + 0.171875s system = 6.875000s CPU (118.5%); Memory(MB): used = 699, reserved = 688, peak = 699;

PHY-1001 : Stage 2.5 | Multi-try route Optimization
PHY-1001 : Original timing status: SWNS -6301ps, STNS -320581ps, FEP 136.
PHY-1001 : Start to multi-try route opt...
PHY-1033 : Iter 1, processed 10 pins with SWNS -6301 -> -6301ps STNS -320581 -> -320539ps FEP 136 -> 136.
PHY-1033 : Iter 2, processed 10 pins with SWNS -6301 -> -6301ps STNS -320539 -> -320465ps FEP 136 -> 136.
PHY-1033 : Iter 3, processed 10 pins with SWNS -6301 -> -6301ps STNS -320465 -> -320465ps FEP 136 -> 136.
PHY-1033 : Try cnt 30, commit cnt 2(6.67%).
PHY-1001 : len = 657760, over cnt = 0(0%), over = 0, worst = 0, crit = 0
PHY-1001 : Update timing ...
RUN-1002 : start command "start_timer"
PHY-1001 : 259/7252(3%) critical/total net(s).
PHY-1001 : Setup: WNS(ns) = -6.301, TNS(ns) = -320.465, FEP = 136 | Hold: WNS(ns) = -1.284, TNS(ns) = -1.313, FEP = 4.
PHY-1001 : End update timing; 0.751006s wall, 0.750000s user + 0.000000s system = 0.750000s CPU (99.9%)

PHY-1001 : End multi-try route opt;  1.155227s wall, 1.140625s user + 0.000000s system = 1.140625s CPU (98.7%)

PHY-1001 : End Stage 2.5 | Multi-try route Optimization; Time: 1.164424s wall, 1.156250s user + 0.000000s system = 1.156250s CPU (99.3%); Memory(MB): used = 701, reserved = 689, peak = 701;

PHY-1003 : Routed, final wirelength = 657760
RUN-1002 : start command "export_db HDMI1.4b_Transmitter_v1.0_pr.db"
RUN-1001 : Exported flow parameters
RUN-1001 : Exported /
RUN-1001 : Exported libs
RUN-1001 : Exported entities
RUN-1001 : Exported ports
RUN-1001 : Exported pins
RUN-1001 : Exported instances
RUN-1001 : Exported nets
RUN-1001 : Exported buses
RUN-1001 : Exported models
RUN-1001 : Exported phy database
RUN-1001 : Exported packer
RUN-1001 : Exported congestions
RUN-1001 : Exported violations
RUN-1001 : Exported ATMR Setting
RUN-1001 : Exported timing constraints
RUN-1001 : Exported IO constraints
RUN-1001 : Exported Inst constraints
RUN-1001 : Exported ChipWatcher
PHY-1001 : Current memory(MB): used = 727, reserved = 836, peak = 727.
PHY-1001 : End export database. 0.332933s wall, 0.359375s user + 0.000000s system = 0.359375s CPU (107.9%)

PHY-1001 : End detail routing;  21.026132s wall, 27.703125s user + 0.828125s system = 28.531250s CPU (135.7%)

PHY-1001 : End Stage 2 | Detail Routing; Time: 21.026232s wall, 27.703125s user + 0.828125s system = 28.531250s CPU (135.7%); Memory(MB): used = 726, reserved = 835, peak = 727;

PHY-1001 : Stage 3 | Hold Fix
RUN-1002 : start command "start_timer"
RUN-1001 : fix hold violation on net video_timing_data_m0/read_req endpin frame_read_write_m0/frame_fifo_read_m0/read_req_d0_reg_syn_5.mi[0] slack -1284ps
RUN-1001 : 3 hold-buffer to be created.
RUN-1001 : fix hold violation on net frame_read_write_m0/write_buf/wr_addr[2] endpin frame_read_write_m0/write_buf/ram_inst/ramread0_syn_6.addra[6] slack -4ps
RUN-1001 : 1 hold-buffer to be created.
RUN-1001 : fix hold violation on net u_hdmi_1_4b_transmitter_core_wrapper/u_hdmi_edid_wrapper/u_iic_master_wrapper/u_iic_receiver_controller/I_rst_dup_16 endpin u_hdmi_1_4b_transmitter_core_wrapper/u_hdmi_tx_controller_wrapper/u0_hdmi_tmds_encode/S_video_data_code_reg[8]_syn_4.sr slack -5ps
RUN-1001 : 1 hold-buffer to be created.
RUN-1001 : fix hold violation on net u_hdmi_1_4b_transmitter_core_wrapper/u_hdmi_tx_controller_wrapper/u_hdmi_island_data_gen/U_audio_sample_packet_2_channel/u_w96_d1024_fifo/I_fifo_wr_data[18] endpin u_hdmi_1_4b_transmitter_core_wrapper/u_hdmi_tx_controller_wrapper/u_hdmi_island_data_gen/U_audio_sample_packet_2_channel/u_w96_d1024_fifo/u_logic_ramfifo_syn_544.dia[0] slack -11ps
RUN-1001 : 1 hold-buffer to be created.
RUN-1001 : fix hold violation on net u_hdmi_1_4b_transmitter_core_wrapper/u_hdmi_tx_controller_wrapper/u_hdmi_island_data_gen/U_audio_sample_packet_2_channel/u_w96_d1024_fifo/I_fifo_wr_data[19] endpin u_hdmi_1_4b_transmitter_core_wrapper/u_hdmi_tx_controller_wrapper/u_hdmi_island_data_gen/U_audio_sample_packet_2_channel/u_w96_d1024_fifo/u_logic_ramfifo_syn_544.dia[1] slack -20ps
RUN-1001 : 1 hold-buffer to be created.
PHY-1001 : Populate physical database on model top.
8.000000
40.000000
10.000000
8.000000

8.000000
40.000000
10.000000
8.000000
RUN-1002 : start command "start_timer"
RUN-1001 : All hold violations are fixed.
PHY-1001 : End Stage 3 | Hold Fix; Time: 10.437614s wall, 10.375000s user + 0.328125s system = 10.703125s CPU (102.5%); Memory(MB): used = 729, reserved = 836, peak = 729;

PHY-1001 : Stage 4 | Report Route Qor
RUN-1002 : start command "report_qor -step route -file route.qor"
RUN-1002 : start command "start_timer"
-----------------------------------------------------------
| QoR metrics               |         value               |
-----------------------------------------------------------
| Timing                    |                             |
|     Setup WNS             |        -6301                |
|     Setup TNS             |      -320465                |
|     Num of violated S-EP  |          136                |
|     Hold WNS              |           11                |
|     Hold TNS              |            0                |
|     Num of violated H-EP  |            0                |
-----------------------------------------------------------
| Routing Resource          |                             |
|     Wire length           |       658056                |
-----------------------------------------------------------
| Utilization               |                             |
|     #slices               |         3358                |
|     slices percentage     |       34.27%                |
|     #RAMs                 |           20                |
|     #DSPs                 |            0                |
|     #DRAMHARDCON          |            0                |
-----------------------------------------------------------
Report route stage QoR done.

RUN-1002 : start command "update_timing -mode final"
RUN-1002 : start command "start_timer"
RUN-1002 : start command "report_timing_summary -file final_timing.rpt"
OPT-1001 : QoR tracer report on route step:
    SWNS [   incr ]     STNS [    incr ]  S-FEPS [   incr ]    HWNS [   incr ]      HTNS [     incr ]    H-FEPS [     incr ]    CELL [   incr ]      WL [   incr ]   RT(s) [   incr ]   MEM(mb) [     incr ]
   -6301 [      0 ]  -360468 [       0 ]     182 [      0 ]   -1284 [      0 ]     -1313 [        0 ]         4 [        0 ]    3481 [      0 ]  653568 [      0 ]      15 [      0 ]       669 [        0 ] : dr_initialization
   -6301 [      0 ]  -315806 [   44662 ]     131 [    -51 ]   -1284 [      0 ]     -1313 [        0 ]         4 [        0 ]    3481 [      0 ]  655312 [   1744 ]      17 [      2 ]       672 [        3 ] : dr_timing_opt_phase1
   -6301 [      0 ]  -322046 [   -6240 ]     140 [      9 ]   -1284 [      0 ]     -1313 [        0 ]         4 [        0 ]    3481 [      0 ]  657736 [   2424 ]      19 [      2 ]       697 [       25 ] : dr_opt_phase1
   -6301 [      0 ]  -316498 [    5548 ]     131 [     -9 ]   -1284 [      0 ]     -1313 [        0 ]         4 [        0 ]    3481 [      0 ]  657912 [    176 ]      19 [      0 ]       698 [        1 ] : dr_timing_opt_phase2
   -6301 [      0 ]  -320581 [   -4083 ]     136 [      5 ]   -1284 [      0 ]     -1313 [        0 ]         4 [        0 ]    3481 [      0 ]  657808 [   -104 ]      20 [      1 ]       699 [        1 ] : dr_opt_phase2
   -6301 [      0 ]  -320465 [     116 ]     136 [      0 ]   -1284 [      0 ]     -1313 [        0 ]         4 [        0 ]    3481 [      0 ]  657760 [    -48 ]      22 [      2 ]       701 [        2 ] : multi_try_opt
   -6301 [      0 ]  -320465 [       0 ]     136 [      0 ]      11 [   1295 ]         0 [     1313 ]         0 [       -4 ]    3488 [      7 ]  658056 [    296 ]       2 [    -20 ]       728 [       27 ] : (ECO)dr_initialization
   -6301 [      0 ]  -320465 [       0 ]     136 [      0 ]      11 [      0 ]         0 [        0 ]         0 [        0 ]    3488 [      0 ]  658056 [      0 ]       2 [      0 ]       728 [        0 ] : (ECO)dr_timing_opt_phase1
   -6301 [      0 ]  -320465 [       0 ]     136 [      0 ]      11 [      0 ]         0 [        0 ]         0 [        0 ]    3488 [      0 ]  658056 [      0 ]       4 [      2 ]       728 [        0 ] : (ECO)dr_opt_phase1
   -6301 [      0 ]  -320465 [       0 ]     136 [      0 ]      11 [      0 ]         0 [        0 ]         0 [        0 ]    3488 [      0 ]  658056 [      0 ]       4 [      0 ]       728 [        0 ] : (ECO)dr_timing_opt_phase2
   -6301 [      0 ]  -320465 [       0 ]     136 [      0 ]      11 [      0 ]         0 [        0 ]         0 [        0 ]    3488 [      0 ]  658056 [      0 ]       5 [      1 ]       728 [        0 ] : (ECO)dr_opt_phase2
   -6301 [      0 ]  -320465 [       0 ]     136 [      0 ]      11 [      0 ]         0 [        0 ]         0 [        0 ]    3488 [      0 ]  658056 [      0 ]       5 [      0 ]       728 [        0 ] : (ECO)multi_try_opt
   -6301 [      0 ]  -320465 [       0 ]     136 [      0 ]      11 [      0 ]         0 [        0 ]         0 [        0 ]    3488 [      0 ]  658056 [      0 ]       6 [      1 ]       729 [        1 ] : (ECO)fix_hold_opt
   -6301 [      0 ]  -320465 [       0 ]     136 [      0 ]      11 [      0 ]         0 [        0 ]         0 [        0 ]    3488 [      0 ]  658056 [      0 ]      32 [     26 ]       729 [        0 ] : (ECO)fix_hold_opt

PHY-1001 : End Stage 4 | Report Route Qor; Time: 1.457470s wall, 1.437500s user + 0.015625s system = 1.453125s CPU (99.7%); Memory(MB): used = 729, reserved = 836, peak = 729;

PHY-1001 : Stage 5 | Design Rule Check
PHY-1001 : Start multi-drive drc check......
PHY-1001 : No multi-drive.
PHY-1001 : Stage 5.1 | Clock Net Status Check
PHY-1001 : All clock nets do not utilize local routing resource.
PHY-1001 : End Stage 5.1 | Clock Net Status Check; Time: 0.002724s wall, 0.000000s user + 0.000000s system = 0.000000s CPU (n/a%); Memory(MB): used = 729, reserved = 836, peak = 729;

PHY-1001 : Stage 5.2 | Abnormal Timing Path check
PHY-1001 : No abnormal timing path.
PHY-1001 : End Stage 5.2 | Abnormal Timing Path check; Time: 0.030416s wall, 0.031250s user + 0.000000s system = 0.031250s CPU (102.7%); Memory(MB): used = 729, reserved = 836, peak = 729;

PHY-1001 : End Stage 5 | Design Rule Check; Time: 0.064554s wall, 0.046875s user + 0.015625s system = 0.062500s CPU (96.8%); Memory(MB): used = 729, reserved = 836, peak = 729;

RUN-1003 : finish command "route" in  34.449208s wall, 41.031250s user + 1.218750s system = 42.250000s CPU (122.6%)

RUN-1004 : used memory is 729 MB, reserved memory is 836 MB, peak memory is 729 MB
RUN-1002 : start command "report_area -io_info -file HDMI1.4b_Transmitter_v1.0_phy.area"
RUN-1001 : standard
***Report Model: top Device: EG4S20BG256***

IO Statistics
#IO                        28   out of    188   14.89%
  #input                    5
  #output                  22
  #inout                    1

Utilization Statistics
#lut                     5120   out of  19600   26.12%
#reg                     4218   out of  19600   21.52%
#le                      6224
  #lut only              2006   out of   6224   32.23%
  #reg only              1104   out of   6224   17.74%
  #lut&reg               3114   out of   6224   50.03%
#bram                      20   out of     64   31.25%
  #bram9k                  20
  #fifo9k                   0
#bram32k                    0   out of     16    0.00%
#dsp                        0   out of     29    0.00%
#pad                       32   out of    188   17.02%
  #ireg                     2
  #oreg                    21
  #treg                     1
#pll                        3   out of      4   75.00%
#gclk                       3   out of     16   18.75%


DataNet Average Fanout:

   Index     Fanout    Nets  
    #1         1       5330  
    #2         2       1158  
    #3         3       410   
    #4         4       264   
    #5        5-10     480   
    #6       11-50     211   
    #7       51-100     26   
    #8        >500      1    
  Average     2.58           

RUN-1002 : start command "update_timing -mode final"
RUN-1002 : start command "start_timer"
RUN-1002 : start command "report_timing_status -file HDMI1.4b_Transmitter_v1.0_phy.ts"
RUN-1002 : start command "report_timing_summary -file HDMI1.4b_Transmitter_v1.0_pr.timing"
RUN-1002 : start command "report_timing_exception -file HDMI1.4b_Transmitter_v1.0_exception.timing"
RUN-1002 : start command "check_timing -verbose -file HDMI1.4b_Transmitter_v1.0_chk.timing"
RUN-1002 : start command "flow_status -file route_flow.status"
Location         : D:\Nizhenghang\Project\2026Anlu1\src\td_project\HDMI1.4b_Transmitter_v1.0_Runs\phy_1
Running with     : Tang Dynasty v6.2.178840
                   Copyright (c) 2012-2025 Anlogic Inc.
Top Model        : top
Device           : EG4S20BG256
Speed            : NA

Timing Mode      : final
Setup            : WNS -6301ps  TNS  -320465ps  NUM_FEPS   136
Hold             : WNS    11ps  TNS        0ps  NUM_FEPS     0

Flow Statistics  :
RUN-1001 : Flow Statistics:
RUN-1001 : --------------------------------------------------------------------------------------------------
RUN-1001 :      command     |  #calls  |  wall time  |  cpu time(s)  |  used memory(mb)  |  peak memory(mb)  
RUN-1001 : --------------------------------------------------------------------------------------------------
RUN-1001 :       route      |    2     |  41s(71%)   |    49(60%)    |        729        |        729        
RUN-1001 :       place      |    2     |  16s(28%)   |    32(39%)    |        728        |        728        
RUN-1001 :     import_db    |    1     |   0s(0%)    |     0(0%)     |        163        |        163        
RUN-1001 :   import_device  |    1     |   0s(0%)    |     0(0%)     |        83         |        83         
RUN-1001 : --------------------------------------------------------------------------------------------------
RUN-1001 :       total      |    6     |     57s     |      81       |        729        |        729        
RUN-1001 : --------------------------------------------------------------------------------------------------
RUN-1002 : start command "report_clock_utilization -file route_clock_utilization.txt"
RUN-1001 : Device not support command report_clock_utilization.
RUN-1002 : start command "export_db HDMI1.4b_Transmitter_v1.0_pr.db"
RUN-1001 : Exported flow parameters
RUN-1001 : Exported /
RUN-1001 : Exported libs
RUN-1001 : Exported entities
RUN-1001 : Exported ports
RUN-1001 : Exported pins
RUN-1001 : Exported instances
RUN-1001 : Exported nets
RUN-1001 : Exported buses
RUN-1001 : Exported models
RUN-1001 : Exported phy database
RUN-1001 : Exported packer
RUN-1001 : Exported congestions
RUN-1001 : Exported violations
RUN-1001 : Exported ATMR Setting
RUN-1001 : Exported timing constraints
RUN-1001 : Exported IO constraints
RUN-1001 : Exported Inst constraints
RUN-1001 : Exported ChipWatcher
RUN-1002 : start command "commit_param -step bitgen"
RUN-1001 : Print Global Property
RUN-1001 : --------------------------------------------------------
RUN-1001 :   Parameters   |  Settings  |  Default Values  |  Note  
RUN-1001 : --------------------------------------------------------
RUN-1001 :   enable_seed  |    off     |       off        |        
RUN-1001 :     message    |  standard  |     standard     |        
RUN-1001 :   qor_monitor  |     on     |        on        |        
RUN-1001 :   syn_ip_flow  |    off     |       off        |        
RUN-1001 :     thread     |    auto    |       auto       |        
RUN-1001 : --------------------------------------------------------
RUN-1001 : Print Bitgen Property
RUN-1001 : -------------------------------------------------------------
RUN-1001 :      Parameters     |  Settings  |  Default Values  |  Note  
RUN-1001 : -------------------------------------------------------------
RUN-1001 :         bin         |    off     |       off        |        
RUN-1001 :       gen_mask      |    off     |       off        |        
RUN-1001 :      time_info      |     on     |        on        |        
RUN-1001 :   unused_io_status  |   pullup   |      pullup      |        
RUN-1001 :       version       |    0x00    |       0x00       |        
RUN-1001 : -------------------------------------------------------------
RUN-1002 : start command "bitgen -bit HDMI1.4b_Transmitter_v1.0.bit"
RUN-1002 : start command "export_bid HDMI1.4b_Transmitter_v1.0_inst.bid"
BIT-1003 : Start to generate bitstream. 
BIT-1002 : Init instances with 32 threads.
BIT-1002 : Init instances completely, inst num: 3474
BIT-1002 : Init pips with 32 threads.
BIT-1002 : Init pips completely, net num: 7257, pip num: 64189
BIT-1002 : Init feedthrough with 32 threads.
BIT-1002 : Init feedthrough completely, num: 126
BIT-1003 : Multithreading accelaration with 32 threads.
BIT-1003 : Generate bitstream completely, there are 186378 bits set as '1'.
BIT-1004 : PLL setting string = 0111
BIT-1004 : Generate bits file HDMI1.4b_Transmitter_v1.0.bit.
RUN-1003 : finish command "bitgen -bit HDMI1.4b_Transmitter_v1.0.bit" in  2.144614s wall, 44.203125s user + 1.656250s system = 45.859375s CPU (2138.4%)

RUN-1004 : used memory is 730 MB, reserved memory is 836 MB, peak memory is 731 MB
RUN-1002 : start command "setup_debugger"
RUN-1002 : start command "export_bitgen_param -file .bitgen_param.f"
RUN-1002 : start command "export_flow_status -s opt_place -e bitgen"
RUN-1002 : start command "flow_status"

Location         : D:\Nizhenghang\Project\2026Anlu1\src\td_project\HDMI1.4b_Transmitter_v1.0_Runs\phy_1
Running with     : Tang Dynasty v6.2.178840
                   Copyright (c) 2012-2025 Anlogic Inc.
Top Model        : top
Device           : EG4S20BG256
Speed            : NA

Timing Mode      : final
Setup            : WNS -6301ps  TNS  -320465ps  NUM_FEPS   136
Hold             : WNS    11ps  TNS        0ps  NUM_FEPS     0

RUN-1001 : Flow Statistics:
RUN-1001 : --------------------------------------------------------------------------------------------------
RUN-1001 :      command     |  #calls  |  wall time  |  cpu time(s)  |  used memory(mb)  |  peak memory(mb)  
RUN-1001 : --------------------------------------------------------------------------------------------------
RUN-1001 :       route      |    2     |  41s(69%)   |    49(38%)    |        729        |        729        
RUN-1001 :       place      |    2     |  16s(27%)   |    32(25%)    |        728        |        728        
RUN-1001 :      bitgen      |    1     |   2s(3%)    |    45(35%)    |        730        |        731        
RUN-1001 :     import_db    |    1     |   0s(0%)    |     0(0%)     |        163        |        163        
RUN-1001 :   import_device  |    1     |   0s(0%)    |     0(0%)     |        83         |        83         
RUN-1001 : --------------------------------------------------------------------------------------------------
RUN-1001 :       total      |    7     |     59s     |      126      |        730        |        731        
RUN-1001 : --------------------------------------------------------------------------------------------------

