============================================================
   Tang Dynasty, V6.2.178840
   Copyright (c) 2012-2025 Anlogic Inc.
   Executable = D:/Download/TD/bin/td.exe
   Built at =   14:07:58 Sep  4 2025
   Run by =     Nizhenghang
   Run Date =   Tue Sep  1 11:10:23 2026

   Run on =     LAPTOP-9S21NQG2
============================================================
RUN-1002 : start command "import_db D:/Nizhenghang/Project/2026Anlu1/src/td_project/HDMI1.4b_Transmitter_v1.0_Runs/phy_1/HDMI1.4b_Transmitter_v1.0_pr.db"
RUN-1001 : Importing database generated by Tang Dynasty, V6.2.178840.
RUN-1001 : Database version number 46207
RUN-1001 : Import flow parameters
RUN-1001 : Import netlist
PHY-1001 : Generate detailed routing grids ...
PHY-1001 : End build routing graph; 2.784583s wall, 2.703125s user + 0.078125s system = 2.781250s CPU (99.9%)

PHY-1001 : Build lut bridge;  0.043582s wall, 0.046875s user + 0.000000s system = 0.046875s CPU (107.6%)

PHY-1001 : Generate nets ...
PHY-1001 : net clk_dup_1 will be routed on clock mesh
PHY-1001 : net U3/u2_ram/SDRAM_CLK will be routed on clock mesh
PHY-1001 : net U3/u2_ram/u1_init_ref/Sdr_clk will be routed on clock mesh
PHY-1001 : net u_hdmi_audio_tone_i2s_64fs/I_mclk will be routed on clock mesh
PHY-1001 : clock net sd_card_bmp_m0/bmp_read_m0/clk will be merged with clock sys_pll_m0/clk0_buf
PHY-1001 : clock net u_I2S_receiver/I_clk will be merged with clock video_pll_m0/clk0_buf
PHY-1001 : clock net u_audio_pll/clk0_out will be merged with clock u_audio_pll/clk0_buf
PHY-1001 : net u_hdmi2phy_wrapper/u0_lane_lvds_8_1/I_serial_clk will be routed on clock mesh
PHY-1001 : eco open net = 0
PHY-1001 : 139 feed throughs used by 96 nets
RUN-1001 : Import phy database
RUN-1001 : Import timing constraints
RUN-1001 : Import IO constraints
RUN-1001 : Import Inst constraints
RUN-1001 : Import ChipWatcher
RUN-1001 : Import design success TD_VERSION=6.2.178840 , DB_VERSION=46207
RUN-1003 : finish command "import_db D:/Nizhenghang/Project/2026Anlu1/src/td_project/HDMI1.4b_Transmitter_v1.0_Runs/phy_1/HDMI1.4b_Transmitter_v1.0_pr.db" in  6.022309s wall, 4.562500s user + 0.203125s system = 4.765625s CPU (79.1%)

RUN-1004 : used memory is 671 MB, reserved memory is 607 MB, peak memory is 753 MB
PRJ-1412 : reset_run syn_1 phy_1.
PRJ-1409 : launch_runs syn_1 phy_1  -jobs 6.
PRJ-1410 : Run syn_1 success.
RUN-1002 : start command "save_best_bits"
PRJ-1410 : Run phy_1 success.
PRJ-1424 : The implemented result of phy_1 is saved as best result.
RUN-1002 : start command "import_db D:/Nizhenghang/Project/2026Anlu1/src/td_project/HDMI1.4b_Transmitter_v1.0_Runs/phy_1/HDMI1.4b_Transmitter_v1.0_pr.db"
RUN-1001 : Importing database generated by Tang Dynasty, V6.2.178840.
RUN-1001 : Database version number 46207
RUN-1001 : Import flow parameters
RUN-1001 : Import netlist
PHY-1001 : Generate detailed routing grids ...
PHY-1001 : End build routing graph; 0.564102s wall, 0.531250s user + 0.031250s system = 0.562500s CPU (99.7%)

PHY-1001 : Build lut bridge;  0.052073s wall, 0.031250s user + 0.015625s system = 0.046875s CPU (90.0%)

PHY-1001 : Generate nets ...
PHY-1001 : net clk_dup_1 will be routed on clock mesh
PHY-1001 : net U3/u2_ram/SDRAM_CLK will be routed on clock mesh
PHY-1001 : net U3/u2_ram/u1_init_ref/Sdr_clk will be routed on clock mesh
PHY-1001 : net u_hdmi_audio_tone_i2s_64fs/I_mclk will be routed on clock mesh
PHY-1001 : clock net sd_card_bmp_m0/bmp_read_m0/clk will be merged with clock sys_pll_m0/clk0_buf
PHY-1001 : clock net u_I2S_receiver/I_clk will be merged with clock video_pll_m0/clk0_buf
PHY-1001 : clock net u_audio_pll/clk0_out will be merged with clock u_audio_pll/clk0_buf
PHY-1001 : net u_hdmi2phy_wrapper/u0_lane_lvds_8_1/I_serial_clk will be routed on clock mesh
PHY-1001 : eco open net = 0
PHY-1001 : 139 feed throughs used by 96 nets
RUN-1001 : Import phy database
RUN-1001 : Import timing constraints
RUN-1001 : Import IO constraints
RUN-1001 : Import Inst constraints
RUN-1001 : Import ChipWatcher
RUN-1001 : Import design success TD_VERSION=6.2.178840 , DB_VERSION=46207
RUN-1003 : finish command "import_db D:/Nizhenghang/Project/2026Anlu1/src/td_project/HDMI1.4b_Transmitter_v1.0_Runs/phy_1/HDMI1.4b_Transmitter_v1.0_pr.db" in  2.782896s wall, 2.484375s user + 0.203125s system = 2.687500s CPU (96.6%)

RUN-1004 : used memory is 683 MB, reserved memory is 615 MB, peak memory is 762 MB
