============================================================
   Tang Dynasty, V6.2.178840
   Copyright (c) 2012-2025 Anlogic Inc.
   Executable = D:/Download/TD/bin/td_commands_prompt.exe
   Built at =   14:07:58 Sep  4 2025
   Run by =     Nizhenghang
   Run Date =   Tue Sep  1 10:45:46 2026

   Run on =     LAPTOP-9S21NQG2
============================================================
RUN-1002 : start command "import_device eagle_s20.db -package EG4S20BG256"
RUN-1001 : Using default speed grade: NA
ARC-1001 : Device Initialization.
ARC-1001 : ------------------------------------------------------------------
ARC-1001 :            OPTION            |          IO          |   SETTING   
ARC-1001 : ------------------------------------------------------------------
ARC-1001 :   cso_b/cclk/mosi/miso/dout  |  T3/R11/T10/P10/S11  |    gpio    
ARC-1001 :             done             |         P13          |    gpio    
ARC-1001 :           program_b          |          T2          |  dedicate  
ARC-1001 :        tdi/tms/tck/tdo       |   C12/A15/C14/E14    |  dedicate  
ARC-1001 : ------------------------------------------------------------------
ARC-1004 : Device setting, marked 5 dedicate IOs in total.
RUN-1002 : start command "open_project HDMI1.4b_Transmitter_v1.0.prj"
RUN-1002 : start command "commit_param -step design"
RUN-1001 : Print Global Property
RUN-1001 : --------------------------------------------------------
RUN-1001 :   Parameters   |  Settings  |  Default Values  |  Note  
RUN-1001 : --------------------------------------------------------
RUN-1001 :   enable_seed  |    off     |       off        |        
RUN-1001 :     message    |  standard  |     standard     |        
RUN-1001 :   qor_monitor  |     on     |        on        |        
RUN-1001 :   syn_ip_flow  |    off     |       off        |        
RUN-1001 :     thread     |    auto    |       auto       |        
RUN-1001 : --------------------------------------------------------
RUN-1001 : Print Design Property
RUN-1001 : ----------------------------------------------------------------
RUN-1001 :       Parameters       |  Settings  |  Default Values  |  Note  
RUN-1001 : ----------------------------------------------------------------
RUN-1001 :   default_reg_initial  |    auto    |       auto       |        
RUN-1001 :    hdl_warning_level   |   normal   |      normal      |        
RUN-1001 : ----------------------------------------------------------------
RUN-1002 : start command "commit_param -step design"
RUN-1001 : Print Global Property
RUN-1001 : --------------------------------------------------------
RUN-1001 :   Parameters   |  Settings  |  Default Values  |  Note  
RUN-1001 : --------------------------------------------------------
RUN-1001 :   enable_seed  |    off     |       off        |        
RUN-1001 :     message    |  standard  |     standard     |        
RUN-1001 :   qor_monitor  |     on     |        on        |        
RUN-1001 :   syn_ip_flow  |    off     |       off        |        
RUN-1001 :     thread     |    auto    |       auto       |        
RUN-1001 : --------------------------------------------------------
RUN-1001 : Print Design Property
RUN-1001 : ----------------------------------------------------------------
RUN-1001 :       Parameters       |  Settings  |  Default Values  |  Note  
RUN-1001 : ----------------------------------------------------------------
RUN-1001 :   default_reg_initial  |    auto    |       auto       |        
RUN-1001 :    hdl_warning_level   |   normal   |      normal      |        
RUN-1001 : ----------------------------------------------------------------
HDL-1007 : analyze verilog file ../../../user_source/hdl_source/ip/afifo_16_32_256.v
HDL-1007 : analyze verilog file ../../../user_source/hdl_source/ip/afifo_32_16_256.v
HDL-1007 : analyze verilog file ../../../user_source/hdl_source/ip/sys_pll.v
HDL-1007 : undeclared symbol 'open', assumed default net type 'wire' in ../../../user_source/hdl_source/ip/sys_pll.v(77)
HDL-1007 : analyze verilog file ../../../user_source/hdl_source/ip/video_pll.v
HDL-1007 : undeclared symbol 'open', assumed default net type 'wire' in ../../../user_source/hdl_source/ip/video_pll.v(70)
HDL-1007 : analyze verilog file ../../al_ip/AUDIO_SAMPLE_ROM.v
HDL-1007 : analyze verilog file ../../al_ip/PLL.v
HDL-1007 : undeclared symbol 'PLL_open0', assumed default net type 'wire' in ../../al_ip/PLL.v(78)
HDL-1007 : undeclared symbol 'PLL_open8', assumed default net type 'wire' in ../../al_ip/PLL.v(84)
HDL-1007 : undeclared symbol 'PLL_open7', assumed default net type 'wire' in ../../al_ip/PLL.v(84)
HDL-1007 : undeclared symbol 'PLL_open6', assumed default net type 'wire' in ../../al_ip/PLL.v(84)
HDL-1007 : undeclared symbol 'PLL_open5', assumed default net type 'wire' in ../../al_ip/PLL.v(84)
HDL-1007 : undeclared symbol 'PLL_open4', assumed default net type 'wire' in ../../al_ip/PLL.v(84)
HDL-1007 : undeclared symbol 'PLL_open3', assumed default net type 'wire' in ../../al_ip/PLL.v(84)
HDL-1007 : undeclared symbol 'PLL_open2', assumed default net type 'wire' in ../../al_ip/PLL.v(84)
HDL-1007 : undeclared symbol 'PLL_open1', assumed default net type 'wire' in ../../al_ip/PLL.v(84)
HDL-1007 : undeclared symbol 'PLL_open11', assumed default net type 'wire' in ../../al_ip/PLL.v(86)
HDL-1007 : undeclared symbol 'PLL_open10', assumed default net type 'wire' in ../../al_ip/PLL.v(86)
HDL-1007 : undeclared symbol 'PLL_open9', assumed default net type 'wire' in ../../al_ip/PLL.v(86)
HDL-1007 : analyze verilog file ../../al_ip/PLL_HDMI_AUDIO.v
HDL-1007 : undeclared symbol 'PLL_HDMI_AUDIO_open0', assumed default net type 'wire' in ../../al_ip/PLL_HDMI_AUDIO.v(85)
HDL-1007 : undeclared symbol 'PLL_HDMI_AUDIO_open8', assumed default net type 'wire' in ../../al_ip/PLL_HDMI_AUDIO.v(91)
HDL-1007 : undeclared symbol 'PLL_HDMI_AUDIO_open7', assumed default net type 'wire' in ../../al_ip/PLL_HDMI_AUDIO.v(91)
HDL-1007 : undeclared symbol 'PLL_HDMI_AUDIO_open6', assumed default net type 'wire' in ../../al_ip/PLL_HDMI_AUDIO.v(91)
HDL-1007 : undeclared symbol 'PLL_HDMI_AUDIO_open5', assumed default net type 'wire' in ../../al_ip/PLL_HDMI_AUDIO.v(91)
HDL-1007 : undeclared symbol 'PLL_HDMI_AUDIO_open4', assumed default net type 'wire' in ../../al_ip/PLL_HDMI_AUDIO.v(91)
HDL-1007 : undeclared symbol 'PLL_HDMI_AUDIO_open3', assumed default net type 'wire' in ../../al_ip/PLL_HDMI_AUDIO.v(91)
HDL-1007 : undeclared symbol 'PLL_HDMI_AUDIO_open2', assumed default net type 'wire' in ../../al_ip/PLL_HDMI_AUDIO.v(91)
HDL-1007 : undeclared symbol 'PLL_HDMI_AUDIO_open1', assumed default net type 'wire' in ../../al_ip/PLL_HDMI_AUDIO.v(91)
HDL-1007 : undeclared symbol 'PLL_HDMI_AUDIO_open10', assumed default net type 'wire' in ../../al_ip/PLL_HDMI_AUDIO.v(93)
HDL-1007 : undeclared symbol 'PLL_HDMI_AUDIO_open9', assumed default net type 'wire' in ../../al_ip/PLL_HDMI_AUDIO.v(93)
HDL-1007 : analyze verilog file ../../../user_source/hdl_source/I2S_receiver.v
HDL-1007 : analyze verilog file ../../../user_source/hdl_source/audio_arc_calculate.v
HDL-1007 : analyze verilog file ../../../user_source/hdl_source/hdmi_phy_warpper.v
HDL-1007 : analyze verilog file ../../../user_source/hdl_source/lane_lvds_10_1.v
HDL-1007 : analyze verilog file ../../../user_source/hdl_source/hdmi1.4b_transmitter_core/hdmi_1_4b_transmitter_core_wrapper.enc.v
Copyright (c) 1998-2019 The OpenSSL Project.  All rights reserved.
This product includes software developed by the OpenSSL Project
for use in the OpenSSL Toolkit (http://www.openssl.org/)
Copyright (C) 1995-1998 Eric Young (eay@cryptsoft.com)
All rights reserved.
This product includes cryptographic software written by Eric Young (eay@cryptsoft.com)
HDL-1007 : undeclared symbol '**', assumed default net type '**' in ../../../user_source/hdl_source/hdmi1.4b_transmitter_core/hdmi_1_4b_transmitter_core_wrapper.enc.v(2614)
HDL-1007 : undeclared symbol '**', assumed default net type '**' in ../../../user_source/hdl_source/hdmi1.4b_transmitter_core/hdmi_1_4b_transmitter_core_wrapper.enc.v(2716)
HDL-1007 : undeclared symbol '**', assumed default net type '**' in ../../../user_source/hdl_source/hdmi1.4b_transmitter_core/hdmi_1_4b_transmitter_core_wrapper.enc.v(2724)
HDL-1007 : undeclared symbol '**', assumed default net type '**' in ../../../user_source/hdl_source/hdmi1.4b_transmitter_core/hdmi_1_4b_transmitter_core_wrapper.enc.v(4936)
HDL-1007 : undeclared symbol '**', assumed default net type '**' in ../../../user_source/hdl_source/hdmi1.4b_transmitter_core/hdmi_1_4b_transmitter_core_wrapper.enc.v(5989)
HDL-1007 : back to file '../../../user_source/hdl_source/hdmi1.4b_transmitter_core/hdmi_1_4b_transmitter_core_wrapper.enc.v' in ../../../user_source/hdl_source/hdmi1.4b_transmitter_core/hdmi_1_4b_transmitter_core_wrapper.enc.v(77)
HDL-1007 : analyze verilog file ../../../user_source/hdl_source/top_tf_hdmi_audio.v
HDL-1007 : analyze verilog file ../../../user_source/hdl_source/SD/bmp_read.v
HDL-1007 : analyze verilog file ../../../user_source/hdl_source/SD/color_bar.v
HDL-1007 : analyze included file ../../../user_source/hdl_source/SD/video_define.v in ../../../user_source/hdl_source/SD/color_bar.v(2)
HDL-1007 : back to file '../../../user_source/hdl_source/SD/color_bar.v' in ../../../user_source/hdl_source/SD/color_bar.v(2)
HDL-1007 : analyze verilog file ../../../user_source/hdl_source/SD/frame_fifo_read.v
HDL-1007 : analyze verilog file ../../../user_source/hdl_source/SD/frame_fifo_write.v
HDL-1007 : analyze verilog file ../../../user_source/hdl_source/SD/frame_read_write.v
HDL-1007 : analyze verilog file ../../../user_source/hdl_source/SD/sd_card_bmp.v
HDL-1007 : analyze verilog file ../../../user_source/hdl_source/SD/seg_decoder.v
HDL-1007 : analyze verilog file ../../../user_source/hdl_source/SD/seg_scan.v
HDL-1007 : analyze verilog file ../../../user_source/hdl_source/SD/video_delay.v
HDL-1007 : analyze verilog file ../../../user_source/hdl_source/SD/video_timing_data.v
HDL-1007 : analyze verilog file ../../../user_source/hdl_source/hdmi_audio_tone_i2s_64fs.v
HDL-1007 : analyze verilog file ../../../user_source/hdl_source/startup_pulse.v
HDL-1007 : analyze verilog file ../../../user_source/hdl_source/video_rgb_to_axis_640x480.v
HDL-1007 : analyze verilog file ../../../user_source/hdl_source/SD/sd_card_cmd.v
HDL-1007 : analyze verilog file ../../../user_source/hdl_source/SD/sd_card_sec_read_write.v
HDL-1007 : analyze verilog file ../../../user_source/hdl_source/SD/sd_card_top.v
HDL-1007 : analyze verilog file ../../../user_source/hdl_source/SD/spi_master.v
HDL-1007 : analyze verilog file ../../../user_source/hdl_source/SD/sdram.v
HDL-1007 : analyze included file D:\Nizhenghang\Project\2026Anlu1\src\td_project\/../user_source/hdl_source/include/global_def.v in ../../../user_source/hdl_source/SD/sdram.v(10)
HDL-1007 : back to file '../../../user_source/hdl_source/SD/sdram.v' in ../../../user_source/hdl_source/SD/sdram.v(10)
HDL-1007 : undeclared symbol 'SDR_CKE', assumed default net type 'wire' in ../../../user_source/hdl_source/SD/sdram.v(89)
HDL-1007 : analyze verilog file ../../../user_source/hdl_source/include/sdr_as_ram.enc.v
HDL-1007 : analyze included file ../../../user_source/hdl_source/include/global_def.v in ../../../user_source/hdl_source/include/sdr_as_ram.enc.v(10)
HDL-1007 : back to file '../../../user_source/hdl_source/include/sdr_as_ram.enc.v' in ../../../user_source/hdl_source/include/sdr_as_ram.enc.v(10)
HDL-1007 : back to file '../../../user_source/hdl_source/include/sdr_as_ram.enc.v' in ../../../user_source/hdl_source/include/sdr_as_ram.enc.v(45)
HDL-1007 : analyze verilog file ../../../user_source/hdl_source/include/sdr_init_ref.enc.v
HDL-1007 : analyze included file D:\Nizhenghang\Project\2026Anlu1\src\td_project\/../user_source/hdl_source/include/global_def.v in ../../../user_source/hdl_source/include/sdr_init_ref.enc.v(11)
HDL-1007 : back to file '../../../user_source/hdl_source/include/sdr_init_ref.enc.v' in ../../../user_source/hdl_source/include/sdr_init_ref.enc.v(11)
HDL-1007 : undeclared symbol '**', assumed default net type '**' in ../../../user_source/hdl_source/include/sdr_init_ref.enc.v(57)
HDL-1007 : back to file '../../../user_source/hdl_source/include/sdr_init_ref.enc.v' in ../../../user_source/hdl_source/include/sdr_init_ref.enc.v(149)
HDL-5007 WARNING: concatenation with an unsized literal will be treated as 32 bits in ../../../user_source/hdl_source/include/sdr_init_ref.enc.v(47)
HDL-1007 : analyze verilog file ../../../user_source/hdl_source/include/sdr_wrrd.enc.v
HDL-5007 WARNING: concatenation with an unsized literal will be treated as 32 bits in ../../../user_source/hdl_source/include/sdr_wrrd.enc.v(283)
HDL-1007 : back to file '../../../user_source/hdl_source/include/sdr_wrrd.enc.v' in ../../../user_source/hdl_source/include/sdr_wrrd.enc.v(19)
PRJ-1401 : Successfully analyzed 34 source files.
RUN-1002 : start command "commit_param -step design"
RUN-1001 : Print Global Property
RUN-1001 : --------------------------------------------------------
RUN-1001 :   Parameters   |  Settings  |  Default Values  |  Note  
RUN-1001 : --------------------------------------------------------
RUN-1001 :   enable_seed  |    off     |       off        |        
RUN-1001 :     message    |  standard  |     standard     |        
RUN-1001 :   qor_monitor  |     on     |        on        |        
RUN-1001 :   syn_ip_flow  |    off     |       off        |        
RUN-1001 :     thread     |    auto    |       auto       |        
RUN-1001 : --------------------------------------------------------
RUN-1001 : Print Design Property
RUN-1001 : ----------------------------------------------------------------
RUN-1001 :       Parameters       |  Settings  |  Default Values  |  Note  
RUN-1001 : ----------------------------------------------------------------
RUN-1001 :   default_reg_initial  |    auto    |       auto       |        
RUN-1001 :    hdl_warning_level   |   normal   |      normal      |        
RUN-1001 : ----------------------------------------------------------------
RUN-1002 : start command "elaborate -top top"
HDL-1007 : elaborate module top in ../../../user_source/hdl_source/top_tf_hdmi_audio.v(2)
HDL-1007 : elaborate module sys_pll in ../../../user_source/hdl_source/ip/sys_pll.v(24)
HDL-1007 : elaborate module EG_LOGIC_BUFG in D:\Download\TD\arch/eagle_macro.v(5)
HDL-1007 : elaborate module EG_PHY_PLL(FIN="50.000000",FBCLK_DIV=2,CLKC0_DIV=10,CLKC1_DIV=8,CLKC2_DIV=8,CLKC0_ENABLE="ENABLE",CLKC1_ENABLE="ENABLE",CLKC2_ENABLE="ENABLE",FEEDBK_PATH="CLKC0_EXT",STDBY_ENABLE="DISABLE",CLKC0_CPHASE=9,CLKC1_CPHASE=7,CLKC2_CPHASE=3,GMC_GAIN=4,ICP_CURRENT=29,KVCO=4,LPF_CAPACITOR=1,LPF_RESISTOR=2,SYNC_ENABLE="DISABLE") in D:\Download\TD\arch/eagle_macro.v(889)
HDL-1007 : elaborate module video_pll in ../../../user_source/hdl_source/ip/video_pll.v(23)
HDL-1007 : elaborate module EG_PHY_PLL(FIN="50.000000",REFCLK_DIV=2,CLKC0_DIV=40,CLKC1_DIV=8,CLKC0_ENABLE="ENABLE",CLKC1_ENABLE="ENABLE",FEEDBK_PATH="CLKC0_EXT",STDBY_ENABLE="DISABLE",CLKC0_CPHASE=39,CLKC1_CPHASE=7,GMC_GAIN=2,ICP_CURRENT=9,KVCO=2,LPF_CAPACITOR=1,LPF_RESISTOR=8,SYNC_ENABLE="DISABLE") in D:\Download\TD\arch/eagle_macro.v(889)
HDL-1007 : elaborate module PLL_HDMI_AUDIO in ../../al_ip/PLL_HDMI_AUDIO.v(24)
HDL-1007 : elaborate module EG_PHY_PLL(FIN="50.000000",REFCLK_DIV=2,FBCLK_DIV=3,CLKC0_DIV=10,CLKC1_DIV=2,CLKC2_DIV=61,CLKC0_ENABLE="ENABLE",CLKC1_ENABLE="ENABLE",CLKC2_ENABLE="ENABLE",FEEDBK_PATH="CLKC0_EXT",STDBY_ENABLE="DISABLE",CLKC1_FPHASE=4,CLKC0_CPHASE=9,CLKC2_CPHASE=60,GMC_GAIN=2,ICP_CURRENT=9,KVCO=2,LPF_CAPACITOR=1,LPF_RESISTOR=8,SYNC_ENABLE="DISABLE") in D:\Download\TD\arch/eagle_macro.v(889)
HDL-1007 : elaborate module sd_card_bmp in ../../../user_source/hdl_source/SD/sd_card_bmp.v(1)
HDL-1007 : elaborate module key_press_debounce in ../../../user_source/hdl_source/SD/sd_card_bmp.v(354)
HDL-1007 : elaborate module bmp_read in ../../../user_source/hdl_source/SD/bmp_read.v(1)
HDL-1007 : elaborate module sd_card_top in ../../../user_source/hdl_source/SD/sd_card_top.v(2)
HDL-1007 : elaborate module sd_card_sec_read_write in ../../../user_source/hdl_source/SD/sd_card_sec_read_write.v(2)
HDL-1007 : elaborate module sd_card_cmd in ../../../user_source/hdl_source/SD/sd_card_cmd.v(2)
HDL-1007 : elaborate module spi_master in ../../../user_source/hdl_source/SD/spi_master.v(2)
HDL-5323 WARNING: input port 'sd_sec_write_data[7]' remains unconnected for this instance in ../../../user_source/hdl_source/SD/sd_card_bmp.v(332)
HDL-1007 : elaborate module seg_decoder in ../../../user_source/hdl_source/SD/seg_decoder.v(2)
HDL-1007 : elaborate module seg_scan in ../../../user_source/hdl_source/SD/seg_scan.v(2)
HDL-1007 : elaborate module video_timing_data in ../../../user_source/hdl_source/SD/video_timing_data.v(1)
HDL-1007 : elaborate module color_bar in ../../../user_source/hdl_source/SD/color_bar.v(3)
HDL-1007 : elaborate module video_delay in ../../../user_source/hdl_source/SD/video_delay.v(1)
HDL-1007 : port 'valid' remains unconnected for this instance in ../../../user_source/hdl_source/SD/frame_read_write.v(92)
HDL-1007 : port 'afull' remains unconnected for this instance in ../../../user_source/hdl_source/SD/frame_read_write.v(92)
HDL-1007 : port 'aempty' remains unconnected for this instance in ../../../user_source/hdl_source/SD/frame_read_write.v(92)
HDL-1007 : port 'valid' remains unconnected for this instance in ../../../user_source/hdl_source/SD/frame_read_write.v(144)
HDL-1007 : port 'afull' remains unconnected for this instance in ../../../user_source/hdl_source/SD/frame_read_write.v(144)
HDL-1007 : port 'aempty' remains unconnected for this instance in ../../../user_source/hdl_source/SD/frame_read_write.v(144)
HDL-1007 : elaborate module frame_read_write in ../../../user_source/hdl_source/SD/frame_read_write.v(2)
HDL-1007 : port 'doa' remains unconnected for this instance in ../../../user_source/hdl_source/ip/afifo_16_32_256.v(226)
HDL-1007 : port 'dib' remains unconnected for this instance in ../../../user_source/hdl_source/ip/afifo_16_32_256.v(226)
HDL-1007 : elaborate module wfifo_32_32_512 in ../../../user_source/hdl_source/ip/afifo_16_32_256.v(13)
HDL-1007 : elaborate module fifo_cross_domain_addr_process_al_wfifo_32_32_512 in ../../../user_source/hdl_source/ip/afifo_16_32_256.v(250)
HDL-1007 : elaborate module ram_infer_wfifo_32_32_512(ADDRWIDTH_A=9,DATAWIDTH_B=32,ADDRWIDTH_B=9) in ../../../user_source/hdl_source/ip/afifo_16_32_256.v(333)
HDL-1007 : extracting RAM for identifier 'memory' in ../../../user_source/hdl_source/ip/afifo_16_32_256.v(398)
HDL-5317 WARNING: input port 'dib[31]' is not connected on this instance in ../../../user_source/hdl_source/ip/afifo_16_32_256.v(231)
HDL-1007 : elaborate module frame_fifo_write(BURST_SIZE=256) in ../../../user_source/hdl_source/SD/frame_fifo_write.v(2)
HDL-5007 WARNING: actual bit length 9 differs from formal bit length 10 for port 'rdusedw' in ../../../user_source/hdl_source/SD/frame_read_write.v(140)
HDL-1007 : port 'doa' remains unconnected for this instance in ../../../user_source/hdl_source/ip/afifo_32_16_256.v(226)
HDL-1007 : port 'dib' remains unconnected for this instance in ../../../user_source/hdl_source/ip/afifo_32_16_256.v(226)
HDL-1007 : elaborate module rfifo_32_32_512 in ../../../user_source/hdl_source/ip/afifo_32_16_256.v(13)
HDL-1007 : elaborate module fifo_cross_domain_addr_process_al_rfifo_32_32_512 in ../../../user_source/hdl_source/ip/afifo_32_16_256.v(250)
HDL-1007 : elaborate module ram_infer_rfifo_32_32_512(ADDRWIDTH_A=9,DATAWIDTH_B=32,ADDRWIDTH_B=9) in ../../../user_source/hdl_source/ip/afifo_32_16_256.v(333)
HDL-1007 : extracting RAM for identifier 'memory' in ../../../user_source/hdl_source/ip/afifo_32_16_256.v(398)
HDL-5317 WARNING: input port 'dib[31]' is not connected on this instance in ../../../user_source/hdl_source/ip/afifo_32_16_256.v(231)
HDL-1007 : elaborate module frame_fifo_read(BURST_SIZE=256) in ../../../user_source/hdl_source/SD/frame_fifo_read.v(2)
HDL-5007 WARNING: actual bit length 9 differs from formal bit length 10 for port 'wrusedw' in ../../../user_source/hdl_source/SD/frame_read_write.v(190)
HDL-5007 WARNING: actual bit length 24 differs from formal bit length 21 for port 'read_addr_0' in ../../../user_source/hdl_source/top_tf_hdmi_audio.v(248)
HDL-5007 WARNING: actual bit length 24 differs from formal bit length 21 for port 'read_addr_1' in ../../../user_source/hdl_source/top_tf_hdmi_audio.v(249)
HDL-5007 WARNING: actual bit length 24 differs from formal bit length 21 for port 'read_addr_2' in ../../../user_source/hdl_source/top_tf_hdmi_audio.v(250)
HDL-5007 WARNING: actual bit length 24 differs from formal bit length 21 for port 'read_addr_3' in ../../../user_source/hdl_source/top_tf_hdmi_audio.v(251)
HDL-5007 WARNING: actual bit length 24 differs from formal bit length 21 for port 'read_len' in ../../../user_source/hdl_source/top_tf_hdmi_audio.v(253)
HDL-5007 WARNING: actual bit length 24 differs from formal bit length 21 for port 'write_addr_0' in ../../../user_source/hdl_source/top_tf_hdmi_audio.v(266)
HDL-5007 WARNING: actual bit length 24 differs from formal bit length 21 for port 'write_addr_1' in ../../../user_source/hdl_source/top_tf_hdmi_audio.v(267)
HDL-5007 WARNING: actual bit length 24 differs from formal bit length 21 for port 'write_addr_2' in ../../../user_source/hdl_source/top_tf_hdmi_audio.v(268)
HDL-5007 WARNING: actual bit length 24 differs from formal bit length 21 for port 'write_addr_3' in ../../../user_source/hdl_source/top_tf_hdmi_audio.v(269)
HDL-5007 Similar messages will be suppressed.
HDL-1007 : elaborate module sdram in ../../../user_source/hdl_source/SD/sdram.v(12)
HDL-1007 : elaborate module sdr_as_ram(self_refresh_open=1'b1) in ../../../user_source/hdl_source/include/sdr_as_ram.enc.v(12)
HDL-5007 WARNING: concatenation with an unsized literal will be treated as 32 bits in ../../../user_source/hdl_source/include/sdr_init_ref.enc.v(47)
HDL-1007 : elaborate module sdr_init_ref(self_refresh_open=1'b1) in ../../../user_source/hdl_source/include/sdr_init_ref.enc.v(13)
HDL-5007 WARNING: concatenation with an unsized literal will be treated as 32 bits in ../../../user_source/hdl_source/include/sdr_wrrd.enc.v(283)
HDL-1007 : elaborate module ** in ../../../user_source/hdl_source/include/sdr_wrrd.enc.v(3)
HDL-5317 WARNING: input port '**' is not connected on this instance in ../../../user_source/hdl_source/include/sdr_as_ram.enc.v(17)
HDL-1007 : elaborate module EG_PHY_SDRAM_2M_32 in D:\Download\TD\arch/eagle_macro.v(683)
HDL-1007 : elaborate module hdmi_audio_tone_i2s_64fs in ../../../user_source/hdl_source/hdmi_audio_tone_i2s_64fs.v(2)
HDL-1007 : elaborate module I2S_receiver in ../../../user_source/hdl_source/I2S_receiver.v(3)
HDL-1007 : elaborate module audio_arc_calculate in ../../../user_source/hdl_source/audio_arc_calculate.v(4)
HDL-1007 : elaborate module video_rgb_to_axis_640x480 in ../../../user_source/hdl_source/video_rgb_to_axis_640x480.v(2)
HDL-1007 : elaborate module startup_pulse in ../../../user_source/hdl_source/startup_pulse.v(2)
HDL-1007 : elaborate module hdmi_1_4b_transmitter_core_wrapper(HTOTAL=800,HSA=96,HFP=16,HBP=48,HACTIVE=640,VTOTAL=525,VSA=2,VFP=10,VBP=33,VACTIVE=480,VIDEO_TPG="Disable",VIDEO_VIC=1,IIC_SCL_DIV=250) in ../../../user_source/hdl_source/hdmi1.4b_transmitter_core/hdmi_1_4b_transmitter_core_wrapper.enc.v(2)
HDL-1007 : elaborate module ** in ../../../user_source/hdl_source/hdmi1.4b_transmitter_core/hdmi_1_4b_transmitter_core_wrapper.enc.v(91)
HDL-1007 : elaborate module ** in ../../../user_source/hdl_source/hdmi1.4b_transmitter_core/hdmi_1_4b_transmitter_core_wrapper.enc.v(137)
HDL-1007 : elaborate module ** in ../../../user_source/hdl_source/hdmi1.4b_transmitter_core/hdmi_1_4b_transmitter_core_wrapper.enc.v(208)
HDL-1007 : elaborate module ** in ../../../user_source/hdl_source/hdmi1.4b_transmitter_core/hdmi_1_4b_transmitter_core_wrapper.enc.v(285)
HDL-1007 : elaborate module ** in ../../../user_source/hdl_source/hdmi1.4b_transmitter_core/hdmi_1_4b_transmitter_core_wrapper.enc.v(396)
HDL-1007 : elaborate module ** in ../../../user_source/hdl_source/hdmi1.4b_transmitter_core/hdmi_1_4b_transmitter_core_wrapper.enc.v(803)
HDL-1007 : elaborate module EG_LOGIC_RAMFIFO(DATA_WIDTH=11,ADDR_WIDTH=10,IMPLEMENT="9K") in D:\Download\TD\arch/eagle_macro.v(750)
HDL-1007 : elaborate module ** in ../../../user_source/hdl_source/hdmi1.4b_transmitter_core/hdmi_1_4b_transmitter_core_wrapper.enc.v(1338)
HDL-1007 : elaborate module ** in ../../../user_source/hdl_source/hdmi1.4b_transmitter_core/hdmi_1_4b_transmitter_core_wrapper.enc.v(1480)
HDL-1007 : elaborate module EG_LOGIC_RAMFIFO(DATA_WIDTH=9,ADDR_WIDTH=10,IMPLEMENT="9K") in D:\Download\TD\arch/eagle_macro.v(750)
HDL-1007 : elaborate module ** in ../../../user_source/hdl_source/hdmi1.4b_transmitter_core/hdmi_1_4b_transmitter_core_wrapper.enc.v(2012)
HDL-1007 : port '**' remains unconnected for this instance in ../../../user_source/hdl_source/hdmi1.4b_transmitter_core/hdmi_1_4b_transmitter_core_wrapper.enc.v(2733)
HDL-1007 : elaborate module ** in ../../../user_source/hdl_source/hdmi1.4b_transmitter_core/hdmi_1_4b_transmitter_core_wrapper.enc.v(2403)
HDL-1007 : elaborate module ** in ../../../user_source/hdl_source/hdmi1.4b_transmitter_core/hdmi_1_4b_transmitter_core_wrapper.enc.v(2842)
HDL-1007 : elaborate module ** in ../../../user_source/hdl_source/hdmi1.4b_transmitter_core/hdmi_1_4b_transmitter_core_wrapper.enc.v(2939)
HDL-1007 : elaborate module ** in ../../../user_source/hdl_source/hdmi1.4b_transmitter_core/hdmi_1_4b_transmitter_core_wrapper.enc.v(3138)
HDL-1007 : elaborate module ** in ../../../user_source/hdl_source/hdmi1.4b_transmitter_core/hdmi_1_4b_transmitter_core_wrapper.enc.v(3177)
HDL-1007 : elaborate module ** in ../../../user_source/hdl_source/hdmi1.4b_transmitter_core/hdmi_1_4b_transmitter_core_wrapper.enc.v(3511)
HDL-1007 : elaborate module ** in ../../../user_source/hdl_source/hdmi1.4b_transmitter_core/hdmi_1_4b_transmitter_core_wrapper.enc.v(3666)
HDL-1007 : elaborate module ** in ../../../user_source/hdl_source/hdmi1.4b_transmitter_core/hdmi_1_4b_transmitter_core_wrapper.enc.v(3730)
HDL-1007 : elaborate module ** in ../../../user_source/hdl_source/hdmi1.4b_transmitter_core/hdmi_1_4b_transmitter_core_wrapper.enc.v(3860)
HDL-5007 WARNING: actual bit length ** differs from formal bit length *** for port '**' in ../../../user_source/hdl_source/hdmi1.4b_transmitter_core/hdmi_1_4b_transmitter_core_wrapper.enc.v(3307)
HDL-1007 : elaborate module ** in ../../../user_source/hdl_source/hdmi1.4b_transmitter_core/hdmi_1_4b_transmitter_core_wrapper.enc.v(3949)
HDL-5007 WARNING: actual bit length ** differs from formal bit length *** for port '**' in ../../../user_source/hdl_source/hdmi1.4b_transmitter_core/hdmi_1_4b_transmitter_core_wrapper.enc.v(3318)
HDL-1007 : elaborate module ** in ../../../user_source/hdl_source/hdmi1.4b_transmitter_core/hdmi_1_4b_transmitter_core_wrapper.enc.v(4034)
HDL-1007 : elaborate module ** in ../../../user_source/hdl_source/hdmi1.4b_transmitter_core/hdmi_1_4b_transmitter_core_wrapper.enc.v(4127)
HDL-1007 : elaborate module ** in ../../../user_source/hdl_source/hdmi1.4b_transmitter_core/hdmi_1_4b_transmitter_core_wrapper.enc.v(4285)
HDL-1007 : elaborate module ** in ../../../user_source/hdl_source/hdmi1.4b_transmitter_core/hdmi_1_4b_transmitter_core_wrapper.enc.v(4586)
HDL-1007 : elaborate module EG_LOGIC_RAMFIFO(DATA_WIDTH=96,ADDR_WIDTH=10,IMPLEMENT="9K") in D:\Download\TD\arch/eagle_macro.v(750)
HDL-1007 : elaborate module ** in ../../../user_source/hdl_source/hdmi1.4b_transmitter_core/hdmi_1_4b_transmitter_core_wrapper.enc.v(5534)
HDL-1007 : elaborate module ** in ../../../user_source/hdl_source/hdmi1.4b_transmitter_core/hdmi_1_4b_transmitter_core_wrapper.enc.v(5657)
HDL-1007 : elaborate module EG_LOGIC_RAMFIFO(DATA_WIDTH=24,ADDR_WIDTH=10,IMPLEMENT="9K") in D:\Download\TD\arch/eagle_macro.v(750)
HDL-1007 : elaborate module ** in ../../../user_source/hdl_source/hdmi1.4b_transmitter_core/hdmi_1_4b_transmitter_core_wrapper.enc.v(6273)
HDL-1007 : elaborate module ** in ../../../user_source/hdl_source/hdmi1.4b_transmitter_core/hdmi_1_4b_transmitter_core_wrapper.enc.v(6501)
HDL-1007 : elaborate module ** in ../../../user_source/hdl_source/hdmi1.4b_transmitter_core/hdmi_1_4b_transmitter_core_wrapper.enc.v(6575)
HDL-1007 : elaborate module ** in ../../../user_source/hdl_source/hdmi1.4b_transmitter_core/hdmi_1_4b_transmitter_core_wrapper.enc.v(6924)
HDL-1007 : elaborate module ** in ../../../user_source/hdl_source/hdmi1.4b_transmitter_core/hdmi_1_4b_transmitter_core_wrapper.enc.v(6994)
HDL-1007 : elaborate module ** in ../../../user_source/hdl_source/hdmi1.4b_transmitter_core/hdmi_1_4b_transmitter_core_wrapper.enc.v(6994)
HDL-1007 : elaborate module ** in ../../../user_source/hdl_source/hdmi1.4b_transmitter_core/hdmi_1_4b_transmitter_core_wrapper.enc.v(6994)
HDL-1007 : elaborate module hdmi_phy_wrapper in ../../../user_source/hdl_source/hdmi_phy_warpper.v(3)
HDL-1007 : elaborate module lane_lvds_10_1 in ../../../user_source/hdl_source/lane_lvds_10_1.v(4)
HDL-1007 : elaborate module EG_LOGIC_ODDR in D:\Download\TD\arch/eagle_macro.v(66)
HDL-1200 : Current top model is top
HDL-1100 : Inferred 2 RAMs.
RUN-1002 : start command "read_adc ../../../user_source/constraints_source/pin.adc"
RUN-1002 : start command "set_pin_assignment  HDMI_DDC_SCL   LOCATION = P2; IOSTANDARD = LVCMOS33;DRIVESTRENGTH = 8; PULLTYPE = PULLUP;"
RUN-1002 : start command "set_pin_assignment  HDMI_DDC_SDA   LOCATION = R2; IOSTANDARD = LVCMOS33;DRIVESTRENGTH = 8; PULLTYPE = PULLUP; "
RUN-1002 : start command "set_pin_assignment  HDMI_CLK_P   LOCATION = C3; IOSTANDARD = LVDS33; PULLTYPE = NONE; "
RUN-1002 : start command "set_pin_assignment  HDMI_D0_P   LOCATION = G5; IOSTANDARD = LVDS33; PULLTYPE = NONE; "
RUN-1002 : start command "set_pin_assignment  HDMI_D1_P   LOCATION = F1; IOSTANDARD = LVDS33; PULLTYPE = NONE; "
RUN-1002 : start command "set_pin_assignment  HDMI_D2_P   LOCATION = E1; IOSTANDARD = LVDS33; PULLTYPE = NONE; "
RUN-1002 : start command "set_pin_assignment  clk   LOCATION = R7; IOSTANDARD = LVCMOS33; PULLTYPE = NONE; "
RUN-1002 : start command "set_pin_assignment  key1   LOCATION = B2; IOSTANDARD = LVCMOS33; PULLTYPE = NONE; "
RUN-1002 : start command "set_pin_assignment  key2   LOCATION = C1; IOSTANDARD = LVCMOS33; PULLTYPE = NONE; "
RUN-1002 : start command "set_pin_assignment  rst_n   LOCATION = A2; IOSTANDARD = LVCMOS33; PULLTYPE = NONE; "
RUN-1002 : start command "set_pin_assignment  sd_dclk   LOCATION = A14; IOSTANDARD = LVCMOS33; DRIVESTRENGTH = 8; PULLTYPE = NONE; "
RUN-1002 : start command "set_pin_assignment  sd_miso   LOCATION = B14; IOSTANDARD = LVCMOS33; PULLTYPE = NONE; "
RUN-1002 : start command "set_pin_assignment  sd_mosi   LOCATION = A13; IOSTANDARD = LVCMOS33; DRIVESTRENGTH = 8; PULLTYPE = NONE; "
RUN-1002 : start command "set_pin_assignment  sd_ncs   LOCATION = A12; IOSTANDARD = LVCMOS33; DRIVESTRENGTH = 8; PULLTYPE = NONE; "
RUN-1002 : start command "set_pin_assignment  seg_data[0]   LOCATION = C15; IOSTANDARD = LVCMOS33; DRIVESTRENGTH = 8; PULLTYPE = NONE; "
RUN-1002 : start command "set_pin_assignment  seg_data[1]   LOCATION = C16; IOSTANDARD = LVCMOS33; DRIVESTRENGTH = 8; PULLTYPE = NONE; "
RUN-1002 : start command "set_pin_assignment  seg_data[2]   LOCATION = B6; IOSTANDARD = LVCMOS33; DRIVESTRENGTH = 8; PULLTYPE = NONE; "
RUN-1002 : start command "set_pin_assignment  seg_data[3]   LOCATION = A5; IOSTANDARD = LVCMOS33; DRIVESTRENGTH = 8; PULLTYPE = NONE; "
RUN-1002 : start command "set_pin_assignment  seg_data[4]   LOCATION = B5; IOSTANDARD = LVCMOS33; DRIVESTRENGTH = 8; PULLTYPE = NONE; "
RUN-1002 : start command "set_pin_assignment  seg_data[5]   LOCATION = A8; IOSTANDARD = LVCMOS33; DRIVESTRENGTH = 8; PULLTYPE = NONE; "
RUN-1002 : start command "set_pin_assignment  seg_data[6]   LOCATION = A7; IOSTANDARD = LVCMOS33; DRIVESTRENGTH = 8; PULLTYPE = NONE; "
RUN-1002 : start command "set_pin_assignment  seg_data[7]   LOCATION = A6; IOSTANDARD = LVCMOS33; DRIVESTRENGTH = 8; PULLTYPE = NONE; "
RUN-1002 : start command "set_pin_assignment  seg_sel[0]   LOCATION = E12; IOSTANDARD = LVCMOS33; DRIVESTRENGTH = 8; PULLTYPE = NONE; "
RUN-1002 : start command "set_pin_assignment  seg_sel[1]   LOCATION = E10; IOSTANDARD = LVCMOS33; DRIVESTRENGTH = 8; PULLTYPE = NONE; "
RUN-1002 : start command "set_pin_assignment  seg_sel[2]   LOCATION = C13; IOSTANDARD = LVCMOS33; DRIVESTRENGTH = 8; PULLTYPE = NONE; "
RUN-1002 : start command "set_pin_assignment  seg_sel[3]   LOCATION = F10; IOSTANDARD = LVCMOS33; DRIVESTRENGTH = 8; PULLTYPE = NONE; "
RUN-1002 : start command "set_pin_assignment  seg_sel[4]   LOCATION = E11; IOSTANDARD = LVCMOS33; DRIVESTRENGTH = 8; PULLTYPE = NONE; "
RUN-1002 : start command "set_pin_assignment  seg_sel[5]   LOCATION = D11; IOSTANDARD = LVCMOS33; DRIVESTRENGTH = 8; PULLTYPE = NONE; "
RUN-1001 : Starting of IO setups legality check.
RUN-1001 : Starting of IO vref setups legality check.
RUN-1002 : start command "read_sdc ../../../user_source/constraints_source/timing.sdc"
RUN-1002 : start command "read_sdc -ip rfifo_32_32_512 ../../../user_source/hdl_source/ip/afifo_32_16_256.tcl"
RUN-1002 : start command "read_sdc -ip wfifo_32_32_512 ../../../user_source/hdl_source/ip/afifo_16_32_256.tcl"
RUN-1002 : start command "export_db HDMI1.4b_Transmitter_v1.0_elaborate.db"
RUN-1001 : Exported flow parameters
RUN-1001 : Exported /
RUN-1001 : Exported libs
RUN-1001 : Exported entities
RUN-1001 : Exported ports
RUN-1001 : Exported pins
RUN-1001 : Exported instances
RUN-1001 : Exported nets
RUN-1001 : Exported buses
RUN-1001 : Exported models
RUN-1001 : Exported packer
RUN-1001 : Exported congestions
RUN-1001 : Exported violations
RUN-1001 : Exported ATMR Setting
RUN-1001 : Exported timing constraints
RUN-1001 : Exported IO constraints
RUN-1001 : Exported Inst constraints
RUN-1001 : Exported ChipWatcher
RUN-1002 : start command "commit_param -step rtl"
RUN-1001 : Print Global Property
RUN-1001 : --------------------------------------------------------
RUN-1001 :   Parameters   |  Settings  |  Default Values  |  Note  
RUN-1001 : --------------------------------------------------------
RUN-1001 :   enable_seed  |    off     |       off        |        
RUN-1001 :     message    |  standard  |     standard     |        
RUN-1001 :   qor_monitor  |     on     |        on        |        
RUN-1001 :   syn_ip_flow  |    off     |       off        |        
RUN-1001 :     thread     |    auto    |       auto       |        
RUN-1001 : --------------------------------------------------------
RUN-1001 : Print Rtl Property
RUN-1001 : -------------------------------------------------------------------
RUN-1001 :         Parameters        |  Settings  |  Default Values  |  Note  
RUN-1001 : -------------------------------------------------------------------
RUN-1001 :        fix_undriven       |     0      |        0         |        
RUN-1001 :   gated_clock_conversion  |    off     |       off        |        
RUN-1001 :         infer_fsm         |    auto    |       auto       |        
RUN-1001 :         infer_gsr         |    off     |       off        |        
RUN-1001 :         infer_rom         |     on     |        on        |        
RUN-1001 :       keep_hierarchy      |    auto    |       auto       |        
RUN-1001 :        merge_equal        |     on     |        on        |        
RUN-1001 :      min_control_set      |     8      |        8         |        
RUN-1001 :       min_ripple_len      |    auto    |       auto       |        
RUN-1001 :          seq_syn          |     on     |        on        |        
RUN-1001 : -------------------------------------------------------------------
RUN-1002 : start command "insert_debugger"
RUN-1002 : start command "optimize_rtl"
RUN-1001 : Open license file D:/Download/TD/license/Anlogic.lic
SYN-1001 : Stage 1 | Optimize RTL
SYN-1001 : Stage 1.1 | Check Design Sanity
SYN-1001 : End Stage 1.1 | Check Design Sanity; Time: 0.009566s wall, 0.000000s user + 0.000000s system = 0.000000s CPU (n/a%); Memory(MB): used = 205, reserved = 317, peak = 205;

SYN-1079 : finish stage Check Design Sanity. Total instances: 22500, Total nets: 50538.

SYN-1001 : Stage 1.2 | Initialize Design
SYN-1001 : End Stage 1.2 | Initialize Design; Time: 1.295392s wall, 1.203125s user + 0.046875s system = 1.250000s CPU (96.5%); Memory(MB): used = 205, reserved = 317, peak = 205;

SYN-1079 : finish stage Initialize Design. Total instances: 3898, Total nets: 30433.

SYN-1001 : Stage 1.3 | Flatten Module
SYN-1011 : Flatten model top
SYN-1050 : Instances selected by 'keep_hierarchy':
RUN-1001 : --------------------------------------------------------------------------------------------------
RUN-1001 :           instance           |  keep_hierarchy  |    down_module    |         file(line)          
RUN-1001 : --------------------------------------------------------------------------------------------------
RUN-1001 :  frame_read_write_m0/rea...  |       true       |  rfifo_32_32_512  | ../../../user_source/hd...  
RUN-1001 :  frame_read_write_m0/wri...  |       true       |  wfifo_32_32_512  | ../../../user_source/hd...  
RUN-1001 : --------------------------------------------------------------------------------------------------
SYN-1001 : End Stage 1.3 | Flatten Module; Time: 0.207758s wall, 0.203125s user + 0.015625s system = 0.218750s CPU (105.3%); Memory(MB): used = 206, reserved = 317, peak = 206;

SYN-1079 : finish stage Flatten Module. Total instances: 5888, Total nets: 26014.

SYN-1001 : Stage 1.4 | Uniform Instance
SYN-5013 WARNING: Undriven net: model "top" / net "U3/u2_ram/u2_wrrd/Sdr_init_ref_ba[1]" in ../../../user_source/hdl_source/include/sdr_wrrd.enc.v(0)
		the net's pin: pin "i1[1]" in ../../../user_source/hdl_source/include/sdr_wrrd.enc.v(0)
SYN-5013 WARNING: Undriven net: model "top" / net "U3/u2_ram/u2_wrrd/Sdr_init_ref_ba[0]" in ../../../user_source/hdl_source/include/sdr_wrrd.enc.v(0)
		the net's pin: pin "i1[0]" in ../../../user_source/hdl_source/include/sdr_wrrd.enc.v(0)
SYN-5013 WARNING: Undriven net: model "top" / net "sd_card_bmp_m0/sd_card_top_m0/sd_card_cmd_m0/block_write_data[7]" in ../../../user_source/hdl_source/SD/sd_card_cmd.v(17)
		the net's pin: pin "i0[7]" in ../../../user_source/hdl_source/SD/sd_card_cmd.v(258)
SYN-5013 WARNING: Undriven net: model "top" / net "sd_card_bmp_m0/sd_card_top_m0/sd_card_cmd_m0/block_write_data[6]" in ../../../user_source/hdl_source/SD/sd_card_cmd.v(17)
		the net's pin: pin "i0[6]" in ../../../user_source/hdl_source/SD/sd_card_cmd.v(258)
SYN-5013 WARNING: Undriven net: model "top" / net "sd_card_bmp_m0/sd_card_top_m0/sd_card_cmd_m0/block_write_data[5]" in ../../../user_source/hdl_source/SD/sd_card_cmd.v(17)
		the net's pin: pin "i0[5]" in ../../../user_source/hdl_source/SD/sd_card_cmd.v(258)
SYN-5013 WARNING: Undriven net: model "top" / net "sd_card_bmp_m0/sd_card_top_m0/sd_card_cmd_m0/block_write_data[4]" in ../../../user_source/hdl_source/SD/sd_card_cmd.v(17)
		the net's pin: pin "i0[4]" in ../../../user_source/hdl_source/SD/sd_card_cmd.v(258)
SYN-5013 WARNING: Undriven net: model "top" / net "sd_card_bmp_m0/sd_card_top_m0/sd_card_cmd_m0/block_write_data[3]" in ../../../user_source/hdl_source/SD/sd_card_cmd.v(17)
		the net's pin: pin "i0[3]" in ../../../user_source/hdl_source/SD/sd_card_cmd.v(258)
SYN-5013 WARNING: Undriven net: model "top" / net "sd_card_bmp_m0/sd_card_top_m0/sd_card_cmd_m0/block_write_data[2]" in ../../../user_source/hdl_source/SD/sd_card_cmd.v(17)
		the net's pin: pin "i0[2]" in ../../../user_source/hdl_source/SD/sd_card_cmd.v(258)
SYN-5013 WARNING: Undriven net: model "top" / net "sd_card_bmp_m0/sd_card_top_m0/sd_card_cmd_m0/block_write_data[1]" in ../../../user_source/hdl_source/SD/sd_card_cmd.v(17)
		the net's pin: pin "i0[1]" in ../../../user_source/hdl_source/SD/sd_card_cmd.v(258)
SYN-5013 WARNING: Undriven net: model "top" / net "sd_card_bmp_m0/sd_card_top_m0/sd_card_cmd_m0/block_write_data[0]" in ../../../user_source/hdl_source/SD/sd_card_cmd.v(17)
		the net's pin: pin "i0[0]" in ../../../user_source/hdl_source/SD/sd_card_cmd.v(258)
SYN-5025 WARNING: Using 0 for all undriven pins and nets
SYN-1001 : End Stage 1.4 | Uniform Instance; Time: 0.083303s wall, 0.062500s user + 0.015625s system = 0.078125s CPU (93.8%); Memory(MB): used = 187, reserved = 187, peak = 206;

SYN-1079 : finish stage Uniform Instance. Total instances: 4182, Total nets: 24304.

SYN-1001 : Stage 1.5 | Optimize Design
SYN-1066 : Inferred FSM for state register 'U3/u2_ram/u2_wrrd/state_reg' in module 'top'
--------------------------------------------
     Previous Encoding     New Encoding
--------------------------------------------
                  0000              001
                  0001              010
                  0010              100
--------------------------------------------
SYN-1067 : encoded FSM with state register 'U3/u2_ram/u2_wrrd/state_reg' using encoding 'one_hot' in model 'top'
SYN-1066 : Inferred FSM for state register 'frame_read_write_m0/frame_fifo_read_m0/state_reg' in module 'top'
--------------------------------------------
     Previous Encoding     New Encoding
--------------------------------------------
                  0000           000001
                  0001           000010
                  0010           000100
                  0011           001000
                  0100           010000
                  0101           100000
--------------------------------------------
SYN-1067 : encoded FSM with state register 'frame_read_write_m0/frame_fifo_read_m0/state_reg' using encoding 'one_hot' in model 'top'
SYN-1066 : Inferred FSM for state register 'frame_read_write_m0/frame_fifo_write_m0/state_reg' in module 'top'
--------------------------------------------
     Previous Encoding     New Encoding
--------------------------------------------
                  0000           000001
                  0001           000010
                  0010           000100
                  0011           001000
                  0100           010000
                  0101           100000
--------------------------------------------
SYN-1067 : encoded FSM with state register 'frame_read_write_m0/frame_fifo_write_m0/state_reg' using encoding 'one_hot' in model 'top'
SYN-1066 : Inferred FSM for state register 'sd_card_bmp_m0/bmp_read_m0/state_reg' in module 'top'
--------------------------------------------
     Previous Encoding     New Encoding
--------------------------------------------
                  0000         00000001
                  0001         00000010
                  0111         00000100
                  0010         00001000
                  0100         00010000
                  0101         00100000
                  0011         01000000
                  0110         10000000
--------------------------------------------
SYN-1067 : encoded FSM with state register 'sd_card_bmp_m0/bmp_read_m0/state_reg' using encoding 'one_hot' in model 'top'
SYN-1066 : Inferred FSM for state register 'sd_card_bmp_m0/sd_card_top_m0/sd_card_cmd_m0/state_reg' in module 'top'
--------------------------------------------------
     Previous Encoding           New Encoding
--------------------------------------------------
                 00000     000000000000000001
                 00010     000000000000000010
                 00001     000000000000000100
                 01001     000000000000001000
                 01010     000000000000010000
                 01011     000000000000100000
                 01100     000000000001000000
                 01101     000000000010000000
                 01110     000000000100000000
                 01111     000000001000000000
                 00110     000000010000000000
                 00011     000000100000000000
                 00111     000001000000000000
                 00100     000010000000000000
                 01000     000100000000000000
                 10001     001000000000000000
                 00101     010000000000000000
                 10000     100000000000000000
--------------------------------------------------
SYN-1067 : encoded FSM with state register 'sd_card_bmp_m0/sd_card_top_m0/sd_card_cmd_m0/state_reg' using encoding 'one_hot' in model 'top'
SYN-1066 : Inferred FSM for state register 'sd_card_bmp_m0/sd_card_top_m0/sd_card_sec_read_write_m0/state_reg' in module 'top'
--------------------------------------------
     Previous Encoding     New Encoding
--------------------------------------------
                 00000       0000000001
                 00001       0000000010
                 00010       0000000100
                 00011       0000001000
                 00100       0000010000
                 10010       0000100000
                 10001       0001000000
                 00101       0010000000
                 00110       0100000000
                 10000       1000000000
--------------------------------------------
SYN-1067 : encoded FSM with state register 'sd_card_bmp_m0/sd_card_top_m0/sd_card_sec_read_write_m0/state_reg' using encoding 'one_hot' in model 'top'
SYN-1066 : Inferred FSM for state register 'sd_card_bmp_m0/sd_card_top_m0/spi_master_m0/state_reg' in module 'top'
--------------------------------------------
     Previous Encoding     New Encoding
--------------------------------------------
                   000           000001
                   010           000010
                   001           000100
                   100           001000
                   011           010000
                   101           100000
--------------------------------------------
SYN-1067 : encoded FSM with state register 'sd_card_bmp_m0/sd_card_top_m0/spi_master_m0/state_reg' using encoding 'one_hot' in model 'top'
SYN-1057 : Inferred 7 FSM(s)
SYN-1001 : Optimize 1 less-than instances
SYN-1001 : Optimize 1 less-than instances
SYN-1032 : 23182/562 useful/useless nets, 3876/53 useful/useless insts
SYN-1001 : Bypass 3 mux instances
SYN-1021 : Optimized 19 onehot mux instances.
SYN-1019 : Optimized 1 mux instances.
SYN-1021 : Optimized 9 onehot mux instances.
SYN-1021 : Optimized 1 onehot mux instances.
SYN-1021 : Optimized 3 onehot mux instances.
SYN-1016 : Merged 1689 instances.
SYN-1025 : Merged 44 RAM ports.
SYN-1026 : Infer Logic BRAM(frame_read_write_m0/read_buf/ram_inst/ramread0_syn_4)
	 port mode: single dual port
	 port a size: 512 x 32	 write mode: NORMAL
	 port b size: 512 x 32	 write mode: READBEFOREWRITE
SYN-1026 : Infer Logic BRAM(frame_read_write_m0/write_buf/ram_inst/ramread0_syn_4)
	 port mode: single dual port
	 port a size: 512 x 32	 write mode: NORMAL
	 port b size: 512 x 32	 write mode: READBEFOREWRITE
SYN-1023 : Infer 0 Logic DRAMs, 2 Logic BRAMs.
USR-1002 : Derived clock:  create_generated_clock -name {sys_pll_m0/pll_inst.clkc[0]} -source [get_ports {clk}] -master_clock {clk} -multiply_by 2.0000 -duty_cycle 50.0000 [get_pins {sys_pll_m0/pll_inst.clkc[0]}]
USR-1002 : Derived clock:  create_generated_clock -name {sys_pll_m0/pll_inst.clkc[1]} -source [get_ports {clk}] -master_clock {clk} -multiply_by 2.5000 -duty_cycle 50.0000 [get_pins {sys_pll_m0/pll_inst.clkc[1]}]
USR-1002 : Derived clock:  create_generated_clock -name {sys_pll_m0/pll_inst.clkc[2]} -source [get_ports {clk}] -master_clock {clk} -multiply_by 2.5000 -phase 180 -duty_cycle 50.0000 [get_pins {sys_pll_m0/pll_inst.clkc[2]}]
USR-1002 : Derived clock:  create_generated_clock -name {u_audio_pll/pll_inst.clkc[0]} -source [get_ports {clk}] -master_clock {clk} -multiply_by 1.5000 -duty_cycle 50.0000 [get_pins {u_audio_pll/pll_inst.clkc[0]}]
USR-1002 : Derived clock:  create_generated_clock -name {u_audio_pll/pll_inst.clkc[2]} -source [get_ports {clk}] -master_clock {clk} -divide_by 4.0667 -duty_cycle 50.0000 [get_pins {u_audio_pll/pll_inst.clkc[2]}]
USR-1002 : Derived clock:  create_generated_clock -name {video_pll_m0/pll_inst.clkc[0]} -source [get_ports {clk}] -master_clock {clk} -divide_by 2.0000 -duty_cycle 50.0000 [get_pins {video_pll_m0/pll_inst.clkc[0]}]
USR-1002 : Derived clock:  create_generated_clock -name {video_pll_m0/pll_inst.clkc[1]} -source [get_ports {clk}] -master_clock {clk} -multiply_by 2.5000 -duty_cycle 50.0000 [get_pins {video_pll_m0/pll_inst.clkc[1]}]
8.000000
40.000000
10.000000
8.000000
SYN-1016 : Merged 2693 instances.
SYN-1001 : End Stage 1.5 | Optimize Design; Time: 5.947133s wall, 5.421875s user + 0.109375s system = 5.531250s CPU (93.0%); Memory(MB): used = 271, reserved = 257, peak = 271;

SYN-1079 : finish stage Optimize Design. Total instances: 10142, Total nets: 11596.

SYN-1001 : Stage 1.6 | Optimize Iteratively
SYN-1019 : Optimized 5 mux instances.
SYN-1021 : Optimized 70 onehot mux instances.
SYN-1014 : Optimize round 1
SYN-1044 : Optimized 131 inv instances.
SYN-1017 : Remove 33 const input seq instances
SYN-1018 : Transformed 2 mux instances.
SYN-1019 : Optimized 35 mux instances.
SYN-1020 : Optimized 630 distributor mux.
SYN-1001 : Optimize 19 less-than instances
SYN-1019 : Optimized 4 mux instances.
SYN-2595 : bram inst: frame_read_write_m0/read_buf/ram_inst/ramread0_syn_4 is set to PDPW/SP from DP for resource saving
SYN-2595 : bram inst: frame_read_write_m0/write_buf/ram_inst/ramread0_syn_4 is set to PDPW/SP from DP for resource saving
SYN-2593 : bram inst: frame_read_write_m0/read_buf/ram_inst/ramread0_syn_4 will be optimized to a new one with A-width 24 due to unused data out
SYN-1016 : Merged 1991 instances.
SYN-1015 : Optimize round 1, 14827 better
SYN-1014 : Optimize round 2
SYN-1044 : Optimized 8 inv instances.
SYN-1017 : Remove 4 const input seq instances
SYN-1019 : Optimized 5 mux instances.
SYN-1020 : Optimized 3 distributor mux.
SYN-1019 : Optimized 2 mux instances.
SYN-1016 : Merged 13 instances.
SYN-1015 : Optimize round 2, 64 better
SYN-5011 WARNING: Undriven pin: model "top" / inst "frame_read_write_m0/read_buf/ram_inst/ramread0_syn_4" in ../../../user_source/hdl_source/ip/afifo_32_16_256.v(822) / pin "bea[0]"
SYN-5011 WARNING: Undriven pin: model "top" / inst "frame_read_write_m0/read_buf/ram_inst/ramread0_syn_4" in ../../../user_source/hdl_source/ip/afifo_32_16_256.v(822) / pin "beb[0]"
SYN-5025 WARNING: Using 0 for all undriven pins and nets
SYN-3010 : Optimized 232 DFF(s)
SYN-1014 : Optimize round 1
SYN-1019 : Optimized 10 mux instances.
SYN-1016 : Merged 7 instances.
SYN-1015 : Optimize round 1, 26 better
SYN-1014 : Optimize round 2
SYN-1020 : Optimized 10 distributor mux.
SYN-1016 : Merged 14 instances.
SYN-1015 : Optimize round 2, 24 better
SYN-1014 : Optimize round 3
SYN-1015 : Optimize round 3, 0 better
SYN-1001 : End Stage 1.6 | Optimize Iteratively; Time: 11.531481s wall, 10.609375s user + 0.156250s system = 10.765625s CPU (93.4%); Memory(MB): used = 253, reserved = 248, peak = 281;

SYN-1079 : finish stage Optimize Iteratively. Total instances: 10178, Total nets: 11559.

SYN-1001 : Stage 1.7 | Check Design
SYN-1001 : End Stage 1.7 | Check Design; Time: 0.005366s wall, 0.000000s user + 0.000000s system = 0.000000s CPU (n/a%); Memory(MB): used = 253, reserved = 248, peak = 281;

SYN-1079 : finish stage Check Design. Total instances: 10178, Total nets: 11559.

SYN-1001 : End Stage 1 | Optimize RTL; Time: 19.083097s wall, 17.500000s user + 0.343750s system = 17.843750s CPU (93.5%); Memory(MB): used = 253, reserved = 248, peak = 281;

SYN-1079 : finish stage Optimize RTL. Total instances: 10178, Total nets: 11559.

RUN-1003 : finish command "optimize_rtl" in  19.097906s wall, 17.515625s user + 0.343750s system = 17.859375s CPU (93.5%)

RUN-1004 : used memory is 253 MB, reserved memory is 248 MB, peak memory is 281 MB
RUN-1002 : start command "report_area -file HDMI1.4b_Transmitter_v1.0_rtl.area"
RUN-1001 : standard
***Report Model: top Device: EG4S20BG256***

IO Statistics
#IO                        28
  #input                    5
  #output                  22
  #inout                    1

Gate Statistics
#Basic gates             7365
  #and                   1317
  #nand                     0
  #or                     955
  #nor                      0
  #xor                    106
  #xnor                     0
  #buf                      0
  #not                    361
  #bufif1                  33
  #MX21                   542
  #FADD                     0
  #DFF                   4051
  #LATCH                    0
#MACRO_ADD                263
#MACRO_EQ                 153
#MACRO_MUX               1905
#MACRO_OTHERS              12

RUN-1002 : start command "export_db HDMI1.4b_Transmitter_v1.0_rtl.db"
RUN-1001 : Exported flow parameters
RUN-1001 : Exported /
RUN-1001 : Exported libs
RUN-1001 : Exported entities
RUN-1001 : Exported ports
RUN-1001 : Exported pins
RUN-1001 : Exported instances
RUN-1001 : Exported nets
RUN-1001 : Exported buses
RUN-1001 : Exported models
RUN-1001 : Exported packer
RUN-1001 : Exported congestions
RUN-1001 : Exported violations
RUN-1001 : Exported ATMR Setting
RUN-1001 : Exported timing constraints
RUN-1001 : Exported IO constraints
RUN-1001 : Exported Inst constraints
RUN-1001 : Exported ChipWatcher
RUN-1002 : start command "commit_param -step gate"
RUN-1001 : Print Global Property
RUN-1001 : --------------------------------------------------------
RUN-1001 :   Parameters   |  Settings  |  Default Values  |  Note  
RUN-1001 : --------------------------------------------------------
RUN-1001 :   enable_seed  |    off     |       off        |        
RUN-1001 :     message    |  standard  |     standard     |        
RUN-1001 :   qor_monitor  |     on     |        on        |        
RUN-1001 :   syn_ip_flow  |    off     |       off        |        
RUN-1001 :     thread     |    auto    |       auto       |        
RUN-1001 : --------------------------------------------------------
RUN-1001 : Print Gate Property
RUN-1001 : -----------------------------------------------------------
RUN-1001 :     Parameters    |  Settings  |  Default Values  |  Note  
RUN-1001 : -----------------------------------------------------------
RUN-1001 :     eram_init     |    off     |       off        |        
RUN-1001 :      map_mode     |    auto    |       auto       |        
RUN-1001 :    pack_effort    |   medium   |      medium      |        
RUN-1001 :   pack_seq_in_io  |    auto    |       auto       |        
RUN-1001 :       report      |  standard  |     standard     |        
RUN-1001 : -----------------------------------------------------------
RUN-1002 : start command "optimize_gate -packarea HDMI1.4b_Transmitter_v1.0_gate.area"
RUN-1001 : Open license file D:/Download/TD/license/Anlogic.lic
SYN-1001 : Stage 2 | Optimize Gate
SYN-1001 : Stage 2.1 | Map Reg
SYN-1001 : End Stage 2.1 | Map Reg; Time: 0.435807s wall, 0.437500s user + 0.000000s system = 0.437500s CPU (100.4%); Memory(MB): used = 253, reserved = 327, peak = 281;

SYN-1079 : finish stage Map Reg. Total instances: 10178, Total nets: 11559.

SYN-1001 : Stage 2.2 | Map IO
SYN-2002 : EG_PHY_SDRAM_2M_32 instance U3/sdram.
SYN-2001 : Map 83 IOs to PADs of model 'top'
SYN-1001 : End Stage 2.2 | Map IO; Time: 2.014376s wall, 1.875000s user + 0.046875s system = 1.921875s CPU (95.4%); Memory(MB): used = 254, reserved = 327, peak = 281;

SYN-1001 : Stage 2.3 | Map Macro
RUN-1002 : start command "update_pll_param -module top"
SYN-6577 WARNING: The clock signal "U3/u2_ram/SDRAM_CLK" is added with the synthetic instruction (keep/mark_debug/dont_touch/max_fanout), which may create additional logic on this net
SYN-2501 : Processed 0 LOGIC_BUF instances.
SYN-2501 : 3 BUFG to GCLK
SYN-2541 : Logic Ram FIFO "u_hdmi_1_4b_transmitter_core_wrapper/u_hdmi_edid_wrapper/u_iic_master_wrapper/u_iic_transmitter_controller/u_iic_w11_d1024_fifo/u_logic_ramfifo"
SYN-2541 : Logic Ram FIFO "u_hdmi_1_4b_transmitter_core_wrapper/u_hdmi_tx_controller_wrapper/u_hdmi_island_data_gen/U_audio_sample_packet_2_channel/u_w96_d1024_fifo/u_logic_ramfifo"
SYN-2541 : Logic Ram FIFO "u_hdmi_1_4b_transmitter_core_wrapper/u_hdmi_tx_controller_wrapper/u_video_axi_stream_receiver/u_w24_d1024_fifo/u_logic_ramfifo"
SYN-6562 WARNING: The init value of "frame_read_write_m0/read_buf/ram_inst/ramread0_syn_4(../../../user_source/hdl_source/ip/afifo_32_16_256.v(822))" will be ignored since gate eram_init is set to off
SYN-6562 WARNING: The init value of "frame_read_write_m0/write_buf/ram_inst/ramread0_syn_4(../../../user_source/hdl_source/ip/afifo_16_32_256.v(822))" will be ignored since gate eram_init is set to off
SYN-6562 WARNING: The init value of "u_hdmi_1_4b_transmitter_core_wrapper/u_hdmi_edid_wrapper/u_iic_master_wrapper/u_iic_transmitter_controller/u_iic_w11_d1024_fifo/u_logic_ramfifo_syn_327(../../../user_source/hdl_source/hdmi1.4b_transmitter_core/hdmi_1_4b_transmitter_core_wrapper.enc.v(0))" will be ignored since gate eram_init is set to off
SYN-6562 WARNING: The init value of "u_hdmi_1_4b_transmitter_core_wrapper/u_hdmi_tx_controller_wrapper/u_hdmi_island_data_gen/U_audio_sample_packet_2_channel/u_w96_d1024_fifo/u_logic_ramfifo_syn_497(../../../user_source/hdl_source/hdmi1.4b_transmitter_core/hdmi_1_4b_transmitter_core_wrapper.enc.v(0))" will be ignored since gate eram_init is set to off
SYN-6562 WARNING: The init value of "u_hdmi_1_4b_transmitter_core_wrapper/u_hdmi_tx_controller_wrapper/u_video_axi_stream_receiver/u_w24_d1024_fifo/u_logic_ramfifo_syn_353(../../../user_source/hdl_source/hdmi1.4b_transmitter_core/hdmi_1_4b_transmitter_core_wrapper.enc.v(0))" will be ignored since gate eram_init is set to off
SYN-2571 : Optimize after map_dsp, round 1
SYN-1016 : Merged 8 instances.
SYN-2571 : Optimize after map_dsp, round 1, 8 better
SYN-2571 : Optimize after map_dsp, round 2
SYN-2571 : Optimize after map_dsp, round 2, 0 better
SYN-1001 : Throwback 124 control mux instances
SYN-1001 : Generate 25 bigger adders
SYN-1001 : Optimize 29 adders
SYN-1001 : Convert 12 adder
SYN-1001 : Optimize 6 less-than instances
SYN-2501 : Optimize round 1
SYN-1016 : Merged 416 instances.
SYN-2501 : Optimize round 1, 1666 better
SYN-2501 : Optimize round 2
SYN-2501 : Optimize round 2, 0 better
SYN-2501 : Optimize round 1
SYN-2501 : Optimize round 1, 0 better
USR-1002 : Derived clock:  create_generated_clock -name {sys_pll_m0/pll_inst.clkc[0]} -source [get_ports {clk}] -master_clock {clk} -multiply_by 2.0000 -duty_cycle 50.0000 [get_pins {sys_pll_m0/pll_inst.clkc[0]}]
USR-1002 : Derived clock:  create_generated_clock -name {sys_pll_m0/pll_inst.clkc[1]} -source [get_ports {clk}] -master_clock {clk} -multiply_by 2.5000 -duty_cycle 50.0000 [get_pins {sys_pll_m0/pll_inst.clkc[1]}]
USR-1002 : Derived clock:  create_generated_clock -name {sys_pll_m0/pll_inst.clkc[2]} -source [get_ports {clk}] -master_clock {clk} -multiply_by 2.5000 -phase 180 -duty_cycle 50.0000 [get_pins {sys_pll_m0/pll_inst.clkc[2]}]
USR-1002 : Derived clock:  create_generated_clock -name {u_audio_pll/pll_inst.clkc[0]} -source [get_ports {clk}] -master_clock {clk} -multiply_by 1.5000 -duty_cycle 50.0000 [get_pins {u_audio_pll/pll_inst.clkc[0]}]
USR-1002 : Derived clock:  create_generated_clock -name {u_audio_pll/pll_inst.clkc[2]} -source [get_ports {clk}] -master_clock {clk} -divide_by 4.0667 -duty_cycle 50.0000 [get_pins {u_audio_pll/pll_inst.clkc[2]}]
USR-1002 : Derived clock:  create_generated_clock -name {video_pll_m0/pll_inst.clkc[0]} -source [get_ports {clk}] -master_clock {clk} -divide_by 2.0000 -duty_cycle 50.0000 [get_pins {video_pll_m0/pll_inst.clkc[0]}]
USR-1002 : Derived clock:  create_generated_clock -name {video_pll_m0/pll_inst.clkc[1]} -source [get_ports {clk}] -master_clock {clk} -multiply_by 2.5000 -duty_cycle 50.0000 [get_pins {video_pll_m0/pll_inst.clkc[1]}]
8.000000
40.000000
10.000000
8.000000
SYN-2501 : Map 208 macro adder(s)
SYN-1019 : Optimized 457 mux instances.
SYN-1016 : Merged 358 instances.
SYN-5011 WARNING: Undriven pin: model "top" / inst "U3/u2_ram/u2_wrrd/Sdr_rd_dout_reg[0]" in ../../../user_source/hdl_source/include/sdr_wrrd.enc.v(0) / pin "clk"
SYN-5011 WARNING: Undriven pin: model "top" / inst "U3/u2_ram/u2_wrrd/Sdr_rd_dout_reg[1]" in ../../../user_source/hdl_source/include/sdr_wrrd.enc.v(0) / pin "clk"
SYN-5011 WARNING: Undriven pin: model "top" / inst "U3/u2_ram/u2_wrrd/Sdr_rd_dout_reg[2]" in ../../../user_source/hdl_source/include/sdr_wrrd.enc.v(0) / pin "clk"
SYN-5011 WARNING: Undriven pin: model "top" / inst "U3/u2_ram/u2_wrrd/Sdr_rd_dout_reg[3]" in ../../../user_source/hdl_source/include/sdr_wrrd.enc.v(0) / pin "clk"
SYN-5011 WARNING: Undriven pin: model "top" / inst "U3/u2_ram/u2_wrrd/Sdr_rd_dout_reg[4]" in ../../../user_source/hdl_source/include/sdr_wrrd.enc.v(0) / pin "clk"
SYN-5011 WARNING: Undriven pin: model "top" / inst "U3/u2_ram/u2_wrrd/Sdr_rd_dout_reg[5]" in ../../../user_source/hdl_source/include/sdr_wrrd.enc.v(0) / pin "clk"
SYN-5011 WARNING: Undriven pin: model "top" / inst "U3/u2_ram/u2_wrrd/Sdr_rd_dout_reg[6]" in ../../../user_source/hdl_source/include/sdr_wrrd.enc.v(0) / pin "clk"
SYN-5011 WARNING: Undriven pin: model "top" / inst "U3/u2_ram/u2_wrrd/Sdr_rd_dout_reg[7]" in ../../../user_source/hdl_source/include/sdr_wrrd.enc.v(0) / pin "clk"
SYN-5011 WARNING: Undriven pin: model "top" / inst "U3/u2_ram/u2_wrrd/Sdr_rd_dout_reg[8]" in ../../../user_source/hdl_source/include/sdr_wrrd.enc.v(0) / pin "clk"
SYN-5011 WARNING: Undriven pin: model "top" / inst "U3/u2_ram/u2_wrrd/Sdr_rd_dout_reg[9]" in ../../../user_source/hdl_source/include/sdr_wrrd.enc.v(0) / pin "clk"
SYN-5011 Similar messages will be suppressed.
SYN-5025 WARNING: Using 0 for all undriven pins and nets
SYN-1001 : End Stage 2.3 | Map Macro; Time: 4.551730s wall, 4.265625s user + 0.046875s system = 4.312500s CPU (94.7%); Memory(MB): used = 282, reserved = 344, peak = 282;

SYN-1079 : finish stage Map Macro. Total instances: 14049, Total nets: 15328.

SYN-1001 : Stage 2.4 | Map Gate
SYN-3001 : Collect 3395 PI 2287 PO (4 timing unconstrained) for mapping
SYN-2581 : Mapping with K=5, #lut = 3490 (3.20), #lev = 10 (2.61), #crit_level = 6
SYN-2551 : Post LUT mapping optimization.
SYN-2581 : Mapping with K=5, #lut = 3443 (3.21), #lev = 10 (2.55), #crit_level = 0
SYN-3001 : Logic optimization opt = 2.83 sec, map = 0.35 sec, post map opt = 1.63 sec.
SYN-1001 : End Stage 2.4 | Map Gate; Time: 11.004561s wall, 10.531250s user + 0.062500s system = 10.593750s CPU (96.3%); Memory(MB): used = 308, reserved = 369, peak = 308;

SYN-1001 : Packing model "top" ...
SYN-4010 : Pack lib has 58 rtl pack models with 26 top pack blocks
SYN-1014 : Optimize round 1
SYN-1015 : Optimize round 1, 0 better
SYN-4002 : Packing 4209 DFF/LATCH to SEQ ...
SYN-4009 : Pack 40 carry chain into lslice
SYN-4007 : Packing 935 adder to BLE ...
SYN-4008 : Packed 935 adder and 56 SEQ to BLE.
SYN-4007 : Packing 0 gate4 to BLE ...
SYN-4008 : Packed 0 gate4 and 0 SEQ to BLE.
RUN-1002 : start command "report_qor -step gate -file gate.qor"
RUN-1002 : start command "start_timer"
RUN-1003 : finish command "start_timer" in  1.012024s wall, 0.875000s user + 0.062500s system = 0.937500s CPU (92.6%)

RUN-1004 : used memory is 296 MB, reserved memory is 358 MB, peak memory is 308 MB
TMR-2502 : Net delay update with mode: Synthesized
-----------------------------------------------------------
| QoR metrics               |         value               |
-----------------------------------------------------------
| Timing                    |                             |
|     Setup WNS             |        -5663                |
|     Setup TNS             |      -370693                |
|     Num of violated S-EP  |          165                |
|     Hold WNS              |          471                |
|     Hold TNS              |            0                |
|     Num of violated H-EP  |            0                |
-----------------------------------------------------------
| Utilization               |                             |
|     #registers            |         4153                |
|     #luts                 |         3443                |
|     #lut1                 |           40                |
|     #lut1(~A)             |           40                |
|     #slices               |          754                |
|     slices percentage     |        7.69%                |
|     #RAMs                 |           20                |
|     #DSPs                 |            0                |
|     #f7mux                |        0.00%                |
|     #MACROs               |          123                |
|     #insts in MACRO       |          754                |
-----------------------------------------------------------
| kept_net                  |                             |
|     #syn_keep             |          171                |
|     #keep_hier            |          132                |
|     #dont_touch           |            0                |
|     #mark_debug           |            0                |
|     #max_fanout_keep      |            0                |
|     #async_reg            |            0                |
-----------------------------------------------------------
| Top 10% datanet fanout#   |        38.16                |
| dff(single fanout)->dff   |          892                |
| dff(single fanout)->dram  |            0                |
-----------------------------------------------------------
| Over-quota path num*      |                             |
|     sd_card_clk           |           33                |
|     ext_mem_clk           |            6                |
|     Total Number          |           39                |
|     Total Exceed Level    |           71                |
|     Worst Level Slack     |           -2                |
-----------------------------------------------------------
| Rent**                    |                             |
-----------------------------------------------------------
Note*: Over-quota path shows the over-path-level-threshold path number of each clock.
       The clock will not be shown if no path is with path level over the threshold.
       The threshold is defined as worst path_margin / 1000ps.
Note**: Rent shows the rent exponent value of the modules whose rent value exceeds the threshold.
        Only modules under top are reported, and the threshold is defined as 0.7.

Over-quota Path Details
-------------------------------------------------------------------------------------------------------------------------------------------------------------------------------------------
     Clock     |  Index  |  Budget(Period)  |  Level(Quota)  |                                       Cell Type List                                       |        Reason        |  Slack  
-------------------------------------------------------------------------------------------------------------------------------------------------------------------------------------------
  sd_card_clk  |    1    |   1854(10000)    |      3(2)      |                                   SEQ,LUT3,LUT4,LUT3,SEQ                                   |  large launch delay  |  -2570  
               |    2    |   1854(10000)    |      3(2)      |                                   SEQ,LUT3,LUT4,LUT4,SEQ                                   |  large launch delay  |  -2570  
               |    3    |   1854(10000)    |      3(2)      |                                   SEQ,LUT3,LUT4,LUT4,SEQ                                   |  large launch delay  |  -2570  
               |    4    |   1854(10000)    |      3(2)      |                                   SEQ,LUT3,LUT4,LUT4,SEQ                                   |  large launch delay  |  -2570  
               |    5    |   1854(10000)    |      3(2)      |                                   SEQ,LUT3,LUT4,LUT4,SEQ                                   |  large launch delay  |  -2570  
  ext_mem_clk  |    1    |    7854(8000)    |      8(8)      |  ADDER,ADDER,ADDER,HIERKEEP,ADDER,ADDER,ADDER,ADDER,ADDER,ADDER,ADDER,ADDER,LUT5,LUT4,SEQ  |    uncategorized     |  -675   
               |    2    |    7854(8000)    |      8(8)      |     ADDER,ADDER,ADDER,HIERKEEP,ADDER,ADDER,ADDER,ADDER,ADDER,ADDER,ADDER,LUT5,LUT3,SEQ     |    uncategorized     |  -654   
               |    3    |    7854(8000)    |      8(8)      |     ADDER,ADDER,ADDER,HIERKEEP,ADDER,ADDER,ADDER,ADDER,ADDER,ADDER,ADDER,LUT5,LUT5,SEQ     |    uncategorized     |  -620   
               |    4    |    7854(8000)    |      8(8)      |     ADDER,ADDER,ADDER,HIERKEEP,ADDER,ADDER,ADDER,ADDER,ADDER,ADDER,ADDER,LUT5,LUT5,SEQ     |    uncategorized     |  -620   
               |    5    |    7854(8000)    |      8(8)      |     ADDER,ADDER,ADDER,HIERKEEP,ADDER,ADDER,ADDER,ADDER,ADDER,ADDER,ADDER,LUT5,LUT5,SEQ     |    uncategorized     |  -620   
-------------------------------------------------------------------------------------------------------------------------------------------------------------------------------------------
Note: Table only show top 5 paths for each clock group in default

Logic Level Distribution
--------------------------------------------------------------------------------------------------------------------------------------------
  Clock                         |  Period             |  0     |  1     |  2    |  3    |  4    |  5    |  6   |  7    |  8   |  9   |  10
--------------------------------------------------------------------------------------------------------------------------------------------
  audio_mclk                    |  81.334ns (12MHz)   |  24    |  6     |  12   |  61   |  48   |  3    |  0   |  0    |  0   |  0   |  0
  clk                           |  20.000ns (50MHz)   |  0     |  13    |  0    |  18   |  2    |  0    |  0   |  0    |  0   |  0   |  0
  ext_mem_clk                   |  8.000ns (125MHz)   |  603   |  179   |  89   |  102  |  11   |  11   |  4   |  0    |  6   |  0   |  0
  hdmi_5x_clk                   |  8.000ns (125MHz)   |  16    |  33    |  0    |  0    |  0    |  0    |  0   |  0    |  0   |  0   |  0
  sd_card_clk                   |  10.000ns (100MHz)  |  568   |  266   |  246  |  420  |  323  |  173  |  59  |  211  |  71  |  23  |  0
  sys_pll_m0/pll_inst.clkc[2]   |  8.000ns (125MHz)   |  16    |  32    |  0    |  0    |  0    |  0    |  0   |  0    |  0   |  0   |  0
  u_audio_pll/pll_inst.clkc[0]  |  13.333ns (75MHz)   |  0     |  0     |  0    |  0    |  0    |  0    |  0   |  0    |  0   |  0   |  0
  video_clk                     |  40.000ns (25MHz)   |  2303  |  629   |  343  |  228  |  294  |  118  |  12  |  6    |  2   |  19  |  25
  Total                         |  NA                 |  3530  |  1158  |  690  |  829  |  678  |  305  |  75  |  217  |  79  |  42  |  25
--------------------------------------------------------------------------------------------------------------------------------------------
Note: The table count the worst 100000 paths, each endpoint count only one time.(7628 paths analyzed)

Hierarchical Rent Exponent Report
+---------------------------------------------------------------------------------------------------------------------+
|Inst                                   |Model                                 |Rent     |Cell     |Pin     |Term     |
+---------------------------------------------------------------------------------------------------------------------+
|top                                    |top                                   |0.16     |8934     |34244   |16       |
|  u_hdmi_1_4b_transmitter_core_wrapper |hdmi_1_4b_transmitter_core_wrapper_10 |0.58     |2929     |10508   |358      |
|  sd_card_bmp_m0                       |sd_card_bmp_3                         |0.29     |3092     |13860   |47       |
+---------------------------------------------------------------------------------------------------------------------+
Note: Cell represents total number of cells inside module; Pin represents total number of pins
      which have net connection inside module; Term represents total number of PIs and POs of module.
      Rent represents the relationship between number of terms and number of cells in module.
      A module with higher rent corresponds to highly connected logic and strong connectivity with others.
Report gate stage QoR done.

SYN-1001 : The design has 8 dangling syn_keep insts.
RUN-1003 : finish command "report_qor -step gate -file gate.qor" in  3.631229s wall, 3.156250s user + 0.125000s system = 3.281250s CPU (90.4%)

RUN-1004 : used memory is 309 MB, reserved memory is 369 MB, peak memory is 309 MB
RUN-1002 : start command "report_area -file HDMI1.4b_Transmitter_v1.0_gate.area"
RUN-1001 : standard
***Report Model: top Device: EG4S20BG256***

IO Statistics
#IO                        28   out of    188   14.89%
  #input                    5
  #output                  22
  #inout                    1

LUT Statistics
#Total_luts              3443
  #lut4                  3056
  #lut5                   387
  #lut6                     0
  #lut5_mx41                0
  #lut4_alu1b               0

Utilization Statistics
#lut                     4951   out of  19600   25.26%
#reg                     4209   out of  19600   21.47%
#bram                      20   out of     64   31.25%
  #bram9k                  20
  #fifo9k                   0
#bram32k                    0   out of     16    0.00%
#dsp                        0   out of     29    0.00%
#pad                       32   out of    188   17.02%
  #ireg                     2
  #oreg                    21
  #treg                     1
#pll                        3   out of      4   75.00%
#gclk                       3   out of     16   18.75%

SYN-1001 : End Stage 2 | Optimize Gate; Time: 28.352802s wall, 21.218750s user + 5.171875s system = 26.390625s CPU (93.1%); Memory(MB): used = 309, reserved = 369, peak = 309;

RUN-1003 : finish command "optimize_gate -packarea HDMI1.4b_Transmitter_v1.0_gate.area" in  28.376147s wall, 21.234375s user + 5.171875s system = 26.406250s CPU (93.1%)

RUN-1004 : used memory is 309 MB, reserved memory is 369 MB, peak memory is 309 MB
RUN-1002 : start command "legalize_phy_inst"
SYN-1001 : Stage 3 | Legalize Phy Inst
SYN-1011 : Flatten model top
SYN-1001 : End Stage 3 | Legalize Phy Inst; Time: 0.078168s wall, 0.062500s user + 0.000000s system = 0.062500s CPU (80.0%); Memory(MB): used = 309, reserved = 369, peak = 309;

RUN-1002 : start command "update_timing"
RUN-1002 : start command "start_timer"
RUN-1003 : finish command "update_timing" in  1.794632s wall, 1.562500s user + 0.062500s system = 1.625000s CPU (90.5%)

RUN-1004 : used memory is 309 MB, reserved memory is 369 MB, peak memory is 309 MB
RUN-1002 : start command "report_timing_status -file HDMI1.4b_Transmitter_v1.0_gate.ts"
RUN-1002 : start command "report_timing_summary -file HDMI1.4b_Transmitter_v1.0_gate.timing"
RUN-1002 : start command "flow_status -file flow.status"
Location         : D:\Nizhenghang\Project\2026Anlu1\src\td_project\HDMI1.4b_Transmitter_v1.0_Runs\syn_1
Running with     : Tang Dynasty v6.2.178840
                   Copyright (c) 2012-2025 Anlogic Inc.
Top Model        : top
Device           : EG4S20BG256
Speed            : NA

Timing Mode      : basic
Setup            : WNS -5663ps  TNS  -370391ps  NUM_FEPS   165
Hold             : WNS   471ps  TNS        0ps  NUM_FEPS     0

Flow Statistics  :
RUN-1001 : Flow Statistics:
RUN-1001 : --------------------------------------------------------------------------------------------------
RUN-1001 :      command     |  #calls  |  wall time  |  cpu time(s)  |  used memory(mb)  |  peak memory(mb)  
RUN-1001 : --------------------------------------------------------------------------------------------------
RUN-1001 :   optimize_gate  |    1     |  28s(59%)   |    26(60%)    |        309        |        309        
RUN-1001 :   optimize_rtl   |    1     |  19s(40%)   |    17(39%)    |        253        |        281        
RUN-1001 :   import_device  |    1     |   0s(0%)    |     0(0%)     |        83         |        83         
RUN-1001 :     read_adc     |    1     |   0s(0%)    |     0(0%)     |        189        |        189        
RUN-1001 :     read_sdc     |    3     |   0s(0%)    |     0(0%)     |        190        |        190        
RUN-1001 : --------------------------------------------------------------------------------------------------
RUN-1001 :       total      |    7     |     47s     |      43       |        309        |        309        
RUN-1001 : --------------------------------------------------------------------------------------------------
RUN-1002 : start command "export_db HDMI1.4b_Transmitter_v1.0_gate.db"
RUN-1001 : Exported flow parameters
RUN-1001 : Exported /
RUN-1001 : Exported libs
RUN-1001 : Exported entities
RUN-1001 : Exported ports
RUN-1001 : Exported pins
RUN-1001 : Exported instances
RUN-1001 : Exported nets
RUN-1001 : Exported buses
RUN-1001 : Exported models
RUN-1001 : Exported packer
RUN-1001 : Exported congestions
RUN-1001 : Exported violations
RUN-1001 : Exported ATMR Setting
RUN-1001 : Exported timing constraints
RUN-1001 : Exported IO constraints
RUN-1001 : Exported Inst constraints
RUN-1001 : Exported ChipWatcher
RUN-1002 : start command "export_flow_status -s read_design -e opt_gate"
RUN-1002 : start command "flow_status"

Location         : D:\Nizhenghang\Project\2026Anlu1\src\td_project\HDMI1.4b_Transmitter_v1.0_Runs\syn_1
Running with     : Tang Dynasty v6.2.178840
                   Copyright (c) 2012-2025 Anlogic Inc.
Top Model        : top
Device           : EG4S20BG256
Speed            : NA

Timing Mode      : basic
Setup            : WNS -5663ps  TNS  -370391ps  NUM_FEPS   165
Hold             : WNS   471ps  TNS        0ps  NUM_FEPS     0

RUN-1001 : Flow Statistics:
RUN-1001 : --------------------------------------------------------------------------------------------------
RUN-1001 :      command     |  #calls  |  wall time  |  cpu time(s)  |  used memory(mb)  |  peak memory(mb)  
RUN-1001 : --------------------------------------------------------------------------------------------------
RUN-1001 :   optimize_gate  |    1     |  28s(59%)   |    26(60%)    |        309        |        309        
RUN-1001 :   optimize_rtl   |    1     |  19s(40%)   |    17(39%)    |        253        |        281        
RUN-1001 :   import_device  |    1     |   0s(0%)    |     0(0%)     |        83         |        83         
RUN-1001 :     read_adc     |    1     |   0s(0%)    |     0(0%)     |        189        |        189        
RUN-1001 :     read_sdc     |    3     |   0s(0%)    |     0(0%)     |        190        |        190        
RUN-1001 : --------------------------------------------------------------------------------------------------
RUN-1001 :       total      |    7     |     47s     |      43       |        309        |        309        
RUN-1001 : --------------------------------------------------------------------------------------------------

